C51 COMPILER V9.59.0.0   ACCESCAN                                                          10/07/2021 16:30:36 PAGE 1   


C51 COMPILER V9.59.0.0, COMPILATION OF MODULE ACCESCAN
OBJECT MODULE PLACED IN .\Objects\Accescan.obj
COMPILER INVOKED BY: C:\Keil_v5\C51\BIN\C51.EXE Accescan.c LARGE OPTIMIZE(8,SPEED) BROWSE INCDIR(..\vrfcdor_impresora) D
                    -EBUG OBJECTEXTEND PRINT(.\Listings\Accescan.lst) TABS(2) OBJECT(.\Objects\Accescan.obj)

line level    source

   1          #include <Accescan.h>
   2          #include <reg51.h>
   3          #include <string.h>
   4          extern void Block_write_clock_ascii(unsigned char *datos_clock);
   5          extern void PantallaLCD(unsigned char cod_msg);
   6          extern void Reloj_Pantalla_Lcd();
   7          extern unsigned char rx_Data(void);
   8          extern void Debug_txt_Tibbo(unsigned char * str);
   9          extern void DebugBufferMF(unsigned char *str,unsigned char num_char,char io);
  10          extern void Debug_Dividir_texto();
  11          extern void tx_aux(unsigned char caracter);
  12          extern unsigned char Dir_board();
  13          extern void Block_read_clock_ascii(unsigned char *datos_clock);
  14          extern void Two_ByteHex_Decimal(unsigned char *buffer,unsigned char id_h,unsigned char id_l);
  15          extern void ByteHex_Decimal(unsigned char *buffer,unsigned char valorhex);
  16          extern void PantallaLCD(unsigned char cod_msg);
  17          extern void LCD_txt (unsigned char * msg,char enable_char_add );
  18          extern unsigned char  ValidaSensoresPaso(void);
  19          extern void tx_aux(unsigned char caracter);
  20          extern void PantallaLCD_LINEA_2(unsigned char cod_msg, unsigned char *buffer);
  21          extern unsigned char hex_bcd (unsigned char byte);
  22          extern void Trama_pto_Paralelo_P(unsigned char *buffer_S1_B0,unsigned char *buffer_S1_B2,unsigned char cmd
             -);
  23          extern void  send_port(unsigned char *buffer_port, unsigned char length_char);
  24          extern void graba_serie(unsigned char *buffer);
  25          extern void graba_serie_ascii_hex(unsigned char *buffer);
  26          unsigned char rd_eeprom (unsigned char control,unsigned int Dir); 
  27          extern unsigned long int  Leer_serie ();
  28          extern void serie_ascii_siceros_l(unsigned char *serie);
  29          extern void Cmd_LPR_Salida_wiegand(unsigned char *buffer);
  30          extern void send_portERR(unsigned char cod_err);
  31          
  32          
  33          extern unsigned char Timer_wait;
  34          extern unsigned char Tipo_Vehiculo;
  35          extern unsigned char USE_LPR;
  36          extern unsigned char  Debug_Tibbo;
  37          extern unsigned char xdata Buffer_Tibbo_rx[];
  38          extern unsigned char ValTimeOutCom;   
  39          extern unsigned char g_cEstadoImpresion;
  40          
  41          sbit rx_ip = P0^0;        
  42          sbit lock = P1^7;           //Relevo 
  43          sbit Atascado = P0^3;       //Rele de on/off del verificador o transporte
  44          sbit led_err_imp = P0^2;      //Error   
  45          
  46          #define AUDIO_ENTER             0XA1    // RELE 2
  47          
  48          #define STX                     02 
  49          #define ETX                     03 
  50          #define FUERA_DE_LINEA          0xb6
  51          #define ON_LINE                 0xAA
  52          
  53          /*mensajes de pantalla*/
C51 COMPILER V9.59.0.0   ACCESCAN                                                          10/07/2021 16:30:36 PAGE 2   

  54          #define BIENVENIDO              0XFE
  55          //#define SIN_PAGO                0XE7
  56          #define LECTURA_DE_TARJETAS     0xB0
  57          #define GRACIAS                 0XFF
  58          
  59          #define PRMR_DIREJASE_A_CAJA    0XA1
  60          #define SIN_PAGO                90
  61          
  62          #define SEQ_REINTENTO         0X05
  63          #define   TIME_PLACA        55
  64          #define SEQ_CMNCCN_PTO        0X04
  65          
  66          //unsigned char S1_B2[]={0x13, 0x03, 0x1D, 0x0B, 0x0E, 00, 00, 00, 00, 00, 0x01, 0x13, 0x03, 0x1D, 0x0E, 0
             -x1D};
  67          //unsigned char S1_B0[]={0x32, 0x31, 0x30, 0x37, 0x31, 0x35, 00, 00, 00, 00, 00, 00, 00, 00, 00, 01};
  68          //unsigned char S_B[]={0xE7, 00, 00, 00, 00, 00, 00, 00, 00, 00, 01};
  69          /*------------------------------------------------------------------------------
  70          Rutina q valida los cmd del pto paralelo
  71          ------------------------------------------------------------------------------*/
  72          void Valida_Trama_Pto(unsigned char *buffer, unsigned char length_trama)
  73          {
  74   1         unsigned char buff[11];
  75   1        /*-------------------------------CMD H reloj para el board y la pantalla lcd-----------------------------
             --------------*/
  76   1          if((length_trama==25)&&(*buffer==STX)&&(*(buffer+2)=='H')&&*(buffer+(length_trama-1))==ETX)                         
             -/*cmd de Accescan que me envia el reloj actualizado*/
  77   1          { 
  78   2            
  79   2            Block_write_clock_ascii(buffer+3);                                                                                /* se escribe el reloj de har
             -dware*/
  80   2          
  81   2            Reloj_Pantalla_Lcd();                                                                                             /* Escribo el reloj en la pantalla 
             -lcd*/
  82   2          
  83   2          }
  84   1          /*-------------------------------CMD B6 fuera de linea -------------------------------------------------
             -------------*/
  85   1          else if(*buffer==FUERA_DE_LINEA)                                                                                    /*cmd de Accescan que dice q e
             -sta fuera de linea*/
  86   1          {
  87   2            if (Timer_wait>=20)                                                                                               /* se envia el msj fuera de linea*/
  88   2            {                                                                                                                 /* con un tiempo de retardo =((1/(22118400/12
             -)*65535)*30)*/
  89   3              PantallaLCD(FUERA_DE_LINEA);
  90   3              led_err_imp=0;                                                                                                  /*error led on*/
  91   3              Timer_wait=0;
  92   3              lock=0;                                                                                                         /*relevo off despues de 1 minuto*/
  93   3              Atascado=0;
  94   3              //ValTimeOutCom=10;       
  95   3            }
  96   2            if ((Debug_Tibbo==0)&&(USE_LPR==1))
  97   2              {
  98   3              Debug_Tibbo=1;
  99   3              Debug_txt_Tibbo((unsigned char *) "LIVE\n");
 100   3            
 101   3              Debug_Tibbo=0;
 102   3              }
 103   2          }
 104   1          /*-------------------------------CMD AA en linea -------------------------------------------------------
             ------------*/
 105   1          else if (*buffer==ON_LINE)                                                                                          /*en linea*/
 106   1          {
C51 COMPILER V9.59.0.0   ACCESCAN                                                          10/07/2021 16:30:36 PAGE 3   

 107   2            
 108   2            if (Timer_wait>=20)                                                                                               /* se envia el msj fuera de linea*/
 109   2            { 
 110   3              Timer_wait=0;                                                                                                   /*se inicia el timer*/
 111   3              lock=0;
 112   3              led_err_imp=1;                                                                                                  /*relevo off despues de 1 minuto*/
 113   3              Atascado=0; 
 114   3              //ValTimeOutCom=10;
 115   3              if ((Debug_Tibbo==0)&&(USE_LPR==1))
 116   3              {
 117   4              Debug_Tibbo=1;
 118   4              Debug_txt_Tibbo((unsigned char *) "LIVE\n");
 119   4              
 120   4              Debug_Tibbo=0;
 121   4              }
 122   3            }
 123   2            
 124   2          } 
 125   1                        /*------------msj bienvenido--------------------------*/
 126   1          else if ((length_trama==19)&&(*buffer==STX)&&(*(buffer+1)=='O')&&*(buffer+(length_trama-1))==ETX)             
             -      /*mensaje de bienvenidos*/
 127   1          {
 128   2            PantallaLCD(BIENVENIDO);
 129   2          }
 130   1                      /*--------------msj Gracias-----------------------------*/
 131   1          else if ((length_trama==19)&&(*buffer==STX)&&(*(buffer+1)=='V')&&*(buffer+(length_trama-1))==ETX)
 132   1          {
 133   2            Debug_txt_Tibbo((unsigned char *) "open barrrera\n");
 134   2            length_trama=0;
 135   2            lock=1;   
 136   2            Timer_wait=10;  
 137   2            send_portERR(AUDIO_ENTER);
 138   2            ValTimeOutCom=TIME_PLACA;
 139   2            g_cEstadoImpresion=SEQ_CMNCCN_PTO ;     
 140   2          
 141   2            
 142   2            
 143   2          }
 144   1                      /*--------------CMD 0xA1 msj sin pago-----------------------------*/
 145   1          else if ((length_trama==1)&&(*buffer==PRMR_DIREJASE_A_CAJA))                                                                        /*cmd 0x
             -A1 audio caja que es igual a no registra pago */
 146   1          {
 147   2               PantallaLCD(SIN_PAGO);
 148   2          }
 149   1                    /*-------------------------------CMD de wiegand---------------------------------------------------*
             -/
 150   1          else if ((length_trama==6)&&(*buffer==STX)&&(*(buffer+1)=='W')&&*(buffer+(length_trama-1))==ETX)                
             -    /* cmd q comunica con monitor po wigan*/
 151   1          {
 152   2              if (USE_LPR==1)
 153   2              {
 154   3                    /*-------------------------------mensaje en la pantalla--------------------------------------------
             --------*/
 155   3                    ByteHex_Decimal(buff,*(buffer+2));                                                                        /*convierto el primer byte_he
             -x a decimal    */
 156   3                    buff[3]=' ';
 157   3                    Two_ByteHex_Decimal(buff+4,*(buffer+3),*(buffer+4)) ;                                                     /*convierto un byte
             - de 16 bits a decimal*/                                                 
 158   3                  
 159   3                    PantallaLCD_LINEA_2(LECTURA_DE_TARJETAS,buff);
 160   3                                                                                                                              /*transmito el codigo de la tarjeta a la panta
             -lla lcd*/
C51 COMPILER V9.59.0.0   ACCESCAN                                                          10/07/2021 16:30:36 PAGE 4   

 161   3                    /*-------------------------------------------------------------------------------------------------
             --------*/
 162   3                
 163   3                    while(!ValidaSensoresPaso());
 164   3                      
 165   3                    Cmd_LPR_Salida_wiegand(buff);
 166   3              }                                                                             
 167   2              
 168   2              else
 169   2              {
 170   3                 /*-------------------------------mensaje en la pantalla---------------------------------------------
             -------*/
 171   3                    ByteHex_Decimal(buff,*(buffer+2));                                                                        /*convierto el primer byte_he
             -x a decimal    */
 172   3                    buff[3]=' ';
 173   3                    Two_ByteHex_Decimal(buff+4,*(buffer+3),*(buffer+4)) ;                                                     /*convierto un byte
             - de 16 bits a decimal*/                                                 
 174   3                    PantallaLCD_LINEA_2(LECTURA_DE_TARJETAS,buff);                                                            /*transmito el codigo d
             -e la tarjeta a la pantalla lcd*/
 175   3                                                                                                          
 176   3                /*---------------------------------------------------------------------------------------------------
             ------*/  
 177   3              
 178   3              }
 179   2          }
 180   1          else if ((length_trama==12)&&(*buffer==STX)&&*(buffer+(length_trama-1))==ETX)                                   /*graba e
             -l numero de consecutivo en eeprom*/
 181   1          {
 182   2            graba_serie_ascii_hex(buffer+1);
 183   2            
 184   2            
 185   2              Debug_txt_Tibbo((unsigned char *) "Grabacion Serie: ");                                                     /*trama recibida pto
             - paralelo */
 186   2              DebugBufferMF(buffer,length_trama,1);
 187   2              
 188   2            
 189   2          }
 190   1          else if (*buffer==0XAB)
 191   1          { 
 192   2              ValTimeOutCom=TIME_PLACA;
 193   2              g_cEstadoImpresion=SEQ_CMNCCN_PTO ; 
 194   2              //g_cEstadoImpresion=SEQ_REINTENTO  ; 
 195   2          }
 196   1          
 197   1      }
 198          


MODULE INFORMATION:   STATIC OVERLAYABLE
   CODE SIZE        =    791    ----
   CONSTANT SIZE    =     39    ----
   XDATA SIZE       =   ----      15
   PDATA SIZE       =   ----    ----
   DATA SIZE        =   ----    ----
   IDATA SIZE       =   ----    ----
   BIT SIZE         =   ----    ----
END OF MODULE INFORMATION.


C51 COMPILATION COMPLETE.  0 WARNING(S),  0 ERROR(S)
