C51 COMPILER V9.59.0.0   TIBBO                                                             10/07/2021 16:30:36 PAGE 1   


C51 COMPILER V9.59.0.0, COMPILATION OF MODULE TIBBO
OBJECT MODULE PLACED IN .\Objects\tibbo.obj
COMPILER INVOKED BY: C:\Keil_v5\C51\BIN\C51.EXE tibbo.c LARGE OPTIMIZE(8,SPEED) BROWSE INCDIR(..\vrfcdor_impresora) DEBU
                    -G OBJECTEXTEND PRINT(.\Listings\tibbo.lst) TABS(2) OBJECT(.\Objects\tibbo.obj)

line level    source

   1          #include <reg51.h>
   2          #include "tibbo.h" 
   3          
   4          /*funciones externas*/
   5          extern void Delay_20us(unsigned int cnt);
   6          extern void          _nop_     (void);
   7          extern unsigned char hex_bcd (unsigned char byte);
   8          
   9          /*variable externas*/
  10          extern unsigned char Debug_Tibbo;
  11          
  12          sbit rx_ip = P0^0;          //    
  13          sbit txd2 = P1^0;         //Transmision Aux Datos IP                *
  14          
  15          
  16          /*------------------------------------------------------------------------------
  17          ------------------------------------------------------------------------------*/
  18          void time_bit()
  19          {
  20   1        unsigned char j;
  21   1      
  22   1        for (j=0; j<=7; j++)        //18 para 19200  ...   41 Para 9600  //42 142us //7 a 9600 transmision
  23   1        {
  24   2          _nop_();
  25   2          _nop_();
  26   2          _nop_();
  27   2          _nop_();
  28   2          _nop_();
  29   2          _nop_();
  30   2          _nop_();
  31   2          _nop_();
  32   2          _nop_();
  33   2          
  34   2          _nop_();
  35   2        }
  36   1      }
  37          /*------------------------------------------------------------------------------
  38          ------------------------------------------------------------------------------*/
  39          void time_mbit(void)
  40          {
  41   1        unsigned char j;
  42   1        for (j=0; j<=4; j++)
  43   1        {
  44   2          _nop_();
  45   2          _nop_();
  46   2          _nop_();
  47   2          _nop_();
  48   2          _nop_();
  49   2          _nop_();
  50   2          _nop_();
  51   2        
  52   2          _nop_();
  53   2          _nop_();
  54   2          _nop_();
C51 COMPILER V9.59.0.0   TIBBO                                                             10/07/2021 16:30:36 PAGE 2   

  55   2        }
  56   1      
  57   1      }
  58          
  59          /*------------------------------------------------------------------------------
  60          Transmite un caracter  por tibbo a 9600 bd
  61          ------------------------------------------------------------------------------*/
  62          void tx_aux(unsigned char caracter)
  63          {
  64   1        unsigned char j, temporal, bitTX;
  65   1      
  66   1        EA=0;
  67   1        txd2=0;
  68   1        time_bit();
  69   1          _nop_();
  70   1          _nop_();
  71   1          temporal=caracter;
  72   1        bitTX=caracter&0x01;
  73   1        if (bitTX==0x00)
  74   1        {
  75   2          txd2=0;
  76   2        }
  77   1        else
  78   1        {
  79   2            txd2=1;
  80   2        }
  81   1        time_bit();
  82   1        for (j=1; j<=7; j++)
  83   1        {
  84   2          temporal>>=1;
  85   2          bitTX=temporal&(0x01);
  86   2          if (bitTX==0x00)
  87   2          {
  88   3            txd2=0;
  89   3          }
  90   2          else
  91   2          {
  92   3              txd2=1;
  93   3          }
  94   2          time_bit();
  95   2        }
  96   1        txd2=1;
  97   1        time_bit();
  98   1        time_bit(); 
  99   1      
 100   1        EA=1;
 101   1      }
 102          
 103          /*TEMPORALMENTE FUERA DE SERVICIO PARA EXPEDIDOR TICKET*/
 104          /*
 105          void Debug_HexDec(unsigned char xfc)
 106          {
 107            unsigned int valor;
 108            unsigned char centena, decena, unidad;
 109            valor=0;
 110          
 111            centena=0;
 112            decena=0;
 113            unidad=0;
 114            if (Debug_Tibbo==1)
 115            {  
 116              while (xfc>=0x064)        // resto 100
C51 COMPILER V9.59.0.0   TIBBO                                                             10/07/2021 16:30:36 PAGE 3   

 117              {
 118                xfc=xfc-0x64;
 119                centena=centena+1;
 120              }
 121              while (xfc>=0x0a)       // resto 10
 122              {
 123                xfc=xfc-0x0a;
 124                decena=decena+1;
 125              }
 126              unidad=xfc;
 127                tx_aux(centena|0x30);
 128              tx_aux(decena|0x30);
 129                tx_aux(unidad|0x30);
 130              
 131            }
 132          }
 133          */
 134          /*------------------------------------------------------------------------------
 135          Transmito un caracter pasandolo a ascii 
 136          ------------------------------------------------------------------------------*/
 137          void Debug_chr_Tibbo(unsigned char Dat)
 138          {
 139   1        unsigned char temp;
 140   1        if (Debug_Tibbo==1)
 141   1        {
 142   2          temp=(Dat&0xf0)>>4;
 143   2          (temp>0x09)?(temp=temp+0x37):(temp=temp+0x30);
 144   2            
 145   2          tx_aux(temp);
 146   2                     
 147   2          temp=(Dat&0x0f);
 148   2          (temp>0x09)?(temp=temp+0x37):(temp=temp+0x30);
 149   2          tx_aux(temp);
 150   2          tx_aux(' ');
 151   2        
 152   2        }
 153   1      }
 154          
 155          /*------------------------------------------------------------------------------
 156          Transmito un Buffer x y lo pasa a ascii 
 157          io=0 datos enviados
 158          io=1 datos recibidos
 159          ------------------------------------------------------------------------------*/
 160          void DebugBufferMF(unsigned char *str,unsigned char num_char,char io)
 161          {
 162   1        unsigned char j;
 163   1       
 164   1        
 165   1        if (Debug_Tibbo==1)
 166   1        {
 167   2          if(io!=0)
 168   2          {
 169   3          Debug_txt_Tibbo((unsigned char *) "Datos MF respuesta: ");
 170   3          }else Debug_txt_Tibbo((unsigned char *) "Datos MF Enviados: ");
 171   2          for (j=0; j<num_char; j++)
 172   2          {
 173   3          Debug_chr_Tibbo(*str);
 174   3          str++;
 175   3          }
 176   2          tx_aux('\r');
 177   2          tx_aux('\n');
 178   2        }
C51 COMPILER V9.59.0.0   TIBBO                                                             10/07/2021 16:30:36 PAGE 4   

 179   1      
 180   1      }
 181          
 182          /*------------------------------------------------------------------------------
 183          imprime la trama hasta el caracter null
 184          ------------------------------------------------------------------------------*/
 185          void Debug_txt_Tibbo(unsigned char * str)
 186          {
 187   1        unsigned char i;
 188   1        i=0;
 189   1        
 190   1        if (Debug_Tibbo==1)
 191   1        {
 192   2          for (i=0; str[i] != '\0'; i++)
 193   2          {
 194   3              tx_aux(str[i]);
 195   3          }
 196   2          
 197   2        }
 198   1      }
 199          
 200          void Debug_Dividir_texto()
 201          {
 202   1        Debug_txt_Tibbo((unsigned char *) "/*---------------------------------------*/\r\n");
 203   1      }
 204          
 205          /*------------------------------------------------------------------------------
 206          Recibe la trama del tibbo a 9600bd
 207          ------------------------------------------------------------------------------*/
 208          unsigned char rx_Data(void)
 209          {
 210   1        unsigned char temporal;
 211   1        
 212   1          temporal=0xff;
 213   1          time_mbit();
 214   1      //--------------------------------------------------------------------------------------------------
 215   1          time_bit();
 216   1      //--------------------------------------------------------------------------------------------------
 217   1          temporal=(rx_ip==0)?(temporal&0x7f):(temporal|0x80);
 218   1          temporal>>=1;
 219   1      //------------------------------------------------------------------------------------
 220   1          time_bit();
 221   1      //------------------------------------------------------------------------------------
 222   1          temporal=(rx_ip==0)?(temporal&0x7f):(temporal|0x80);
 223   1          temporal>>=1;
 224   1      //------------------------------------------------------------------------------------
 225   1          time_bit();
 226   1      //------------------------------------------------------------------------------------
 227   1          temporal=(rx_ip==0)?(temporal&0x7f):(temporal|0x80);
 228   1          temporal>>=1;
 229   1      //------------------------------------------------------------------------------------
 230   1          time_bit();
 231   1      //------------------------------------------------------------------------------------
 232   1          temporal=(rx_ip==0)?(temporal&0x7f):(temporal|0x80);
 233   1          temporal>>=1;
 234   1      //------------------------------------------------------------------------------------
 235   1          time_bit();
 236   1      //------------------------------------------------------------------------------------
 237   1          temporal=(rx_ip==0)?(temporal&0x7f):(temporal|0x80);
 238   1          temporal>>=1;
 239   1      //------------------------------------------------------------------------------------
 240   1          time_bit();
C51 COMPILER V9.59.0.0   TIBBO                                                             10/07/2021 16:30:36 PAGE 5   

 241   1      //------------------------------------------------------------------------------------
 242   1          temporal=(rx_ip==0)?(temporal&0x7f):(temporal|0x80);
 243   1          temporal>>=1;
 244   1      //------------------------------------------------------------------------------------
 245   1          time_bit();
 246   1      //------------------------------------------------------------------------------------
 247   1          temporal=(rx_ip==0)?(temporal&0x7f):(temporal|0x80);
 248   1          temporal>>=1;
 249   1      //------------------------------------------------------------------------------------
 250   1          time_bit();
 251   1          temporal=(rx_ip==0)?(temporal&0x7f):(temporal|0x80);
 252   1      //------------------------------------------------------------------------------------
 253   1          time_bit();
 254   1            while (rx_ip==0)
 255   1          {
 256   2          }
 257   1      //------------------------------------------------------------------------------------
 258   1        return temporal; 
 259   1      
 260   1      } 
 261          /*TEMPORALMENTE FUERA DE SERVICIO POR EXPEDIDOR DE TICKET*/
 262          //void Debug_Fecha_actual(unsigned char *buffer)
 263          //{
 264          //  Debug_txt_Tibbo((unsigned char *) "Fecha Actual en Board: ");
 265          //      Debug_chr_Tibbo(hex_bcd(*buffer));                            /*año*/
 266          //      tx_aux('/');
 267          //      Debug_chr_Tibbo(hex_bcd(*(buffer+1)));                        /*mes*/
 268          //      tx_aux('/');
 269          //      Debug_chr_Tibbo(hex_bcd(*(buffer+2)));                        /*dia*/
 270          //      tx_aux(' ');
 271          //      Debug_chr_Tibbo(hex_bcd(*(buffer+3)));                        /*hora*/
 272          //      tx_aux(':');
 273          //      Debug_chr_Tibbo(hex_bcd(*(buffer+4)));                        /*minutos*/
 274          //      Debug_txt_Tibbo((unsigned char *) "\r\n\r\n");
 275          //}
 276          
 277          /*------------------------------------------------------------------------------
 278          Condiciones iniciales de los pines
 279          ------------------------------------------------------------------------------*/
 280          void cond_ini_tibbo(void)
 281          {
 282   1      
 283   1        txd2=1;
 284   1        rx_ip=1;
 285   1      }
 286          /*------------------------------------------------------------------------------
 287          ------------------------------------------------------------------------------*/
 288          /*
 289          void DebugRtaStatus(unsigned char Tipo)       // 1='N'  0='P'
 290          {
 291          
 292            if ((Tipo=='N')&&(Debug_Tibbo==1))          
 293            {
 294              Debug_txt_Tibbo(0,(unsigned char *) "Respuesta Incorrecta: N ");
 295          
 296              if ((Buffer_Rta_Lintech[3]=='0')&&(Buffer_Rta_Lintech[4]=='0'))
 297              {
 298                Debug_txt_Tibbo(1,(unsigned char *) "Error No definido");
 299              }         
 300              else if ((Buffer_Rta_Lintech[3]=='0')&&(Buffer_Rta_Lintech[4]=='1'))
 301              {
 302                Debug_txt_Tibbo(1,(unsigned char *) "CMD con Error de Parametro");
C51 COMPILER V9.59.0.0   TIBBO                                                             10/07/2021 16:30:36 PAGE 6   

 303              }
 304              else if ((Buffer_Rta_Lintech[3]=='0')&&(Buffer_Rta_Lintech[4]=='2'))
 305              {
 306                Debug_txt_Tibbo(1,(unsigned char *) "Error secuencia de ejecucion del CMD");
 307              }
 308              else if ((Buffer_Rta_Lintech[3]=='0')&&(Buffer_Rta_Lintech[4]=='3'))
 309              {
 310                Debug_txt_Tibbo(1,(unsigned char *) "CMD no soportado por Hardware");
 311              }
 312              else if ((Buffer_Rta_Lintech[3]=='1')&&(Buffer_Rta_Lintech[4]=='0'))
 313              {
 314                Debug_txt_Tibbo(1,(unsigned char *) "Tarjeta Atascada / Overtimme");
 315              }
 316              else if ((Buffer_Rta_Lintech[3]=='A')&&(Buffer_Rta_Lintech[4]=='0'))
 317              {
 318                Debug_txt_Tibbo(1,(unsigned char *) "Dispensador Vacio");
 319              }
 320              else if ((Buffer_Rta_Lintech[3]=='A')&&(Buffer_Rta_Lintech[4]=='1'))
 321              {
 322                Debug_txt_Tibbo(1,(unsigned char *) "Colector Lleno");
 323              }
 324            }
 325            else if ((Tipo=='P')&&(Debug_Tibbo==1))               // valido st0  0 canal libre, 1 tarjeta en la boca, 2 tar
             -jeta en rf
 326            {
 327              
 328              if (Buffer_Rta_Lintech[3]=='0')
 329              {
 330                if (Buffer_Rta_Lintech[3]!=Notify)
 331                {
 332                  Debug_txt_Tibbo(1,(unsigned char *) "Canal Libre");
 333                  Notify=Buffer_Rta_Lintech[3];
 334                }
 335              }         
 336              else if (Buffer_Rta_Lintech[3]=='1')
 337              {
 338                if (Buffer_Rta_Lintech[3]!=Notify)
 339                {
 340                  Debug_txt_Tibbo(1,(unsigned char *) "Tarjeta en Bezel");
 341                  Notify=Buffer_Rta_Lintech[3];
 342                }     
 343              }
 344              else if (Buffer_Rta_Lintech[3]=='2')
 345              {
 346                if (Buffer_Rta_Lintech[3]!=Notify)
 347                {
 348                  Debug_txt_Tibbo(1,(unsigned char *) "Tarjeta en RF");
 349                  Notify=Buffer_Rta_Lintech[3];
 350                }
 351              }
 352              else
 353              {
 354                if (Buffer_Rta_Lintech[3]!=Notify)
 355                {
 356                  Debug_txt_Tibbo(1,(unsigned char *) "P: Status Incorrecto...");
 357                  Notify=Buffer_Rta_Lintech[3];
 358                }
 359              }
 360              }
 361              
 362          }*/

C51 COMPILER V9.59.0.0   TIBBO                                                             10/07/2021 16:30:36 PAGE 7   


MODULE INFORMATION:   STATIC OVERLAYABLE
   CODE SIZE        =    528    ----
   CONSTANT SIZE    =     87    ----
   XDATA SIZE       =   ----      10
   PDATA SIZE       =   ----    ----
   DATA SIZE        =   ----    ----
   IDATA SIZE       =   ----    ----
   BIT SIZE         =   ----    ----
END OF MODULE INFORMATION.


C51 COMPILATION COMPLETE.  0 WARNING(S),  0 ERROR(S)
