BL51 BANKED LINKER/LOCATER V6.22.2.0                                                    10/06/2021  15:40:50  PAGE 1


BL51 BANKED LINKER/LOCATER V6.22.2.0, INVOKED BY:
C:\KEIL_V5\C51\BIN\BL51.EXE .\Objects\main.obj, .\Objects\Clock.obj, .\Objects\delay.obj, .\Objects\eeprom.obj, .\Object
>> s\io_sensores.obj, .\Objects\monitor.obj, .\Objects\num_serie.obj, .\Objects\pantallas.obj, .\Objects\prog.obj, .\Obj
>> ects\pto_paralelo.obj, .\Objects\tibbo.obj, .\Objects\uart.obj, .\Objects\Accescan.obj, .\Objects\verprint.obj TO .\O
>> bjects\VRFCDOR_PRINT_100 PRINT (.\Listings\VRFCDOR_PRINT_100.m51) RAMSIZE (256)


MEMORY MODEL: LARGE WITH FLOATING POINT ARITHMETIC


INPUT MODULES INCLUDED:
  .\Objects\main.obj (MAIN)
  .\Objects\Clock.obj (CLOCK)
  .\Objects\delay.obj (DELAY)
  .\Objects\eeprom.obj (EEPROM)
  .\Objects\io_sensores.obj (IO_SENSORES)
  .\Objects\monitor.obj (MONITOR)
  .\Objects\num_serie.obj (NUM_SERIE)
  .\Objects\pantallas.obj (PANTALLAS)
  .\Objects\prog.obj (PROG)
  .\Objects\pto_paralelo.obj (PTO_PARALELO)
  .\Objects\tibbo.obj (TIBBO)
  .\Objects\uart.obj (UART)
  .\Objects\Accescan.obj (ACCESCAN)
  .\Objects\verprint.obj (VERPRINT)
  C:\KEIL_V5\C51\LIB\C51FPL.LIB (?C?FPADD)
  C:\KEIL_V5\C51\LIB\C51FPL.LIB (?C?FPMUL)
  C:\KEIL_V5\C51\LIB\C51FPL.LIB (?C?FCAST)
  C:\KEIL_V5\C51\LIB\C51FPL.LIB (?C?CASTF)
  C:\KEIL_V5\C51\LIB\C51FPL.LIB (PRINTF)
  C:\KEIL_V5\C51\LIB\C51FPL.LIB (POW)
  C:\KEIL_V5\C51\LIB\C51FPL.LIB (?C?FPGETOPN)
  C:\KEIL_V5\C51\LIB\C51FPL.LIB (?C?CHKFLOAT)
  C:\KEIL_V5\C51\LIB\C51FPL.LIB (?C?FPCMP)
  C:\KEIL_V5\C51\LIB\C51FPL.LIB (?C?FPNEG)
  C:\KEIL_V5\C51\LIB\C51FPL.LIB (?C?FPROUND)
  C:\KEIL_V5\C51\LIB\C51FPL.LIB (?C?FPCONVERT)
  C:\KEIL_V5\C51\LIB\C51FPL.LIB (EXP)
  C:\KEIL_V5\C51\LIB\C51FPL.LIB (LOG)
  C:\KEIL_V5\C51\LIB\C51FPL.LIB (?C?FPDIV)
  C:\KEIL_V5\C51\LIB\C51FPL.LIB (?C?FTNPWR)
  C:\KEIL_V5\C51\LIB\C51FPL.LIB (?C?FPSERIES)
  C:\KEIL_V5\C51\LIB\C51L.LIB (?C_STARTUP)
  C:\KEIL_V5\C51\LIB\C51L.LIB (?C?COPY)
  C:\KEIL_V5\C51\LIB\C51L.LIB (?C?CLDPTR)
  C:\KEIL_V5\C51\LIB\C51L.LIB (?C?CLDOPTR)
  C:\KEIL_V5\C51\LIB\C51L.LIB (?C?CSTPTR)
  C:\KEIL_V5\C51\LIB\C51L.LIB (?C?CSTOPTR)
  C:\KEIL_V5\C51\LIB\C51L.LIB (?C?IILDX)
  C:\KEIL_V5\C51\LIB\C51L.LIB (?C?LNEG)
  C:\KEIL_V5\C51\LIB\C51L.LIB (?C?LLDCODE)
  C:\KEIL_V5\C51\LIB\C51L.LIB (?C?LLDXDATA0)
  C:\KEIL_V5\C51\LIB\C51L.LIB (?C?LLDCODE0)
  C:\KEIL_V5\C51\LIB\C51L.LIB (?C?LSTXDATA)
  C:\KEIL_V5\C51\LIB\C51L.LIB (?C?LSTKXDATA)
  C:\KEIL_V5\C51\LIB\C51L.LIB (?C?PLDIXDATA)
  C:\KEIL_V5\C51\LIB\C51L.LIB (?C?PSTXDATA)
  C:\KEIL_V5\C51\LIB\C51L.LIB (?C?CCASE)
BL51 BANKED LINKER/LOCATER V6.22.2.0                                                  10/06/2021  15:40:50  PAGE 2


  C:\KEIL_V5\C51\LIB\C51L.LIB (STRCAT)
  C:\KEIL_V5\C51\LIB\C51L.LIB (STRNCAT)
  C:\KEIL_V5\C51\LIB\C51L.LIB (?C?STRCMP)
  C:\KEIL_V5\C51\LIB\C51L.LIB (?C?STRCPY)
  C:\KEIL_V5\C51\LIB\C51L.LIB (STRNCPY)
  C:\KEIL_V5\C51\LIB\C51L.LIB (STRLEN)
  C:\KEIL_V5\C51\LIB\C51L.LIB (STRSTR)
  C:\KEIL_V5\C51\LIB\C51L.LIB (STRTOK)
  C:\KEIL_V5\C51\LIB\C51L.LIB (ATOL)
  C:\KEIL_V5\C51\LIB\C51L.LIB (ATOI)
  C:\KEIL_V5\C51\LIB\C51L.LIB (?C_INIT)
  C:\KEIL_V5\C51\LIB\C51L.LIB (?C?IMUL)
  C:\KEIL_V5\C51\LIB\C51L.LIB (?C?ILDIX)
  C:\KEIL_V5\C51\LIB\C51L.LIB (?C?LMUL)
  C:\KEIL_V5\C51\LIB\C51L.LIB (ISDIGIT)
  C:\KEIL_V5\C51\LIB\C51L.LIB (ISSPACE)
  C:\KEIL_V5\C51\LIB\C51L.LIB (STRSPN)
  C:\KEIL_V5\C51\LIB\C51L.LIB (STRPBRK)


LINK MAP OF MODULE:  .\Objects\VRFCDOR_PRINT_100 (MAIN)


            TYPE    BASE      LENGTH    RELOCATION   SEGMENT NAME
            -----------------------------------------------------

            * * * * * * *   D A T A   M E M O R Y   * * * * * * *
            REG     0000H     0008H     ABSOLUTE     "REG BANK 0"
            DATA    0008H     0005H     UNIT         ?DT?UART
            DATA    000DH     0005H     UNIT         _DATA_GROUP_
                    0012H     000EH                  *** GAP ***
            BIT     0020H.0   0001H.1   UNIT         _BIT_GROUP_
            BIT     0021H.1   0000H.1   UNIT         ?BI?MAIN
            BIT     0021H.2   0000H.1   UNIT         ?BI?EEPROM
            BIT     0021H.3   0000H.1   UNIT         ?BI?UART
                    0021H.4   0000H.4                *** GAP ***
            IDATA   0022H     008AH     UNIT         ?ID?MAIN
            IDATA   00ACH     0001H     UNIT         ?STACK

            * * * * * * *  X D A T A   M E M O R Y  * * * * * * *
            XDATA   0000H     00B5H     UNIT         _XDATA_GROUP_
            XDATA   00B5H     005FH     UNIT         ?XD?PROG
            XDATA   0114H     0048H     UNIT         ?XD?MAIN
            XDATA   015CH     000BH     UNIT         ?XD?VERPRINT
            XDATA   0167H     0003H     UNIT         ?XD?EEPROM
            XDATA   016AH     0003H     UNIT         ?XD?STRTOK
            XDATA   016DH     0001H     UNIT         ?XD?CLOCK

            * * * * * * *   C O D E   M E M O R Y   * * * * * * *
            CODE    0000H     0003H     ABSOLUTE     
            CODE    0003H     0008H     UNIT         ?PR?P_CK?CLOCK
            CODE    000BH     0003H     ABSOLUTE     
            CODE    000EH     0015H     UNIT         ?PR?_STRLEN?STRLEN
            CODE    0023H     0003H     ABSOLUTE     
            CODE    0026H     0D34H     UNIT         ?CO?PROG
            CODE    0D5AH     0B3EH     UNIT         ?C?LIB_CODE
            CODE    1898H     0483H     UNIT         ?PR?PRINTF?PRINTF
BL51 BANKED LINKER/LOCATER V6.22.2.0                                                  10/06/2021  15:40:50  PAGE 3


            CODE    1D1BH     0317H     UNIT         ?PR?_VALIDA_TRAMA_PTO?ACCESCAN
            CODE    2032H     02EBH     UNIT         ?PR?LEE_TICKET?VERPRINT
            CODE    231DH     02D0H     UNIT         ?PR?_TWO_BYTEHEX_DECIMAL?CLOCK
            CODE    25EDH     0263H     UNIT         ?PR?_PANTALLALCD?PANTALLAS
            CODE    2850H     023AH     UNIT         ?PR?MENU?PROG
            CODE    2A8AH     01D8H     UNIT         ?PR?_BLOCK_READ_CLOCK_ASCII?CLOCK
            CODE    2C62H     0166H     UNIT         ?PR?_POW?POW
            CODE    2DC8H     0157H     UNIT         ?CO?PANTALLAS
            CODE    2F1FH     0148H     UNIT         ?PR?_TRAMA_PRINT_COD_BARRAS?PTO_PARALELO
            CODE    3067H     013EH     UNIT         ?PR?PROG_SIN_COBRO?PROG
            CODE    31A5H     012BH     UNIT         ?CO?VERPRINT
            CODE    32D0H     0129H     UNIT         ?PR?LOG?LOG
            CODE    33F9H     0110H     UNIT         ?PR?LOAD_AND_SEND_ID_COD?PTO_PARALELO
            CODE    3509H     010CH     UNIT         ?PR?_ATOL?ATOL
            CODE    3615H     00FCH     UNIT         ?PR?PROG_DEBUG?PROG
            CODE    3711H     00FCH     UNIT         ?PR?PROG_USE_LPR?PROG
            CODE    380DH     00FCH     UNIT         ?PR?TIPO_PANTALLA?PROG
            CODE    3909H     00FCH     UNIT         ?PR?PROG_COMPARACION_ACTIVA?PROG
            CODE    3A05H     00FCH     UNIT         ?PR?PROG_QR_BARRAS?PROG
            CODE    3B01H     00E7H     UNIT         ?PR?_CMD_LPR_SALIDA_PRINT?MONITOR
            CODE    3BE8H     00E4H     UNIT         ?PR?_STRTOK?STRTOK
            CODE    3CCCH     00DBH     UNIT         ?PR?_ATOI?ATOI
            CODE    3DA7H     00D8H     UNIT         ?PR?MAIN?MAIN
            CODE    3E7FH     00D6H     UNIT         ?PR?_CMD_LPR_SALIDA_WIEGAND?MONITOR
            CODE    3F55H     00C6H     UNIT         ?PR?SHOW?PROG
            CODE    401BH     00C5H     UNIT         ?PR?_STRNCAT?STRNCAT
            CODE    40E0H     00C4H     UNIT         ?PR?_BLOCK_READ_CLOCK?CLOCK
            CODE    41A4H     00BFH     UNIT         ?PR?_STRSTR?STRSTR
            CODE    4263H     00BDH     UNIT         ?PR?PROG_COD_PARK?PROG
            CODE    4320H     00BDH     UNIT         ?PR?PROG_TIEMPO_GRACIA?PROG
            CODE    43DDH     00B6H     UNIT         ?PR?PROG_ID_CLIENTE?PROG
            CODE    4493H     00B4H     UNIT         ?PR?_SEND_PORT?PTO_PARALELO
            CODE    4547H     00B2H     UNIT         ?C_INITSEG
            CODE    45F9H     00A0H     UNIT         ?CO?IO_SENSORES
            CODE    4699H     009BH     UNIT         ?PR?_VALIDA_TRAMA_MONITOR?MONITOR
            CODE    4734H     009AH     UNIT         ?PR?EXP?EXP
            CODE    47CEH     0098H     UNIT         ?PR?_RECIBE_PORT?PTO_PARALELO
            CODE    4866H     0095H     UNIT         ?PR?_RECIBE_CMD_MONITOR?MONITOR
            CODE    48FBH     0090H     UNIT         ?PR?_LEE_CLK?CLOCK
            CODE    498BH     0090H     UNIT         ?PR?_GETOPTION?PROG
            CODE    4A1BH     008FH     UNIT         ?PR?_BLOCK_WRITE_CLOCK_ASCII?CLOCK
            CODE    4AAAH     008CH     UNIT         ?C_C51STARTUP
            CODE    4B36H     008AH     UNIT         ?PR?VARIABLE_INICIO?MAIN
            CODE    4BC0H     008AH     UNIT         ?PR?_ESCRIBIRMEMORIA?EEPROM
            CODE    4C4AH     0088H     UNIT         ?PR?_SEND_PORTERR?PTO_PARALELO
            CODE    4CD2H     0088H     UNIT         ?PR?RX_DATA?TIBBO
            CODE    4D5AH     0085H     UNIT         ?PR?COM_ISR?UART
            CODE    4DDFH     0084H     UNIT         ?PR?_STRSPN?STRSPN
            CODE    4E63H     0083H     UNIT         ?PR?_PANTALLALCD_LINEA_2?PANTALLAS
            CODE    4EE6H     0081H     UNIT         ?PR?_STRPBRK?STRPBRK
            CODE    4F67H     0080H     UNIT         ?PR?_INGRESADATO?PROG
            CODE    4FE7H     007AH     UNIT         ?PR?_RASPBERRY_DATA?PANTALLAS
            CODE    5061H     0073H     UNIT         ?PR?MSJ_LCD_INFORMATIVO?IO_SENSORES
            CODE    50D4H     0073H     UNIT         ?PR?_DEBUGBUFFERMF?TIBBO
            CODE    5147H     006FH     UNIT         ?PR?VALIDASENSORESPASO?IO_SENSORES
            CODE    51B6H     006BH     UNIT         ?PR?_STRCAT?STRCAT
            CODE    5221H     0068H     UNIT         ?PR?_STRNCPY?STRNCPY
BL51 BANKED LINKER/LOCATER V6.22.2.0                                                  10/06/2021  15:40:50  PAGE 4


            CODE    5289H     0062H     UNIT         ?PR?_LISTACOMANDOS?PROG
            CODE    52EBH     0058H     UNIT         ?PR?_LEERMEMORIA?EEPROM
            CODE    5343H     0057H     UNIT         ?CO?TIBBO
            CODE    539AH     0053H     UNIT         ?PR?_BYTEHEX_DECIMAL?CLOCK
            CODE    53EDH     004DH     UNIT         ?PR?L_D_M?EEPROM
            CODE    543AH     0048H     UNIT         ?PR?_TX_AUX?TIBBO
            CODE    5482H     0047H     UNIT         ?PR?PROG_CLIENTE?PROG
            CODE    54C9H     0047H     UNIT         ?PR?PROG_NIT?PROG
            CODE    5510H     0047H     UNIT         ?PR?PROG_NOM_PARQ?PROG
            CODE    5557H     0047H     UNIT         ?PR?PROG_DIRECCION?PROG
            CODE    559EH     0047H     UNIT         ?PR?PROG_MSJ1?PROG
            CODE    55E5H     0047H     UNIT         ?PR?PROG_MSJ2?PROG
            CODE    562CH     0047H     UNIT         ?PR?PROG_MSJ3?PROG
            CODE    5673H     0047H     UNIT         ?PR?PROG_MSJ4?PROG
            CODE    56BAH     0047H     UNIT         ?PR?PROG_MSJ5?PROG
            CODE    5701H     0047H     UNIT         ?PR?PROG_MSJ6?PROG
            CODE    5748H     0047H     UNIT         ?PR?PROG_MSJ7?PROG
            CODE    578FH     0047H     UNIT         ?PR?_DEBUG_CHR_TIBBO?TIBBO
            CODE    57D6H     0046H     UNIT         ?PR?_LCD_TXT_NUM_CHAR?PANTALLAS
            CODE    581CH     0045H     UNIT         ?PR?_VALIDARCLAVE?PROG
            CODE    5861H     0041H     UNIT         ?PR?_TWO_ONE?CLOCK
            CODE    58A2H     0041H     UNIT         ?PR?_MONITOR_CHR?MONITOR
            CODE    58E3H     0040H     UNIT         ?PR?_GETCMD?PROG
            CODE    5923H     003FH     UNIT         ?PR?_EB_CLK?CLOCK
            CODE    5962H     003FH     UNIT         ?PR?_WR_EEPROM?EEPROM
            CODE    59A1H     003EH     UNIT         ?PR?_PUTCHAR?MAIN
            CODE    59DFH     003EH     UNIT         ?PR?_DEBUG_TXT_TIBBO?TIBBO
            CODE    5A1DH     003DH     UNIT         ?PR?_CEROS_IZQ?NUM_SERIE
            CODE    5A5AH     003CH     UNIT         ?PR?_SERIE_ASCII_SICEROS_L?NUM_SERIE
            CODE    5A96H     003CH     UNIT         ?PR?_LCD_TXT?PANTALLAS
            CODE    5AD2H     003BH     UNIT         ?PR?_COM_PUTCHAR?UART
            CODE    5B0DH     0039H     UNIT         ?PR?_RD_EEPROM?EEPROM
            CODE    5B46H     0035H     UNIT         ?PR?RELOJ_PANTALLA_LCD?PANTALLAS
            CODE    5B7BH     002CH     UNIT         ?CO?MAIN
            CODE    5BA7H     002CH     UNIT         ?PR?LOAD_AND_SEND_INFO_RELOJ?PTO_PARALELO
            CODE    5BD3H     002AH     UNIT         ?PR?COM_INITIALIZE?UART
            CODE    5BFDH     0028H     UNIT         ?PR?_WR_CLK?CLOCK
            CODE    5C25H     0028H     UNIT         ?PR?COM_BAUDRATE?UART
            CODE    5C4DH     0027H     UNIT         ?PR?_TX_CHRLCD?PANTALLAS
            CODE    5C74H     0027H     UNIT         ?CO?ACCESCAN
            CODE    5C9BH     0026H     UNIT         ?PR?COM_GETCHAR?UART
            CODE    5CC1H     0024H     UNIT         ?PR?_NUM_NUM?VERPRINT
            CODE    5CE5H     0022H     UNIT         ?PR?_E_D_M?EEPROM
            CODE    5D07H     0020H     UNIT         ?PR?ACKD?EEPROM
            CODE    5D27H     0020H     UNIT         ?PR?ACK_LECT?EEPROM
            CODE    5D47H     0020H     UNIT         ?PR?TIME_BIT?TIBBO
            CODE    5D67H     001FH     UNIT         ?PR?VALIDASENSOR?IO_SENSORES
            CODE    5D86H     001EH     UNIT         ?PR?_BCD_HEX?CLOCK
            CODE    5DA4H     001CH     UNIT         ?PR?LEER_SERIE?NUM_SERIE
            CODE    5DC0H     001BH     UNIT         ?PR?_DELAY_1MS?DELAY
            CODE    5DDBH     001AH     UNIT         ?PR?TIME_MBIT?TIBBO
            CODE    5DF5H     0019H     UNIT         ?PR?TIMER0_INT?MAIN
            CODE    5E0EH     0017H     UNIT         ?PR?DISPLAYCURSOR?PROG
            CODE    5E25H     0014H     UNIT         ?PR?_ISSPACE?ISSPACE
            CODE    5E39H     0013H     UNIT         ?PR?_NUM_CHAR?VERPRINT
            CODE    5E4CH     0012H     UNIT         ?PR?_DELAY_20US?DELAY
            CODE    5E5EH     0012H     UNIT         ?PR?START?EEPROM
BL51 BANKED LINKER/LOCATER V6.22.2.0                                                  10/06/2021  15:40:50  PAGE 5


            CODE    5E70H     0012H     UNIT         ?PR?DIR_BOARD?IO_SENSORES
            CODE    5E82H     0012H     UNIT         ?PR?PULSO_BUS?PTO_PARALELO
            CODE    5E94H     0012H     UNIT         ?PR?COM_RBUFLEN?UART
            CODE    5EA6H     0012H     UNIT         ?PR?COM_TBUFLEN?UART
            CODE    5EB8H     0010H     UNIT         ?PR?INI_TIMER?MAIN
            CODE    5EC8H     0010H     UNIT         ?PR?INICIA_BOARD?MAIN
            CODE    5ED8H     0010H     UNIT         ?PR?_GRABA_SERIE_ASCII_HEX?NUM_SERIE
            CODE    5EE8H     0010H     UNIT         ?CO?PTO_PARALELO
            CODE    5EF8H     000FH     UNIT         ?PR?_ISDIGIT?ISDIGIT
            CODE    5F07H     000EH     UNIT         ?PR?CLEAR_BUFFER?UART
            CODE    5F15H     000CH     UNIT         ?PR?_GETKEY?MAIN
            CODE    5F21H     000AH     UNIT         ?PR?COND_INI_PTO?PTO_PARALELO
            CODE    5F2BH     0009H     UNIT         ?PR?STOP?EEPROM
            CODE    5F34H     0009H     UNIT         ?PR?DEBUG_DIVIDIR_TEXTO?TIBBO
            CODE    5F3DH     0007H     UNIT         ?PR?COND_INI_CLOCK?CLOCK
            CODE    5F44H     0007H     UNIT         ?PR?SEL_FUNCION?IO_SENSORES
            CODE    5F4BH     0007H     UNIT         ?PR?SEL_AUTO?IO_SENSORES
            CODE    5F52H     0007H     UNIT         ?PR?SEL_SENSOR2?IO_SENSORES
            CODE    5F59H     0007H     UNIT         ?PR?SEL_SENSOR1?IO_SENSORES
            CODE    5F60H     0007H     UNIT         ?PR?SEL_DIR1?IO_SENSORES
            CODE    5F67H     0007H     UNIT         ?PR?SEL_DIR2?IO_SENSORES
            CODE    5F6EH     0006H     UNIT         ?PR?P_ME?EEPROM
            CODE    5F74H     0005H     UNIT         ?PR?ON_TIMER0_INTERRUP?MAIN
            CODE    5F79H     0005H     UNIT         ?PR?COND_INI_TIBBO?TIBBO
            CODE    5F7EH     0004H     UNIT         ?CO?NUM_SERIE
            CODE    5F82H     0003H     UNIT         ?PR?OFF_TIMER0_INTERRUP?MAIN
            CODE    5F85H     0001H     UNIT         ?PR?DELAY?DELAY



OVERLAY MAP OF MODULE:   .\Objects\VRFCDOR_PRINT_100 (MAIN)


SEGMENT                                             BIT_GROUP          DATA_GROUP          XDATA_GROUP
  +--> CALLED SEGMENT                            START    LENGTH     START    LENGTH     START    LENGTH
--------------------------------------------------------------------------------------------------------
?C_C51STARTUP                                    -----    -----      -----    -----      -----    -----
  +--> ?PR?MAIN?MAIN
  +--> ?C_INITSEG

?PR?MAIN?MAIN                                    -----    -----      -----    -----      0000H    000EH
  +--> ?PR?INI_TIMER?MAIN
  +--> ?PR?ON_TIMER0_INTERRUP?MAIN
  +--> ?PR?COM_INITIALIZE?UART
  +--> ?PR?COM_BAUDRATE?UART
  +--> ?PR?INICIA_BOARD?MAIN
  +--> ?PR?TIME_BIT?TIBBO
  +--> ?PR?TIME_MBIT?TIBBO
  +--> ?PR?_TX_AUX?TIBBO
  +--> ?PR?SEL_FUNCION?IO_SENSORES
  +--> ?PR?MENU?PROG
  +--> ?PR?VARIABLE_INICIO?MAIN
  +--> ?PR?_RECIBE_CMD_MONITOR?MONITOR
  +--> ?PR?DEBUG_DIVIDIR_TEXTO?TIBBO
  +--> ?PR?_VALIDA_TRAMA_MONITOR?MONITOR
  +--> ?PR?_DEBUGBUFFERMF?TIBBO
  +--> ?PR?_DEBUG_TXT_TIBBO?TIBBO
BL51 BANKED LINKER/LOCATER V6.22.2.0                                                  10/06/2021  15:40:50  PAGE 6


  +--> ?PR?LEE_TICKET?VERPRINT
  +--> ?PR?_RECIBE_PORT?PTO_PARALELO
  +--> ?CO?MAIN
  +--> ?PR?_DEBUG_CHR_TIBBO?TIBBO
  +--> ?PR?_VALIDA_TRAMA_PTO?ACCESCAN
  +--> ?PR?MSJ_LCD_INFORMATIVO?IO_SENSORES

?PR?COM_INITIALIZE?UART                          -----    -----      -----    -----      -----    -----
  +--> ?PR?COM_BAUDRATE?UART

?PR?INICIA_BOARD?MAIN                            -----    -----      -----    -----      -----    -----
  +--> ?PR?COND_INI_TIBBO?TIBBO
  +--> ?PR?COND_INI_CLOCK?CLOCK
  +--> ?PR?COND_INI_PTO?PTO_PARALELO

?PR?_TX_AUX?TIBBO                                -----    -----      -----    -----      -----    -----
  +--> ?PR?TIME_BIT?TIBBO

?PR?MENU?PROG                                    -----    -----      -----    -----      000EH    0031H
  +--> ?CO?PROG
  +--> ?PR?PRINTF?PRINTF
  +--> ?PR?CLEAR_BUFFER?UART
  +--> ?PR?_INGRESADATO?PROG
  +--> ?PR?_GETCMD?PROG
  +--> ?PR?_VALIDARCLAVE?PROG
  +--> ?PR?DISPLAYCURSOR?PROG
  +--> ?PR?_STRLEN?STRLEN
  +--> ?PR?_GETOPTION?PROG
  +--> ?PR?_STRCAT?STRCAT
  +--> ?PR?_LISTACOMANDOS?PROG
  +--> ?PR?PROG_ID_CLIENTE?PROG
  +--> ?PR?PROG_COD_PARK?PROG
  +--> ?PR?PROG_TIEMPO_GRACIA?PROG
  +--> ?PR?PROG_SIN_COBRO?PROG
  +--> ?PR?PROG_DEBUG?PROG
  +--> ?PR?PROG_USE_LPR?PROG
  +--> ?PR?TIPO_PANTALLA?PROG
  +--> ?PR?PROG_COMPARACION_ACTIVA?PROG
  +--> ?PR?PROG_QR_BARRAS?PROG
  +--> ?PR?PROG_CLIENTE?PROG
  +--> ?PR?PROG_NIT?PROG
  +--> ?PR?PROG_NOM_PARQ?PROG
  +--> ?PR?PROG_DIRECCION?PROG
  +--> ?PR?PROG_MSJ1?PROG
  +--> ?PR?PROG_MSJ2?PROG
  +--> ?PR?PROG_MSJ3?PROG
  +--> ?PR?PROG_MSJ4?PROG
  +--> ?PR?PROG_MSJ5?PROG
  +--> ?PR?PROG_MSJ6?PROG
  +--> ?PR?PROG_MSJ7?PROG
  +--> ?PR?SHOW?PROG

?PR?PRINTF?PRINTF                                0020H.0  0001H.1    000DH    0005H      0081H    0030H
  +--> ?PR?_PUTCHAR?MAIN

?PR?_PUTCHAR?MAIN                                -----    -----      -----    -----      00B1H    0003H
  +--> ?PR?_COM_PUTCHAR?UART
BL51 BANKED LINKER/LOCATER V6.22.2.0                                                  10/06/2021  15:40:50  PAGE 7



?PR?_COM_PUTCHAR?UART                            -----    -----      -----    -----      00B4H    0001H
  +--> ?PR?COM_TBUFLEN?UART

?PR?_INGRESADATO?PROG                            -----    -----      -----    -----      007DH    0004H
  +--> ?PR?_GETKEY?MAIN
  +--> ?CO?PROG
  +--> ?PR?PRINTF?PRINTF
  +--> ?PR?_PUTCHAR?MAIN

?PR?_GETKEY?MAIN                                 -----    -----      -----    -----      -----    -----
  +--> ?PR?COM_GETCHAR?UART

?PR?COM_GETCHAR?UART                             -----    -----      -----    -----      -----    -----
  +--> ?PR?COM_RBUFLEN?UART

?PR?_GETCMD?PROG                                 -----    -----      -----    -----      003FH    0007H
  +--> ?CO?PROG
  +--> ?PR?_STRTOK?STRTOK

?PR?_STRTOK?STRTOK                               -----    -----      -----    -----      004AH    0006H
  +--> ?PR?_STRSPN?STRSPN
  +--> ?PR?_STRPBRK?STRPBRK

?PR?_STRSPN?STRSPN                               -----    -----      -----    -----      0050H    0008H

?PR?_STRPBRK?STRPBRK                             -----    -----      -----    -----      0050H    0009H

?PR?_VALIDARCLAVE?PROG                           -----    -----      -----    -----      003FH    000AH

?PR?DISPLAYCURSOR?PROG                           -----    -----      -----    -----      -----    -----
  +--> ?CO?PROG
  +--> ?PR?PRINTF?PRINTF

?PR?_GETOPTION?PROG                              -----    -----      -----    -----      003FH    000BH
  +--> ?CO?PROG
  +--> ?PR?_STRTOK?STRTOK

?PR?_STRCAT?STRCAT                               -----    -----      -----    -----      0062H    0009H

?PR?_LISTACOMANDOS?PROG                          -----    -----      -----    -----      003FH    0007H

?PR?PROG_ID_CLIENTE?PROG                         -----    -----      -----    -----      003FH    000CH
  +--> ?PR?_RD_EEPROM?EEPROM
  +--> ?CO?PROG
  +--> ?PR?PRINTF?PRINTF
  +--> ?PR?_INGRESADATO?PROG
  +--> ?PR?_ATOI?ATOI
  +--> ?PR?_WR_EEPROM?EEPROM

?PR?_RD_EEPROM?EEPROM                            -----    -----      -----    -----      -----    -----
  +--> ?PR?START?EEPROM
  +--> ?PR?ACK_LECT?EEPROM
  +--> ?PR?_E_D_M?EEPROM
  +--> ?PR?ACKD?EEPROM
  +--> ?PR?L_D_M?EEPROM
  +--> ?PR?STOP?EEPROM
BL51 BANKED LINKER/LOCATER V6.22.2.0                                                  10/06/2021  15:40:50  PAGE 8



?PR?ACK_LECT?EEPROM                              -----    -----      -----    -----      -----    -----
  +--> ?PR?_E_D_M?EEPROM

?PR?_E_D_M?EEPROM                                -----    -----      -----    -----      -----    -----
  +--> ?PR?P_ME?EEPROM

?PR?ACKD?EEPROM                                  -----    -----      -----    -----      -----    -----
  +--> ?PR?_E_D_M?EEPROM

?PR?_ATOI?ATOI                                   0020H.0  0000H.1    -----    -----      004BH    0005H
  +--> ?PR?_ISSPACE?ISSPACE
  +--> ?PR?_ISDIGIT?ISDIGIT

?PR?_WR_EEPROM?EEPROM                            -----    -----      -----    -----      -----    -----
  +--> ?PR?START?EEPROM
  +--> ?PR?ACKD?EEPROM
  +--> ?PR?_E_D_M?EEPROM
  +--> ?PR?STOP?EEPROM
  +--> ?PR?_DELAY_1MS?DELAY
  +--> ?PR?_DELAY_20US?DELAY

?PR?_DELAY_1MS?DELAY                             -----    -----      -----    -----      -----    -----
  +--> ?PR?_DELAY_20US?DELAY

?PR?PROG_COD_PARK?PROG                           -----    -----      -----    -----      003FH    000CH
  +--> ?PR?_RD_EEPROM?EEPROM
  +--> ?CO?PROG
  +--> ?PR?PRINTF?PRINTF
  +--> ?PR?_INGRESADATO?PROG
  +--> ?PR?_ATOI?ATOI
  +--> ?PR?_WR_EEPROM?EEPROM

?PR?PROG_TIEMPO_GRACIA?PROG                      -----    -----      -----    -----      003FH    000CH
  +--> ?PR?_RD_EEPROM?EEPROM
  +--> ?CO?PROG
  +--> ?PR?PRINTF?PRINTF
  +--> ?PR?_INGRESADATO?PROG
  +--> ?PR?_ATOI?ATOI
  +--> ?PR?_WR_EEPROM?EEPROM

?PR?PROG_SIN_COBRO?PROG                          -----    -----      -----    -----      003FH    000CH
  +--> ?PR?_RD_EEPROM?EEPROM
  +--> ?CO?PROG
  +--> ?PR?PRINTF?PRINTF
  +--> ?PR?_INGRESADATO?PROG
  +--> ?PR?_ATOI?ATOI
  +--> ?PR?_WR_EEPROM?EEPROM

?PR?PROG_DEBUG?PROG                              -----    -----      -----    -----      003FH    000CH
  +--> ?PR?_RD_EEPROM?EEPROM
  +--> ?CO?PROG
  +--> ?PR?PRINTF?PRINTF
  +--> ?PR?_INGRESADATO?PROG
  +--> ?PR?_ATOI?ATOI
  +--> ?PR?_WR_EEPROM?EEPROM

BL51 BANKED LINKER/LOCATER V6.22.2.0                                                  10/06/2021  15:40:50  PAGE 9


?PR?PROG_USE_LPR?PROG                            -----    -----      -----    -----      003FH    000CH
  +--> ?PR?_RD_EEPROM?EEPROM
  +--> ?CO?PROG
  +--> ?PR?PRINTF?PRINTF
  +--> ?PR?_INGRESADATO?PROG
  +--> ?PR?_ATOI?ATOI
  +--> ?PR?_WR_EEPROM?EEPROM

?PR?TIPO_PANTALLA?PROG                           -----    -----      -----    -----      003FH    000CH
  +--> ?PR?_RD_EEPROM?EEPROM
  +--> ?CO?PROG
  +--> ?PR?PRINTF?PRINTF
  +--> ?PR?_INGRESADATO?PROG
  +--> ?PR?_ATOI?ATOI
  +--> ?PR?_WR_EEPROM?EEPROM

?PR?PROG_COMPARACION_ACTIVA?PROG                 -----    -----      -----    -----      003FH    000CH
  +--> ?PR?_RD_EEPROM?EEPROM
  +--> ?CO?PROG
  +--> ?PR?PRINTF?PRINTF
  +--> ?PR?_INGRESADATO?PROG
  +--> ?PR?_ATOI?ATOI
  +--> ?PR?_WR_EEPROM?EEPROM

?PR?PROG_QR_BARRAS?PROG                          -----    -----      -----    -----      003FH    000CH
  +--> ?PR?_RD_EEPROM?EEPROM
  +--> ?CO?PROG
  +--> ?PR?PRINTF?PRINTF
  +--> ?PR?_INGRESADATO?PROG
  +--> ?PR?_ATOI?ATOI
  +--> ?PR?_WR_EEPROM?EEPROM

?PR?PROG_CLIENTE?PROG                            -----    -----      -----    -----      003FH    0030H
  +--> ?CO?PROG
  +--> ?PR?PRINTF?PRINTF
  +--> ?PR?_INGRESADATO?PROG
  +--> ?PR?_ESCRIBIRMEMORIA?EEPROM
  +--> ?PR?_LEERMEMORIA?EEPROM

?PR?_ESCRIBIRMEMORIA?EEPROM                      -----    -----      -----    -----      007DH    0006H
  +--> ?PR?_WR_EEPROM?EEPROM

?PR?_LEERMEMORIA?EEPROM                          -----    -----      -----    -----      007DH    0005H
  +--> ?PR?_RD_EEPROM?EEPROM

?PR?PROG_NIT?PROG                                -----    -----      -----    -----      003FH    0010H
  +--> ?CO?PROG
  +--> ?PR?PRINTF?PRINTF
  +--> ?PR?_INGRESADATO?PROG
  +--> ?PR?_ESCRIBIRMEMORIA?EEPROM
  +--> ?PR?_LEERMEMORIA?EEPROM

?PR?PROG_NOM_PARQ?PROG                           -----    -----      -----    -----      003FH    0030H
  +--> ?CO?PROG
  +--> ?PR?PRINTF?PRINTF
  +--> ?PR?_INGRESADATO?PROG
  +--> ?PR?_ESCRIBIRMEMORIA?EEPROM
BL51 BANKED LINKER/LOCATER V6.22.2.0                                                  10/06/2021  15:40:50  PAGE 10


  +--> ?PR?_LEERMEMORIA?EEPROM

?PR?PROG_DIRECCION?PROG                          -----    -----      -----    -----      003FH    0030H
  +--> ?CO?PROG
  +--> ?PR?PRINTF?PRINTF
  +--> ?PR?_INGRESADATO?PROG
  +--> ?PR?_ESCRIBIRMEMORIA?EEPROM
  +--> ?PR?_LEERMEMORIA?EEPROM

?PR?PROG_MSJ1?PROG                               -----    -----      -----    -----      003FH    003EH
  +--> ?CO?PROG
  +--> ?PR?PRINTF?PRINTF
  +--> ?PR?_INGRESADATO?PROG
  +--> ?PR?_ESCRIBIRMEMORIA?EEPROM
  +--> ?PR?_LEERMEMORIA?EEPROM

?PR?PROG_MSJ2?PROG                               -----    -----      -----    -----      003FH    003EH
  +--> ?CO?PROG
  +--> ?PR?PRINTF?PRINTF
  +--> ?PR?_INGRESADATO?PROG
  +--> ?PR?_ESCRIBIRMEMORIA?EEPROM
  +--> ?PR?_LEERMEMORIA?EEPROM

?PR?PROG_MSJ3?PROG                               -----    -----      -----    -----      003FH    003EH
  +--> ?CO?PROG
  +--> ?PR?PRINTF?PRINTF
  +--> ?PR?_INGRESADATO?PROG
  +--> ?PR?_ESCRIBIRMEMORIA?EEPROM
  +--> ?PR?_LEERMEMORIA?EEPROM

?PR?PROG_MSJ4?PROG                               -----    -----      -----    -----      003FH    003EH
  +--> ?CO?PROG
  +--> ?PR?PRINTF?PRINTF
  +--> ?PR?_INGRESADATO?PROG
  +--> ?PR?_ESCRIBIRMEMORIA?EEPROM
  +--> ?PR?_LEERMEMORIA?EEPROM

?PR?PROG_MSJ5?PROG                               -----    -----      -----    -----      003FH    003EH
  +--> ?CO?PROG
  +--> ?PR?PRINTF?PRINTF
  +--> ?PR?_INGRESADATO?PROG
  +--> ?PR?_ESCRIBIRMEMORIA?EEPROM
  +--> ?PR?_LEERMEMORIA?EEPROM

?PR?PROG_MSJ6?PROG                               -----    -----      -----    -----      003FH    003EH
  +--> ?CO?PROG
  +--> ?PR?PRINTF?PRINTF
  +--> ?PR?_INGRESADATO?PROG
  +--> ?PR?_ESCRIBIRMEMORIA?EEPROM
  +--> ?PR?_LEERMEMORIA?EEPROM

?PR?PROG_MSJ7?PROG                               -----    -----      -----    -----      003FH    003EH
  +--> ?CO?PROG
  +--> ?PR?PRINTF?PRINTF
  +--> ?PR?_INGRESADATO?PROG
  +--> ?PR?_ESCRIBIRMEMORIA?EEPROM
  +--> ?PR?_LEERMEMORIA?EEPROM
BL51 BANKED LINKER/LOCATER V6.22.2.0                                                  10/06/2021  15:40:50  PAGE 11



?PR?SHOW?PROG                                    -----    -----      -----    -----      -----    -----
  +--> ?CO?PROG
  +--> ?PR?PRINTF?PRINTF

?PR?VARIABLE_INICIO?MAIN                         -----    -----      -----    -----      -----    -----
  +--> ?PR?_RD_EEPROM?EEPROM

?PR?_RECIBE_CMD_MONITOR?MONITOR                  -----    -----      -----    -----      000EH    0006H
  +--> ?PR?RX_DATA?TIBBO

?PR?RX_DATA?TIBBO                                -----    -----      -----    -----      -----    -----
  +--> ?PR?TIME_MBIT?TIBBO
  +--> ?PR?TIME_BIT?TIBBO

?PR?DEBUG_DIVIDIR_TEXTO?TIBBO                    -----    -----      -----    -----      -----    -----
  +--> ?CO?TIBBO
  +--> ?PR?_DEBUG_TXT_TIBBO?TIBBO

?PR?_DEBUG_TXT_TIBBO?TIBBO                       -----    -----      -----    -----      0043H    0004H
  +--> ?PR?_TX_AUX?TIBBO

?PR?_VALIDA_TRAMA_MONITOR?MONITOR                -----    -----      -----    -----      000EH    0003H

?PR?_DEBUGBUFFERMF?TIBBO                         -----    -----      -----    -----      003DH    0006H
  +--> ?CO?TIBBO
  +--> ?PR?_DEBUG_TXT_TIBBO?TIBBO
  +--> ?PR?_DEBUG_CHR_TIBBO?TIBBO
  +--> ?PR?_TX_AUX?TIBBO

?PR?_DEBUG_CHR_TIBBO?TIBBO                       -----    -----      -----    -----      -----    -----
  +--> ?PR?_TX_AUX?TIBBO

?PR?LEE_TICKET?VERPRINT                          -----    -----      -----    -----      000EH    0006H
  +--> ?PR?VALIDASENSORESPASO?IO_SENSORES
  +--> ?CO?VERPRINT
  +--> ?PR?_DEBUG_TXT_TIBBO?TIBBO
  +--> ?PR?_PANTALLALCD?PANTALLAS
  +--> ?PR?_SEND_PORTERR?PTO_PARALELO
  +--> ?PR?_STRLEN?STRLEN
  +--> ?PR?CLEAR_BUFFER?UART
  +--> ?PR?_TRAMA_PRINT_COD_BARRAS?PTO_PARALELO
  +--> ?PR?_CMD_LPR_SALIDA_PRINT?MONITOR
  +--> ?PR?_NUM_NUM?VERPRINT
  +--> ?PR?_NUM_CHAR?VERPRINT
  +--> ?PR?_STRSTR?STRSTR
  +--> ?PR?_DEBUG_CHR_TIBBO?TIBBO
  +--> ?PR?_STRNCPY?STRNCPY

?PR?VALIDASENSORESPASO?IO_SENSORES               -----    -----      -----    -----      -----    -----
  +--> ?PR?SEL_SENSOR2?IO_SENSORES
  +--> ?PR?VALIDASENSOR?IO_SENSORES
  +--> ?PR?SEL_SENSOR1?IO_SENSORES
  +--> ?PR?SEL_AUTO?IO_SENSORES
  +--> ?CO?IO_SENSORES
  +--> ?PR?_DEBUG_TXT_TIBBO?TIBBO

BL51 BANKED LINKER/LOCATER V6.22.2.0                                                  10/06/2021  15:40:50  PAGE 12


?PR?_PANTALLALCD?PANTALLAS                       -----    -----      -----    -----      001DH    0045H
  +--> ?CO?PANTALLAS
  +--> ?PR?_LCD_TXT?PANTALLAS
  +--> ?PR?_STRLEN?STRLEN
  +--> ?PR?_TX_CHRLCD?PANTALLAS
  +--> ?PR?_SERIE_ASCII_SICEROS_L?NUM_SERIE
  +--> ?PR?_STRCAT?STRCAT
  +--> ?PR?_LCD_TXT_NUM_CHAR?PANTALLAS
  +--> ?PR?_RASPBERRY_DATA?PANTALLAS

?PR?_LCD_TXT?PANTALLAS                           -----    -----      -----    -----      0062H    0005H
  +--> ?PR?_TX_CHRLCD?PANTALLAS

?PR?_TX_CHRLCD?PANTALLAS                         -----    -----      -----    -----      0068H    0002H
  +--> ?PR?_PUTCHAR?MAIN

?PR?_SERIE_ASCII_SICEROS_L?NUM_SERIE             -----    -----      -----    -----      0062H    0003H
  +--> ?PR?LEER_SERIE?NUM_SERIE
  +--> ?CO?NUM_SERIE
  +--> ?PR?PRINTF?PRINTF
  +--> ?PR?_CEROS_IZQ?NUM_SERIE

?PR?LEER_SERIE?NUM_SERIE                         -----    -----      -----    -----      0065H    000EH
  +--> ?PR?_LEERMEMORIA?EEPROM
  +--> ?PR?_ATOL?ATOL

?PR?_ATOL?ATOL                                   0020H.0  0000H.1    -----    -----      0073H    0007H
  +--> ?PR?_ISSPACE?ISSPACE
  +--> ?PR?_ISDIGIT?ISDIGIT

?PR?_CEROS_IZQ?NUM_SERIE                         -----    -----      -----    -----      0065H    0002H

?PR?_LCD_TXT_NUM_CHAR?PANTALLAS                  -----    -----      -----    -----      0062H    0006H
  +--> ?PR?_TX_CHRLCD?PANTALLAS

?PR?_RASPBERRY_DATA?PANTALLAS                    -----    -----      -----    -----      0062H    0006H
  +--> ?PR?_STRLEN?STRLEN
  +--> ?PR?_PUTCHAR?MAIN

?PR?_SEND_PORTERR?PTO_PARALELO                   -----    -----      -----    -----      001DH    0006H
  +--> ?PR?PULSO_BUS?PTO_PARALELO
  +--> ?PR?_DELAY_20US?DELAY

?PR?PULSO_BUS?PTO_PARALELO                       -----    -----      -----    -----      -----    -----
  +--> ?PR?_DELAY_20US?DELAY

?PR?_TRAMA_PRINT_COD_BARRAS?PTO_PARALELO         -----    -----      -----    -----      0014H    0029H
  +--> ?PR?_STRLEN?STRLEN
  +--> ?PR?_STRNCAT?STRNCAT
  +--> ?CO?PTO_PARALELO
  +--> ?PR?_STRCAT?STRCAT
  +--> ?PR?_LEE_CLK?CLOCK
  +--> ?PR?_BCD_HEX?CLOCK
  +--> ?PR?_SEND_PORT?PTO_PARALELO
  +--> ?PR?DEBUG_DIVIDIR_TEXTO?TIBBO
  +--> ?PR?_DEBUGBUFFERMF?TIBBO

BL51 BANKED LINKER/LOCATER V6.22.2.0                                                  10/06/2021  15:40:50  PAGE 13


?PR?_STRNCAT?STRNCAT                             -----    -----      -----    -----      003DH    000AH

?PR?_LEE_CLK?CLOCK                               -----    -----      -----    -----      0042H    0003H
  +--> ?PR?_DELAY_20US?DELAY
  +--> ?PR?_EB_CLK?CLOCK
  +--> ?PR?P_CK?CLOCK

?PR?_EB_CLK?CLOCK                                -----    -----      -----    -----      0045H    0003H
  +--> ?PR?P_CK?CLOCK

?PR?P_CK?CLOCK                                   -----    -----      -----    -----      -----    -----
  +--> ?PR?DELAY?DELAY

?PR?_SEND_PORT?PTO_PARALELO                      -----    -----      -----    -----      003DH    000AH
  +--> ?PR?PULSO_BUS?PTO_PARALELO
  +--> ?PR?_DELAY_20US?DELAY

?PR?_CMD_LPR_SALIDA_PRINT?MONITOR                -----    -----      -----    -----      0014H    0027H
  +--> ?PR?DIR_BOARD?IO_SENSORES
  +--> ?PR?_STRCAT?STRCAT
  +--> ?PR?_STRLEN?STRLEN
  +--> ?PR?_BLOCK_READ_CLOCK_ASCII?CLOCK
  +--> ?PR?_MONITOR_CHR?MONITOR

?PR?DIR_BOARD?IO_SENSORES                        -----    -----      -----    -----      -----    -----
  +--> ?PR?SEL_DIR1?IO_SENSORES
  +--> ?PR?SEL_DIR2?IO_SENSORES

?PR?_BLOCK_READ_CLOCK_ASCII?CLOCK                -----    -----      -----    -----      003FH    0003H
  +--> ?PR?_LEE_CLK?CLOCK

?PR?_MONITOR_CHR?MONITOR                         -----    -----      -----    -----      003FH    0005H
  +--> ?PR?_TX_AUX?TIBBO

?PR?_STRSTR?STRSTR                               -----    -----      -----    -----      0014H    000CH

?PR?_STRNCPY?STRNCPY                             -----    -----      -----    -----      0014H    000AH

?PR?_RECIBE_PORT?PTO_PARALELO                    -----    -----      -----    -----      000EH    0007H
  +--> ?PR?OFF_TIMER0_INTERRUP?MAIN
  +--> ?PR?ON_TIMER0_INTERRUP?MAIN

?PR?_VALIDA_TRAMA_PTO?ACCESCAN                   -----    -----      -----    -----      000EH    000FH
  +--> ?PR?_BLOCK_WRITE_CLOCK_ASCII?CLOCK
  +--> ?PR?RELOJ_PANTALLA_LCD?PANTALLAS
  +--> ?PR?_PANTALLALCD?PANTALLAS
  +--> ?CO?ACCESCAN
  +--> ?PR?_DEBUG_TXT_TIBBO?TIBBO
  +--> ?PR?_SEND_PORTERR?PTO_PARALELO
  +--> ?PR?_BYTEHEX_DECIMAL?CLOCK
  +--> ?PR?_TWO_BYTEHEX_DECIMAL?CLOCK
  +--> ?PR?_PANTALLALCD_LINEA_2?PANTALLAS
  +--> ?PR?VALIDASENSORESPASO?IO_SENSORES
  +--> ?PR?_CMD_LPR_SALIDA_WIEGAND?MONITOR
  +--> ?PR?_GRABA_SERIE_ASCII_HEX?NUM_SERIE
  +--> ?PR?_DEBUGBUFFERMF?TIBBO

BL51 BANKED LINKER/LOCATER V6.22.2.0                                                  10/06/2021  15:40:50  PAGE 14


?PR?_BLOCK_WRITE_CLOCK_ASCII?CLOCK               -----    -----      -----    -----      001DH    0003H
  +--> ?PR?_TWO_ONE?CLOCK
  +--> ?PR?_WR_CLK?CLOCK

?PR?_WR_CLK?CLOCK                                -----    -----      -----    -----      0020H    0002H
  +--> ?PR?_DELAY_20US?DELAY
  +--> ?PR?_EB_CLK?CLOCK

?PR?RELOJ_PANTALLA_LCD?PANTALLAS                 -----    -----      -----    -----      001DH    000DH
  +--> ?CO?PANTALLAS
  +--> ?PR?_BLOCK_READ_CLOCK?CLOCK
  +--> ?PR?_LCD_TXT_NUM_CHAR?PANTALLAS

?PR?_BLOCK_READ_CLOCK?CLOCK                      -----    -----      -----    -----      002AH    0003H
  +--> ?PR?_LEE_CLK?CLOCK

?PR?_BYTEHEX_DECIMAL?CLOCK                       -----    -----      -----    -----      001DH    0001H

?PR?_TWO_BYTEHEX_DECIMAL?CLOCK                   -----    -----      -----    -----      001DH    000CH
  +--> ?PR?_POW?POW

?PR?_POW?POW                                     -----    -----      -----    -----      0029H    000AH
  +--> ?PR?LOG?LOG
  +--> ?PR?EXP?EXP

?PR?LOG?LOG                                      0020H.0  0000H.1    -----    -----      0033H    0004H

?PR?_PANTALLALCD_LINEA_2?PANTALLAS               -----    -----      -----    -----      001DH    000BH
  +--> ?CO?PANTALLAS
  +--> ?PR?_LCD_TXT?PANTALLAS
  +--> ?PR?_STRLEN?STRLEN
  +--> ?PR?_TX_CHRLCD?PANTALLAS

?PR?_CMD_LPR_SALIDA_WIEGAND?MONITOR              -----    -----      -----    -----      001DH    0022H
  +--> ?PR?DIR_BOARD?IO_SENSORES
  +--> ?PR?_BLOCK_READ_CLOCK_ASCII?CLOCK
  +--> ?PR?_MONITOR_CHR?MONITOR

?PR?_GRABA_SERIE_ASCII_HEX?NUM_SERIE             -----    -----      -----    -----      -----    -----
  +--> ?PR?_ESCRIBIRMEMORIA?EEPROM

?PR?MSJ_LCD_INFORMATIVO?IO_SENSORES              -----    -----      -----    -----      000EH    0002H
  +--> ?PR?SEL_FUNCION?IO_SENSORES
  +--> ?PR?LOAD_AND_SEND_INFO_RELOJ?PTO_PARA...
  +--> ?PR?LOAD_AND_SEND_ID_COD?PTO_PARALELO
  +--> ?PR?_RD_EEPROM?EEPROM
  +--> ?PR?_SEND_PORTERR?PTO_PARALELO

?PR?LOAD_AND_SEND_INFO_RELOJ?PTO_PARA...         -----    -----      -----    -----      0010H    000BH
  +--> ?PR?_BLOCK_READ_CLOCK?CLOCK
  +--> ?PR?_LEE_CLK?CLOCK
  +--> ?PR?_SEND_PORT?PTO_PARALELO

?PR?LOAD_AND_SEND_ID_COD?PTO_PARALELO            -----    -----      -----    -----      0010H    0011H
  +--> ?CO?PTO_PARALELO
  +--> ?PR?PRINTF?PRINTF
  +--> ?PR?_SEND_PORT?PTO_PARALELO
BL51 BANKED LINKER/LOCATER V6.22.2.0                                                  10/06/2021  15:40:50  PAGE 15





SYMBOL TABLE OF MODULE:  .\Objects\VRFCDOR_PRINT_100 (MAIN)

  VALUE           TYPE          NAME
  ----------------------------------

  -------         MODULE        MAIN
  C:0000H         SYMBOL        _ICE_DUMMY_
  D:0080H         PUBLIC        P0
  D:0090H         PUBLIC        P1
  C:5DF5H         PUBLIC        timer0_int
  D:00B0H         PUBLIC        P3
  X:013CH         PUBLIC        placa
  B:00A8H.7       PUBLIC        EA
  C:5F82H         PUBLIC        off_Timer0_Interrup
  X:0145H         PUBLIC        ValTimeOutCom
  X:0146H         PUBLIC        Timer_wait
  X:0147H         PUBLIC        g_cContByteRx
  B:0080H.0       PUBLIC        rx_ip
  B:0080H.3       PUBLIC        Atascado
  C:3DA7H         PUBLIC        main
  C:4B36H         PUBLIC        variable_inicio
  B:0090H.7       PUBLIC        lock
  I:0022H         PUBLIC        rbuf
  C:5F74H         PUBLIC        on_Timer0_Interrup
  I:00A2H         PUBLIC        tbuf
  B:0090H.1       PUBLIC        DataIn
  D:0089H         PUBLIC        TMOD
  X:0148H         PUBLIC        USE_LPR
  X:0149H         PUBLIC        Debug_Tibbo
  X:014AH         PUBLIC        Raspberry
  X:014BH         PUBLIC        QR_BARRAS
  X:014CH         PUBLIC        SIN_COBRO
  X:014EH         PUBLIC        Tipo_Vehiculo
  B:00B0H.3       PUBLIC        busy
  C:5EB8H         PUBLIC        ini_timer
  B:00A8H.1       PUBLIC        ET0
  B:0088H.5       PUBLIC        TF0
  X:014FH         PUBLIC        COMPARACION_ACTIVA
  X:0150H         PUBLIC        g_cEstadoImpresion
  D:008CH         PUBLIC        TH0
  X:0151H         PUBLIC        ACK
  X:0152H         PUBLIC        g_cEstadoComSoft
  D:008AH         PUBLIC        TL0
  B:0088H.4       PUBLIC        TR0
  C:5EC8H         PUBLIC        inicia_board
  X:0153H         PUBLIC        T_GRACIA
  X:0155H         PUBLIC        COD_PARK
  B:0080H.7       PUBLIC        sel_com
  X:0157H         PUBLIC        STX_LINTECH
  C:5F15H         PUBLIC        _getkey
  X:0158H         PUBLIC        ETX
  X:0159H         PUBLIC        ID_CLIENTE
  X:015BH         PUBLIC        buffer_ready
  C:59A1H         PUBLIC        _putchar
BL51 BANKED LINKER/LOCATER V6.22.2.0                                                  10/06/2021  15:40:50  PAGE 16


  B:0021H.1       PUBLIC        placa_ready
  -------         PROC          TIMER0_INT
  C:5DF5H         LINE#         13
  C:5DFBH         LINE#         16
  C:5E01H         LINE#         17
  C:5E05H         LINE#         18
  C:5E07H         LINE#         20
  -------         ENDPROC       TIMER0_INT
  -------         PROC          INI_TIMER
  C:5EB8H         LINE#         23
  C:5EB8H         LINE#         24
  C:5EB8H         LINE#         26
  C:5EC0H         LINE#         28
  C:5EC3H         LINE#         29
  C:5EC5H         LINE#         30
  C:5EC7H         LINE#         32
  -------         ENDPROC       INI_TIMER
  -------         PROC          ON_TIMER0_INTERRUP
  C:5F74H         LINE#         35
  C:5F74H         LINE#         36
  C:5F74H         LINE#         37
  C:5F76H         LINE#         38
  C:5F78H         LINE#         40
  -------         ENDPROC       ON_TIMER0_INTERRUP
  -------         PROC          OFF_TIMER0_INTERRUP
  C:5F82H         LINE#         43
  C:5F82H         LINE#         44
  C:5F82H         LINE#         45
  C:5F84H         LINE#         47
  -------         ENDPROC       OFF_TIMER0_INTERRUP
  -------         PROC          _GETKEY
  -------         DO            
  D:0006H         SYMBOL        k
  -------         ENDDO         
  C:5F15H         LINE#         55
  C:5F15H         LINE#         56
  C:5F15H         LINE#         60
  C:5F15H         LINE#         61
  C:5F18H         LINE#         62
  C:5F18H         LINE#         63
  C:5F20H         LINE#         65
  C:5F20H         LINE#         66
  -------         ENDPROC       _GETKEY
  -------         PROC          _PUTCHAR
  X:00B1H         SYMBOL        c
  -------         DO            
  X:00B2H         SYMBOL        i
  -------         ENDDO         
  C:59A1H         LINE#         70
  C:59A6H         LINE#         71
  C:59A6H         LINE#         74
  C:59B5H         LINE#         75
  C:59B5H         LINE#         76
  C:59CBH         LINE#         77
  C:59CBH         LINE#         79
  C:59D9H         LINE#         80
  C:59D9H         LINE#         82
BL51 BANKED LINKER/LOCATER V6.22.2.0                                                  10/06/2021  15:40:50  PAGE 17


  C:59DEH         LINE#         83
  -------         ENDPROC       _PUTCHAR
  -------         PROC          INICIA_BOARD
  C:5EC8H         LINE#         101
  C:5EC8H         LINE#         102
  C:5EC8H         LINE#         103
  C:5ECBH         LINE#         104
  C:5ECEH         LINE#         105
  C:5ED1H         LINE#         106
  C:5ED3H         LINE#         107
  C:5ED5H         LINE#         108
  C:5ED7H         LINE#         110
  -------         ENDPROC       INICIA_BOARD
  -------         PROC          VARIABLE_INICIO
  C:4B36H         LINE#         114
  C:4B36H         LINE#         115
  C:4B36H         LINE#         117
  C:4B46H         LINE#         118
  C:4B57H         LINE#         119
  C:4B68H         LINE#         120
  C:4B79H         LINE#         121
  C:4B87H         LINE#         122
  C:4B95H         LINE#         123
  C:4BA3H         LINE#         124
  C:4BB1H         LINE#         125
  C:4BBFH         LINE#         126
  -------         ENDPROC       VARIABLE_INICIO
  -------         PROC          MAIN
  -------         DO            
  X:0114H         SYMBOL        buffer
  X:0000H         SYMBOL        buffer1
  X:000DH         SYMBOL        Length_trama
  -------         ENDDO         
  C:3DA7H         LINE#         134
  C:3DA7H         LINE#         135
  C:3DA7H         LINE#         142
  C:3DAAH         LINE#         143
  C:3DADH         LINE#         144
  C:3DB0H         LINE#         145
  C:3DB3H         LINE#         146
  C:3DB6H         LINE#         147
  C:3DB8H         LINE#         149
  C:3DBBH         LINE#         151
  C:3DBEH         LINE#         152
  C:3DC3H         LINE#         154
  C:3DC6H         LINE#         155
  C:3DC9H         LINE#         156
  C:3DC9H         LINE#         157
  C:3DCCH         LINE#         158
  C:3DCCH         LINE#         159
  C:3DCFH         LINE#         161
  C:3DD5H         LINE#         163
  C:3DD5H         LINE#         164
  C:3DD5H         LINE#         167
  C:3DD8H         LINE#         168
  C:3DD8H         LINE#         170
  C:3DE6H         LINE#         171
BL51 BANKED LINKER/LOCATER V6.22.2.0                                                  10/06/2021  15:40:50  PAGE 18


  C:3DE9H         LINE#         172
  C:3DF7H         LINE#         173
  C:3E0BH         LINE#         174
  C:3E14H         LINE#         175
  C:3E17H         LINE#         176
  C:3E17H         LINE#         178
  C:3E1AH         LINE#         184
  C:3E1DH         LINE#         185
  C:3E1DH         LINE#         187
  C:3E2BH         LINE#         190
  C:3E34H         LINE#         191
  C:3E48H         LINE#         192
  C:3E51H         LINE#         193
  C:3E5AH         LINE#         194
  C:3E62H         LINE#         195
  C:3E6BH         LINE#         198
  C:3E79H         LINE#         200
  C:3E79H         LINE#         201
  C:3E7CH         LINE#         204
  -------         ENDPROC       MAIN
  -------         ENDMOD        MAIN

  -------         MODULE        CLOCK
  C:0000H         SYMBOL        _ICE_DUMMY_
  C:5895H         PUBLIC        _two_one
  D:0090H         PUBLIC        P1
  C:5BFDH         PUBLIC        _wr_clk
  B:00D0H.7       PUBLIC        CY
  C:0003H         PUBLIC        p_ck
  X:016DH         PUBLIC        data_clk
  C:5F3DH         PUBLIC        cond_ini_clock
  C:40E0H         PUBLIC        _Block_read_Clock
  B:0090H.4       PUBLIC        sck
  C:2A8AH         PUBLIC        _Block_read_clock_ascii
  C:5D86H         PUBLIC        _bcd_hex
  C:539AH         PUBLIC        _ByteHex_Decimal
  C:4905H         PUBLIC        _lee_clk
  B:0090H.5       PUBLIC        io
  C:4A1BH         PUBLIC        _Block_write_clock_ascii
  B:0090H.6       PUBLIC        rst
  C:5923H         PUBLIC        _eb_clk
  C:231DH         PUBLIC        _Two_ByteHex_Decimal
  -------         PROC          P_CK
  C:0003H         LINE#         37
  C:0003H         LINE#         38
  C:0003H         LINE#         39
  C:0005H         LINE#         40
  C:0008H         LINE#         41
  C:000AH         LINE#         42
  -------         ENDPROC       P_CK
  -------         PROC          _EB_CLK
  X:0045H         SYMBOL        dir_clk
  -------         DO            
  X:0046H         SYMBOL        nbits
  -------         ENDDO         
  C:5923H         LINE#         44
  C:5928H         LINE#         46
BL51 BANKED LINKER/LOCATER V6.22.2.0                                                  10/06/2021  15:40:50  PAGE 19


  C:592DH         LINE#         47
  C:592DH         LINE#         48
  C:5936H         LINE#         49
  C:5939H         LINE#         50
  C:5939H         LINE#         51
  C:593BH         LINE#         52
  C:593DH         LINE#         54
  C:593DH         LINE#         55
  C:593FH         LINE#         56
  C:593FH         LINE#         57
  C:5942H         LINE#         58
  C:5961H         LINE#         59
  -------         ENDPROC       _EB_CLK
  -------         PROC          L?0046
  -------         ENDPROC       L?0046
  -------         PROC          _LEE_CLK
  X:0042H         SYMBOL        dir_clk
  -------         DO            
  X:0043H         SYMBOL        nbits
  -------         ENDDO         
  C:4905H         LINE#         61
  C:490AH         LINE#         63
  C:490CH         LINE#         64
  C:4913H         LINE#         65
  C:491BH         LINE#         66
  C:4934H         LINE#         67
  C:4934H         LINE#         68
  C:4937H         LINE#         69
  C:4937H         LINE#         70
  C:493EH         LINE#         71
  C:4948H         LINE#         72
  C:494DH         LINE#         73
  C:494DH         LINE#         74
  C:494DH         LINE#         75
  C:4950H         LINE#         76
  C:4950H         LINE#         77
  C:4957H         LINE#         78
  C:4968H         LINE#         79
  C:4968H         LINE#         80
  C:4970H         LINE#         81
  C:4970H         LINE#         82
  C:4970H         LINE#         83
  C:4973H         LINE#         84
  C:4983H         LINE#         85
  C:4985H         LINE#         86
  C:498AH         LINE#         87
  -------         ENDPROC       _LEE_CLK
  -------         PROC          _WR_CLK
  X:0020H         SYMBOL        dir_clk
  X:0021H         SYMBOL        byte
  C:5BFDH         LINE#         89
  C:5C05H         LINE#         90
  C:5C07H         LINE#         91
  C:5C0EH         LINE#         92
  C:5C16H         LINE#         93
  C:5C1FH         LINE#         94
  C:5C22H         LINE#         95
BL51 BANKED LINKER/LOCATER V6.22.2.0                                                  10/06/2021  15:40:50  PAGE 20


  C:5C24H         LINE#         97
  -------         ENDPROC       _WR_CLK
  C:5861H         SYMBOL        L?0044
  C:587FH         SYMBOL        L?0045
  -------         PROC          L?0043
  -------         ENDPROC       L?0043
  C:5861H         SYMBOL        L?0044
  C:587FH         SYMBOL        L?0045
  -------         PROC          _TWO_ONE
  D:0007H         SYMBOL        byte_h
  D:0005H         SYMBOL        byte_l
  -------         DO            
  D:0007H         SYMBOL        byte_out
  -------         ENDDO         
  C:5895H         LINE#         99
  C:5895H         LINE#         100
  C:5895H         LINE#         102
  C:5898H         LINE#         103
  C:589CH         LINE#         104
  C:589FH         LINE#         105
  C:58A1H         LINE#         106
  C:58A1H         LINE#         107
  -------         ENDPROC       _TWO_ONE
  -------         PROC          _BLOCK_WRITE_CLOCK_ASCII
  X:001DH         SYMBOL        datos_clock
  C:4A1BH         LINE#         112
  C:4A26H         LINE#         114
  C:4A26H         LINE#         118
  C:4A30H         LINE#         119
  C:4A30H         LINE#         120
  C:4A30H         LINE#         121
  C:4A30H         LINE#         123
  C:4A3AH         LINE#         124
  C:4A44H         LINE#         125
  C:4A4EH         LINE#         126
  C:4A4EH         LINE#         127
  C:4A4EH         LINE#         128
  C:4A4EH         LINE#         130
  C:4A58H         LINE#         131
  C:4A58H         LINE#         132
  C:4A58H         LINE#         133
  C:4A58H         LINE#         135
  C:4A62H         LINE#         136
  C:4A62H         LINE#         137
  C:4A62H         LINE#         138
  C:4A62H         LINE#         140
  C:4A6CH         LINE#         141
  C:4A6CH         LINE#         142
  C:4A6CH         LINE#         143
  C:4A6CH         LINE#         145
  C:4A76H         LINE#         146
  C:4A80H         LINE#         147
  C:4A8AH         LINE#         148
  C:4A94H         LINE#         150
  -------         ENDPROC       _BLOCK_WRITE_CLOCK_ASCII
  -------         PROC          _BCD_HEX
  D:0007H         SYMBOL        l_data
BL51 BANKED LINKER/LOCATER V6.22.2.0                                                  10/06/2021  15:40:50  PAGE 21


  -------         DO            
  D:0006H         SYMBOL        temp
  D:0005H         SYMBOL        j
  -------         ENDDO         
  C:5D86H         LINE#         156
  C:5D86H         LINE#         157
  C:5D86H         LINE#         159
  C:5D88H         LINE#         160
  C:5D8CH         LINE#         161
  C:5D8FH         LINE#         162
  C:5D91H         LINE#         163
  C:5D91H         LINE#         164
  C:5D95H         LINE#         165
  C:5D9CH         LINE#         166
  C:5D9CH         LINE#         167
  C:5DA0H         LINE#         168
  C:5DA3H         LINE#         169
  C:5DA3H         LINE#         170
  C:5DA3H         LINE#         171
  -------         ENDPROC       _BCD_HEX
  -------         PROC          _BYTEHEX_DECIMAL
  D:0001H         SYMBOL        buffer
  D:0005H         SYMBOL        valorhex
  -------         DO            
  X:001DH         SYMBOL        numero
  D:0007H         SYMBOL        centena
  D:0006H         SYMBOL        decena
  -------         ENDDO         
  C:539AH         LINE#         207
  C:539AH         LINE#         208
  C:539AH         LINE#         211
  C:539CH         LINE#         212
  C:539DH         LINE#         213
  C:53A2H         LINE#         215
  C:53AFH         LINE#         216
  C:53AFH         LINE#         217
  C:53B3H         LINE#         218
  C:53B4H         LINE#         219
  C:53B6H         LINE#         220
  C:53BCH         LINE#         221
  C:53C3H         LINE#         222
  C:53D0H         LINE#         223
  C:53D0H         LINE#         224
  C:53D4H         LINE#         225
  C:53D5H         LINE#         226
  C:53D7H         LINE#         227
  C:53DDH         LINE#         228
  C:53E4H         LINE#         229
  -------         ENDPROC       _BYTEHEX_DECIMAL
  -------         PROC          _TWO_BYTEHEX_DECIMAL
  X:001DH         SYMBOL        buffer
  X:0020H         SYMBOL        id_h
  X:0021H         SYMBOL        id_l
  -------         DO            
  X:0022H         SYMBOL        valor
  D:0006H         SYMBOL        numero
  X:0024H         SYMBOL        temp
BL51 BANKED LINKER/LOCATER V6.22.2.0                                                  10/06/2021  15:40:50  PAGE 22


  X:0025H         SYMBOL        dmil
  X:0026H         SYMBOL        mil
  X:0027H         SYMBOL        centena
  X:0028H         SYMBOL        decena
  -------         ENDDO         
  C:231DH         LINE#         237
  C:232BH         LINE#         238
  C:232BH         LINE#         242
  C:2332H         LINE#         243
  C:2336H         LINE#         244
  C:2338H         LINE#         245
  C:233AH         LINE#         246
  C:233CH         LINE#         249
  C:2341H         LINE#         250
  C:2344H         LINE#         251
  C:234AH         LINE#         253
  C:23A5H         LINE#         254
  C:23ADH         LINE#         255
  C:23B0H         LINE#         256
  C:240BH         LINE#         258
  C:2413H         LINE#         259
  C:2416H         LINE#         260
  C:241CH         LINE#         261
  C:2477H         LINE#         262
  C:247FH         LINE#         263
  C:2482H         LINE#         264
  C:24DDH         LINE#         265
  C:24DDH         LINE#         267
  C:24E6H         LINE#         268
  C:24E6H         LINE#         269
  C:24EEH         LINE#         270
  C:24F4H         LINE#         271
  C:24F6H         LINE#         272
  C:250CH         LINE#         273
  C:2516H         LINE#         274
  C:251FH         LINE#         275
  C:251FH         LINE#         276
  C:2527H         LINE#         277
  C:252DH         LINE#         278
  C:252FH         LINE#         279
  C:2545H         LINE#         280
  C:254FH         LINE#         281
  C:2558H         LINE#         282
  C:2558H         LINE#         283
  C:2560H         LINE#         284
  C:2566H         LINE#         285
  C:2568H         LINE#         286
  C:257EH         LINE#         287
  C:2588H         LINE#         288
  C:2591H         LINE#         289
  C:2591H         LINE#         290
  C:2599H         LINE#         291
  C:259FH         LINE#         292
  C:25A1H         LINE#         293
  C:25B7H         LINE#         294
  C:25C1H         LINE#         295
  C:25D4H         LINE#         296
BL51 BANKED LINKER/LOCATER V6.22.2.0                                                  10/06/2021  15:40:50  PAGE 23


  C:25DEH         LINE#         297
  -------         ENDPROC       _TWO_BYTEHEX_DECIMAL
  -------         PROC          _BLOCK_READ_CLOCK_ASCII
  X:003FH         SYMBOL        datos_clock
  -------         DO            
  D:0007H         SYMBOL        dato
  -------         ENDDO         
  C:2A8AH         LINE#         303
  C:2A8DH         LINE#         304
  C:2A8DH         LINE#         310
  C:2A90H         LINE#         311
  C:2AA8H         LINE#         312
  C:2AB2H         LINE#         313
  C:2AC7H         LINE#         314
  C:2AD1H         LINE#         317
  C:2AD6H         LINE#         318
  C:2AEEH         LINE#         319
  C:2AF8H         LINE#         320
  C:2B0DH         LINE#         321
  C:2B17H         LINE#         324
  C:2B1CH         LINE#         325
  C:2B34H         LINE#         326
  C:2B3EH         LINE#         327
  C:2B53H         LINE#         328
  C:2B5DH         LINE#         332
  C:2B62H         LINE#         333
  C:2B7AH         LINE#         334
  C:2B84H         LINE#         335
  C:2B99H         LINE#         336
  C:2BA3H         LINE#         339
  C:2BA8H         LINE#         340
  C:2BC0H         LINE#         341
  C:2BCAH         LINE#         342
  C:2BDFH         LINE#         343
  C:2BE9H         LINE#         346
  C:2BEEH         LINE#         347
  C:2C06H         LINE#         348
  C:2C10H         LINE#         349
  C:2C25H         LINE#         350
  C:2C2FH         LINE#         353
  C:2C34H         LINE#         354
  C:2C49H         LINE#         355
  C:2C53H         LINE#         356
  -------         ENDPROC       _BLOCK_READ_CLOCK_ASCII
  -------         PROC          _BLOCK_READ_CLOCK
  X:002AH         SYMBOL        datos_clock
  C:40E0H         LINE#         404
  C:40E3H         LINE#         405
  C:40E3H         LINE#         407
  C:40F5H         LINE#         408
  C:40FFH         LINE#         410
  C:4113H         LINE#         411
  C:411DH         LINE#         413
  C:4131H         LINE#         414
  C:413BH         LINE#         416
  C:414FH         LINE#         417
  C:4159H         LINE#         419
BL51 BANKED LINKER/LOCATER V6.22.2.0                                                  10/06/2021  15:40:50  PAGE 24


  C:416DH         LINE#         420
  C:4177H         LINE#         422
  C:418BH         LINE#         423
  C:4195H         LINE#         424
  -------         ENDPROC       _BLOCK_READ_CLOCK
  -------         PROC          COND_INI_CLOCK
  C:5F3DH         LINE#         427
  C:5F3DH         LINE#         428
  C:5F3DH         LINE#         429
  C:5F3FH         LINE#         430
  C:5F41H         LINE#         431
  C:5F43H         LINE#         432
  -------         ENDPROC       COND_INI_CLOCK
  -------         ENDMOD        CLOCK

  -------         MODULE        DELAY
  C:0000H         SYMBOL        _ICE_DUMMY_
  C:5E4CH         PUBLIC        _Delay_20us
  C:5DC0H         PUBLIC        _Delay_1ms
  C:5F85H         PUBLIC        Delay
  -------         PROC          _DELAY_20US
  D:0006H         SYMBOL        cnt
  -------         DO            
  D:0004H         SYMBOL        i
  -------         ENDDO         
  C:5E4CH         LINE#         20
  C:5E4CH         LINE#         21
  C:5E4CH         LINE#         24
  C:5E56H         LINE#         26
  C:5E5DH         LINE#         27
  -------         ENDPROC       _DELAY_20US
  -------         PROC          _DELAY_1MS
  D:0002H         SYMBOL        cnt
  -------         DO            
  D:0082H         SYMBOL        i
  -------         ENDDO         
  C:5DC0H         LINE#         38
  C:5DC4H         LINE#         39
  C:5DC4H         LINE#         41
  C:5DDAH         LINE#         42
  -------         ENDPROC       _DELAY_1MS
  -------         PROC          DELAY
  C:5F85H         LINE#         60
  C:5F85H         LINE#         62
  -------         ENDPROC       DELAY
  -------         ENDMOD        DELAY

  -------         MODULE        EEPROM
  C:0000H         SYMBOL        _ICE_DUMMY_
  D:0090H         PUBLIC        P1
  C:4BC0H         PUBLIC        _EscribirMemoria
  X:0167H         PUBLIC        l_chr
  C:5D0AH         PUBLIC        ackd
  B:0021H.2       PUBLIC        memory_flag
  B:00D0H.7       PUBLIC        CY
  C:5F6EH         PUBLIC        p_me
  C:5E66H         PUBLIC        start
BL51 BANKED LINKER/LOCATER V6.22.2.0                                                  10/06/2021  15:40:50  PAGE 25


  B:0090H.2       PUBLIC        sda
  C:5D2AH         PUBLIC        ack_lect
  B:0090H.3       PUBLIC        scl
  C:5B0DH         PUBLIC        _rd_eeprom
  C:5F2BH         PUBLIC        stop
  X:0168H         PUBLIC        l_data_eeprom
  C:5962H         PUBLIC        _wr_eeprom
  C:52EBH         PUBLIC        _LeerMemoria
  X:0169H         PUBLIC        byte_rd
  C:5CE5H         PUBLIC        _e_d_m
  C:53EDH         PUBLIC        l_d_m
  -------         PROC          L?0043
  -------         ENDPROC       L?0043
  -------         PROC          ACKD
  -------         DO            
  D:0006H         SYMBOL        i
  -------         ENDDO         
  C:5D0AH         LINE#         32
  C:5D0AH         LINE#         33
  C:5D0AH         LINE#         35
  C:5D0CH         LINE#         36
  C:5D0EH         LINE#         37
  C:5D10H         LINE#         38
  C:5D13H         LINE#         39
  C:5D13H         LINE#         40
  C:5D16H         LINE#         41
  C:5D16H         LINE#         42
  C:5D18H         LINE#         43
  C:5D1AH         LINE#         45
  C:5D1BH         LINE#         46
  C:5D1BH         LINE#         47
  C:5D26H         LINE#         49
  C:5D26H         LINE#         50
  C:5D26H         LINE#         52
  C:5D26H         LINE#         53
  -------         ENDPROC       ACKD
  -------         PROC          L?0045
  -------         ENDPROC       L?0045
  -------         PROC          ACK_LECT
  -------         DO            
  D:0006H         SYMBOL        i
  -------         ENDDO         
  C:5D2AH         LINE#         56
  C:5D2AH         LINE#         57
  C:5D2AH         LINE#         59
  C:5D2CH         LINE#         60
  C:5D2EH         LINE#         61
  C:5D30H         LINE#         62
  C:5D33H         LINE#         63
  C:5D33H         LINE#         64
  C:5D36H         LINE#         65
  C:5D36H         LINE#         66
  C:5D38H         LINE#         67
  C:5D3AH         LINE#         68
  C:5D3BH         LINE#         69
  C:5D3BH         LINE#         70
  C:5D46H         LINE#         71
BL51 BANKED LINKER/LOCATER V6.22.2.0                                                  10/06/2021  15:40:50  PAGE 26


  -------         ENDPROC       ACK_LECT
  -------         PROC          P_ME
  C:5F6EH         LINE#         73
  C:5F6EH         LINE#         74
  C:5F6EH         LINE#         75
  C:5F70H         LINE#         76
  C:5F71H         LINE#         77
  C:5F73H         LINE#         78
  -------         ENDPROC       P_ME
  -------         PROC          _E_D_M
  D:0007H         SYMBOL        a_serial_eeprom
  -------         DO            
  D:0006H         SYMBOL        nbits
  -------         ENDDO         
  C:5CE5H         LINE#         80
  C:5CE5H         LINE#         81
  C:5CE5H         LINE#         83
  C:5CF1H         LINE#         84
  C:5CF1H         LINE#         85
  C:5CF5H         LINE#         86
  C:5CF8H         LINE#         87
  C:5CF8H         LINE#         88
  C:5CFAH         LINE#         89
  C:5CFCH         LINE#         91
  C:5CFCH         LINE#         92
  C:5CFEH         LINE#         93
  C:5CFEH         LINE#         94
  C:5D00H         LINE#         95
  C:5D03H         LINE#         96
  C:5D06H         LINE#         98
  -------         ENDPROC       _E_D_M
  -------         PROC          L?0044
  -------         ENDPROC       L?0044
  -------         PROC          START
  C:5E66H         LINE#         100
  C:5E66H         LINE#         101
  C:5E66H         LINE#         102
  C:5E68H         LINE#         103
  C:5E6AH         LINE#         104
  C:5E6BH         LINE#         105
  C:5E6DH         LINE#         106
  C:5E6FH         LINE#         108
  -------         ENDPROC       START
  -------         PROC          STOP
  C:5F2BH         LINE#         110
  C:5F2BH         LINE#         111
  C:5F2BH         LINE#         112
  C:5F2DH         LINE#         113
  C:5F2FH         LINE#         114
  C:5F31H         LINE#         115
  C:5F33H         LINE#         117
  -------         ENDPROC       STOP
  -------         PROC          L_D_M
  -------         DO            
  D:0003H         SYMBOL        nbits
  -------         ENDDO         
  C:53EDH         LINE#         119
BL51 BANKED LINKER/LOCATER V6.22.2.0                                                  10/06/2021  15:40:50  PAGE 27


  C:53EDH         LINE#         120
  C:53EDH         LINE#         122
  C:53FAH         LINE#         123
  C:53FAH         LINE#         124
  C:53FCH         LINE#         125
  C:53FFH         LINE#         126
  C:53FFH         LINE#         127
  C:5406H         LINE#         128
  C:540FH         LINE#         129
  C:540FH         LINE#         130
  C:5413H         LINE#         131
  C:5415H         LINE#         132
  C:5415H         LINE#         133
  C:5415H         LINE#         134
  C:5418H         LINE#         135
  C:5418H         LINE#         136
  C:541FH         LINE#         137
  C:5429H         LINE#         138
  C:5429H         LINE#         139
  C:542DH         LINE#         140
  C:542FH         LINE#         141
  C:542FH         LINE#         142
  C:542FH         LINE#         143
  C:5432H         LINE#         144
  C:5434H         LINE#         145
  C:5439H         LINE#         146
  -------         ENDPROC       L_D_M
  -------         PROC          _WR_EEPROM
  D:0002H         SYMBOL        control
  D:0004H         SYMBOL        Dir
  D:0003H         SYMBOL        data_eeprom
  -------         DO            
  D:0005H         SYMBOL        dir_h
  D:0001H         SYMBOL        dir_l
  -------         ENDDO         
  C:5962H         LINE#         152
  C:5964H         LINE#         153
  C:5964H         LINE#         155
  C:5968H         LINE#         156
  C:5968H         LINE#         157
  C:5968H         LINE#         160
  C:5968H         LINE#         161
  C:5968H         LINE#         163
  C:596BH         LINE#         164
  C:596DH         LINE#         165
  C:5970H         LINE#         166
  C:5972H         LINE#         167
  C:5975H         LINE#         168
  C:597AH         LINE#         169
  C:597DH         LINE#         170
  C:5982H         LINE#         171
  C:5985H         LINE#         172
  C:5988H         LINE#         173
  C:598FH         LINE#         175
  C:5991H         LINE#         176
  C:5993H         LINE#         177
  C:599AH         LINE#         178
BL51 BANKED LINKER/LOCATER V6.22.2.0                                                  10/06/2021  15:40:50  PAGE 28


  -------         ENDPROC       _WR_EEPROM
  -------         PROC          _RD_EEPROM
  D:0003H         SYMBOL        control
  D:0004H         SYMBOL        Dir
  -------         DO            
  D:0005H         SYMBOL        dir_h
  D:0002H         SYMBOL        dir_l
  -------         ENDDO         
  C:5B0DH         LINE#         228
  C:5B0FH         LINE#         229
  C:5B0FH         LINE#         232
  C:5B13H         LINE#         233
  C:5B13H         LINE#         234
  C:5B13H         LINE#         236
  C:5B13H         LINE#         237
  C:5B13H         LINE#         239
  C:5B16H         LINE#         240
  C:5B18H         LINE#         241
  C:5B1BH         LINE#         242
  C:5B1DH         LINE#         243
  C:5B20H         LINE#         244
  C:5B25H         LINE#         245
  C:5B28H         LINE#         246
  C:5B2BH         LINE#         247
  C:5B31H         LINE#         248
  C:5B34H         LINE#         249
  C:5B36H         LINE#         250
  C:5B39H         LINE#         251
  C:5B3CH         LINE#         252
  C:5B3EH         LINE#         253
  C:5B40H         LINE#         254
  C:5B45H         LINE#         255
  -------         ENDPROC       _RD_EEPROM
  -------         PROC          _LEERMEMORIA
  X:007DH         SYMBOL        addres
  X:007FH         SYMBOL        res
  -------         DO            
  D:0007H         SYMBOL        i
  -------         ENDDO         
  C:52EBH         LINE#         260
  C:52FCH         LINE#         261
  C:52FCH         LINE#         266
  C:52FCH         LINE#         267
  C:5318H         LINE#         268
  C:5327H         LINE#         269
  C:5335H         LINE#         270
  C:533FH         LINE#         271
  C:533FH         LINE#         272
  C:5342H         LINE#         274
  -------         ENDPROC       _LEERMEMORIA
  -------         PROC          _ESCRIBIRMEMORIA
  X:007DH         SYMBOL        control
  X:007EH         SYMBOL        addres
  X:0080H         SYMBOL        res
  C:4BC0H         LINE#         280
  C:4BD4H         LINE#         281
  C:4BD4H         LINE#         283
BL51 BANKED LINKER/LOCATER V6.22.2.0                                                  10/06/2021  15:40:50  PAGE 29


  C:4BE4H         LINE#         284
  C:4BE4H         LINE#         285
  C:4BE7H         LINE#         286
  C:4BE7H         LINE#         288
  C:4BEBH         LINE#         289
  C:4BEBH         LINE#         290
  C:4C06H         LINE#         291
  C:4C14H         LINE#         292
  C:4C1EH         LINE#         293
  C:4C20H         LINE#         294
  C:4C2FH         LINE#         295
  -------         ENDPROC       _ESCRIBIRMEMORIA
  -------         ENDMOD        EEPROM

  -------         MODULE        IO_SENSORES
  C:0000H         SYMBOL        _ICE_DUMMY_
  D:0090H         PUBLIC        P1
  D:00B0H         PUBLIC        P3
  C:5E70H         PUBLIC        Dir_board
  B:0090H.1       PUBLIC        DataIn
  C:5F4BH         PUBLIC        sel_Auto
  C:5147H         PUBLIC        ValidaSensoresPaso
  B:00B0H.3       PUBLIC        busy
  C:5D67H         PUBLIC        ValidaSensor
  C:5F59H         PUBLIC        sel_Sensor1
  C:5F52H         PUBLIC        sel_Sensor2
  B:00B0H.5       PUBLIC        sel_A
  B:00B0H.6       PUBLIC        sel_B
  B:00B0H.7       PUBLIC        sel_C
  C:5061H         PUBLIC        msj_lcd_informativo
  C:5F60H         PUBLIC        sel_Dir1
  C:5F67H         PUBLIC        sel_Dir2
  C:5F44H         PUBLIC        sel_Funcion
  -------         PROC          SEL_FUNCION
  C:5F44H         LINE#         26
  C:5F44H         LINE#         27
  C:5F44H         LINE#         28
  C:5F46H         LINE#         29
  C:5F48H         LINE#         30
  C:5F4AH         LINE#         31
  -------         ENDPROC       SEL_FUNCION
  -------         PROC          SEL_AUTO
  C:5F4BH         LINE#         33
  C:5F4BH         LINE#         34
  C:5F4BH         LINE#         35
  C:5F4DH         LINE#         36
  C:5F4FH         LINE#         37
  C:5F51H         LINE#         38
  -------         ENDPROC       SEL_AUTO
  -------         PROC          SEL_SENSOR2
  C:5F52H         LINE#         49
  C:5F52H         LINE#         50
  C:5F52H         LINE#         51
  C:5F54H         LINE#         52
  C:5F56H         LINE#         53
  C:5F58H         LINE#         54
  -------         ENDPROC       SEL_SENSOR2
BL51 BANKED LINKER/LOCATER V6.22.2.0                                                  10/06/2021  15:40:50  PAGE 30


  -------         PROC          SEL_SENSOR1
  C:5F59H         LINE#         56
  C:5F59H         LINE#         57
  C:5F59H         LINE#         58
  C:5F5BH         LINE#         59
  C:5F5DH         LINE#         60
  C:5F5FH         LINE#         61
  -------         ENDPROC       SEL_SENSOR1
  -------         PROC          SEL_DIR1
  C:5F60H         LINE#         63
  C:5F60H         LINE#         64
  C:5F60H         LINE#         65
  C:5F62H         LINE#         66
  C:5F64H         LINE#         67
  C:5F66H         LINE#         68
  -------         ENDPROC       SEL_DIR1
  -------         PROC          SEL_DIR2
  C:5F67H         LINE#         70
  C:5F67H         LINE#         71
  C:5F67H         LINE#         72
  C:5F69H         LINE#         73
  C:5F6BH         LINE#         74
  C:5F6DH         LINE#         75
  -------         ENDPROC       SEL_DIR2
  -------         PROC          VALIDASENSOR
  -------         DO            
  D:0007H         SYMBOL        Valido
  D:0004H         SYMBOL        Tmin
  -------         ENDDO         
  C:5D67H         LINE#         77
  C:5D67H         LINE#         78
  C:5D67H         LINE#         80
  C:5D69H         LINE#         81
  C:5D6DH         LINE#         82
  C:5D78H         LINE#         83
  C:5D78H         LINE#         84
  C:5D7DH         LINE#         85
  C:5D81H         LINE#         86
  C:5D81H         LINE#         87
  C:5D83H         LINE#         88
  C:5D83H         LINE#         89
  C:5D85H         LINE#         90
  C:5D85H         LINE#         91
  -------         ENDPROC       VALIDASENSOR
  -------         PROC          DIR_BOARD
  -------         DO            
  D:0007H         SYMBOL        Board
  -------         ENDDO         
  C:5E70H         LINE#         95
  C:5E70H         LINE#         96
  C:5E70H         LINE#         97
  C:5E72H         LINE#         99
  C:5E75H         LINE#         100
  C:5E78H         LINE#         101
  C:5E78H         LINE#         102
  C:5E79H         LINE#         103
  C:5E79H         LINE#         104
BL51 BANKED LINKER/LOCATER V6.22.2.0                                                  10/06/2021  15:40:50  PAGE 31


  C:5E7CH         LINE#         105
  C:5E7FH         LINE#         106
  C:5E7FH         LINE#         107
  C:5E81H         LINE#         108
  C:5E81H         LINE#         109
  C:5E81H         LINE#         110
  -------         ENDPROC       DIR_BOARD
  -------         PROC          VALIDASENSORESPASO
  C:5147H         LINE#         115
  C:5147H         LINE#         116
  C:5147H         LINE#         118
  C:514AH         LINE#         119
  C:514DH         LINE#         120
  C:514DH         LINE#         121
  C:515BH         LINE#         122
  C:515BH         LINE#         123
  C:515EH         LINE#         124
  C:5161H         LINE#         125
  C:5164H         LINE#         126
  C:5169H         LINE#         127
  C:5169H         LINE#         128
  C:5170H         LINE#         129
  C:5174H         LINE#         130
  C:5176H         LINE#         132
  C:5176H         LINE#         134
  C:5176H         LINE#         135
  C:517DH         LINE#         136
  C:5182H         LINE#         137
  C:5184H         LINE#         138
  C:5184H         LINE#         141
  C:5184H         LINE#         143
  C:5187H         LINE#         144
  C:518CH         LINE#         145
  C:518CH         LINE#         147
  C:5193H         LINE#         148
  C:5199H         LINE#         149
  C:519CH         LINE#         150
  C:519CH         LINE#         152
  C:519CH         LINE#         153
  C:51A0H         LINE#         154
  C:51A2H         LINE#         155
  C:51A2H         LINE#         158
  C:51A2H         LINE#         159
  C:51A2H         LINE#         161
  C:51A2H         LINE#         162
  C:51A8H         LINE#         163
  C:51AAH         LINE#         164
  C:51AAH         LINE#         165
  C:51AAH         LINE#         166
  C:51AAH         LINE#         167
  C:51B3H         LINE#         168
  C:51B5H         LINE#         169
  C:51B5H         LINE#         171
  -------         ENDPROC       VALIDASENSORESPASO
  -------         PROC          MSJ_LCD_INFORMATIVO
  -------         DO            
  X:000EH         SYMBOL        toggle
BL51 BANKED LINKER/LOCATER V6.22.2.0                                                  10/06/2021  15:40:50  PAGE 32


  X:000FH         SYMBOL        info
  -------         ENDDO         
  C:5061H         LINE#         180
  C:5061H         LINE#         181
  C:5061H         LINE#         185
  C:5064H         LINE#         186
  C:5067H         LINE#         187
  C:5067H         LINE#         188
  C:5071H         LINE#         189
  C:5071H         LINE#         190
  C:5074H         LINE#         191
  C:5074H         LINE#         192
  C:5076H         LINE#         193
  C:5079H         LINE#         194
  C:507FH         LINE#         195
  C:507FH         LINE#         196
  C:5081H         LINE#         197
  C:508DH         LINE#         198
  C:508DH         LINE#         199
  C:5090H         LINE#         200
  C:5090H         LINE#         201
  C:5092H         LINE#         202
  C:5095H         LINE#         203
  C:509BH         LINE#         204
  C:509BH         LINE#         205
  C:509DH         LINE#         206
  C:50A9H         LINE#         207
  C:50A9H         LINE#         208
  C:50ACH         LINE#         209
  C:50ACH         LINE#         210
  C:50AEH         LINE#         211
  C:50BAH         LINE#         212
  C:50BAH         LINE#         213
  C:50BCH         LINE#         214
  C:50C3H         LINE#         216
  C:50C8H         LINE#         217
  C:50C8H         LINE#         219
  C:50C8H         LINE#         221
  C:50C8H         LINE#         223
  C:50CBH         LINE#         224
  C:50CEH         LINE#         225
  C:50CEH         LINE#         226
  C:50D3H         LINE#         227
  C:50D3H         LINE#         229
  -------         ENDPROC       MSJ_LCD_INFORMATIVO
  -------         ENDMOD        IO_SENSORES

  -------         MODULE        MONITOR
  C:0000H         SYMBOL        _ICE_DUMMY_
  D:0080H         PUBLIC        P0
  D:0090H         PUBLIC        P1
  C:58A2H         PUBLIC        _Monitor_chr
  B:0080H.0       PUBLIC        rx_ip
  C:3B01H         PUBLIC        _Cmd_LPR_Salida_print
  B:0090H.7       PUBLIC        lock
  C:4866H         PUBLIC        _recibe_cmd_Monitor
  C:3E7FH         PUBLIC        _Cmd_LPR_Salida_wiegand
BL51 BANKED LINKER/LOCATER V6.22.2.0                                                  10/06/2021  15:40:50  PAGE 33


  C:4699H         PUBLIC        _Valida_Trama_Monitor
  -------         PROC          _RECIBE_CMD_MONITOR
  X:000EH         SYMBOL        buffer
  -------         DO            
  X:0011H         SYMBOL        j
  X:0012H         SYMBOL        NumDatos
  D:0005H         SYMBOL        time_out
  X:0013H         SYMBOL        MaxChrRx
  D:0006H         SYMBOL        contador
  -------         ENDDO         
  C:4866H         LINE#         40
  C:4871H         LINE#         41
  C:4871H         LINE#         45
  C:4876H         LINE#         46
  C:487AH         LINE#         48
  C:4882H         LINE#         49
  C:4882H         LINE#         50
  C:4893H         LINE#         51
  C:4893H         LINE#         52
  C:4896H         LINE#         53
  C:4897H         LINE#         54
  C:489DH         LINE#         55
  C:489DH         LINE#         56
  C:48A2H         LINE#         57
  C:48ABH         LINE#         58
  C:48ABH         LINE#         59
  C:48ADH         LINE#         60
  C:48B5H         LINE#         61
  C:48B5H         LINE#         62
  C:48B7H         LINE#         63
  C:48BCH         LINE#         65
  C:48CEH         LINE#         66
  C:48D8H         LINE#         67
  C:48DEH         LINE#         68
  C:48E6H         LINE#         70
  C:48F5H         LINE#         71
  C:48F5H         LINE#         72
  C:48FAH         LINE#         73
  -------         ENDPROC       _RECIBE_CMD_MONITOR
  -------         PROC          _VALIDA_TRAMA_MONITOR
  X:000EH         SYMBOL        buffer
  D:0005H         SYMBOL        length_trama
  -------         DO            
  D:0007H         SYMBOL        j
  D:0006H         SYMBOL        p
  -------         ENDDO         
  C:4699H         LINE#         79
  C:46A4H         LINE#         80
  C:46A4H         LINE#         81
  C:46A6H         LINE#         82
  C:46A8H         LINE#         83
  C:46A8H         LINE#         84
  C:46C6H         LINE#         85
[...]
  C:5CAEH         LINE#         399
  C:5CBCH         LINE#         400
  -------         ENDPROC       COM_GETCHAR
  -------         PROC          COM_RBUFLEN
  C:5E94H         LINE#         406
  C:5E9BH         LINE#         407
  C:5E9BH         LINE#         408
  C:5EA1H         LINE#         409
  -------         ENDPROC       COM_RBUFLEN
  -------         PROC          COM_TBUFLEN
  C:5EA6H         LINE#         415
  C:5EADH         LINE#         416
  C:5EADH         LINE#         417
  C:5EB3H         LINE#         418
BL51 BANKED LINKER/LOCATER V6.22.2.0                                                  10/06/2021  15:40:50  PAGE 63


  -------         ENDPROC       COM_TBUFLEN
  -------         PROC          CLEAR_BUFFER
  C:5F07H         LINE#         419
  C:5F07H         LINE#         420
  C:5F07H         LINE#         421
  C:5F0AH         LINE#         422
  C:5F0CH         LINE#         424
  C:5F0EH         LINE#         425
  C:5F10H         LINE#         426
  C:5F12H         LINE#         427
  C:5F14H         LINE#         428
  -------         ENDPROC       CLEAR_BUFFER
  -------         ENDMOD        UART

  -------         MODULE        ACCESCAN
  C:0000H         SYMBOL        _ICE_DUMMY_
  D:0080H         PUBLIC        P0
  D:0090H         PUBLIC        P1
  B:0080H.2       PUBLIC        led_err_imp
  B:0080H.3       PUBLIC        Atascado
  B:0090H.7       PUBLIC        lock
  C:1D1BH         PUBLIC        _Valida_Trama_Pto
  -------         PROC          _VALIDA_TRAMA_PTO
  X:000EH         SYMBOL        buffer
  X:0011H         SYMBOL        length_trama
  -------         DO            
  X:0012H         SYMBOL        buff
  -------         ENDDO         
  C:1D1BH         LINE#         69
  C:1D29H         LINE#         70
  C:1D29H         LINE#         73
  C:1D5FH         LINE#         74
  C:1D5FH         LINE#         76
  C:1D6EH         LINE#         78
  C:1D71H         LINE#         80
  C:1D71H         LINE#         82
  C:1D83H         LINE#         83
  C:1D83H         LINE#         84
  C:1D90H         LINE#         85
  C:1D90H         LINE#         86
  C:1D95H         LINE#         87
  C:1D97H         LINE#         88
  C:1D9CH         LINE#         89
  C:1D9EH         LINE#         90
  C:1DA0H         LINE#         92
  C:1DA0H         LINE#         93
  C:1DB4H         LINE#         94
  C:1DB4H         LINE#         95
  C:1DB4H         LINE#         96
  C:1DB4H         LINE#         98
  C:1DB4H         LINE#         99
  C:1DB4H         LINE#         100
  C:1DB6H         LINE#         102
  C:1DC8H         LINE#         103
  C:1DC8H         LINE#         105
  C:1DD8H         LINE#         106
  C:1DD8H         LINE#         107
BL51 BANKED LINKER/LOCATER V6.22.2.0                                                  10/06/2021  15:40:50  PAGE 64


  C:1DDAH         LINE#         108
  C:1DDCH         LINE#         109
  C:1DDEH         LINE#         110
  C:1DE0H         LINE#         112
  C:1DF4H         LINE#         113
  C:1DF4H         LINE#         114
  C:1DF9H         LINE#         115
  C:1E02H         LINE#         117
  C:1E07H         LINE#         118
  C:1E07H         LINE#         119
  C:1E07H         LINE#         121
  C:1E08H         LINE#         123
  C:1E3FH         LINE#         124
  C:1E3FH         LINE#         125
  C:1E41H         LINE#         126
  C:1E43H         LINE#         128
  C:1E7AH         LINE#         129
  C:1E7AH         LINE#         130
  C:1E83H         LINE#         131
  C:1E88H         LINE#         132
  C:1E8AH         LINE#         133
  C:1E90H         LINE#         134
  C:1E95H         LINE#         135
  C:1E95H         LINE#         136
  C:1E95H         LINE#         140
  C:1E98H         LINE#         141
  C:1EB2H         LINE#         142
  C:1EB2H         LINE#         143
  C:1EB7H         LINE#         144
  C:1EB7H         LINE#         146
  C:1EFAH         LINE#         147
  C:1EFAH         LINE#         148
  C:1F02H         LINE#         149
  C:1F02H         LINE#         151
  C:1F17H         LINE#         152
  C:1F1DH         LINE#         153
  C:1F47H         LINE#         155
  C:1F52H         LINE#         159
  C:1F58H         LINE#         161
  C:1F61H         LINE#         162
  C:1F61H         LINE#         165
  C:1F61H         LINE#         167
  C:1F7CH         LINE#         168
  C:1F82H         LINE#         169
  C:1FACH         LINE#         170
  C:1FB7H         LINE#         174
  C:1FB7H         LINE#         175
  C:1FB7H         LINE#         176
  C:1FE4H         LINE#         177
  C:1FE4H         LINE#         178
  C:1FF3H         LINE#         181
  C:1FFCH         LINE#         182
  C:2013H         LINE#         185
  C:2013H         LINE#         186
  C:2025H         LINE#         187
  C:2025H         LINE#         188
  C:202BH         LINE#         189
BL51 BANKED LINKER/LOCATER V6.22.2.0                                                  10/06/2021  15:40:50  PAGE 65


  C:2031H         LINE#         191
  C:2031H         LINE#         193
  -------         ENDPROC       _VALIDA_TRAMA_PTO
  -------         ENDMOD        ACCESCAN

  -------         MODULE        VERPRINT
  C:0000H         SYMBOL        _ICE_DUMMY_
  C:2032H         PUBLIC        Lee_ticket
  D:0090H         PUBLIC        P1
  C:5CC1H         PUBLIC        _num_num
  B:00A8H.4       PUBLIC        ES
  B:0090H.7       PUBLIC        lock
  C:5E39H         PUBLIC        _num_char
  -------         PROC          _NUM_NUM
  D:0001H         SYMBOL        p
  -------         DO            
  D:0007H         SYMBOL        contador
  -------         ENDDO         
  C:5CC1H         LINE#         64
  C:5CC1H         LINE#         65
  C:5CC1H         LINE#         66
  C:5CC3H         LINE#         67
  C:5CDAH         LINE#         68
  C:5CDAH         LINE#         70
  C:5CE1H         LINE#         71
  C:5CE2H         LINE#         72
  C:5CE4H         LINE#         73
  C:5CE4H         LINE#         74
  -------         ENDPROC       _NUM_NUM
  -------         PROC          _NUM_CHAR
  D:0001H         SYMBOL        p
  D:0005H         SYMBOL        chr
  -------         DO            
  D:0007H         SYMBOL        contador
  -------         ENDDO         
  C:5E39H         LINE#         78
  C:5E39H         LINE#         79
  C:5E39H         LINE#         80
  C:5E3BH         LINE#         81
  C:5E41H         LINE#         82
  C:5E41H         LINE#         84
  C:5E48H         LINE#         85
  C:5E49H         LINE#         86
  C:5E4BH         LINE#         87
  C:5E4BH         LINE#         88
  -------         ENDPROC       _NUM_CHAR
  -------         PROC          LEE_TICKET
  -------         DO            
  X:015CH         SYMBOL        paso_una_vez
  X:015DH         SYMBOL        Ticket
  X:000EH         SYMBOL        temp
  X:000FH         SYMBOL        temp2
  X:0010H         SYMBOL        vehiculo
  X:0011H         SYMBOL        tipo_vehiculo
  -------         ENDDO         
  C:2032H         LINE#         95
  C:2032H         LINE#         96
BL51 BANKED LINKER/LOCATER V6.22.2.0                                                  10/06/2021  15:40:50  PAGE 66


  C:2032H         LINE#         101
  C:2058H         LINE#         102
  C:2058H         LINE#         103
  C:2058H         LINE#         106
  C:2063H         LINE#         107
  C:2063H         LINE#         108
  C:2065H         LINE#         110
  C:206BH         LINE#         111
  C:206BH         LINE#         112
  C:2074H         LINE#         113
  C:2079H         LINE#         114
  C:207FH         LINE#         115
  C:207FH         LINE#         116
  C:2084H         LINE#         117
  C:208AH         LINE#         118
  C:208AH         LINE#         119
  C:208AH         LINE#         120
  C:208AH         LINE#         124
  C:208DH         LINE#         126
  C:208DH         LINE#         127
  C:2096H         LINE#         128
  C:209BH         LINE#         129
  C:209BH         LINE#         130
  C:209BH         LINE#         132
  C:209BH         LINE#         133
  C:209BH         LINE#         134
  C:209EH         LINE#         139
  C:209EH         LINE#         140
  C:20AFH         LINE#         141
  C:20AFH         LINE#         142
  C:20B7H         LINE#         143
  C:20B7H         LINE#         145
  C:20C0H         LINE#         146
  C:20C9H         LINE#         147
  C:20D2H         LINE#         149
  C:20D8H         LINE#         152
  C:20D9H         LINE#         153
  C:20E1H         LINE#         154
  C:20E1H         LINE#         156
  C:20EFH         LINE#         157
  C:20FDH         LINE#         158
  C:210AH         LINE#         159
  C:2114H         LINE#         160
  C:2114H         LINE#         161
  C:2117H         LINE#         162
  C:211CH         LINE#         163
  C:211CH         LINE#         164
  C:211CH         LINE#         165
  C:211FH         LINE#         166
  C:211FH         LINE#         167
  C:2128H         LINE#         168
  C:2131H         LINE#         169
  C:213AH         LINE#         174
  C:2140H         LINE#         175
  C:2141H         LINE#         177
  C:2141H         LINE#         179
  C:2144H         LINE#         180
BL51 BANKED LINKER/LOCATER V6.22.2.0                                                  10/06/2021  15:40:50  PAGE 67


  C:2149H         LINE#         181
  C:214DH         LINE#         182
  C:2156H         LINE#         183
  C:215CH         LINE#         184
  C:215CH         LINE#         185
  C:215CH         LINE#         189
  C:215CH         LINE#         190
  C:215FH         LINE#         191
  C:215FH         LINE#         194
  C:2168H         LINE#         195
  C:216DH         LINE#         196
  C:2173H         LINE#         197
  C:217DH         LINE#         199
  C:2183H         LINE#         200
  C:2183H         LINE#         201
  C:2191H         LINE#         202
  C:2191H         LINE#         203
  C:2191H         LINE#         204
  C:2191H         LINE#         207
  C:2194H         LINE#         209
  C:2194H         LINE#         211
  C:2196H         LINE#         212
  C:219FH         LINE#         214
  C:21A4H         LINE#         216
  C:21B1H         LINE#         217
  C:21C0H         LINE#         218
  C:21E6H         LINE#         219
  C:21E6H         LINE#         220
  C:21E9H         LINE#         221
  C:21EBH         LINE#         223
  C:21EBH         LINE#         224
  C:21EEH         LINE#         225
  C:21EEH         LINE#         226
  C:21F7H         LINE#         227
  C:21FFH         LINE#         228
  C:2208H         LINE#         230
  C:2211H         LINE#         231
  C:2219H         LINE#         232
  C:2222H         LINE#         233
  C:222AH         LINE#         234
  C:2233H         LINE#         236
  C:2238H         LINE#         237
  C:2241H         LINE#         238
  C:2241H         LINE#         239
  C:2267H         LINE#         240
  C:2276H         LINE#         242
  C:227FH         LINE#         243
  C:2288H         LINE#         247
  C:2296H         LINE#         250
  C:229CH         LINE#         251
  C:229CH         LINE#         252
  C:22AAH         LINE#         253
  C:22AAH         LINE#         254
  C:22AAH         LINE#         255
  C:22AAH         LINE#         256
  C:22ACH         LINE#         257
  C:22ACH         LINE#         259
BL51 BANKED LINKER/LOCATER V6.22.2.0                                                  10/06/2021  15:40:50  PAGE 68


  C:22ACH         LINE#         260
  C:22AEH         LINE#         261
  C:22B1H         LINE#         262
  C:22B6H         LINE#         264
  C:22BCH         LINE#         265
  C:22C2H         LINE#         267
  C:22C2H         LINE#         268
  C:22C3H         LINE#         269
  C:22C3H         LINE#         270
  C:22CBH         LINE#         271
  C:22CBH         LINE#         272
  C:22CDH         LINE#         273
  C:22D6H         LINE#         274
  C:22DBH         LINE#         275
  C:22E1H         LINE#         276
  C:22E4H         LINE#         277
  C:22E9H         LINE#         278
  C:22E9H         LINE#         279
  C:22E9H         LINE#         280
  C:22EBH         LINE#         281
  C:22EBH         LINE#         282
  C:22F0H         LINE#         283
  C:22F1H         LINE#         285
  C:22F1H         LINE#         286
  C:22F9H         LINE#         287
  C:22F9H         LINE#         288
  C:2302H         LINE#         290
  C:2310H         LINE#         291
  C:2316H         LINE#         292
  C:231CH         LINE#         293
  C:231CH         LINE#         294
  C:231CH         LINE#         295
  C:231CH         LINE#         296
  -------         ENDPROC       LEE_TICKET
  -------         ENDMOD        VERPRINT

  -------         MODULE        ?C?FPADD
  C:0D61H         PUBLIC        ?C?FPADD
  C:0D5DH         PUBLIC        ?C?FPSUB
  -------         ENDMOD        ?C?FPADD

  -------         MODULE        ?C?FPMUL
  C:0E52H         PUBLIC        ?C?FPMUL
  -------         ENDMOD        ?C?FPMUL

  -------         MODULE        ?C?FCAST
  C:0F62H         PUBLIC        ?C?FCASTC
  C:0F5DH         PUBLIC        ?C?FCASTI
  C:0F58H         PUBLIC        ?C?FCASTL
  -------         ENDMOD        ?C?FCAST

  -------         MODULE        ?C?CASTF
  C:0F96H         PUBLIC        ?C?CASTF
  -------         ENDMOD        ?C?CASTF

  -------         MODULE        PRINTF
  X:0081H         PUBLIC        ?_PRINTF?BYTE
BL51 BANKED LINKER/LOCATER V6.22.2.0                                                  10/06/2021  15:40:50  PAGE 69


  X:0081H         PUBLIC        ?_SPRINTF?BYTE
  C:1903H         PUBLIC        _PRINTF
  C:18FDH         PUBLIC        _SPRINTF
  -------         ENDMOD        PRINTF

  -------         MODULE        POW
  X:0029H         PUBLIC        ?_pow?BYTE
  C:2C62H         PUBLIC        _pow
  -------         ENDMOD        POW

  -------         MODULE        ?C?CHKFLOAT
  C:1017H         PUBLIC        ?C?CHKFLOAT
  -------         ENDMOD        ?C?CHKFLOAT

  -------         MODULE        ?C?FPCMP
  C:1033H         PUBLIC        ?C?FPCMP
  C:1031H         PUBLIC        ?C?FPCMP3
  -------         ENDMOD        ?C?FPCMP

  -------         MODULE        ?C?FPNEG
  C:10AAH         PUBLIC        ?C?FPNEG
  -------         ENDMOD        ?C?FPNEG

  -------         MODULE        ?C?FPROUND
  C:10BBH         PUBLIC        ?C?FPROUND
  -------         ENDMOD        ?C?FPROUND

  -------         MODULE        ?C?FPCONVERT
  C:10F8H         PUBLIC        ?C?FPCONVERT
  -------         ENDMOD        ?C?FPCONVERT

  -------         MODULE        EXP
  C:476CH         PUBLIC        _EXP
  -------         ENDMOD        EXP

  -------         MODULE        LOG
  C:3304H         PUBLIC        _LOG
  C:3300H         PUBLIC        _LOG10
  -------         ENDMOD        LOG

  -------         MODULE        ?C?FPDIV
  C:1200H         PUBLIC        ?C?FPDIV
  -------         ENDMOD        ?C?FPDIV

  -------         MODULE        ?C?FTNPWR
  C:12CDH         PUBLIC        ?C?FTNPWR
  -------         ENDMOD        ?C?FTNPWR

  -------         MODULE        ?C?COPY
  C:142AH         PUBLIC        ?C?COPY
  -------         ENDMOD        ?C?COPY

  -------         MODULE        ?C?CLDPTR
  C:1450H         PUBLIC        ?C?CLDPTR
  -------         ENDMOD        ?C?CLDPTR

  -------         MODULE        ?C?CLDOPTR
BL51 BANKED LINKER/LOCATER V6.22.2.0                                                  10/06/2021  15:40:50  PAGE 70


  C:1469H         PUBLIC        ?C?CLDOPTR
  -------         ENDMOD        ?C?CLDOPTR

  -------         MODULE        ?C?CSTPTR
  C:1496H         PUBLIC        ?C?CSTPTR
  -------         ENDMOD        ?C?CSTPTR

  -------         MODULE        ?C?CSTOPTR
  C:14A8H         PUBLIC        ?C?CSTOPTR
  -------         ENDMOD        ?C?CSTOPTR

  -------         MODULE        ?C?IILDX
  C:14CAH         PUBLIC        ?C?IILDX
  -------         ENDMOD        ?C?IILDX

  -------         MODULE        ?C?LNEG
  C:14E0H         PUBLIC        ?C?LNEG
  -------         ENDMOD        ?C?LNEG

  -------         MODULE        ?C?LLDCODE
  C:14EEH         PUBLIC        ?C?LLDCODE
  -------         ENDMOD        ?C?LLDCODE

  -------         MODULE        ?C?LLDXDATA0
  C:14FEH         PUBLIC        ?C?LLDXDATA0
  -------         ENDMOD        ?C?LLDXDATA0

  -------         MODULE        ?C?LLDCODE0
  C:150AH         PUBLIC        ?C?LLDCODE0
  -------         ENDMOD        ?C?LLDCODE0

  -------         MODULE        ?C?LSTXDATA
  C:151AH         PUBLIC        ?C?LSTXDATA
  -------         ENDMOD        ?C?LSTXDATA

  -------         MODULE        ?C?LSTKXDATA
  C:1526H         PUBLIC        ?C?LSTKXDATA
  -------         ENDMOD        ?C?LSTKXDATA

  -------         MODULE        ?C?PLDIXDATA
  C:1557H         PUBLIC        ?C?PLDIXDATA
  -------         ENDMOD        ?C?PLDIXDATA

  -------         MODULE        ?C?PSTXDATA
  C:156EH         PUBLIC        ?C?PSTXDATA
  -------         ENDMOD        ?C?PSTXDATA

  -------         MODULE        ?C?CCASE
  C:1577H         PUBLIC        ?C?CCASE
  -------         ENDMOD        ?C?CCASE

  -------         MODULE        STRCAT
  X:0062H         PUBLIC        ?_strcat?BYTE
  C:51B6H         PUBLIC        _strcat
  -------         ENDMOD        STRCAT

  -------         MODULE        STRNCAT
BL51 BANKED LINKER/LOCATER V6.22.2.0                                                  10/06/2021  15:40:50  PAGE 71


  X:003DH         PUBLIC        ?_strncat?BYTE
  C:401BH         PUBLIC        _strncat
  -------         ENDMOD        STRNCAT

  -------         MODULE        ?C?STRCMP
  C:171BH         PUBLIC        ?C?STRCMP
  -------         ENDMOD        ?C?STRCMP

  -------         MODULE        ?C?STRCPY
  C:1804H         PUBLIC        ?C?STRCPY
  -------         ENDMOD        ?C?STRCPY

  -------         MODULE        STRNCPY
  X:0014H         PUBLIC        ?_strncpy?BYTE
  C:5221H         PUBLIC        _strncpy
  -------         ENDMOD        STRNCPY

  -------         MODULE        STRLEN
  C:000EH         PUBLIC        _STRLEN
  -------         ENDMOD        STRLEN

  -------         MODULE        STRSTR
  X:0014H         PUBLIC        ?_strstr?BYTE
  C:41A4H         PUBLIC        _strstr
  -------         ENDMOD        STRSTR

  -------         MODULE        STRTOK
  X:004AH         PUBLIC        ?_strtok?BYTE
  C:3BE8H         PUBLIC        _strtok
  -------         ENDMOD        STRTOK

  -------         MODULE        ATOL
  C:3509H         PUBLIC        _atol
  -------         ENDMOD        ATOL

  -------         MODULE        ATOI
  C:3CCCH         PUBLIC        _atoi
  -------         ENDMOD        ATOI

  -------         MODULE        ?C?IMUL
  C:1821H         PUBLIC        ?C?IMUL
  -------         ENDMOD        ?C?IMUL

  -------         MODULE        ?C?ILDIX
  C:1833H         PUBLIC        ?C?ILDIX
  -------         ENDMOD        ?C?ILDIX

  -------         MODULE        ?C?LMUL
  C:1849H         PUBLIC        ?C?LMUL
  -------         ENDMOD        ?C?LMUL

  -------         MODULE        ISDIGIT
  C:5EF8H         PUBLIC        _isdigit
  -------         ENDMOD        ISDIGIT

  -------         MODULE        ISSPACE
  C:5E25H         PUBLIC        _isspace
BL51 BANKED LINKER/LOCATER V6.22.2.0                                                  10/06/2021  15:40:50  PAGE 72


  -------         ENDMOD        ISSPACE

  -------         MODULE        STRSPN
  X:0050H         PUBLIC        ?_strspn?BYTE
  C:4DDFH         PUBLIC        _strspn
  -------         ENDMOD        STRSPN

  -------         MODULE        STRPBRK
  X:0050H         PUBLIC        ?_strpbrk?BYTE
  C:4EE6H         PUBLIC        _strpbrk
  -------         ENDMOD        STRPBRK

Program Size: data=158.4 xdata=366 code=24454
LINK/LOCATE RUN COMPLETE.  0 WARNING(S),  0 ERROR(S)
