BL51 BANKED LINKER/LOCATER V6.22.2.0                                                    11/12/2021  11:06:40  PAGE 1


BL51 BANKED LINKER/LOCATER V6.22.2.0, INVOKED BY:
C:\KEIL_V5\C51\BIN\BL51.EXE .\Objects\main.obj, .\Objects\Clock.obj, .\Objects\delay.obj, .\Objects\eeprom.obj, .\Object
>> s\io_sensores.obj, .\Objects\monitor.obj, .\Objects\num_serie.obj, .\Objects\pantallas.obj, .\Objects\prog.obj, .\Obj
>> ects\pto_paralelo.obj, .\Objects\tibbo.obj, .\Objects\uart.obj, .\Objects\Accescan.obj, .\Objects\verprint.obj TO .\O
>> bjects\VRFCDOR_PRINT_100 PRINT (.\Listings\VRFCDOR_PRINT_100.m51) RAMSIZE (256)


MEMORY MODEL: LARGE WITH FLOATING POINT ARITHMETIC


INPUT MODULES INCLUDED:
  .\Objects\main.obj (MAIN)
  .\Objects\Clock.obj (CLOCK)
  .\Objects\delay.obj (DELAY)
  .\Objects\eeprom.obj (EEPROM)
  .\Objects\io_sensores.obj (IO_SENSORES)
  .\Objects\monitor.obj (MONITOR)
  .\Objects\num_serie.obj (NUM_SERIE)
  .\Objects\pantallas.obj (PANTALLAS)
  .\Objects\prog.obj (PROG)
  .\Objects\pto_paralelo.obj (PTO_PARALELO)
  .\Objects\tibbo.obj (TIBBO)
  .\Objects\uart.obj (UART)
  .\Objects\Accescan.obj (ACCESCAN)
  .\Objects\verprint.obj (VERPRINT)
  C:\KEIL_V5\C51\LIB\C51FPL.LIB (?C?FPADD)
  C:\KEIL_V5\C51\LIB\C51FPL.LIB (?C?FPMUL)
  C:\KEIL_V5\C51\LIB\C51FPL.LIB (?C?FCAST)
  C:\KEIL_V5\C51\LIB\C51FPL.LIB (?C?CASTF)
  C:\KEIL_V5\C51\LIB\C51FPL.LIB (PRINTF)
  C:\KEIL_V5\C51\LIB\C51FPL.LIB (POW)
  C:\KEIL_V5\C51\LIB\C51FPL.LIB (?C?FPGETOPN)
  C:\KEIL_V5\C51\LIB\C51FPL.LIB (?C?CHKFLOAT)
  C:\KEIL_V5\C51\LIB\C51FPL.LIB (?C?FPCMP)
  C:\KEIL_V5\C51\LIB\C51FPL.LIB (?C?FPNEG)
  C:\KEIL_V5\C51\LIB\C51FPL.LIB (?C?FPROUND)
  C:\KEIL_V5\C51\LIB\C51FPL.LIB (?C?FPCONVERT)
  C:\KEIL_V5\C51\LIB\C51FPL.LIB (EXP)
  C:\KEIL_V5\C51\LIB\C51FPL.LIB (LOG)
  C:\KEIL_V5\C51\LIB\C51FPL.LIB (?C?FPDIV)
  C:\KEIL_V5\C51\LIB\C51FPL.LIB (?C?FTNPWR)
  C:\KEIL_V5\C51\LIB\C51FPL.LIB (?C?FPSERIES)
  C:\KEIL_V5\C51\LIB\C51L.LIB (?C_STARTUP)
  C:\KEIL_V5\C51\LIB\C51L.LIB (?C?COPY)
  C:\KEIL_V5\C51\LIB\C51L.LIB (?C?CLDPTR)
  C:\KEIL_V5\C51\LIB\C51L.LIB (?C?CLDOPTR)
  C:\KEIL_V5\C51\LIB\C51L.LIB (?C?CSTPTR)
  C:\KEIL_V5\C51\LIB\C51L.LIB (?C?CSTOPTR)
  C:\KEIL_V5\C51\LIB\C51L.LIB (?C?IMUL)
  C:\KEIL_V5\C51\LIB\C51L.LIB (?C?IILDX)
  C:\KEIL_V5\C51\LIB\C51L.LIB (?C?LNEG)
  C:\KEIL_V5\C51\LIB\C51L.LIB (?C?ULCMP)
  C:\KEIL_V5\C51\LIB\C51L.LIB (?C?ULSHR)
  C:\KEIL_V5\C51\LIB\C51L.LIB (?C?LLDCODE)
  C:\KEIL_V5\C51\LIB\C51L.LIB (?C?LLDXDATA0)
  C:\KEIL_V5\C51\LIB\C51L.LIB (?C?LLDCODE0)
  C:\KEIL_V5\C51\LIB\C51L.LIB (?C?LSTXDATA)
  C:\KEIL_V5\C51\LIB\C51L.LIB (?C?LSTKXDATA)
BL51 BANKED LINKER/LOCATER V6.22.2.0                                                  11/12/2021  11:06:40  PAGE 2


  C:\KEIL_V5\C51\LIB\C51L.LIB (?C?PLDIXDATA)
  C:\KEIL_V5\C51\LIB\C51L.LIB (?C?PSTXDATA)
  C:\KEIL_V5\C51\LIB\C51L.LIB (?C?CCASE)
  C:\KEIL_V5\C51\LIB\C51L.LIB (STRCAT)
  C:\KEIL_V5\C51\LIB\C51L.LIB (STRNCAT)
  C:\KEIL_V5\C51\LIB\C51L.LIB (?C?STRCMP)
  C:\KEIL_V5\C51\LIB\C51L.LIB (?C?STRCPY)
  C:\KEIL_V5\C51\LIB\C51L.LIB (STRNCPY)
  C:\KEIL_V5\C51\LIB\C51L.LIB (STRLEN)
  C:\KEIL_V5\C51\LIB\C51L.LIB (STRSTR)
  C:\KEIL_V5\C51\LIB\C51L.LIB (STRTOK)
  C:\KEIL_V5\C51\LIB\C51L.LIB (ATOI)
  C:\KEIL_V5\C51\LIB\C51L.LIB (?C_INIT)
  C:\KEIL_V5\C51\LIB\C51L.LIB (?C?ILDIX)
  C:\KEIL_V5\C51\LIB\C51L.LIB (ISDIGIT)
  C:\KEIL_V5\C51\LIB\C51L.LIB (ISSPACE)
  C:\KEIL_V5\C51\LIB\C51L.LIB (STRSPN)
  C:\KEIL_V5\C51\LIB\C51L.LIB (STRPBRK)


LINK MAP OF MODULE:  .\Objects\VRFCDOR_PRINT_100 (MAIN)


            TYPE    BASE      LENGTH    RELOCATION   SEGMENT NAME
            -----------------------------------------------------

            * * * * * * *   D A T A   M E M O R Y   * * * * * * *
            REG     0000H     0008H     ABSOLUTE     "REG BANK 0"
            DATA    0008H     0005H     UNIT         ?DT?UART
            DATA    000DH     0005H     UNIT         _DATA_GROUP_
                    0012H     000EH                  *** GAP ***
            BIT     0020H.0   0001H.1   UNIT         _BIT_GROUP_
            BIT     0021H.1   0000H.1   UNIT         ?BI?MAIN
            BIT     0021H.2   0000H.1   UNIT         ?BI?EEPROM
            BIT     0021H.3   0000H.1   UNIT         ?BI?UART
                    0021H.4   0000H.4                *** GAP ***
            IDATA   0022H     008AH     UNIT         ?ID?MAIN
            IDATA   00ACH     0001H     UNIT         ?STACK

            * * * * * * *  X D A T A   M E M O R Y  * * * * * * *
            XDATA   0000H     00B5H     UNIT         _XDATA_GROUP_
            XDATA   00B5H     005FH     UNIT         ?XD?PROG
            XDATA   0114H     0048H     UNIT         ?XD?MAIN
            XDATA   015CH     0018H     UNIT         ?XD?VERPRINT
            XDATA   0174H     0003H     UNIT         ?XD?EEPROM
            XDATA   0177H     0003H     UNIT         ?XD?STRTOK
            XDATA   017AH     0001H     UNIT         ?XD?CLOCK

            * * * * * * *   C O D E   M E M O R Y   * * * * * * *
            CODE    0000H     0003H     ABSOLUTE     
            CODE    0003H     0008H     UNIT         ?PR?P_CK?CLOCK
            CODE    000BH     0003H     ABSOLUTE     
            CODE    000EH     0015H     UNIT         ?PR?_STRLEN?STRLEN
            CODE    0023H     0003H     ABSOLUTE     
            CODE    0026H     0D34H     UNIT         ?CO?PROG
            CODE    0D5AH     0B13H     UNIT         ?C?LIB_CODE
            CODE    186DH     0483H     UNIT         ?PR?PRINTF?PRINTF
BL51 BANKED LINKER/LOCATER V6.22.2.0                                                  11/12/2021  11:06:40  PAGE 3


            CODE    1CF0H     046BH     UNIT         ?PR?LEE_TICKET?VERPRINT
            CODE    215BH     03A5H     UNIT         ?PR?_VALIDA_TRAMA_PTO?ACCESCAN
            CODE    2500H     02D0H     UNIT         ?PR?_TWO_BYTEHEX_DECIMAL?CLOCK
            CODE    27D0H     027EH     UNIT         ?CO?VERPRINT
            CODE    2A4EH     023AH     UNIT         ?PR?MENU?PROG
            CODE    2C88H     01D8H     UNIT         ?PR?_BLOCK_READ_CLOCK_ASCII?CLOCK
            CODE    2E60H     0166H     UNIT         ?PR?_POW?POW
            CODE    2FC6H     0148H     UNIT         ?PR?_TRAMA_PRINT_COD_BARRAS?PTO_PARALELO
            CODE    310EH     013EH     UNIT         ?PR?PROG_SIN_COBRO?PROG
            CODE    324CH     012EH     UNIT         ?PR?_PANTALLALCD_LINEA_2?PANTALLAS
            CODE    337AH     0129H     UNIT         ?PR?LOG?LOG
            CODE    34A3H     0112H     UNIT         ?CO?PANTALLAS
            CODE    35B5H     0110H     UNIT         ?PR?LOAD_AND_SEND_ID_COD?PTO_PARALELO
            CODE    36C5H     010EH     UNIT         ?PR?_BLOQUE_HORARIO?VERPRINT
            CODE    37D3H     0109H     UNIT         ?PR?_CHECK_FECHAOUT_2?VERPRINT
            CODE    38DCH     00FCH     UNIT         ?PR?PROG_DEBUG?PROG
            CODE    39D8H     00FCH     UNIT         ?PR?PROG_USE_LPR?PROG
            CODE    3AD4H     00FCH     UNIT         ?PR?TIPO_PANTALLA?PROG
            CODE    3BD0H     00FCH     UNIT         ?PR?PROG_COMPARACION_ACTIVA?PROG
            CODE    3CCCH     00FCH     UNIT         ?PR?PROG_QR_BARRAS?PROG
            CODE    3DC8H     00E9H     UNIT         ?PR?_SET_ALMACENA_TICKET_EEPROM?VERPRINT
            CODE    3EB1H     00E7H     UNIT         ?PR?_CMD_LPR_SALIDA_PRINT?MONITOR
            CODE    3F98H     00E4H     UNIT         ?PR?_STRTOK?STRTOK
            CODE    407CH     00DBH     UNIT         ?PR?_ATOI?ATOI
            CODE    4157H     00D6H     UNIT         ?PR?_CMD_LPR_SALIDA_WIEGAND?MONITOR
            CODE    422DH     00D5H     UNIT         ?PR?_GET_ALMACENA_TICKET_EEPROM?VERPRINT
            CODE    4302H     00C6H     UNIT         ?PR?SHOW?PROG
            CODE    43C8H     00C5H     UNIT         ?PR?_STRNCAT?STRNCAT
            CODE    448DH     00C4H     UNIT         ?PR?_BLOCK_READ_CLOCK?CLOCK
            CODE    4551H     00BFH     UNIT         ?PR?_STRSTR?STRSTR
            CODE    4610H     00BDH     UNIT         ?PR?PROG_COD_PARK?PROG
            CODE    46CDH     00BDH     UNIT         ?PR?PROG_TIEMPO_GRACIA?PROG
            CODE    478AH     00BCH     UNIT         ?PR?MAIN?MAIN
            CODE    4846H     00B7H     UNIT         ?C_INITSEG
            CODE    48FDH     00B6H     UNIT         ?PR?PROG_ID_CLIENTE?PROG
            CODE    49B3H     00B4H     UNIT         ?PR?_SEND_PORT?PTO_PARALELO
            CODE    4A67H     00A6H     UNIT         ?PR?_BLOCK_READ_CLOCK_HEX?CLOCK
            CODE    4B0DH     00A2H     UNIT         ?PR?_PANTALLALCD?PANTALLAS
            CODE    4BAFH     00A0H     UNIT         ?CO?IO_SENSORES
            CODE    4C4FH     009BH     UNIT         ?PR?_VALIDA_TRAMA_MONITOR?MONITOR
            CODE    4CEAH     009AH     UNIT         ?PR?EXP?EXP
            CODE    4D84H     0097H     UNIT         ?PR?_RECIBE_PORT?PTO_PARALELO
            CODE    4E1BH     0095H     UNIT         ?PR?_RECIBE_CMD_MONITOR?MONITOR
            CODE    4EB0H     0090H     UNIT         ?PR?_LEE_CLK?CLOCK
            CODE    4F40H     0090H     UNIT         ?PR?_GETOPTION?PROG
            CODE    4FD0H     008FH     UNIT         ?PR?_BLOCK_WRITE_CLOCK_ASCII?CLOCK
            CODE    505FH     008CH     UNIT         ?C_C51STARTUP
            CODE    50EBH     008AH     UNIT         ?PR?VARIABLE_INICIO?MAIN
            CODE    5175H     008AH     UNIT         ?PR?_ESCRIBIRMEMORIA?EEPROM
            CODE    51FFH     0088H     UNIT         ?PR?_SEND_PORTERR?PTO_PARALELO
            CODE    5287H     0088H     UNIT         ?PR?RX_DATA?TIBBO
            CODE    530FH     0085H     UNIT         ?PR?COM_ISR?UART
            CODE    5394H     0084H     UNIT         ?PR?_STRSPN?STRSPN
            CODE    5418H     0081H     UNIT         ?PR?_STRPBRK?STRPBRK
            CODE    5499H     0080H     UNIT         ?PR?_INGRESADATO?PROG
            CODE    5519H     0073H     UNIT         ?PR?MSJ_LCD_INFORMATIVO?IO_SENSORES
            CODE    558CH     006FH     UNIT         ?PR?VALIDASENSORESPASO?IO_SENSORES
BL51 BANKED LINKER/LOCATER V6.22.2.0                                                  11/12/2021  11:06:40  PAGE 4


            CODE    55FBH     006EH     UNIT         ?PR?_DEBUGBUFFERMF?TIBBO
            CODE    5669H     006BH     UNIT         ?PR?_STRCAT?STRCAT
            CODE    56D4H     0068H     UNIT         ?PR?_STRNCPY?STRNCPY
            CODE    573CH     0065H     UNIT         ?PR?_DEBUG_CHR_TIBBO32?TIBBO
            CODE    57A1H     0062H     UNIT         ?PR?_LISTACOMANDOS?PROG
            CODE    5803H     005EH     UNIT         ?PR?_RASPBERRY_DATA?PANTALLAS
            CODE    5861H     0058H     UNIT         ?PR?_LEERMEMORIA?EEPROM
            CODE    58B9H     0057H     UNIT         ?CO?TIBBO
            CODE    5910H     0053H     UNIT         ?PR?_BYTEHEX_DECIMAL?CLOCK
            CODE    5963H     004DH     UNIT         ?PR?L_D_M?EEPROM
            CODE    59B0H     0048H     UNIT         ?PR?_TX_AUX?TIBBO
            CODE    59F8H     0047H     UNIT         ?PR?PROG_CLIENTE?PROG
            CODE    5A3FH     0047H     UNIT         ?PR?PROG_NIT?PROG
            CODE    5A86H     0047H     UNIT         ?PR?PROG_NOM_PARQ?PROG
            CODE    5ACDH     0047H     UNIT         ?PR?PROG_DIRECCION?PROG
            CODE    5B14H     0047H     UNIT         ?PR?PROG_MSJ1?PROG
            CODE    5B5BH     0047H     UNIT         ?PR?PROG_MSJ2?PROG
            CODE    5BA2H     0047H     UNIT         ?PR?PROG_MSJ3?PROG
            CODE    5BE9H     0047H     UNIT         ?PR?PROG_MSJ4?PROG
            CODE    5C30H     0047H     UNIT         ?PR?PROG_MSJ5?PROG
            CODE    5C77H     0047H     UNIT         ?PR?PROG_MSJ6?PROG
            CODE    5CBEH     0047H     UNIT         ?PR?PROG_MSJ7?PROG
            CODE    5D05H     0047H     UNIT         ?PR?_DEBUG_CHR_TIBBO?TIBBO
            CODE    5D4CH     0046H     UNIT         ?PR?_LCD_TXT_NUM_CHAR?PANTALLAS
            CODE    5D92H     0045H     UNIT         ?PR?_VALIDARCLAVE?PROG
            CODE    5DD7H     0041H     UNIT         ?PR?_TWO_ONE?CLOCK
            CODE    5E18H     0041H     UNIT         ?PR?_MONITOR_CHR?MONITOR
            CODE    5E59H     0040H     UNIT         ?PR?_GETCMD?PROG
            CODE    5E99H     003FH     UNIT         ?PR?_EB_CLK?CLOCK
            CODE    5ED8H     003FH     UNIT         ?PR?_WR_EEPROM?EEPROM
            CODE    5F17H     003FH     UNIT         ?PR?FORMATO_EEPROM?EEPROM
            CODE    5F56H     003EH     UNIT         ?PR?_PUTCHAR?MAIN
            CODE    5F94H     003EH     UNIT         ?PR?_DEBUG_TXT_TIBBO?TIBBO
            CODE    5FD2H     003EH     UNIT         ?PR?COM_BAUDRATE?UART
            CODE    6010H     003CH     UNIT         ?PR?CONFIRMACION?EEPROM
            CODE    604CH     003CH     UNIT         ?PR?LIMPIAR_MEMORIA_TICKET?EEPROM
            CODE    6088H     003CH     UNIT         ?PR?_LCD_TXT?PANTALLAS
            CODE    60C4H     003BH     UNIT         ?PR?_COM_PUTCHAR?UART
            CODE    60FFH     0039H     UNIT         ?PR?_RD_EEPROM?EEPROM
            CODE    6138H     0035H     UNIT         ?PR?RELOJ_PANTALLA_LCD?PANTALLAS
            CODE    616DH     002CH     UNIT         ?PR?LOAD_AND_SEND_INFO_RELOJ?PTO_PARALELO
            CODE    6199H     002AH     UNIT         ?PR?COM_INITIALIZE?UART
            CODE    61C3H     0028H     UNIT         ?PR?_WR_CLK?CLOCK
            CODE    61EBH     0026H     UNIT         ?PR?COM_GETCHAR?UART
            CODE    6211H     0024H     UNIT         ?PR?_NUM_NUM?VERPRINT
            CODE    6235H     0022H     UNIT         ?PR?_E_D_M?EEPROM
            CODE    6257H     0021H     UNIT         ?PR?_HEX_BCD?CLOCK
            CODE    6278H     0020H     UNIT         ?PR?ACKD?EEPROM
            CODE    6298H     0020H     UNIT         ?PR?ACK_LECT?EEPROM
            CODE    62B8H     0020H     UNIT         ?PR?TIME_BIT?TIBBO
            CODE    62D8H     001FH     UNIT         ?PR?VALIDASENSOR?IO_SENSORES
            CODE    62F7H     001EH     UNIT         ?PR?_BCD_HEX?CLOCK
            CODE    6315H     001EH     UNIT         ?PR?_TX_CHRLCD?PANTALLAS
            CODE    6333H     001BH     UNIT         ?PR?_DELAY_1MS?DELAY
            CODE    634EH     001BH     UNIT         ?PR?_NUM_CHAR?VERPRINT
            CODE    6369H     001AH     UNIT         ?PR?TIME_MBIT?TIBBO
            CODE    6383H     0019H     UNIT         ?PR?TIMER0_INT?MAIN
BL51 BANKED LINKER/LOCATER V6.22.2.0                                                  11/12/2021  11:06:40  PAGE 5


            CODE    639CH     0018H     UNIT         ?CO?ACCESCAN
            CODE    63B4H     0017H     UNIT         ?PR?DISPLAYCURSOR?PROG
            CODE    63CBH     0014H     UNIT         ?PR?_ISSPACE?ISSPACE
            CODE    63DFH     0012H     UNIT         ?PR?_DELAY_20US?DELAY
            CODE    63F1H     0012H     UNIT         ?PR?START?EEPROM
            CODE    6403H     0012H     UNIT         ?PR?DIR_BOARD?IO_SENSORES
            CODE    6415H     0012H     UNIT         ?PR?PULSO_BUS?PTO_PARALELO
            CODE    6427H     0012H     UNIT         ?PR?COM_RBUFLEN?UART
            CODE    6439H     0012H     UNIT         ?PR?COM_TBUFLEN?UART
            CODE    644BH     0010H     UNIT         ?PR?INI_TIMER?MAIN
            CODE    645BH     0010H     UNIT         ?PR?INICIA_BOARD?MAIN
            CODE    646BH     0010H     UNIT         ?PR?_GRABA_SERIE_ASCII_HEX?NUM_SERIE
            CODE    647BH     0010H     UNIT         ?CO?PTO_PARALELO
            CODE    648BH     000FH     UNIT         ?PR?_ISDIGIT?ISDIGIT
            CODE    649AH     000EH     UNIT         ?PR?CLEAR_BUFFER?UART
            CODE    64A8H     000CH     UNIT         ?PR?_GETKEY?MAIN
            CODE    64B4H     000AH     UNIT         ?PR?COND_INI_PTO?PTO_PARALELO
            CODE    64BEH     0009H     UNIT         ?PR?STOP?EEPROM
            CODE    64C7H     0009H     UNIT         ?PR?DEBUG_DIVIDIR_TEXTO?TIBBO
            CODE    64D0H     0007H     UNIT         ?PR?COND_INI_CLOCK?CLOCK
            CODE    64D7H     0007H     UNIT         ?PR?SEL_FUNCION?IO_SENSORES
            CODE    64DEH     0007H     UNIT         ?PR?SEL_AUTO?IO_SENSORES
            CODE    64E5H     0007H     UNIT         ?PR?SEL_SENSOR2?IO_SENSORES
            CODE    64ECH     0007H     UNIT         ?PR?SEL_SENSOR1?IO_SENSORES
            CODE    64F3H     0007H     UNIT         ?PR?SEL_DIR1?IO_SENSORES
            CODE    64FAH     0007H     UNIT         ?PR?SEL_DIR2?IO_SENSORES
            CODE    6501H     0006H     UNIT         ?PR?P_ME?EEPROM
            CODE    6507H     0005H     UNIT         ?PR?ON_TIMER0_INTERRUP?MAIN
            CODE    650CH     0005H     UNIT         ?PR?COND_INI_TIBBO?TIBBO
            CODE    6511H     0003H     UNIT         ?PR?OFF_TIMER0_INTERRUP?MAIN
            CODE    6514H     0003H     UNIT         ?CO?MAIN
            CODE    6517H     0001H     UNIT         ?PR?DELAY?DELAY



OVERLAY MAP OF MODULE:   .\Objects\VRFCDOR_PRINT_100 (MAIN)


SEGMENT                                             BIT_GROUP          DATA_GROUP          XDATA_GROUP
  +--> CALLED SEGMENT                            START    LENGTH     START    LENGTH     START    LENGTH
--------------------------------------------------------------------------------------------------------
?C_C51STARTUP                                    -----    -----      -----    -----      -----    -----
  +--> ?PR?MAIN?MAIN
  +--> ?C_INITSEG

?PR?MAIN?MAIN                                    -----    -----      -----    -----      0000H    000EH
  +--> ?PR?INI_TIMER?MAIN
  +--> ?PR?ON_TIMER0_INTERRUP?MAIN
  +--> ?PR?COM_INITIALIZE?UART
  +--> ?PR?COM_BAUDRATE?UART
  +--> ?PR?INICIA_BOARD?MAIN
  +--> ?PR?TIME_BIT?TIBBO
  +--> ?PR?TIME_MBIT?TIBBO
  +--> ?PR?_TX_AUX?TIBBO
  +--> ?PR?SEL_FUNCION?IO_SENSORES
  +--> ?PR?MENU?PROG
  +--> ?PR?VARIABLE_INICIO?MAIN
BL51 BANKED LINKER/LOCATER V6.22.2.0                                                  11/12/2021  11:06:40  PAGE 6


  +--> ?PR?LIMPIAR_MEMORIA_TICKET?EEPROM
  +--> ?PR?_RECIBE_CMD_MONITOR?MONITOR
  +--> ?PR?DEBUG_DIVIDIR_TEXTO?TIBBO
  +--> ?PR?_VALIDA_TRAMA_MONITOR?MONITOR
  +--> ?PR?_DEBUGBUFFERMF?TIBBO
  +--> ?PR?_DEBUG_TXT_TIBBO?TIBBO
  +--> ?PR?LEE_TICKET?VERPRINT
  +--> ?PR?_RECIBE_PORT?PTO_PARALELO
  +--> ?PR?_DEBUG_CHR_TIBBO?TIBBO
  +--> ?CO?MAIN
  +--> ?PR?_VALIDA_TRAMA_PTO?ACCESCAN
  +--> ?PR?MSJ_LCD_INFORMATIVO?IO_SENSORES

?PR?COM_INITIALIZE?UART                          -----    -----      -----    -----      -----    -----
  +--> ?PR?COM_BAUDRATE?UART

?PR?COM_BAUDRATE?UART                            -----    -----      -----    -----      -----    -----
  +--> ?PR?_RD_EEPROM?EEPROM

?PR?_RD_EEPROM?EEPROM                            -----    -----      -----    -----      -----    -----
  +--> ?PR?START?EEPROM
  +--> ?PR?ACK_LECT?EEPROM
  +--> ?PR?_E_D_M?EEPROM
  +--> ?PR?ACKD?EEPROM
  +--> ?PR?L_D_M?EEPROM
  +--> ?PR?STOP?EEPROM

?PR?ACK_LECT?EEPROM                              -----    -----      -----    -----      -----    -----
  +--> ?PR?_E_D_M?EEPROM

?PR?_E_D_M?EEPROM                                -----    -----      -----    -----      -----    -----
  +--> ?PR?P_ME?EEPROM

?PR?ACKD?EEPROM                                  -----    -----      -----    -----      -----    -----
  +--> ?PR?_E_D_M?EEPROM

?PR?INICIA_BOARD?MAIN                            -----    -----      -----    -----      -----    -----
  +--> ?PR?COND_INI_TIBBO?TIBBO
  +--> ?PR?COND_INI_CLOCK?CLOCK
  +--> ?PR?COND_INI_PTO?PTO_PARALELO

?PR?_TX_AUX?TIBBO                                -----    -----      -----    -----      -----    -----
  +--> ?PR?TIME_BIT?TIBBO

?PR?MENU?PROG                                    -----    -----      -----    -----      000EH    0031H
  +--> ?CO?PROG
  +--> ?PR?PRINTF?PRINTF
  +--> ?PR?CLEAR_BUFFER?UART
  +--> ?PR?_INGRESADATO?PROG
  +--> ?PR?_GETCMD?PROG
  +--> ?PR?_VALIDARCLAVE?PROG
  +--> ?PR?DISPLAYCURSOR?PROG
  +--> ?PR?_STRLEN?STRLEN
  +--> ?PR?_GETOPTION?PROG
  +--> ?PR?_STRCAT?STRCAT
  +--> ?PR?_LISTACOMANDOS?PROG
  +--> ?PR?PROG_ID_CLIENTE?PROG
BL51 BANKED LINKER/LOCATER V6.22.2.0                                                  11/12/2021  11:06:40  PAGE 7


  +--> ?PR?PROG_COD_PARK?PROG
  +--> ?PR?PROG_TIEMPO_GRACIA?PROG
  +--> ?PR?PROG_SIN_COBRO?PROG
  +--> ?PR?PROG_DEBUG?PROG
  +--> ?PR?PROG_USE_LPR?PROG
  +--> ?PR?TIPO_PANTALLA?PROG
  +--> ?PR?PROG_COMPARACION_ACTIVA?PROG
  +--> ?PR?PROG_QR_BARRAS?PROG
  +--> ?PR?PROG_CLIENTE?PROG
  +--> ?PR?PROG_NIT?PROG
  +--> ?PR?PROG_NOM_PARQ?PROG
  +--> ?PR?PROG_DIRECCION?PROG
  +--> ?PR?PROG_MSJ1?PROG
  +--> ?PR?PROG_MSJ2?PROG
  +--> ?PR?PROG_MSJ3?PROG
  +--> ?PR?PROG_MSJ4?PROG
  +--> ?PR?PROG_MSJ5?PROG
  +--> ?PR?PROG_MSJ6?PROG
  +--> ?PR?PROG_MSJ7?PROG
  +--> ?PR?SHOW?PROG

?PR?PRINTF?PRINTF                                0020H.0  0001H.1    000DH    0005H      0081H    0030H
  +--> ?PR?_PUTCHAR?MAIN

?PR?_PUTCHAR?MAIN                                -----    -----      -----    -----      00B1H    0003H
  +--> ?PR?_COM_PUTCHAR?UART

?PR?_COM_PUTCHAR?UART                            -----    -----      -----    -----      00B4H    0001H
  +--> ?PR?COM_TBUFLEN?UART

?PR?_INGRESADATO?PROG                            -----    -----      -----    -----      007DH    0004H
  +--> ?PR?_GETKEY?MAIN
  +--> ?CO?PROG
  +--> ?PR?PRINTF?PRINTF
  +--> ?PR?_PUTCHAR?MAIN

?PR?_GETKEY?MAIN                                 -----    -----      -----    -----      -----    -----
  +--> ?PR?COM_GETCHAR?UART

?PR?COM_GETCHAR?UART                             -----    -----      -----    -----      -----    -----
  +--> ?PR?COM_RBUFLEN?UART

?PR?_GETCMD?PROG                                 -----    -----      -----    -----      003FH    0007H
  +--> ?CO?PROG
  +--> ?PR?_STRTOK?STRTOK

?PR?_STRTOK?STRTOK                               -----    -----      -----    -----      004AH    0006H
  +--> ?PR?_STRSPN?STRSPN
  +--> ?PR?_STRPBRK?STRPBRK

?PR?_STRSPN?STRSPN                               -----    -----      -----    -----      0050H    0008H

?PR?_STRPBRK?STRPBRK                             -----    -----      -----    -----      0050H    0009H

?PR?_VALIDARCLAVE?PROG                           -----    -----      -----    -----      003FH    000AH

?PR?DISPLAYCURSOR?PROG                           -----    -----      -----    -----      -----    -----
BL51 BANKED LINKER/LOCATER V6.22.2.0                                                  11/12/2021  11:06:40  PAGE 8


  +--> ?CO?PROG
  +--> ?PR?PRINTF?PRINTF

?PR?_GETOPTION?PROG                              -----    -----      -----    -----      003FH    000BH
  +--> ?CO?PROG
  +--> ?PR?_STRTOK?STRTOK

?PR?_STRCAT?STRCAT                               -----    -----      -----    -----      0050H    0009H

?PR?_LISTACOMANDOS?PROG                          -----    -----      -----    -----      003FH    0007H

?PR?PROG_ID_CLIENTE?PROG                         -----    -----      -----    -----      003FH    000CH
  +--> ?PR?_RD_EEPROM?EEPROM
  +--> ?CO?PROG
  +--> ?PR?PRINTF?PRINTF
  +--> ?PR?_INGRESADATO?PROG
  +--> ?PR?_ATOI?ATOI
  +--> ?PR?_WR_EEPROM?EEPROM

?PR?_ATOI?ATOI                                   0020H.0  0000H.1    -----    -----      004BH    0005H
  +--> ?PR?_ISSPACE?ISSPACE
  +--> ?PR?_ISDIGIT?ISDIGIT

?PR?_WR_EEPROM?EEPROM                            -----    -----      -----    -----      -----    -----
  +--> ?PR?START?EEPROM
  +--> ?PR?ACKD?EEPROM
  +--> ?PR?_E_D_M?EEPROM
  +--> ?PR?STOP?EEPROM
  +--> ?PR?_DELAY_1MS?DELAY
  +--> ?PR?_DELAY_20US?DELAY

?PR?_DELAY_1MS?DELAY                             -----    -----      -----    -----      -----    -----
  +--> ?PR?_DELAY_20US?DELAY

?PR?PROG_COD_PARK?PROG                           -----    -----      -----    -----      003FH    000CH
  +--> ?PR?_RD_EEPROM?EEPROM
  +--> ?CO?PROG
  +--> ?PR?PRINTF?PRINTF
  +--> ?PR?_INGRESADATO?PROG
  +--> ?PR?_ATOI?ATOI
  +--> ?PR?_WR_EEPROM?EEPROM

?PR?PROG_TIEMPO_GRACIA?PROG                      -----    -----      -----    -----      003FH    000CH
  +--> ?PR?_RD_EEPROM?EEPROM
  +--> ?CO?PROG
  +--> ?PR?PRINTF?PRINTF
  +--> ?PR?_INGRESADATO?PROG
  +--> ?PR?_ATOI?ATOI
  +--> ?PR?_WR_EEPROM?EEPROM

?PR?PROG_SIN_COBRO?PROG                          -----    -----      -----    -----      003FH    000CH
  +--> ?PR?_RD_EEPROM?EEPROM
  +--> ?CO?PROG
  +--> ?PR?PRINTF?PRINTF
  +--> ?PR?_INGRESADATO?PROG
  +--> ?PR?_ATOI?ATOI
  +--> ?PR?_WR_EEPROM?EEPROM
BL51 BANKED LINKER/LOCATER V6.22.2.0                                                  11/12/2021  11:06:40  PAGE 9



?PR?PROG_DEBUG?PROG                              -----    -----      -----    -----      003FH    000CH
  +--> ?PR?_RD_EEPROM?EEPROM
  +--> ?CO?PROG
  +--> ?PR?PRINTF?PRINTF
  +--> ?PR?_INGRESADATO?PROG
  +--> ?PR?_ATOI?ATOI
  +--> ?PR?_WR_EEPROM?EEPROM

?PR?PROG_USE_LPR?PROG                            -----    -----      -----    -----      003FH    000CH
  +--> ?PR?_RD_EEPROM?EEPROM
  +--> ?CO?PROG
  +--> ?PR?PRINTF?PRINTF
  +--> ?PR?_INGRESADATO?PROG
  +--> ?PR?_ATOI?ATOI
  +--> ?PR?_WR_EEPROM?EEPROM

?PR?TIPO_PANTALLA?PROG                           -----    -----      -----    -----      003FH    000CH
  +--> ?PR?_RD_EEPROM?EEPROM
  +--> ?CO?PROG
  +--> ?PR?PRINTF?PRINTF
  +--> ?PR?_INGRESADATO?PROG
  +--> ?PR?_ATOI?ATOI
  +--> ?PR?_WR_EEPROM?EEPROM

?PR?PROG_COMPARACION_ACTIVA?PROG                 -----    -----      -----    -----      003FH    000CH
  +--> ?PR?_RD_EEPROM?EEPROM
  +--> ?CO?PROG
  +--> ?PR?PRINTF?PRINTF
  +--> ?PR?_INGRESADATO?PROG
  +--> ?PR?_ATOI?ATOI
  +--> ?PR?_WR_EEPROM?EEPROM

?PR?PROG_QR_BARRAS?PROG                          -----    -----      -----    -----      003FH    000CH
  +--> ?PR?_RD_EEPROM?EEPROM
  +--> ?CO?PROG
  +--> ?PR?PRINTF?PRINTF
  +--> ?PR?_INGRESADATO?PROG
  +--> ?PR?_ATOI?ATOI
  +--> ?PR?_WR_EEPROM?EEPROM

?PR?PROG_CLIENTE?PROG                            -----    -----      -----    -----      003FH    0030H
  +--> ?CO?PROG
  +--> ?PR?PRINTF?PRINTF
  +--> ?PR?_INGRESADATO?PROG
  +--> ?PR?_ESCRIBIRMEMORIA?EEPROM
  +--> ?PR?_LEERMEMORIA?EEPROM

?PR?_ESCRIBIRMEMORIA?EEPROM                      -----    -----      -----    -----      007DH    0006H
  +--> ?PR?_WR_EEPROM?EEPROM

?PR?_LEERMEMORIA?EEPROM                          -----    -----      -----    -----      007DH    0005H
  +--> ?PR?_RD_EEPROM?EEPROM

?PR?PROG_NIT?PROG                                -----    -----      -----    -----      003FH    0010H
  +--> ?CO?PROG
  +--> ?PR?PRINTF?PRINTF
BL51 BANKED LINKER/LOCATER V6.22.2.0                                                  11/12/2021  11:06:40  PAGE 10


  +--> ?PR?_INGRESADATO?PROG
  +--> ?PR?_ESCRIBIRMEMORIA?EEPROM
  +--> ?PR?_LEERMEMORIA?EEPROM

?PR?PROG_NOM_PARQ?PROG                           -----    -----      -----    -----      003FH    0030H
  +--> ?CO?PROG
  +--> ?PR?PRINTF?PRINTF
  +--> ?PR?_INGRESADATO?PROG
  +--> ?PR?_ESCRIBIRMEMORIA?EEPROM
  +--> ?PR?_LEERMEMORIA?EEPROM

?PR?PROG_DIRECCION?PROG                          -----    -----      -----    -----      003FH    0030H
  +--> ?CO?PROG
  +--> ?PR?PRINTF?PRINTF
  +--> ?PR?_INGRESADATO?PROG
  +--> ?PR?_ESCRIBIRMEMORIA?EEPROM
  +--> ?PR?_LEERMEMORIA?EEPROM

?PR?PROG_MSJ1?PROG                               -----    -----      -----    -----      003FH    003EH
  +--> ?CO?PROG
  +--> ?PR?PRINTF?PRINTF
  +--> ?PR?_INGRESADATO?PROG
  +--> ?PR?_ESCRIBIRMEMORIA?EEPROM
  +--> ?PR?_LEERMEMORIA?EEPROM

?PR?PROG_MSJ2?PROG                               -----    -----      -----    -----      003FH    003EH
  +--> ?CO?PROG
  +--> ?PR?PRINTF?PRINTF
  +--> ?PR?_INGRESADATO?PROG
  +--> ?PR?_ESCRIBIRMEMORIA?EEPROM
  +--> ?PR?_LEERMEMORIA?EEPROM

?PR?PROG_MSJ3?PROG                               -----    -----      -----    -----      003FH    003EH
  +--> ?CO?PROG
  +--> ?PR?PRINTF?PRINTF
  +--> ?PR?_INGRESADATO?PROG
  +--> ?PR?_ESCRIBIRMEMORIA?EEPROM
  +--> ?PR?_LEERMEMORIA?EEPROM

?PR?PROG_MSJ4?PROG                               -----    -----      -----    -----      003FH    003EH
  +--> ?CO?PROG
  +--> ?PR?PRINTF?PRINTF
  +--> ?PR?_INGRESADATO?PROG
  +--> ?PR?_ESCRIBIRMEMORIA?EEPROM
  +--> ?PR?_LEERMEMORIA?EEPROM

?PR?PROG_MSJ5?PROG                               -----    -----      -----    -----      003FH    003EH
  +--> ?CO?PROG
  +--> ?PR?PRINTF?PRINTF
  +--> ?PR?_INGRESADATO?PROG
  +--> ?PR?_ESCRIBIRMEMORIA?EEPROM
  +--> ?PR?_LEERMEMORIA?EEPROM

?PR?PROG_MSJ6?PROG                               -----    -----      -----    -----      003FH    003EH
  +--> ?CO?PROG
  +--> ?PR?PRINTF?PRINTF
  +--> ?PR?_INGRESADATO?PROG
BL51 BANKED LINKER/LOCATER V6.22.2.0                                                  11/12/2021  11:06:40  PAGE 11


  +--> ?PR?_ESCRIBIRMEMORIA?EEPROM
  +--> ?PR?_LEERMEMORIA?EEPROM

?PR?PROG_MSJ7?PROG                               -----    -----      -----    -----      003FH    003EH
  +--> ?CO?PROG
  +--> ?PR?PRINTF?PRINTF
  +--> ?PR?_INGRESADATO?PROG
  +--> ?PR?_ESCRIBIRMEMORIA?EEPROM
  +--> ?PR?_LEERMEMORIA?EEPROM

?PR?SHOW?PROG                                    -----    -----      -----    -----      -----    -----
  +--> ?CO?PROG
  +--> ?PR?PRINTF?PRINTF

?PR?VARIABLE_INICIO?MAIN                         -----    -----      -----    -----      -----    -----
  +--> ?PR?_RD_EEPROM?EEPROM

?PR?LIMPIAR_MEMORIA_TICKET?EEPROM                -----    -----      -----    -----      000EH    0002H
  +--> ?PR?_WR_EEPROM?EEPROM

?PR?_RECIBE_CMD_MONITOR?MONITOR                  -----    -----      -----    -----      000EH    0006H
  +--> ?PR?RX_DATA?TIBBO

?PR?RX_DATA?TIBBO                                -----    -----      -----    -----      -----    -----
  +--> ?PR?TIME_MBIT?TIBBO
  +--> ?PR?TIME_BIT?TIBBO

?PR?DEBUG_DIVIDIR_TEXTO?TIBBO                    -----    -----      -----    -----      -----    -----
  +--> ?CO?TIBBO
  +--> ?PR?_DEBUG_TXT_TIBBO?TIBBO

?PR?_DEBUG_TXT_TIBBO?TIBBO                       -----    -----      -----    -----      004EH    0004H
  +--> ?PR?_TX_AUX?TIBBO

?PR?_VALIDA_TRAMA_MONITOR?MONITOR                -----    -----      -----    -----      000EH    0003H

?PR?_DEBUGBUFFERMF?TIBBO                         -----    -----      -----    -----      0048H    0006H
  +--> ?CO?TIBBO
  +--> ?PR?_DEBUG_TXT_TIBBO?TIBBO
  +--> ?PR?_DEBUG_CHR_TIBBO?TIBBO
  +--> ?PR?_TX_AUX?TIBBO

?PR?_DEBUG_CHR_TIBBO?TIBBO                       -----    -----      -----    -----      -----    -----
  +--> ?PR?_TX_AUX?TIBBO

?PR?LEE_TICKET?VERPRINT                          -----    -----      -----    -----      000EH    0011H
  +--> ?PR?VALIDASENSORESPASO?IO_SENSORES
  +--> ?CO?VERPRINT
  +--> ?PR?_DEBUG_TXT_TIBBO?TIBBO
  +--> ?PR?_PANTALLALCD?PANTALLAS
  +--> ?PR?_SEND_PORTERR?PTO_PARALELO
  +--> ?PR?_STRLEN?STRLEN
  +--> ?PR?CLEAR_BUFFER?UART
  +--> ?PR?_TRAMA_PRINT_COD_BARRAS?PTO_PARALELO
  +--> ?PR?_CMD_LPR_SALIDA_PRINT?MONITOR
  +--> ?PR?_NUM_NUM?VERPRINT
  +--> ?PR?_NUM_CHAR?VERPRINT
BL51 BANKED LINKER/LOCATER V6.22.2.0                                                  11/12/2021  11:06:40  PAGE 12


  +--> ?PR?_STRSTR?STRSTR
  +--> ?PR?_DEBUG_CHR_TIBBO?TIBBO
  +--> ?PR?_STRNCPY?STRNCPY
  +--> ?PR?_BCD_HEX?CLOCK
  +--> ?PR?_CHECK_FECHAOUT_2?VERPRINT
  +--> ?PR?_BLOQUE_HORARIO?VERPRINT
  +--> ?PR?_GET_ALMACENA_TICKET_EEPROM?VERPRINT
  +--> ?PR?_SET_ALMACENA_TICKET_EEPROM?VERPRINT

?PR?VALIDASENSORESPASO?IO_SENSORES               -----    -----      -----    -----      -----    -----
  +--> ?PR?SEL_SENSOR2?IO_SENSORES
  +--> ?PR?VALIDASENSOR?IO_SENSORES
  +--> ?PR?SEL_SENSOR1?IO_SENSORES
  +--> ?PR?SEL_AUTO?IO_SENSORES
  +--> ?CO?IO_SENSORES
  +--> ?PR?_DEBUG_TXT_TIBBO?TIBBO

?PR?_PANTALLALCD?PANTALLAS                       -----    -----      -----    -----      001FH    0028H
  +--> ?CO?PANTALLAS
  +--> ?PR?_RASPBERRY_DATA?PANTALLAS

?PR?_RASPBERRY_DATA?PANTALLAS                    -----    -----      -----    -----      0050H    0005H
  +--> ?PR?_STRLEN?STRLEN
  +--> ?PR?_PUTCHAR?MAIN

?PR?_SEND_PORTERR?PTO_PARALELO                   -----    -----      -----    -----      001FH    0006H
  +--> ?PR?PULSO_BUS?PTO_PARALELO
  +--> ?PR?_DELAY_20US?DELAY

?PR?PULSO_BUS?PTO_PARALELO                       -----    -----      -----    -----      -----    -----
  +--> ?PR?_DELAY_20US?DELAY

?PR?_TRAMA_PRINT_COD_BARRAS?PTO_PARALELO         -----    -----      -----    -----      001FH    0029H
  +--> ?PR?_STRLEN?STRLEN
  +--> ?PR?_STRNCAT?STRNCAT
  +--> ?CO?PTO_PARALELO
  +--> ?PR?_STRCAT?STRCAT
  +--> ?PR?_LEE_CLK?CLOCK
  +--> ?PR?_BCD_HEX?CLOCK
  +--> ?PR?_SEND_PORT?PTO_PARALELO
  +--> ?PR?DEBUG_DIVIDIR_TEXTO?TIBBO
  +--> ?PR?_DEBUGBUFFERMF?TIBBO

?PR?_STRNCAT?STRNCAT                             -----    -----      -----    -----      0048H    000AH

?PR?_LEE_CLK?CLOCK                               -----    -----      -----    -----      0049H    0003H
  +--> ?PR?_DELAY_20US?DELAY
  +--> ?PR?_EB_CLK?CLOCK
  +--> ?PR?P_CK?CLOCK

?PR?_EB_CLK?CLOCK                                -----    -----      -----    -----      004CH    0003H
  +--> ?PR?P_CK?CLOCK

?PR?P_CK?CLOCK                                   -----    -----      -----    -----      -----    -----
  +--> ?PR?DELAY?DELAY

?PR?_SEND_PORT?PTO_PARALELO                      -----    -----      -----    -----      0048H    000AH
BL51 BANKED LINKER/LOCATER V6.22.2.0                                                  11/12/2021  11:06:40  PAGE 13


  +--> ?PR?PULSO_BUS?PTO_PARALELO
  +--> ?PR?_DELAY_20US?DELAY

?PR?_CMD_LPR_SALIDA_PRINT?MONITOR                -----    -----      -----    -----      001FH    0027H
  +--> ?PR?DIR_BOARD?IO_SENSORES
  +--> ?PR?_STRCAT?STRCAT
  +--> ?PR?_STRLEN?STRLEN
  +--> ?PR?_BLOCK_READ_CLOCK_ASCII?CLOCK
  +--> ?PR?_MONITOR_CHR?MONITOR

?PR?DIR_BOARD?IO_SENSORES                        -----    -----      -----    -----      -----    -----
  +--> ?PR?SEL_DIR1?IO_SENSORES
  +--> ?PR?SEL_DIR2?IO_SENSORES

?PR?_BLOCK_READ_CLOCK_ASCII?CLOCK                -----    -----      -----    -----      0046H    0003H
  +--> ?PR?_LEE_CLK?CLOCK

?PR?_MONITOR_CHR?MONITOR                         -----    -----      -----    -----      0046H    0005H
  +--> ?PR?_TX_AUX?TIBBO

?PR?_STRSTR?STRSTR                               -----    -----      -----    -----      001FH    000CH

?PR?_STRNCPY?STRNCPY                             -----    -----      -----    -----      001FH    000AH

?PR?_CHECK_FECHAOUT_2?VERPRINT                   -----    -----      -----    -----      001FH    0012H
  +--> ?PR?_BLOCK_READ_CLOCK_HEX?CLOCK
  +--> ?CO?VERPRINT
  +--> ?PR?_DEBUG_TXT_TIBBO?TIBBO
  +--> ?PR?_DEBUG_CHR_TIBBO32?TIBBO

?PR?_BLOCK_READ_CLOCK_HEX?CLOCK                  -----    -----      -----    -----      0031H    0003H
  +--> ?PR?_LEE_CLK?CLOCK
  +--> ?PR?_BCD_HEX?CLOCK

?PR?_DEBUG_CHR_TIBBO32?TIBBO                     -----    -----      -----    -----      0031H    0005H
  +--> ?PR?_DEBUG_CHR_TIBBO?TIBBO

?PR?_BLOQUE_HORARIO?VERPRINT                     -----    -----      -----    -----      001FH    0006H
  +--> ?CO?VERPRINT
  +--> ?PR?_DEBUG_TXT_TIBBO?TIBBO
  +--> ?PR?_LEE_CLK?CLOCK
  +--> ?PR?_DEBUG_CHR_TIBBO?TIBBO
  +--> ?PR?_HEX_BCD?CLOCK

?PR?_GET_ALMACENA_TICKET_EEPROM?VERPRINT         -----    -----      -----    -----      001FH    0010H
  +--> ?PR?_RD_EEPROM?EEPROM
  +--> ?PR?_LEERMEMORIA?EEPROM
  +--> ?CO?VERPRINT
  +--> ?PR?_DEBUG_TXT_TIBBO?TIBBO
  +--> ?PR?_DEBUG_CHR_TIBBO32?TIBBO

?PR?_SET_ALMACENA_TICKET_EEPROM?VERPRINT         -----    -----      -----    -----      001FH    0004H
  +--> ?PR?_RD_EEPROM?EEPROM
  +--> ?PR?_STRCAT?STRCAT
  +--> ?PR?_ESCRIBIRMEMORIA?EEPROM
  +--> ?CO?VERPRINT
  +--> ?PR?_DEBUG_TXT_TIBBO?TIBBO
BL51 BANKED LINKER/LOCATER V6.22.2.0                                                  11/12/2021  11:06:40  PAGE 14


  +--> ?PR?_WR_EEPROM?EEPROM
  +--> ?PR?_DEBUG_CHR_TIBBO?TIBBO

?PR?_RECIBE_PORT?PTO_PARALELO                    -----    -----      -----    -----      000EH    0007H
  +--> ?PR?OFF_TIMER0_INTERRUP?MAIN
  +--> ?PR?ON_TIMER0_INTERRUP?MAIN

?PR?_VALIDA_TRAMA_PTO?ACCESCAN                   -----    -----      -----    -----      000EH    000FH
  +--> ?PR?_BLOCK_WRITE_CLOCK_ASCII?CLOCK
  +--> ?PR?RELOJ_PANTALLA_LCD?PANTALLAS
  +--> ?PR?_PANTALLALCD?PANTALLAS
  +--> ?CO?ACCESCAN
  +--> ?PR?_DEBUG_TXT_TIBBO?TIBBO
  +--> ?PR?CONFIRMACION?EEPROM
  +--> ?PR?_PANTALLALCD_LINEA_2?PANTALLAS
  +--> ?PR?_SEND_PORTERR?PTO_PARALELO
  +--> ?PR?_BYTEHEX_DECIMAL?CLOCK
  +--> ?PR?_TWO_BYTEHEX_DECIMAL?CLOCK
  +--> ?PR?VALIDASENSORESPASO?IO_SENSORES
  +--> ?PR?_CMD_LPR_SALIDA_WIEGAND?MONITOR
  +--> ?PR?_GRABA_SERIE_ASCII_HEX?NUM_SERIE
  +--> ?PR?_DEBUGBUFFERMF?TIBBO

?PR?_BLOCK_WRITE_CLOCK_ASCII?CLOCK               -----    -----      -----    -----      001DH    0003H
  +--> ?PR?_TWO_ONE?CLOCK
  +--> ?PR?_WR_CLK?CLOCK

?PR?_WR_CLK?CLOCK                                -----    -----      -----    -----      0020H    0002H
  +--> ?PR?_DELAY_20US?DELAY
  +--> ?PR?_EB_CLK?CLOCK

?PR?RELOJ_PANTALLA_LCD?PANTALLAS                 -----    -----      -----    -----      001DH    000DH
  +--> ?CO?PANTALLAS
  +--> ?PR?_BLOCK_READ_CLOCK?CLOCK
  +--> ?PR?_LCD_TXT_NUM_CHAR?PANTALLAS

?PR?_BLOCK_READ_CLOCK?CLOCK                      -----    -----      -----    -----      002AH    0003H
  +--> ?PR?_LEE_CLK?CLOCK

?PR?_LCD_TXT_NUM_CHAR?PANTALLAS                  -----    -----      -----    -----      002AH    0006H
  +--> ?PR?_TX_CHRLCD?PANTALLAS

?PR?_TX_CHRLCD?PANTALLAS                         -----    -----      -----    -----      0055H    0002H
  +--> ?PR?_PUTCHAR?MAIN

?PR?CONFIRMACION?EEPROM                          -----    -----      -----    -----      001DH    000BH
  +--> ?PR?_BLOCK_READ_CLOCK_ASCII?CLOCK
  +--> ?PR?FORMATO_EEPROM?EEPROM

?PR?FORMATO_EEPROM?EEPROM                        -----    -----      -----    -----      0028H    0003H
  +--> ?PR?_WR_EEPROM?EEPROM

?PR?_PANTALLALCD_LINEA_2?PANTALLAS               -----    -----      -----    -----      001DH    0033H
  +--> ?CO?PANTALLAS
  +--> ?PR?_LCD_TXT?PANTALLAS
  +--> ?PR?_STRLEN?STRLEN
  +--> ?PR?_TX_CHRLCD?PANTALLAS
BL51 BANKED LINKER/LOCATER V6.22.2.0                                                  11/12/2021  11:06:40  PAGE 15


  +--> ?PR?_STRCAT?STRCAT
  +--> ?PR?_RASPBERRY_DATA?PANTALLAS

?PR?_LCD_TXT?PANTALLAS                           -----    -----      -----    -----      0050H    0005H
  +--> ?PR?_TX_CHRLCD?PANTALLAS

?PR?_BYTEHEX_DECIMAL?CLOCK                       -----    -----      -----    -----      001DH    0001H

?PR?_TWO_BYTEHEX_DECIMAL?CLOCK                   -----    -----      -----    -----      001DH    000CH
  +--> ?PR?_POW?POW

?PR?_POW?POW                                     -----    -----      -----    -----      0029H    000AH
  +--> ?PR?LOG?LOG
  +--> ?PR?EXP?EXP

?PR?LOG?LOG                                      0020H.0  0000H.1    -----    -----      0033H    0004H

?PR?_CMD_LPR_SALIDA_WIEGAND?MONITOR              -----    -----      -----    -----      001DH    0022H
  +--> ?PR?DIR_BOARD?IO_SENSORES
  +--> ?PR?_BLOCK_READ_CLOCK_ASCII?CLOCK
  +--> ?PR?_MONITOR_CHR?MONITOR

?PR?_GRABA_SERIE_ASCII_HEX?NUM_SERIE             -----    -----      -----    -----      -----    -----
  +--> ?PR?_ESCRIBIRMEMORIA?EEPROM

?PR?MSJ_LCD_INFORMATIVO?IO_SENSORES              -----    -----      -----    -----      000EH    0002H
  +--> ?PR?SEL_FUNCION?IO_SENSORES
  +--> ?PR?LOAD_AND_SEND_INFO_RELOJ?PTO_PARA...
  +--> ?PR?LOAD_AND_SEND_ID_COD?PTO_PARALELO
  +--> ?PR?_RD_EEPROM?EEPROM
  +--> ?PR?_SEND_PORTERR?PTO_PARALELO

?PR?LOAD_AND_SEND_INFO_RELOJ?PTO_PARA...         -----    -----      -----    -----      0010H    000BH
  +--> ?PR?_BLOCK_READ_CLOCK?CLOCK
  +--> ?PR?_LEE_CLK?CLOCK
  +--> ?PR?_SEND_PORT?PTO_PARALELO

?PR?LOAD_AND_SEND_ID_COD?PTO_PARALELO            -----    -----      -----    -----      0010H    0011H
  +--> ?CO?PTO_PARALELO
  +--> ?PR?PRINTF?PRINTF
  +--> ?PR?_SEND_PORT?PTO_PARALELO



SYMBOL TABLE OF MODULE:  .\Objects\VRFCDOR_PRINT_100 (MAIN)

  VALUE           TYPE          NAME
  ----------------------------------

  -------         MODULE        MAIN
  C:0000H         SYMBOL        _ICE_DUMMY_
  D:0080H         PUBLIC        P0
  D:0090H         PUBLIC        P1
  C:6383H         PUBLIC        timer0_int
  D:00B0H         PUBLIC        P3
  X:013CH         PUBLIC        placa
  B:00A8H.7       PUBLIC        EA
BL51 BANKED LINKER/LOCATER V6.22.2.0                                                  11/12/2021  11:06:40  PAGE 16


  C:6511H         PUBLIC        off_Timer0_Interrup
  X:0145H         PUBLIC        ValTimeOutCom
  X:0146H         PUBLIC        Timer_wait
  X:0147H         PUBLIC        g_cContByteRx
  B:0080H.0       PUBLIC        rx_ip
  B:0080H.3       PUBLIC        Atascado
  C:478AH         PUBLIC        main
  C:50EBH         PUBLIC        variable_inicio
  B:0090H.7       PUBLIC        lock
  I:0022H         PUBLIC        rbuf
  C:6507H         PUBLIC        on_Timer0_Interrup
  I:00A2H         PUBLIC        tbuf
  B:0090H.1       PUBLIC        DataIn
  D:0089H         PUBLIC        TMOD
  X:0148H         PUBLIC        USE_LPR
  X:0149H         PUBLIC        Debug_Tibbo
  X:014AH         PUBLIC        Raspberry
  X:014BH         PUBLIC        QR_BARRAS
  X:014CH         PUBLIC        SIN_COBRO
  X:014EH         PUBLIC        Tipo_Vehiculo
  B:00B0H.3       PUBLIC        busy
  C:644BH         PUBLIC        ini_timer
  B:00A8H.1       PUBLIC        ET0
  B:0088H.5       PUBLIC        TF0
  X:014FH         PUBLIC        COMPARACION_ACTIVA
  X:0150H         PUBLIC        g_cEstadoImpresion
  D:008CH         PUBLIC        TH0
  X:0151H         PUBLIC        ACK
  X:0152H         PUBLIC        g_cEstadoComSoft
  D:008AH         PUBLIC        TL0
  B:0088H.4       PUBLIC        TR0
  C:645BH         PUBLIC        inicia_board
  X:0153H         PUBLIC        T_GRACIA
  X:0155H         PUBLIC        COD_PARK
  B:0080H.7       PUBLIC        sel_com
  X:0157H         PUBLIC        STX_LINTECH
  C:64A8H         PUBLIC        _getkey
  X:0158H         PUBLIC        ETX
  X:0159H         PUBLIC        ID_CLIENTE
  X:015BH         PUBLIC        buffer_ready
  C:5F56H         PUBLIC        _putchar
  B:0021H.1       PUBLIC        placa_ready
  -------         PROC          TIMER0_INT
  C:6383H         LINE#         13
  C:6389H         LINE#         16
  C:638FH         LINE#         17
  C:6393H         LINE#         18
  C:6395H         LINE#         20
  -------         ENDPROC       TIMER0_INT
  -------         PROC          INI_TIMER
  C:644BH         LINE#         23
  C:644BH         LINE#         24
  C:644BH         LINE#         26
  C:6453H         LINE#         28
  C:6456H         LINE#         29
  C:6458H         LINE#         30
  C:645AH         LINE#         32
BL51 BANKED LINKER/LOCATER V6.22.2.0                                                  11/12/2021  11:06:40  PAGE 17


  -------         ENDPROC       INI_TIMER
  -------         PROC          ON_TIMER0_INTERRUP
  C:6507H         LINE#         35
  C:6507H         LINE#         36
  C:6507H         LINE#         37
  C:6509H         LINE#         38
  C:650BH         LINE#         40
  -------         ENDPROC       ON_TIMER0_INTERRUP
  -------         PROC          OFF_TIMER0_INTERRUP
  C:6511H         LINE#         43
  C:6511H         LINE#         44
  C:6511H         LINE#         45
  C:6513H         LINE#         47
  -------         ENDPROC       OFF_TIMER0_INTERRUP
  -------         PROC          _GETKEY
  -------         DO            
  D:0006H         SYMBOL        k
  -------         ENDDO         
  C:64A8H         LINE#         55
  C:64A8H         LINE#         56
  C:64A8H         LINE#         60
  C:64A8H         LINE#         61
  C:64ABH         LINE#         62
  C:64ABH         LINE#         63
  C:64B3H         LINE#         65
  C:64B3H         LINE#         66
  -------         ENDPROC       _GETKEY
  -------         PROC          _PUTCHAR
  X:00B1H         SYMBOL        c
  -------         DO            
  X:00B2H         SYMBOL        i
  -------         ENDDO         
  C:5F56H         LINE#         70
  C:5F5BH         LINE#         71
  C:5F5BH         LINE#         74
  C:5F6AH         LINE#         75
  C:5F6AH         LINE#         76
  C:5F80H         LINE#         77
  C:5F80H         LINE#         79
  C:5F8EH         LINE#         80
  C:5F8EH         LINE#         82
  C:5F93H         LINE#         83
  -------         ENDPROC       _PUTCHAR
  -------         PROC          INICIA_BOARD
  C:645BH         LINE#         101
  C:645BH         LINE#         102
  C:645BH         LINE#         103
  C:645EH         LINE#         104
  C:6461H         LINE#         105
  C:6464H         LINE#         106
  C:6466H         LINE#         107
  C:6468H         LINE#         108
  C:646AH         LINE#         110
  -------         ENDPROC       INICIA_BOARD
  -------         PROC          VARIABLE_INICIO
  C:50EBH         LINE#         114
  C:50EBH         LINE#         115
BL51 BANKED LINKER/LOCATER V6.22.2.0                                                  11/12/2021  11:06:40  PAGE 18


  C:50EBH         LINE#         117
  C:50FBH         LINE#         118
  C:510CH         LINE#         119
  C:511DH         LINE#         120
  C:512EH         LINE#         121
  C:513CH         LINE#         122
  C:514AH         LINE#         123
  C:5158H         LINE#         124
  C:5166H         LINE#         125
  C:5174H         LINE#         126
  -------         ENDPROC       VARIABLE_INICIO
  -------         PROC          MAIN
  -------         DO            
  X:0114H         SYMBOL        buffer
  X:0000H         SYMBOL        buffer1
  X:000DH         SYMBOL        Length_trama
  -------         ENDDO         
  C:478AH         LINE#         134
  C:478AH         LINE#         135
  C:478AH         LINE#         142
  C:478DH         LINE#         143
  C:4790H         LINE#         144
  C:4793H         LINE#         145
  C:4796H         LINE#         146
  C:4799H         LINE#         147
  C:479BH         LINE#         149
  C:479EH         LINE#         151
  C:47A1H         LINE#         152
  C:47A6H         LINE#         154
  C:47A9H         LINE#         155
  C:47ACH         LINE#         156
  C:47ACH         LINE#         157
  C:47AFH         LINE#         158
  C:47AFH         LINE#         159
  C:47B2H         LINE#         160
  C:47B5H         LINE#         162
  C:47BBH         LINE#         164
  C:47BBH         LINE#         165
  C:47BBH         LINE#         168
  C:47BEH         LINE#         169
  C:47BEH         LINE#         171
  C:47CCH         LINE#         172
  C:47CFH         LINE#         173
  C:47DDH         LINE#         174
  C:47F1H         LINE#         175
  C:47FAH         LINE#         176
  C:47FDH         LINE#         177
  C:47FDH         LINE#         179
  C:4800H         LINE#         185
  C:4803H         LINE#         186
  C:4803H         LINE#         188
  C:4812H         LINE#         192
  C:4821H         LINE#         195
  C:4829H         LINE#         196
  C:4832H         LINE#         199
  C:4840H         LINE#         201
  C:4840H         LINE#         202
BL51 BANKED LINKER/LOCATER V6.22.2.0                                                  11/12/2021  11:06:40  PAGE 19


  C:4843H         LINE#         205
  -------         ENDPROC       MAIN
  -------         ENDMOD        MAIN

  -------         MODULE        CLOCK
  C:0000H         SYMBOL        _ICE_DUMMY_
  C:5E0BH         PUBLIC        _two_one
  D:0090H         PUBLIC        P1
  C:61C3H         PUBLIC        _wr_clk
  B:00D0H.7       PUBLIC        CY
  C:0003H         PUBLIC        p_ck
  X:017AH         PUBLIC        data_clk
  C:64D0H         PUBLIC        cond_ini_clock
  C:448DH         PUBLIC        _Block_read_Clock
  B:0090H.4       PUBLIC        sck
  C:4A67H         PUBLIC        _Block_read_Clock_Hex
  C:2C88H         PUBLIC        _Block_read_clock_ascii
  C:6257H         PUBLIC        _hex_bcd
  C:62F7H         PUBLIC        _bcd_hex
  C:5910H         PUBLIC        _ByteHex_Decimal
  C:4EBAH         PUBLIC        _lee_clk
  B:0090H.5       PUBLIC        io
  C:4FD0H         PUBLIC        _Block_write_clock_ascii
  B:0090H.6       PUBLIC        rst
  C:5E99H         PUBLIC        _eb_clk
  C:2500H         PUBLIC        _Two_ByteHex_Decimal
  -------         PROC          P_CK
  C:0003H         LINE#         37
  C:0003H         LINE#         38
  C:0003H         LINE#         39
  C:0005H         LINE#         40
  C:0008H         LINE#         41
  C:000AH         LINE#         42
  -------         ENDPROC       P_CK
  -------         PROC          _EB_CLK
  X:004CH         SYMBOL        dir_clk
  -------         DO            
  X:004DH         SYMBOL        nbits
  -------         ENDDO         
  C:5E99H         LINE#         44
  C:5E9EH         LINE#         46
  C:5EA3H         LINE#         47
  C:5EA3H         LINE#         48
  C:5EACH         LINE#         49
  C:5EAFH         LINE#         50
  C:5EAFH         LINE#         51
  C:5EB1H         LINE#         52
  C:5EB3H         LINE#         54
  C:5EB3H         LINE#         55
  C:5EB5H         LINE#         56
  C:5EB5H         LINE#         57
  C:5EB8H         LINE#         58
  C:5ED7H         LINE#         59
  -------         ENDPROC       _EB_CLK
  C:4EB0H         SYMBOL        L?0053
  -------         PROC          L?0052
  -------         ENDPROC       L?0052
BL51 BANKED LINKER/LOCATER V6.22.2.0                                                  11/12/2021  11:06:40  PAGE 20


  C:4EB0H         SYMBOL        L?0053
  -------         PROC          _LEE_CLK
  X:0049H         SYMBOL        dir_clk
  -------         DO            
  X:004AH         SYMBOL        nbits
  -------         ENDDO         
  C:4EBAH         LINE#         61
  C:4EBFH         LINE#         63
  C:4EC1H         LINE#         64
  C:4EC8H         LINE#         65
  C:4ED0H         LINE#         66
  C:4EE9H         LINE#         67
  C:4EE9H         LINE#         68
  C:4EECH         LINE#         69
  C:4EECH         LINE#         70
  C:4EF3H         LINE#         71
  C:4EFDH         LINE#         72
  C:4F02H         LINE#         73
  C:4F02H         LINE#         74
  C:4F02H         LINE#         75
  C:4F05H         LINE#         76
  C:4F05H         LINE#         77
  C:4F0CH         LINE#         78
  C:4F1DH         LINE#         79
  C:4F1DH         LINE#         80
  C:4F25H         LINE#         81
  C:4F25H         LINE#         82
  C:4F25H         LINE#         83
  C:4F28H         LINE#         84
  C:4F38H         LINE#         85
  C:4F3AH         LINE#         86
  C:4F3FH         LINE#         87
  -------         ENDPROC       _LEE_CLK
  -------         PROC          _WR_CLK
  X:0020H         SYMBOL        dir_clk
  X:0021H         SYMBOL        byte
  C:61C3H         LINE#         89
  C:61CBH         LINE#         90
  C:61CDH         LINE#         91
  C:61D4H         LINE#         92
  C:61DCH         LINE#         93
  C:61E5H         LINE#         94
  C:61E8H         LINE#         95
  C:61EAH         LINE#         97
  -------         ENDPROC       _WR_CLK
  C:5DD7H         SYMBOL        L?0050
  C:5DF5H         SYMBOL        L?0051
  -------         PROC          L?0049
  -------         ENDPROC       L?0049
  C:5DD7H         SYMBOL        L?0050
  C:5DF5H         SYMBOL        L?0051
  -------         PROC          _TWO_ONE
  D:0007H         SYMBOL        byte_h
  D:0005H         SYMBOL        byte_l
  -------         DO            
  D:0007H         SYMBOL        byte_out
  -------         ENDDO         
BL51 BANKED LINKER/LOCATER V6.22.2.0                                                  11/12/2021  11:06:40  PAGE 21


  C:5E0BH         LINE#         99
  C:5E0BH         LINE#         100
  C:5E0BH         LINE#         102
  C:5E0EH         LINE#         103
  C:5E12H         LINE#         104
  C:5E15H         LINE#         105
  C:5E17H         LINE#         106
  C:5E17H         LINE#         107
  -------         ENDPROC       _TWO_ONE
  -------         PROC          _BLOCK_WRITE_CLOCK_ASCII
  X:001DH         SYMBOL        datos_clock
  C:4FD0H         LINE#         112
  C:4FDBH         LINE#         114
  C:4FDBH         LINE#         118
  C:4FE5H         LINE#         119
  C:4FE5H         LINE#         120
  C:4FE5H         LINE#         121
  C:4FE5H         LINE#         123
  C:4FEFH         LINE#         124
  C:4FF9H         LINE#         125
  C:5003H         LINE#         126
  C:5003H         LINE#         127
  C:5003H         LINE#         128
  C:5003H         LINE#         130
  C:500DH         LINE#         131
  C:500DH         LINE#         132
  C:500DH         LINE#         133
  C:500DH         LINE#         135
  C:5017H         LINE#         136
  C:5017H         LINE#         137
  C:5017H         LINE#         138
  C:5017H         LINE#         140
  C:5021H         LINE#         141
  C:5021H         LINE#         142
  C:5021H         LINE#         143
  C:5021H         LINE#         145
  C:502BH         LINE#         146
  C:5035H         LINE#         147
  C:503FH         LINE#         148
  C:5049H         LINE#         150
  -------         ENDPROC       _BLOCK_WRITE_CLOCK_ASCII
  -------         PROC          _BCD_HEX
  D:0007H         SYMBOL        l_data
  -------         DO            
  D:0006H         SYMBOL        temp
  D:0005H         SYMBOL        j
  -------         ENDDO         
  C:62F7H         LINE#         156
  C:62F7H         LINE#         157
  C:62F7H         LINE#         159
  C:62F9H         LINE#         160
  C:62FDH         LINE#         161
  C:6300H         LINE#         162
  C:6302H         LINE#         163
  C:6302H         LINE#         164
  C:6306H         LINE#         165
  C:630DH         LINE#         166
BL51 BANKED LINKER/LOCATER V6.22.2.0                                                  11/12/2021  11:06:40  PAGE 22


  C:630DH         LINE#         167
  C:6311H         LINE#         168
  C:6314H         LINE#         169
  C:6314H         LINE#         170
  C:6314H         LINE#         171
  -------         ENDPROC       _BCD_HEX
  -------         PROC          _HEX_BCD
  D:0007H         SYMBOL        byte
  -------         DO            
  D:0006H         SYMBOL        nibble_h
  D:0005H         SYMBOL        nibble_l
  D:0004H         SYMBOL        k
  D:0007H         SYMBOL        byte_out
  -------         ENDDO         
  C:6257H         LINE#         175
  C:6257H         LINE#         177
  C:6257H         LINE#         182
  C:6259H         LINE#         183
  C:625AH         LINE#         185
  C:6260H         LINE#         186
  C:6260H         LINE#         187
  C:6261H         LINE#         188
  C:6266H         LINE#         189
  C:6266H         LINE#         190
  C:6267H         LINE#         191
  C:6268H         LINE#         192
  C:6268H         LINE#         193
  C:626BH         LINE#         194
  C:626FH         LINE#         195
  C:6272H         LINE#         196
  C:6275H         LINE#         197
  C:6277H         LINE#         198
  C:6277H         LINE#         200
  -------         ENDPROC       _HEX_BCD
  -------         PROC          _BYTEHEX_DECIMAL
  D:0001H         SYMBOL        buffer
  D:0005H         SYMBOL        valorhex
  -------         DO            
  X:001DH         SYMBOL        numero
  D:0007H         SYMBOL        centena
  D:0006H         SYMBOL        decena
  -------         ENDDO         
  C:5910H         LINE#         207
  C:5910H         LINE#         208
  C:5910H         LINE#         211
  C:5912H         LINE#         212
  C:5913H         LINE#         213
  C:5918H         LINE#         215
  C:5925H         LINE#         216
  C:5925H         LINE#         217
  C:5929H         LINE#         218
  C:592AH         LINE#         219
  C:592CH         LINE#         220
  C:5932H         LINE#         221
  C:5939H         LINE#         222
  C:5946H         LINE#         223
  C:5946H         LINE#         224
BL51 BANKED LINKER/LOCATER V6.22.2.0                                                  11/12/2021  11:06:40  PAGE 23


  C:594AH         LINE#         225
  C:594BH         LINE#         226
  C:594DH         LINE#         227
  C:5953H         LINE#         228
  C:595AH         LINE#         229
  -------         ENDPROC       _BYTEHEX_DECIMAL
  -------         PROC          _TWO_BYTEHEX_DECIMAL
  X:001DH         SYMBOL        buffer
  X:0020H         SYMBOL        id_h
  X:0021H         SYMBOL        id_l
  -------         DO            
  X:0022H         SYMBOL        valor
  D:0006H         SYMBOL        numero
  X:0024H         SYMBOL        temp
  X:0025H         SYMBOL        dmil
  X:0026H         SYMBOL        mil
  X:0027H         SYMBOL        centena
  X:0028H         SYMBOL        decena
  -------         ENDDO         
  C:2500H         LINE#         237
  C:250EH         LINE#         238
  C:250EH         LINE#         242
  C:2515H         LINE#         243
  C:2519H         LINE#         244
  C:251BH         LINE#         245
  C:251DH         LINE#         246
  C:251FH         LINE#         249
  C:2524H         LINE#         250
  C:2527H         LINE#         251
  C:252DH         LINE#         253
  C:2588H         LINE#         254
  C:2590H         LINE#         255
  C:2593H         LINE#         256
  C:25EEH         LINE#         258
  C:25F6H         LINE#         259
  C:25F9H         LINE#         260
  C:25FFH         LINE#         261
  C:265AH         LINE#         262
  C:2662H         LINE#         263
  C:2665H         LINE#         264
  C:26C0H         LINE#         265
  C:26C0H         LINE#         267
  C:26C9H         LINE#         268
  C:26C9H         LINE#         269
  C:26D1H         LINE#         270
  C:26D7H         LINE#         271
  C:26D9H         LINE#         272
  C:26EFH         LINE#         273
  C:26F9H         LINE#         274
  C:2702H         LINE#         275
  C:2702H         LINE#         276
  C:270AH         LINE#         277
  C:2710H         LINE#         278
  C:2712H         LINE#         279
  C:2728H         LINE#         280
  C:2732H         LINE#         281
  C:273BH         LINE#         282
BL51 BANKED LINKER/LOCATER V6.22.2.0                                                  11/12/2021  11:06:40  PAGE 24


  C:273BH         LINE#         283
  C:2743H         LINE#         284
  C:2749H         LINE#         285
  C:274BH         LINE#         286
  C:2761H         LINE#         287
  C:276BH         LINE#         288
  C:2774H         LINE#         289
  C:2774H         LINE#         290
  C:277CH         LINE#         291
  C:2782H         LINE#         292
  C:2784H         LINE#         293
  C:279AH         LINE#         294
  C:27A4H         LINE#         295
  C:27B7H         LINE#         296
  C:27C1H         LINE#         297
  -------         ENDPROC       _TWO_BYTEHEX_DECIMAL
  -------         PROC          _BLOCK_READ_CLOCK_ASCII
  X:0046H         SYMBOL        datos_clock
  -------         DO            
  D:0007H         SYMBOL        dato
  -------         ENDDO         
  C:2C88H         LINE#         303
  C:2C8BH         LINE#         304
  C:2C8BH         LINE#         310
  C:2C8EH         LINE#         311
  C:2CA6H         LINE#         312
  C:2CB0H         LINE#         313
  C:2CC5H         LINE#         314
  C:2CCFH         LINE#         317
  C:2CD4H         LINE#         318
  C:2CECH         LINE#         319
  C:2CF6H         LINE#         320
  C:2D0BH         LINE#         321
  C:2D15H         LINE#         324
  C:2D1AH         LINE#         325
  C:2D32H         LINE#         326
  C:2D3CH         LINE#         327
  C:2D51H         LINE#         328
  C:2D5BH         LINE#         332
  C:2D60H         LINE#         333
  C:2D78H         LINE#         334
  C:2D82H         LINE#         335
  C:2D97H         LINE#         336
  C:2DA1H         LINE#         339
  C:2DA6H         LINE#         340
  C:2DBEH         LINE#         341
  C:2DC8H         LINE#         342
  C:2DDDH         LINE#         343
  C:2DE7H         LINE#         346
  C:2DECH         LINE#         347
  C:2E04H         LINE#         348
  C:2E0EH         LINE#         349
  C:2E23H         LINE#         350
  C:2E2DH         LINE#         353
  C:2E32H         LINE#         354
  C:2E47H         LINE#         355
  C:2E51H         LINE#         356
BL51 BANKED LINKER/LOCATER V6.22.2.0                                                  11/12/2021  11:06:40  PAGE 25


  -------         ENDPROC       _BLOCK_READ_CLOCK_ASCII
  -------         PROC          _BLOCK_READ_CLOCK_HEX
  X:0031H         SYMBOL        datos_clock
  C:4A67H         LINE#         360
  C:4A6AH         LINE#         361
  C:4A6AH         LINE#         364
  C:4A7FH         LINE#         365
  C:4A89H         LINE#         367
  C:4AA0H         LINE#         368
  C:4AAAH         LINE#         370
  C:4AC1H         LINE#         371
  C:4ACBH         LINE#         373
  C:4AE2H         LINE#         374
  C:4AECH         LINE#         376
  C:4B03H         LINE#         377
  -------         ENDPROC       _BLOCK_READ_CLOCK_HEX
  -------         PROC          _BLOCK_READ_CLOCK
  X:002AH         SYMBOL        datos_clock
  C:448DH         LINE#         404
  C:4490H         LINE#         405
  C:4490H         LINE#         407
  C:44A2H         LINE#         408
  C:44ACH         LINE#         410
  C:44C0H         LINE#         411
  C:44CAH         LINE#         413
  C:44DEH         LINE#         414
  C:44E8H         LINE#         416
  C:44FCH         LINE#         417
  C:4506H         LINE#         419
  C:451AH         LINE#         420
  C:4524H         LINE#         422
  C:4538H         LINE#         423
  C:4542H         LINE#         424
  -------         ENDPROC       _BLOCK_READ_CLOCK
  -------         PROC          COND_INI_CLOCK
  C:64D0H         LINE#         427
  C:64D0H         LINE#         428
  C:64D0H         LINE#         429
  C:64D2H         LINE#         430
  C:64D4H         LINE#         431
  C:64D6H         LINE#         432
  -------         ENDPROC       COND_INI_CLOCK
  -------         ENDMOD        CLOCK

  -------         MODULE        DELAY
  C:0000H         SYMBOL        _ICE_DUMMY_
  C:63DFH         PUBLIC        _Delay_20us
  C:6333H         PUBLIC        _Delay_1ms
  C:6517H         PUBLIC        Delay
  -------         PROC          _DELAY_20US
  D:0006H         SYMBOL        cnt
  -------         DO            
  D:0004H         SYMBOL        i
  -------         ENDDO         
  C:63DFH         LINE#         20
  C:63DFH         LINE#         21
  C:63DFH         LINE#         24
BL51 BANKED LINKER/LOCATER V6.22.2.0                                                  11/12/2021  11:06:40  PAGE 26


  C:63E9H         LINE#         26
  C:63F0H         LINE#         27
  -------         ENDPROC       _DELAY_20US
  -------         PROC          _DELAY_1MS
  D:0002H         SYMBOL        cnt
  -------         DO            
  D:0082H         SYMBOL        i
  -------         ENDDO         
  C:6333H         LINE#         38
  C:6337H         LINE#         39
  C:6337H         LINE#         41
  C:634DH         LINE#         42
  -------         ENDPROC       _DELAY_1MS
  -------         PROC          DELAY
  C:6517H         LINE#         60
  C:6517H         LINE#         62
  -------         ENDPROC       DELAY
  -------         ENDMOD        DELAY

  -------         MODULE        EEPROM
  C:0000H         SYMBOL        _ICE_DUMMY_
  C:6010H         PUBLIC        confirmacion
  D:0090H         PUBLIC        P1
  C:5175H         PUBLIC        _EscribirMemoria
  X:0174H         PUBLIC        l_chr
  C:604CH         PUBLIC        Limpiar_memoria_ticket
  C:627BH         PUBLIC        ackd
  B:0021H.2       PUBLIC        memory_flag
  B:00D0H.7       PUBLIC        CY
  C:6501H         PUBLIC        p_me
  C:63F9H         PUBLIC        start
  B:0090H.2       PUBLIC        sda
  C:629BH         PUBLIC        ack_lect
  B:0090H.3       PUBLIC        scl
  C:60FFH         PUBLIC        _rd_eeprom
  C:64BEH         PUBLIC        stop
  C:5F17H         PUBLIC        Formato_eeprom
  X:0175H         PUBLIC        l_data_eeprom
  C:5ED8H         PUBLIC        _wr_eeprom
  C:5861H         PUBLIC        _LeerMemoria
  X:0176H         PUBLIC        byte_rd
  C:6235H         PUBLIC        _e_d_m
  C:5963H         PUBLIC        l_d_m
  -------         PROC          L?0060
  -------         ENDPROC       L?0060
  -------         PROC          ACKD
  -------         DO            
  D:0006H         SYMBOL        i
  -------         ENDDO         
  C:627BH         LINE#         43
  C:627BH         LINE#         44
  C:627BH         LINE#         46
  C:627DH         LINE#         47
  C:627FH         LINE#         48
  C:6281H         LINE#         49
  C:6284H         LINE#         50
  C:6284H         LINE#         51
BL51 BANKED LINKER/LOCATER V6.22.2.0                                                  11/12/2021  11:06:40  PAGE 27


  C:6287H         LINE#         52
  C:6287H         LINE#         53
  C:6289H         LINE#         54
  C:628BH         LINE#         56
  C:628CH         LINE#         57
  C:628CH         LINE#         58
  C:6297H         LINE#         60
  C:6297H         LINE#         61
  C:6297H         LINE#         63
  C:6297H         LINE#         64
  -------         ENDPROC       ACKD
  -------         PROC          L?0062
  -------         ENDPROC       L?0062
  -------         PROC          ACK_LECT
  -------         DO            
  D:0006H         SYMBOL        i
  -------         ENDDO         
  C:629BH         LINE#         67
  C:629BH         LINE#         68
  C:629BH         LINE#         70
  C:629DH         LINE#         71
  C:629FH         LINE#         72
  C:62A1H         LINE#         73
  C:62A4H         LINE#         74
  C:62A4H         LINE#         75
  C:62A7H         LINE#         76
  C:62A7H         LINE#         77
  C:62A9H         LINE#         78
  C:62ABH         LINE#         79
  C:62ACH         LINE#         80
  C:62ACH         LINE#         81
  C:62B7H         LINE#         82
  -------         ENDPROC       ACK_LECT
  -------         PROC          P_ME
  C:6501H         LINE#         84
  C:6501H         LINE#         85
  C:6501H         LINE#         86
  C:6503H         LINE#         87
  C:6504H         LINE#         88
  C:6506H         LINE#         89
  -------         ENDPROC       P_ME
  -------         PROC          _E_D_M
  D:0007H         SYMBOL        a_serial_eeprom
  -------         DO            
  D:0006H         SYMBOL        nbits
  -------         ENDDO         
  C:6235H         LINE#         91
  C:6235H         LINE#         92
  C:6235H         LINE#         94
  C:6241H         LINE#         95
  C:6241H         LINE#         96
  C:6245H         LINE#         97
  C:6248H         LINE#         98
  C:6248H         LINE#         99
  C:624AH         LINE#         100
  C:624CH         LINE#         102
  C:624CH         LINE#         103
BL51 BANKED LINKER/LOCATER V6.22.2.0                                                  11/12/2021  11:06:40  PAGE 28


  C:624EH         LINE#         104
  C:624EH         LINE#         105
  C:6250H         LINE#         106
  C:6253H         LINE#         107
  C:6256H         LINE#         109
  -------         ENDPROC       _E_D_M
  -------         PROC          L?0061
  -------         ENDPROC       L?0061
  -------         PROC          START
  C:63F9H         LINE#         111
  C:63F9H         LINE#         112
  C:63F9H         LINE#         113
  C:63FBH         LINE#         114
  C:63FDH         LINE#         115
  C:63FEH         LINE#         116
  C:6400H         LINE#         117
  C:6402H         LINE#         119
  -------         ENDPROC       START
  -------         PROC          STOP
  C:64BEH         LINE#         121
  C:64BEH         LINE#         122
  C:64BEH         LINE#         123
  C:64C0H         LINE#         124
  C:64C2H         LINE#         125
  C:64C4H         LINE#         126
  C:64C6H         LINE#         128
  -------         ENDPROC       STOP
  -------         PROC          L_D_M
  -------         DO            
  D:0003H         SYMBOL        nbits
  -------         ENDDO         
  C:5963H         LINE#         130
  C:5963H         LINE#         131
  C:5963H         LINE#         133
  C:5970H         LINE#         134
  C:5970H         LINE#         135
  C:5972H         LINE#         136
  C:5975H         LINE#         137
  C:5975H         LINE#         138
  C:597CH         LINE#         139
  C:5985H         LINE#         140
  C:5985H         LINE#         141
  C:5989H         LINE#         142
  C:598BH         LINE#         143
  C:598BH         LINE#         144
  C:598BH         LINE#         145
  C:598EH         LINE#         146
  C:598EH         LINE#         147
  C:5995H         LINE#         148
  C:599FH         LINE#         149
  C:599FH         LINE#         150
  C:59A3H         LINE#         151
  C:59A5H         LINE#         152
  C:59A5H         LINE#         153
  C:59A5H         LINE#         154
  C:59A8H         LINE#         155
  C:59AAH         LINE#         156
BL51 BANKED LINKER/LOCATER V6.22.2.0                                                  11/12/2021  11:06:40  PAGE 29


  C:59AFH         LINE#         157
  -------         ENDPROC       L_D_M
  -------         PROC          _WR_EEPROM
  D:0002H         SYMBOL        control
  D:0004H         SYMBOL        Dir
  D:0003H         SYMBOL        data_eeprom
  -------         DO            
  D:0005H         SYMBOL        dir_h
  D:0001H         SYMBOL        dir_l
  -------         ENDDO         
  C:5ED8H         LINE#         163
  C:5EDAH         LINE#         164
  C:5EDAH         LINE#         166
  C:5EDEH         LINE#         167
  C:5EDEH         LINE#         168
  C:5EDEH         LINE#         171
  C:5EDEH         LINE#         172
  C:5EDEH         LINE#         174
  C:5EE1H         LINE#         175
  C:5EE3H         LINE#         176
  C:5EE6H         LINE#         177
  C:5EE8H         LINE#         178
  C:5EEBH         LINE#         179
  C:5EF0H         LINE#         180
  C:5EF3H         LINE#         181
  C:5EF8H         LINE#         182
  C:5EFBH         LINE#         183
  C:5EFEH         LINE#         184
  C:5F05H         LINE#         186
  C:5F07H         LINE#         187
  C:5F09H         LINE#         188
  C:5F10H         LINE#         189
  -------         ENDPROC       _WR_EEPROM
  -------         PROC          _RD_EEPROM
  D:0003H         SYMBOL        control
  D:0004H         SYMBOL        Dir
  -------         DO            
  D:0005H         SYMBOL        dir_h
  D:0002H         SYMBOL        dir_l
  -------         ENDDO         
  C:60FFH         LINE#         239
  C:6101H         LINE#         240
  C:6101H         LINE#         243
  C:6105H         LINE#         244
  C:6105H         LINE#         245
  C:6105H         LINE#         247
  C:6105H         LINE#         248
  C:6105H         LINE#         250
  C:6108H         LINE#         251
  C:610AH         LINE#         252
  C:610DH         LINE#         253
  C:610FH         LINE#         254
  C:6112H         LINE#         255
  C:6117H         LINE#         256
  C:611AH         LINE#         257
  C:611DH         LINE#         258
  C:6123H         LINE#         259
BL51 BANKED LINKER/LOCATER V6.22.2.0                                                  11/12/2021  11:06:40  PAGE 30


  C:6126H         LINE#         260
  C:6128H         LINE#         261
  C:612BH         LINE#         262
  C:612EH         LINE#         263
  C:6130H         LINE#         264
  C:6132H         LINE#         265
  C:6137H         LINE#         266
  -------         ENDPROC       _RD_EEPROM
  -------         PROC          _LEERMEMORIA
  X:007DH         SYMBOL        addres
  X:007FH         SYMBOL        res
  -------         DO            
  D:0007H         SYMBOL        i
  -------         ENDDO         
  C:5861H         LINE#         271
  C:5872H         LINE#         272
  C:5872H         LINE#         277
  C:5872H         LINE#         278
  C:588EH         LINE#         279
  C:589DH         LINE#         280
  C:58ABH         LINE#         281
  C:58B5H         LINE#         282
  C:58B5H         LINE#         283
  C:58B8H         LINE#         285
  -------         ENDPROC       _LEERMEMORIA
  -------         PROC          _ESCRIBIRMEMORIA
  X:007DH         SYMBOL        control
  X:007EH         SYMBOL        addres
  X:0080H         SYMBOL        res
  C:5175H         LINE#         293
  C:5189H         LINE#         294
  C:5189H         LINE#         296
  C:5199H         LINE#         297
  C:5199H         LINE#         298
  C:519CH         LINE#         299
  C:519CH         LINE#         301
  C:51A0H         LINE#         302
  C:51A0H         LINE#         303
  C:51BBH         LINE#         304
  C:51C9H         LINE#         305
  C:51D3H         LINE#         306
  C:51D5H         LINE#         307
  C:51E4H         LINE#         308
  -------         ENDPROC       _ESCRIBIRMEMORIA
  -------         PROC          CONFIRMACION
  -------         DO            
  X:001DH         SYMBOL        hora
  D:0007H         SYMBOL        temp
  -------         ENDDO         
  C:6010H         LINE#         310
  C:6010H         LINE#         311
  C:6010H         LINE#         313
  C:6012H         LINE#         314
  C:601BH         LINE#         316
  C:6021H         LINE#         317
  C:6025H         LINE#         318
  C:6025H         LINE#         320
BL51 BANKED LINKER/LOCATER V6.22.2.0                                                  11/12/2021  11:06:40  PAGE 31


  C:6029H         LINE#         321
  C:6032H         LINE#         322
  C:6032H         LINE#         324
  C:6037H         LINE#         325
  C:6039H         LINE#         326
  C:6039H         LINE#         328
  C:603DH         LINE#         329
  C:6046H         LINE#         330
  C:6046H         LINE#         331
  C:6046H         LINE#         332
  C:6046H         LINE#         333
  C:6048H         LINE#         335
  C:6048H         LINE#         336
  C:604BH         LINE#         337
  C:604BH         LINE#         338
  C:604BH         LINE#         339
  C:604BH         LINE#         342
  -------         ENDPROC       CONFIRMACION
  -------         PROC          FORMATO_EEPROM
  -------         DO            
  X:0028H         SYMBOL        dato
  X:0029H         SYMBOL        i
  -------         ENDDO         
  C:5F17H         LINE#         343
  C:5F17H         LINE#         344
  C:5F17H         LINE#         345
  C:5F1DH         LINE#         348
  C:5F32H         LINE#         349
  C:5F32H         LINE#         350
  C:5F3CH         LINE#         351
  C:5F4CH         LINE#         352
  -------         ENDPROC       FORMATO_EEPROM
  -------         PROC          LIMPIAR_MEMORIA_TICKET
  -------         DO            
  X:000EH         SYMBOL        i
  -------         ENDDO         
  C:604CH         LINE#         355
  C:604CH         LINE#         356
  C:604CH         LINE#         359
  C:6057H         LINE#         361
  C:6070H         LINE#         362
  C:6070H         LINE#         363
  C:6077H         LINE#         364
  C:6087H         LINE#         367
  -------         ENDPROC       LIMPIAR_MEMORIA_TICKET
  -------         ENDMOD        EEPROM

  -------         MODULE        IO_SENSORES
  C:0000H         SYMBOL        _ICE_DUMMY_
  D:0090H         PUBLIC        P1
  D:00B0H         PUBLIC        P3
  C:6403H         PUBLIC        Dir_board
  B:0090H.1       PUBLIC        DataIn
  C:64DEH         PUBLIC        sel_Auto
  C:558CH         PUBLIC        ValidaSensoresPaso
  B:00B0H.3       PUBLIC        busy
  C:62D8H         PUBLIC        ValidaSensor
BL51 BANKED LINKER/LOCATER V6.22.2.0                                                  11/12/2021  11:06:40  PAGE 32


  C:64ECH         PUBLIC        sel_Sensor1
  C:64E5H         PUBLIC        sel_Sensor2
  B:00B0H.5       PUBLIC        sel_A
  B:00B0H.6       PUBLIC        sel_B
  B:00B0H.7       PUBLIC        sel_C
  C:5519H         PUBLIC        msj_lcd_informativo
  C:64F3H         PUBLIC        sel_Dir1
  C:64FAH         PUBLIC        sel_Dir2
  C:64D7H         PUBLIC        sel_Funcion
  -------         PROC          SEL_FUNCION
  C:64D7H         LINE#         26
  C:64D7H         LINE#         27
  C:64D7H         LINE#         28
  C:64D9H         LINE#         29
  C:64DBH         LINE#         30
  C:64DDH         LINE#         31
  -------         ENDPROC       SEL_FUNCION
  -------         PROC          SEL_AUTO
  C:64DEH         LINE#         33
  C:64DEH         LINE#         34
  C:64DEH         LINE#         35
  C:64E0H         LINE#         36
  C:64E2H         LINE#         37
  C:64E4H         LINE#         38
  -------         ENDPROC       SEL_AUTO
  -------         PROC          SEL_SENSOR2
  C:64E5H         LINE#         49
  C:64E5H         LINE#         50
  C:64E5H         LINE#         51
  C:64E7H         LINE#         52
  C:64E9H         LINE#         53
  C:64EBH         LINE#         54
  -------         ENDPROC       SEL_SENSOR2
  -------         PROC          SEL_SENSOR1
  C:64ECH         LINE#         56
  C:64ECH         LINE#         57
  C:64ECH         LINE#         58
  C:64EEH         LINE#         59
  C:64F0H         LINE#         60
  C:64F2H         LINE#         61
  -------         ENDPROC       SEL_SENSOR1
  -------         PROC          SEL_DIR1
  C:64F3H         LINE#         63
  C:64F3H         LINE#         64
  C:64F3H         LINE#         65
  C:64F5H         LINE#         66
  C:64F7H         LINE#         67
  C:64F9H         LINE#         68
  -------         ENDPROC       SEL_DIR1
  -------         PROC          SEL_DIR2
  C:64FAH         LINE#         70
  C:64FAH         LINE#         71
  C:64FAH         LINE#         72
  C:64FCH         LINE#         73
  C:64FEH         LINE#         74
  C:6500H         LINE#         75
  -------         ENDPROC       SEL_DIR2
BL51 BANKED LINKER/LOCATER V6.22.2.0                                                  11/12/2021  11:06:40  PAGE 33


  -------         PROC          VALIDASENSOR
  -------         DO            
  D:0007H         SYMBOL        Valido
  D:0004H         SYMBOL        Tmin
  -------         ENDDO         
  C:62D8H         LINE#         77
  C:62D8H         LINE#         78
  C:62D8H         LINE#         80
  C:62DAH         LINE#         81
  C:62DEH         LINE#         82
  C:62E9H         LINE#         83
  C:62E9H         LINE#         84
  C:62EEH         LINE#         85
  C:62F2H         LINE#         86
  C:62F2H         LINE#         87
  C:62F4H         LINE#         88
  C:62F4H         LINE#         89
  C:62F6H         LINE#         90
  C:62F6H         LINE#         91
  -------         ENDPROC       VALIDASENSOR
  -------         PROC          DIR_BOARD
  -------         DO            
  D:0007H         SYMBOL        Board
  -------         ENDDO         
  C:6403H         LINE#         95
  C:6403H         LINE#         96
  C:6403H         LINE#         97
  C:6405H         LINE#         99
  C:6408H         LINE#         100
  C:640BH         LINE#         101
  C:640BH         LINE#         102
  C:640CH         LINE#         103
  C:640CH         LINE#         104
  C:640FH         LINE#         105
  C:6412H         LINE#         106
  C:6412H         LINE#         107
  C:6414H         LINE#         108
  C:6414H         LINE#         109
  C:6414H         LINE#         110
  -------         ENDPROC       DIR_BOARD
[...]
  -------         DO            
  X:0022H         SYMBOL        fecha_inicio
  X:0026H         SYMBOL        fecha_fin
  X:002AH         SYMBOL        datos_clk
  X:0030H         SYMBOL        temp
  -------         ENDDO         
  C:37D3H         LINE#         115
  C:37DEH         LINE#         116
  C:37DEH         LINE#         122
  C:37E7H         LINE#         123
  C:3816H         LINE#         124
  C:385BH         LINE#         126
  C:3864H         LINE#         127
  C:3875H         LINE#         128
  C:387EH         LINE#         130
  C:3887H         LINE#         131
  C:3898H         LINE#         132
  C:38A1H         LINE#         133
  C:38C1H         LINE#         134
  C:38C1H         LINE#         135
  C:38C6H         LINE#         136
  C:38C8H         LINE#         138
  C:38C8H         LINE#         139
  C:38D1H         LINE#         140
  C:38D6H         LINE#         141
  C:38D6H         LINE#         145
  C:38DBH         LINE#         146
  -------         ENDPROC       _CHECK_FECHAOUT_2
  -------         PROC          _BLOQUE_HORARIO
  X:001FH         SYMBOL        buffer
  -------         DO            
  X:0022H         SYMBOL        Estado_Horario
  X:0023H         SYMBOL        HoraNow
  D:0006H         SYMBOL        Hora_Ticket
  -------         ENDDO         
  C:36C5H         LINE#         147
  C:36D0H         LINE#         148
  C:36D0H         LINE#         155
  C:36D9H         LINE#         156
  C:36E1H         LINE#         157
  C:36E9H         LINE#         158
  C:36F2H         LINE#         159
  C:3720H         LINE#         164
  C:3729H         LINE#         168
  C:3741H         LINE#         169
  C:3759H         LINE#         170
  C:3762H         LINE#         171
  C:37A3H         LINE#         172
  C:37B2H         LINE#         173
  C:37B2H         LINE#         174
  C:37B9H         LINE#         175
  C:37BEH         LINE#         177
  C:37C0H         LINE#         179
  C:37C0H         LINE#         180
  C:37C7H         LINE#         181
BL51 BANKED LINKER/LOCATER V6.22.2.0                                                  11/12/2021  11:06:40  PAGE 69


  C:37CDH         LINE#         183
  C:37CDH         LINE#         184
  C:37D2H         LINE#         185
  -------         ENDPROC       _BLOQUE_HORARIO
  -------         PROC          _SET_ALMACENA_TICKET_EEPROM
  X:001FH         SYMBOL        ticket
  -------         DO            
  X:0022H         SYMBOL        dataee
  -------         ENDDO         
  C:3DC8H         LINE#         186
  C:3DD3H         LINE#         187
  C:3DD3H         LINE#         189
  C:3DE1H         LINE#         190
  C:3DEDH         LINE#         191
  C:3DEDH         LINE#         193
  C:3E06H         LINE#         197
  C:3E2CH         LINE#         198
  C:3E35H         LINE#         199
  C:3E43H         LINE#         200
  C:3E4CH         LINE#         202
  C:3E52H         LINE#         203
  C:3E5DH         LINE#         205
  C:3E66H         LINE#         206
  C:3E6EH         LINE#         207
  C:3E77H         LINE#         209
  C:3E77H         LINE#         211
  C:3E77H         LINE#         212
  C:3E7CH         LINE#         213
  C:3E9FH         LINE#         214
  C:3EA5H         LINE#         215
  C:3EB0H         LINE#         217
  C:3EB0H         LINE#         220
  -------         ENDPROC       _SET_ALMACENA_TICKET_EEPROM
  -------         PROC          _GET_ALMACENA_TICKET_EEPROM
  X:001FH         SYMBOL        ticket
  -------         DO            
  X:0022H         SYMBOL        Ticket_eeprom
  X:002CH         SYMBOL        dataee
  X:002DH         SYMBOL        i
  X:015CH         SYMBOL        dbee
  -------         ENDDO         
  C:422DH         LINE#         222
  C:4238H         LINE#         223
  C:4238H         LINE#         228
  C:4246H         LINE#         230
  C:4252H         LINE#         231
  C:4252H         LINE#         237
  C:4268H         LINE#         238
  C:4268H         LINE#         239
  C:4278H         LINE#         244
  C:4288H         LINE#         247
  C:4291H         LINE#         248
  C:42ABH         LINE#         249
  C:42B4H         LINE#         251
  C:42BDH         LINE#         252
  C:42C6H         LINE#         253
  C:42CFH         LINE#         255
BL51 BANKED LINKER/LOCATER V6.22.2.0                                                  11/12/2021  11:06:40  PAGE 70


  C:42EAH         LINE#         256
  C:42EAH         LINE#         257
  C:42F3H         LINE#         258
  C:42F6H         LINE#         259
  C:42F6H         LINE#         260
  C:42F6H         LINE#         261
  C:42FFH         LINE#         265
  C:42FFH         LINE#         266
  C:4301H         LINE#         267
  -------         ENDPROC       _GET_ALMACENA_TICKET_EEPROM
  -------         PROC          LEE_TICKET
  -------         DO            
  X:015DH         SYMBOL        paso_una_vez
  X:015EH         SYMBOL        Ticket
  X:000EH         SYMBOL        fecha
  X:0168H         SYMBOL        fecha2
  X:0019H         SYMBOL        temp
  X:001AH         SYMBOL        temp2
  X:001BH         SYMBOL        vehiculo
  X:001CH         SYMBOL        tipo_vehiculo
  -------         ENDDO         
  C:1CF0H         LINE#         274
  C:1CF0H         LINE#         275
  C:1CF0H         LINE#         283
  C:1D16H         LINE#         284
  C:1D16H         LINE#         285
  C:1D16H         LINE#         288
  C:1D21H         LINE#         289
  C:1D21H         LINE#         290
  C:1D23H         LINE#         292
  C:1D29H         LINE#         293
  C:1D29H         LINE#         294
  C:1D32H         LINE#         295
  C:1D37H         LINE#         296
  C:1D3DH         LINE#         297
  C:1D3DH         LINE#         298
  C:1D42H         LINE#         299
  C:1D48H         LINE#         300
  C:1D48H         LINE#         301
  C:1D48H         LINE#         302
  C:1D48H         LINE#         306
  C:1D4BH         LINE#         308
  C:1D4BH         LINE#         309
  C:1D54H         LINE#         310
  C:1D59H         LINE#         311
  C:1D59H         LINE#         312
  C:1D59H         LINE#         314
  C:1D59H         LINE#         315
  C:1D59H         LINE#         316
  C:1D5CH         LINE#         321
  C:1D5CH         LINE#         322
  C:1D6DH         LINE#         323
  C:1D6DH         LINE#         324
  C:1D75H         LINE#         325
  C:1D75H         LINE#         327
  C:1D7EH         LINE#         328
  C:1D87H         LINE#         329
BL51 BANKED LINKER/LOCATER V6.22.2.0                                                  11/12/2021  11:06:40  PAGE 71


  C:1D90H         LINE#         330
  C:1D96H         LINE#         331
  C:1D9CH         LINE#         334
  C:1D9DH         LINE#         335
  C:1DA5H         LINE#         336
  C:1DA5H         LINE#         338
  C:1DB3H         LINE#         339
  C:1DC1H         LINE#         340
  C:1DCEH         LINE#         341
  C:1DD8H         LINE#         342
  C:1DD8H         LINE#         343
  C:1DDBH         LINE#         344
  C:1DE0H         LINE#         345
  C:1DE0H         LINE#         346
  C:1DE0H         LINE#         347
  C:1DE3H         LINE#         348
  C:1DE3H         LINE#         350
  C:1DECH         LINE#         351
  C:1DF5H         LINE#         352
  C:1DFEH         LINE#         357
  C:1E04H         LINE#         358
  C:1E05H         LINE#         360
  C:1E05H         LINE#         362
  C:1E08H         LINE#         363
  C:1E0DH         LINE#         364
  C:1E11H         LINE#         365
  C:1E1AH         LINE#         366
  C:1E20H         LINE#         367
  C:1E20H         LINE#         368
  C:1E20H         LINE#         372
  C:1E20H         LINE#         373
  C:1E23H         LINE#         374
  C:1E23H         LINE#         377
  C:1E2CH         LINE#         378
  C:1E31H         LINE#         379
  C:1E37H         LINE#         380
  C:1E41H         LINE#         382
  C:1E47H         LINE#         383
  C:1E47H         LINE#         384
  C:1E55H         LINE#         385
  C:1E55H         LINE#         386
  C:1E55H         LINE#         387
  C:1E55H         LINE#         390
  C:1E58H         LINE#         392
  C:1E58H         LINE#         397
  C:1E63H         LINE#         398
  C:1E63H         LINE#         400
  C:1E6CH         LINE#         402
  C:1E71H         LINE#         404
  C:1E7DH         LINE#         405
  C:1E85H         LINE#         406
  C:1EABH         LINE#         407
  C:1EABH         LINE#         408
  C:1EAEH         LINE#         409
  C:1EB0H         LINE#         411
  C:1EB0H         LINE#         412
  C:1EB3H         LINE#         413
BL51 BANKED LINKER/LOCATER V6.22.2.0                                                  11/12/2021  11:06:40  PAGE 72


  C:1EB3H         LINE#         414
  C:1EBCH         LINE#         415
  C:1EC4H         LINE#         416
  C:1ECDH         LINE#         418
  C:1ED6H         LINE#         419
  C:1EDEH         LINE#         420
  C:1EE7H         LINE#         421
  C:1EEFH         LINE#         422
  C:1EF8H         LINE#         424
  C:1EFDH         LINE#         425
  C:1F09H         LINE#         426
  C:1F09H         LINE#         427
  C:1F2FH         LINE#         428
  C:1F3EH         LINE#         430
  C:1F47H         LINE#         431
  C:1F50H         LINE#         435
  C:1F64H         LINE#         436
  C:1F6CH         LINE#         437
  C:1F75H         LINE#         438
  C:1F7DH         LINE#         439
  C:1F85H         LINE#         440
  C:1F8EH         LINE#         441
  C:1FB7H         LINE#         442
  C:1FC6H         LINE#         445
  C:1FDEH         LINE#         447
  C:1FF6H         LINE#         449
  C:200EH         LINE#         451
  C:2026H         LINE#         453
  C:203EH         LINE#         455
  C:2047H         LINE#         456
  C:2050H         LINE#         457
  C:2059H         LINE#         459
  C:2067H         LINE#         460
  C:2067H         LINE#         462
  C:2067H         LINE#         463
  C:2067H         LINE#         464
  C:2069H         LINE#         465
  C:2069H         LINE#         466
  C:2077H         LINE#         467
  C:2077H         LINE#         469
  C:207CH         LINE#         470
  C:207CH         LINE#         471
  C:207EH         LINE#         472
  C:207EH         LINE#         473
  C:208CH         LINE#         476
  C:2092H         LINE#         477
  C:2092H         LINE#         478
  C:20A0H         LINE#         479
  C:20A0H         LINE#         481
  C:20A0H         LINE#         482
  C:20A0H         LINE#         483
  C:20A3H         LINE#         484
  C:20A3H         LINE#         486
  C:20A3H         LINE#         487
  C:20A5H         LINE#         488
  C:20A8H         LINE#         489
  C:20AEH         LINE#         490
BL51 BANKED LINKER/LOCATER V6.22.2.0                                                  11/12/2021  11:06:40  PAGE 73


  C:20B4H         LINE#         492
  C:20B4H         LINE#         493
  C:20B4H         LINE#         494
  C:20B5H         LINE#         495
  C:20B5H         LINE#         498
  C:20C2H         LINE#         499
  C:20C2H         LINE#         501
  C:20CBH         LINE#         502
  C:20D1H         LINE#         503
  C:20D4H         LINE#         504
  C:20D9H         LINE#         505
  C:20DDH         LINE#         506
  C:20DFH         LINE#         507
  C:20E0H         LINE#         508
  C:20E0H         LINE#         510
  C:20E0H         LINE#         512
  C:20E9H         LINE#         513
  C:20EEH         LINE#         514
  C:20F0H         LINE#         515
  C:20F2H         LINE#         516
  C:20F8H         LINE#         517
  C:20FBH         LINE#         518
  C:2100H         LINE#         519
  C:2104H         LINE#         520
  C:2104H         LINE#         522
  C:210CH         LINE#         523
  C:210CH         LINE#         524
  C:210EH         LINE#         525
  C:2110H         LINE#         526
  C:2119H         LINE#         528
  C:211FH         LINE#         529
  C:2122H         LINE#         530
  C:2127H         LINE#         531
  C:2127H         LINE#         532
  C:2127H         LINE#         533
  C:2129H         LINE#         534
  C:2129H         LINE#         535
  C:212EH         LINE#         536
  C:212FH         LINE#         538
  C:212FH         LINE#         539
  C:2137H         LINE#         540
  C:2137H         LINE#         541
  C:2140H         LINE#         543
  C:214EH         LINE#         544
  C:2154H         LINE#         545
  C:215AH         LINE#         546
  C:215AH         LINE#         547
  C:215AH         LINE#         548
  C:215AH         LINE#         549
  -------         ENDPROC       LEE_TICKET
  -------         ENDMOD        VERPRINT

  -------         MODULE        ?C?FPADD
  C:0D61H         PUBLIC        ?C?FPADD
  C:0D5DH         PUBLIC        ?C?FPSUB
  -------         ENDMOD        ?C?FPADD

BL51 BANKED LINKER/LOCATER V6.22.2.0                                                  11/12/2021  11:06:40  PAGE 74


  -------         MODULE        ?C?FPMUL
  C:0E52H         PUBLIC        ?C?FPMUL
  -------         ENDMOD        ?C?FPMUL

  -------         MODULE        ?C?FCAST
  C:0F62H         PUBLIC        ?C?FCASTC
  C:0F5DH         PUBLIC        ?C?FCASTI
  C:0F58H         PUBLIC        ?C?FCASTL
  -------         ENDMOD        ?C?FCAST

  -------         MODULE        ?C?CASTF
  C:0F96H         PUBLIC        ?C?CASTF
  -------         ENDMOD        ?C?CASTF

  -------         MODULE        PRINTF
  X:0081H         PUBLIC        ?_PRINTF?BYTE
  X:0081H         PUBLIC        ?_SPRINTF?BYTE
  C:18D8H         PUBLIC        _PRINTF
  C:18D2H         PUBLIC        _SPRINTF
  -------         ENDMOD        PRINTF

  -------         MODULE        POW
  X:0029H         PUBLIC        ?_pow?BYTE
  C:2E60H         PUBLIC        _pow
  -------         ENDMOD        POW

  -------         MODULE        ?C?CHKFLOAT
  C:1017H         PUBLIC        ?C?CHKFLOAT
  -------         ENDMOD        ?C?CHKFLOAT

  -------         MODULE        ?C?FPCMP
  C:1033H         PUBLIC        ?C?FPCMP
  C:1031H         PUBLIC        ?C?FPCMP3
  -------         ENDMOD        ?C?FPCMP

  -------         MODULE        ?C?FPNEG
  C:10AAH         PUBLIC        ?C?FPNEG
  -------         ENDMOD        ?C?FPNEG

  -------         MODULE        ?C?FPROUND
  C:10BBH         PUBLIC        ?C?FPROUND
  -------         ENDMOD        ?C?FPROUND

  -------         MODULE        ?C?FPCONVERT
  C:10F8H         PUBLIC        ?C?FPCONVERT
  -------         ENDMOD        ?C?FPCONVERT

  -------         MODULE        EXP
  C:4D22H         PUBLIC        _EXP
  -------         ENDMOD        EXP

  -------         MODULE        LOG
  C:33AEH         PUBLIC        _LOG
  C:33AAH         PUBLIC        _LOG10
  -------         ENDMOD        LOG

  -------         MODULE        ?C?FPDIV
BL51 BANKED LINKER/LOCATER V6.22.2.0                                                  11/12/2021  11:06:40  PAGE 75


  C:1200H         PUBLIC        ?C?FPDIV
  -------         ENDMOD        ?C?FPDIV

  -------         MODULE        ?C?FTNPWR
  C:12CDH         PUBLIC        ?C?FTNPWR
  -------         ENDMOD        ?C?FTNPWR

  -------         MODULE        ?C?COPY
  C:142AH         PUBLIC        ?C?COPY
  -------         ENDMOD        ?C?COPY

  -------         MODULE        ?C?CLDPTR
  C:1450H         PUBLIC        ?C?CLDPTR
  -------         ENDMOD        ?C?CLDPTR

  -------         MODULE        ?C?CLDOPTR
  C:1469H         PUBLIC        ?C?CLDOPTR
  -------         ENDMOD        ?C?CLDOPTR

  -------         MODULE        ?C?CSTPTR
  C:1496H         PUBLIC        ?C?CSTPTR
  -------         ENDMOD        ?C?CSTPTR

  -------         MODULE        ?C?CSTOPTR
  C:14A8H         PUBLIC        ?C?CSTOPTR
  -------         ENDMOD        ?C?CSTOPTR

  -------         MODULE        ?C?IMUL
  C:14CAH         PUBLIC        ?C?IMUL
  -------         ENDMOD        ?C?IMUL

  -------         MODULE        ?C?IILDX
  C:14DCH         PUBLIC        ?C?IILDX
  -------         ENDMOD        ?C?IILDX

  -------         MODULE        ?C?LNEG
  C:14F2H         PUBLIC        ?C?LNEG
  -------         ENDMOD        ?C?LNEG

  -------         MODULE        ?C?ULCMP
  C:1500H         PUBLIC        ?C?ULCMP
  -------         ENDMOD        ?C?ULCMP

  -------         MODULE        ?C?ULSHR
  C:1511H         PUBLIC        ?C?ULSHR
  -------         ENDMOD        ?C?ULSHR

  -------         MODULE        ?C?LLDCODE
  C:1524H         PUBLIC        ?C?LLDCODE
  -------         ENDMOD        ?C?LLDCODE

  -------         MODULE        ?C?LLDXDATA0
  C:1534H         PUBLIC        ?C?LLDXDATA0
  -------         ENDMOD        ?C?LLDXDATA0

  -------         MODULE        ?C?LLDCODE0
  C:1540H         PUBLIC        ?C?LLDCODE0
BL51 BANKED LINKER/LOCATER V6.22.2.0                                                  11/12/2021  11:06:40  PAGE 76


  -------         ENDMOD        ?C?LLDCODE0

  -------         MODULE        ?C?LSTXDATA
  C:1550H         PUBLIC        ?C?LSTXDATA
  -------         ENDMOD        ?C?LSTXDATA

  -------         MODULE        ?C?LSTKXDATA
  C:155CH         PUBLIC        ?C?LSTKXDATA
  -------         ENDMOD        ?C?LSTKXDATA

  -------         MODULE        ?C?PLDIXDATA
  C:158DH         PUBLIC        ?C?PLDIXDATA
  -------         ENDMOD        ?C?PLDIXDATA

  -------         MODULE        ?C?PSTXDATA
  C:15A4H         PUBLIC        ?C?PSTXDATA
  -------         ENDMOD        ?C?PSTXDATA

  -------         MODULE        ?C?CCASE
  C:15ADH         PUBLIC        ?C?CCASE
  -------         ENDMOD        ?C?CCASE

  -------         MODULE        STRCAT
  X:0050H         PUBLIC        ?_strcat?BYTE
  C:5669H         PUBLIC        _strcat
  -------         ENDMOD        STRCAT

  -------         MODULE        STRNCAT
  X:0048H         PUBLIC        ?_strncat?BYTE
  C:43C8H         PUBLIC        _strncat
  -------         ENDMOD        STRNCAT

  -------         MODULE        ?C?STRCMP
  C:1751H         PUBLIC        ?C?STRCMP
  -------         ENDMOD        ?C?STRCMP

  -------         MODULE        ?C?STRCPY
  C:183AH         PUBLIC        ?C?STRCPY
  -------         ENDMOD        ?C?STRCPY

  -------         MODULE        STRNCPY
  X:001FH         PUBLIC        ?_strncpy?BYTE
  C:56D4H         PUBLIC        _strncpy
  -------         ENDMOD        STRNCPY

  -------         MODULE        STRLEN
  C:000EH         PUBLIC        _STRLEN
  -------         ENDMOD        STRLEN

  -------         MODULE        STRSTR
  X:001FH         PUBLIC        ?_strstr?BYTE
  C:4551H         PUBLIC        _strstr
  -------         ENDMOD        STRSTR

  -------         MODULE        STRTOK
  X:004AH         PUBLIC        ?_strtok?BYTE
  C:3F98H         PUBLIC        _strtok
BL51 BANKED LINKER/LOCATER V6.22.2.0                                                  11/12/2021  11:06:40  PAGE 77


  -------         ENDMOD        STRTOK

  -------         MODULE        ATOI
  C:407CH         PUBLIC        _atoi
  -------         ENDMOD        ATOI

  -------         MODULE        ?C?ILDIX
  C:1857H         PUBLIC        ?C?ILDIX
  -------         ENDMOD        ?C?ILDIX

  -------         MODULE        ISDIGIT
  C:648BH         PUBLIC        _isdigit
  -------         ENDMOD        ISDIGIT

  -------         MODULE        ISSPACE
  C:63CBH         PUBLIC        _isspace
  -------         ENDMOD        ISSPACE

  -------         MODULE        STRSPN
  X:0050H         PUBLIC        ?_strspn?BYTE
  C:5394H         PUBLIC        _strspn
  -------         ENDMOD        STRSPN

  -------         MODULE        STRPBRK
  X:0050H         PUBLIC        ?_strpbrk?BYTE
  C:5418H         PUBLIC        _strpbrk
  -------         ENDMOD        STRPBRK

Program Size: data=158.4 xdata=379 code=25880
LINK/LOCATE RUN COMPLETE.  0 WARNING(S),  0 ERROR(S)
