BL51 BANKED LINKER/LOCATER V6.22.2.0                                                    10/28/2021  15:39:22  PAGE 1


BL51 BANKED LINKER/LOCATER V6.22.2.0, INVOKED BY:
C:\KEIL_V5\C51\BIN\BL51.EXE .\Objects\main.obj, .\Objects\Clock.obj, .\Objects\delay.obj, .\Objects\eeprom.obj, .\Object
>> s\io_sensores.obj, .\Objects\monitor.obj, .\Objects\num_serie.obj, .\Objects\pantallas.obj, .\Objects\prog.obj, .\Obj
>> ects\pto_paralelo.obj, .\Objects\tibbo.obj, .\Objects\uart.obj, .\Objects\Accescan.obj, .\Objects\verprint.obj TO .\O
>> bjects\VRFCDOR_PRINT_100 PRINT (.\Listings\VRFCDOR_PRINT_100.m51) RAMSIZE (256)


MEMORY MODEL: LARGE WITH FLOATING POINT ARITHMETIC


INPUT MODULES INCLUDED:
  .\Objects\main.obj (MAIN)
  .\Objects\Clock.obj (CLOCK)
  .\Objects\delay.obj (DELAY)
  .\Objects\eeprom.obj (EEPROM)
  .\Objects\io_sensores.obj (IO_SENSORES)
  .\Objects\monitor.obj (MONITOR)
  .\Objects\num_serie.obj (NUM_SERIE)
  .\Objects\pantallas.obj (PANTALLAS)
  .\Objects\prog.obj (PROG)
  .\Objects\pto_paralelo.obj (PTO_PARALELO)
  .\Objects\tibbo.obj (TIBBO)
  .\Objects\uart.obj (UART)
  .\Objects\Accescan.obj (ACCESCAN)
  .\Objects\verprint.obj (VERPRINT)
  C:\KEIL_V5\C51\LIB\C51FPL.LIB (?C?FPADD)
  C:\KEIL_V5\C51\LIB\C51FPL.LIB (?C?FPMUL)
  C:\KEIL_V5\C51\LIB\C51FPL.LIB (?C?FCAST)
  C:\KEIL_V5\C51\LIB\C51FPL.LIB (?C?CASTF)
  C:\KEIL_V5\C51\LIB\C51FPL.LIB (PRINTF)
  C:\KEIL_V5\C51\LIB\C51FPL.LIB (POW)
  C:\KEIL_V5\C51\LIB\C51FPL.LIB (?C?FPGETOPN)
  C:\KEIL_V5\C51\LIB\C51FPL.LIB (?C?CHKFLOAT)
  C:\KEIL_V5\C51\LIB\C51FPL.LIB (?C?FPCMP)
  C:\KEIL_V5\C51\LIB\C51FPL.LIB (?C?FPNEG)
  C:\KEIL_V5\C51\LIB\C51FPL.LIB (?C?FPROUND)
  C:\KEIL_V5\C51\LIB\C51FPL.LIB (?C?FPCONVERT)
  C:\KEIL_V5\C51\LIB\C51FPL.LIB (EXP)
  C:\KEIL_V5\C51\LIB\C51FPL.LIB (LOG)
  C:\KEIL_V5\C51\LIB\C51FPL.LIB (?C?FPDIV)
  C:\KEIL_V5\C51\LIB\C51FPL.LIB (?C?FTNPWR)
  C:\KEIL_V5\C51\LIB\C51FPL.LIB (?C?FPSERIES)
  C:\KEIL_V5\C51\LIB\C51L.LIB (?C_STARTUP)
  C:\KEIL_V5\C51\LIB\C51L.LIB (?C?COPY)
  C:\KEIL_V5\C51\LIB\C51L.LIB (?C?CLDPTR)
  C:\KEIL_V5\C51\LIB\C51L.LIB (?C?CLDOPTR)
  C:\KEIL_V5\C51\LIB\C51L.LIB (?C?CSTPTR)
  C:\KEIL_V5\C51\LIB\C51L.LIB (?C?CSTOPTR)
  C:\KEIL_V5\C51\LIB\C51L.LIB (?C?IMUL)
  C:\KEIL_V5\C51\LIB\C51L.LIB (?C?IILDX)
  C:\KEIL_V5\C51\LIB\C51L.LIB (?C?LNEG)
  C:\KEIL_V5\C51\LIB\C51L.LIB (?C?ULCMP)
  C:\KEIL_V5\C51\LIB\C51L.LIB (?C?LLDCODE)
  C:\KEIL_V5\C51\LIB\C51L.LIB (?C?LLDXDATA0)
  C:\KEIL_V5\C51\LIB\C51L.LIB (?C?LLDCODE0)
  C:\KEIL_V5\C51\LIB\C51L.LIB (?C?LSTXDATA)
  C:\KEIL_V5\C51\LIB\C51L.LIB (?C?LSTKXDATA)
  C:\KEIL_V5\C51\LIB\C51L.LIB (?C?PLDIXDATA)
BL51 BANKED LINKER/LOCATER V6.22.2.0                                                  10/28/2021  15:39:22  PAGE 2


  C:\KEIL_V5\C51\LIB\C51L.LIB (?C?PSTXDATA)
  C:\KEIL_V5\C51\LIB\C51L.LIB (?C?CCASE)
  C:\KEIL_V5\C51\LIB\C51L.LIB (STRCAT)
  C:\KEIL_V5\C51\LIB\C51L.LIB (STRNCAT)
  C:\KEIL_V5\C51\LIB\C51L.LIB (?C?STRCMP)
  C:\KEIL_V5\C51\LIB\C51L.LIB (?C?STRCPY)
  C:\KEIL_V5\C51\LIB\C51L.LIB (STRNCPY)
  C:\KEIL_V5\C51\LIB\C51L.LIB (STRLEN)
  C:\KEIL_V5\C51\LIB\C51L.LIB (STRSTR)
  C:\KEIL_V5\C51\LIB\C51L.LIB (STRTOK)
  C:\KEIL_V5\C51\LIB\C51L.LIB (ATOI)
  C:\KEIL_V5\C51\LIB\C51L.LIB (?C_INIT)
  C:\KEIL_V5\C51\LIB\C51L.LIB (?C?ILDIX)
  C:\KEIL_V5\C51\LIB\C51L.LIB (ISDIGIT)
  C:\KEIL_V5\C51\LIB\C51L.LIB (ISSPACE)
  C:\KEIL_V5\C51\LIB\C51L.LIB (STRSPN)
  C:\KEIL_V5\C51\LIB\C51L.LIB (STRPBRK)


LINK MAP OF MODULE:  .\Objects\VRFCDOR_PRINT_100 (MAIN)


            TYPE    BASE      LENGTH    RELOCATION   SEGMENT NAME
            -----------------------------------------------------

            * * * * * * *   D A T A   M E M O R Y   * * * * * * *
            REG     0000H     0008H     ABSOLUTE     "REG BANK 0"
            DATA    0008H     0005H     UNIT         ?DT?UART
            DATA    000DH     0005H     UNIT         _DATA_GROUP_
                    0012H     000EH                  *** GAP ***
            BIT     0020H.0   0001H.1   UNIT         _BIT_GROUP_
            BIT     0021H.1   0000H.1   UNIT         ?BI?MAIN
            BIT     0021H.2   0000H.1   UNIT         ?BI?EEPROM
            BIT     0021H.3   0000H.1   UNIT         ?BI?UART
                    0021H.4   0000H.4                *** GAP ***
            IDATA   0022H     008AH     UNIT         ?ID?MAIN
            IDATA   00ACH     0001H     UNIT         ?STACK

            * * * * * * *  X D A T A   M E M O R Y  * * * * * * *
            XDATA   0000H     00B5H     UNIT         _XDATA_GROUP_
            XDATA   00B5H     005FH     UNIT         ?XD?PROG
            XDATA   0114H     0048H     UNIT         ?XD?MAIN
            XDATA   015CH     0015H     UNIT         ?XD?VERPRINT
            XDATA   0171H     0003H     UNIT         ?XD?EEPROM
            XDATA   0174H     0003H     UNIT         ?XD?STRTOK
            XDATA   0177H     0001H     UNIT         ?XD?CLOCK

            * * * * * * *   C O D E   M E M O R Y   * * * * * * *
            CODE    0000H     0003H     ABSOLUTE     
            CODE    0003H     0008H     UNIT         ?PR?P_CK?CLOCK
            CODE    000BH     0003H     ABSOLUTE     
            CODE    000EH     0015H     UNIT         ?PR?_STRLEN?STRLEN
            CODE    0023H     0003H     ABSOLUTE     
            CODE    0026H     0D34H     UNIT         ?CO?PROG
            CODE    0D5AH     0B00H     UNIT         ?C?LIB_CODE
            CODE    185AH     0483H     UNIT         ?PR?PRINTF?PRINTF
            CODE    1CDDH     040EH     UNIT         ?PR?LEE_TICKET?VERPRINT
BL51 BANKED LINKER/LOCATER V6.22.2.0                                                  10/28/2021  15:39:22  PAGE 3


            CODE    20EBH     03A7H     UNIT         ?PR?_VALIDA_TRAMA_PTO?ACCESCAN
            CODE    2492H     02D0H     UNIT         ?PR?_TWO_BYTEHEX_DECIMAL?CLOCK
            CODE    2762H     023AH     UNIT         ?PR?MENU?PROG
            CODE    299CH     01D8H     UNIT         ?PR?_BLOCK_READ_CLOCK_ASCII?CLOCK
            CODE    2B74H     019DH     UNIT         ?CO?VERPRINT
            CODE    2D11H     0166H     UNIT         ?PR?_POW?POW
            CODE    2E77H     0148H     UNIT         ?PR?_TRAMA_PRINT_COD_BARRAS?PTO_PARALELO
            CODE    2FBFH     013EH     UNIT         ?PR?PROG_SIN_COBRO?PROG
            CODE    30FDH     012EH     UNIT         ?PR?_PANTALLALCD_LINEA_2?PANTALLAS
            CODE    322BH     0129H     UNIT         ?PR?LOG?LOG
            CODE    3354H     0112H     UNIT         ?CO?PANTALLAS
            CODE    3466H     0110H     UNIT         ?PR?LOAD_AND_SEND_ID_COD?PTO_PARALELO
            CODE    3576H     00FCH     UNIT         ?PR?PROG_DEBUG?PROG
            CODE    3672H     00FCH     UNIT         ?PR?PROG_USE_LPR?PROG
            CODE    376EH     00FCH     UNIT         ?PR?TIPO_PANTALLA?PROG
            CODE    386AH     00FCH     UNIT         ?PR?PROG_COMPARACION_ACTIVA?PROG
            CODE    3966H     00FCH     UNIT         ?PR?PROG_QR_BARRAS?PROG
            CODE    3A62H     00E7H     UNIT         ?PR?_CMD_LPR_SALIDA_PRINT?MONITOR
            CODE    3B49H     00E4H     UNIT         ?PR?_STRTOK?STRTOK
            CODE    3C2DH     00DBH     UNIT         ?PR?_ATOI?ATOI
            CODE    3D08H     00D6H     UNIT         ?PR?_CMD_LPR_SALIDA_WIEGAND?MONITOR
            CODE    3DDEH     00C6H     UNIT         ?PR?SHOW?PROG
            CODE    3EA4H     00C5H     UNIT         ?PR?_STRNCAT?STRNCAT
            CODE    3F69H     00C4H     UNIT         ?PR?_BLOCK_READ_CLOCK?CLOCK
            CODE    402DH     00BFH     UNIT         ?PR?_STRSTR?STRSTR
            CODE    40ECH     00BDH     UNIT         ?PR?PROG_COD_PARK?PROG
            CODE    41A9H     00BDH     UNIT         ?PR?PROG_TIEMPO_GRACIA?PROG
            CODE    4266H     00BBH     UNIT         ?PR?_CHECK_FECHAOUT_2?VERPRINT
            CODE    4321H     00BAH     UNIT         ?PR?_BLOQUE_HORARIO?VERPRINT
            CODE    43DBH     00B9H     UNIT         ?PR?MAIN?MAIN
            CODE    4494H     00B6H     UNIT         ?PR?PROG_ID_CLIENTE?PROG
            CODE    454AH     00B4H     UNIT         ?PR?_SEND_PORT?PTO_PARALELO
            CODE    45FEH     00B2H     UNIT         ?C_INITSEG
            CODE    46B0H     00A6H     UNIT         ?PR?_BLOCK_READ_CLOCK_HEX?CLOCK
            CODE    4756H     00A2H     UNIT         ?PR?_PANTALLALCD?PANTALLAS
            CODE    47F8H     00A0H     UNIT         ?CO?IO_SENSORES
            CODE    4898H     009BH     UNIT         ?PR?_VALIDA_TRAMA_MONITOR?MONITOR
            CODE    4933H     009AH     UNIT         ?PR?EXP?EXP
            CODE    49CDH     0097H     UNIT         ?PR?_RECIBE_PORT?PTO_PARALELO
            CODE    4A64H     0095H     UNIT         ?PR?_RECIBE_CMD_MONITOR?MONITOR
            CODE    4AF9H     0090H     UNIT         ?PR?_LEE_CLK?CLOCK
            CODE    4B89H     0090H     UNIT         ?PR?_GETOPTION?PROG
            CODE    4C19H     008FH     UNIT         ?PR?_BLOCK_WRITE_CLOCK_ASCII?CLOCK
            CODE    4CA8H     008CH     UNIT         ?C_C51STARTUP
            CODE    4D34H     008AH     UNIT         ?PR?VARIABLE_INICIO?MAIN
            CODE    4DBEH     008AH     UNIT         ?PR?_ESCRIBIRMEMORIA?EEPROM
            CODE    4E48H     0088H     UNIT         ?PR?_SEND_PORTERR?PTO_PARALELO
            CODE    4ED0H     0088H     UNIT         ?PR?RX_DATA?TIBBO
            CODE    4F58H     0085H     UNIT         ?PR?COM_ISR?UART
            CODE    4FDDH     0084H     UNIT         ?PR?_STRSPN?STRSPN
            CODE    5061H     0081H     UNIT         ?PR?_STRPBRK?STRPBRK
            CODE    50E2H     0080H     UNIT         ?PR?_INGRESADATO?PROG
            CODE    5162H     0073H     UNIT         ?PR?MSJ_LCD_INFORMATIVO?IO_SENSORES
            CODE    51D5H     006FH     UNIT         ?PR?VALIDASENSORESPASO?IO_SENSORES
            CODE    5244H     006EH     UNIT         ?PR?_DEBUGBUFFERMF?TIBBO
            CODE    52B2H     006BH     UNIT         ?PR?_STRCAT?STRCAT
            CODE    531DH     0068H     UNIT         ?PR?_STRNCPY?STRNCPY
BL51 BANKED LINKER/LOCATER V6.22.2.0                                                  10/28/2021  15:39:22  PAGE 4


            CODE    5385H     0062H     UNIT         ?PR?_LISTACOMANDOS?PROG
            CODE    53E7H     005EH     UNIT         ?PR?_RASPBERRY_DATA?PANTALLAS
            CODE    5445H     0058H     UNIT         ?PR?_LEERMEMORIA?EEPROM
            CODE    549DH     0057H     UNIT         ?CO?TIBBO
            CODE    54F4H     0053H     UNIT         ?PR?_BYTEHEX_DECIMAL?CLOCK
            CODE    5547H     004DH     UNIT         ?PR?L_D_M?EEPROM
            CODE    5594H     0048H     UNIT         ?PR?_TX_AUX?TIBBO
            CODE    55DCH     0047H     UNIT         ?PR?PROG_CLIENTE?PROG
            CODE    5623H     0047H     UNIT         ?PR?PROG_NIT?PROG
            CODE    566AH     0047H     UNIT         ?PR?PROG_NOM_PARQ?PROG
            CODE    56B1H     0047H     UNIT         ?PR?PROG_DIRECCION?PROG
            CODE    56F8H     0047H     UNIT         ?PR?PROG_MSJ1?PROG
            CODE    573FH     0047H     UNIT         ?PR?PROG_MSJ2?PROG
            CODE    5786H     0047H     UNIT         ?PR?PROG_MSJ3?PROG
            CODE    57CDH     0047H     UNIT         ?PR?PROG_MSJ4?PROG
            CODE    5814H     0047H     UNIT         ?PR?PROG_MSJ5?PROG
            CODE    585BH     0047H     UNIT         ?PR?PROG_MSJ6?PROG
            CODE    58A2H     0047H     UNIT         ?PR?PROG_MSJ7?PROG
            CODE    58E9H     0047H     UNIT         ?PR?_DEBUG_CHR_TIBBO?TIBBO
            CODE    5930H     0046H     UNIT         ?PR?_LCD_TXT_NUM_CHAR?PANTALLAS
            CODE    5976H     0045H     UNIT         ?PR?_VALIDARCLAVE?PROG
            CODE    59BBH     0041H     UNIT         ?PR?_TWO_ONE?CLOCK
            CODE    59FCH     0041H     UNIT         ?PR?_MONITOR_CHR?MONITOR
            CODE    5A3DH     0040H     UNIT         ?PR?_GETCMD?PROG
            CODE    5A7DH     003FH     UNIT         ?PR?_EB_CLK?CLOCK
            CODE    5ABCH     003FH     UNIT         ?PR?_WR_EEPROM?EEPROM
            CODE    5AFBH     003FH     UNIT         ?PR?FORMATO_EEPROM?EEPROM
            CODE    5B3AH     003EH     UNIT         ?PR?_PUTCHAR?MAIN
            CODE    5B78H     003EH     UNIT         ?PR?_DEBUG_TXT_TIBBO?TIBBO
            CODE    5BB6H     003EH     UNIT         ?PR?COM_BAUDRATE?UART
            CODE    5BF4H     003CH     UNIT         ?PR?CONFIRMACION?EEPROM
            CODE    5C30H     003CH     UNIT         ?PR?_LCD_TXT?PANTALLAS
            CODE    5C6CH     003BH     UNIT         ?PR?_COM_PUTCHAR?UART
            CODE    5CA7H     0039H     UNIT         ?PR?_RD_EEPROM?EEPROM
            CODE    5CE0H     0035H     UNIT         ?PR?RELOJ_PANTALLA_LCD?PANTALLAS
            CODE    5D15H     002CH     UNIT         ?PR?LOAD_AND_SEND_INFO_RELOJ?PTO_PARALELO
            CODE    5D41H     002AH     UNIT         ?PR?COM_INITIALIZE?UART
            CODE    5D6BH     0028H     UNIT         ?PR?_WR_CLK?CLOCK
            CODE    5D93H     0026H     UNIT         ?PR?COM_GETCHAR?UART
            CODE    5DB9H     0024H     UNIT         ?PR?_NUM_NUM?VERPRINT
            CODE    5DDDH     0022H     UNIT         ?PR?_E_D_M?EEPROM
            CODE    5DFFH     0020H     UNIT         ?PR?ACKD?EEPROM
            CODE    5E1FH     0020H     UNIT         ?PR?ACK_LECT?EEPROM
            CODE    5E3FH     0020H     UNIT         ?PR?TIME_BIT?TIBBO
            CODE    5E5FH     001FH     UNIT         ?PR?VALIDASENSOR?IO_SENSORES
            CODE    5E7EH     001EH     UNIT         ?PR?_BCD_HEX?CLOCK
            CODE    5E9CH     001EH     UNIT         ?PR?_TX_CHRLCD?PANTALLAS
            CODE    5EBAH     001DH     UNIT         ?PR?_NUM_CHAR?VERPRINT
            CODE    5ED7H     001BH     UNIT         ?PR?_DELAY_1MS?DELAY
            CODE    5EF2H     001AH     UNIT         ?PR?TIME_MBIT?TIBBO
            CODE    5F0CH     0019H     UNIT         ?PR?TIMER0_INT?MAIN
            CODE    5F25H     0018H     UNIT         ?CO?ACCESCAN
            CODE    5F3DH     0017H     UNIT         ?PR?DISPLAYCURSOR?PROG
            CODE    5F54H     0014H     UNIT         ?PR?_ISSPACE?ISSPACE
            CODE    5F68H     0012H     UNIT         ?PR?_DELAY_20US?DELAY
            CODE    5F7AH     0012H     UNIT         ?PR?START?EEPROM
            CODE    5F8CH     0012H     UNIT         ?PR?DIR_BOARD?IO_SENSORES
BL51 BANKED LINKER/LOCATER V6.22.2.0                                                  10/28/2021  15:39:22  PAGE 5


            CODE    5F9EH     0012H     UNIT         ?PR?PULSO_BUS?PTO_PARALELO
            CODE    5FB0H     0012H     UNIT         ?PR?COM_RBUFLEN?UART
            CODE    5FC2H     0012H     UNIT         ?PR?COM_TBUFLEN?UART
            CODE    5FD4H     0010H     UNIT         ?PR?INI_TIMER?MAIN
            CODE    5FE4H     0010H     UNIT         ?PR?INICIA_BOARD?MAIN
            CODE    5FF4H     0010H     UNIT         ?PR?_GRABA_SERIE_ASCII_HEX?NUM_SERIE
            CODE    6004H     0010H     UNIT         ?CO?PTO_PARALELO
            CODE    6014H     000FH     UNIT         ?PR?_ISDIGIT?ISDIGIT
            CODE    6023H     000EH     UNIT         ?PR?CLEAR_BUFFER?UART
            CODE    6031H     000CH     UNIT         ?PR?_GETKEY?MAIN
            CODE    603DH     000AH     UNIT         ?PR?COND_INI_PTO?PTO_PARALELO
            CODE    6047H     0009H     UNIT         ?PR?STOP?EEPROM
            CODE    6050H     0009H     UNIT         ?PR?DEBUG_DIVIDIR_TEXTO?TIBBO
            CODE    6059H     0007H     UNIT         ?PR?COND_INI_CLOCK?CLOCK
            CODE    6060H     0007H     UNIT         ?PR?SEL_FUNCION?IO_SENSORES
            CODE    6067H     0007H     UNIT         ?PR?SEL_AUTO?IO_SENSORES
            CODE    606EH     0007H     UNIT         ?PR?SEL_SENSOR2?IO_SENSORES
            CODE    6075H     0007H     UNIT         ?PR?SEL_SENSOR1?IO_SENSORES
            CODE    607CH     0007H     UNIT         ?PR?SEL_DIR1?IO_SENSORES
            CODE    6083H     0007H     UNIT         ?PR?SEL_DIR2?IO_SENSORES
            CODE    608AH     0006H     UNIT         ?PR?P_ME?EEPROM
            CODE    6090H     0005H     UNIT         ?PR?ON_TIMER0_INTERRUP?MAIN
            CODE    6095H     0005H     UNIT         ?PR?COND_INI_TIBBO?TIBBO
            CODE    609AH     0003H     UNIT         ?PR?OFF_TIMER0_INTERRUP?MAIN
            CODE    609DH     0003H     UNIT         ?CO?MAIN
            CODE    60A0H     0001H     UNIT         ?PR?DELAY?DELAY



OVERLAY MAP OF MODULE:   .\Objects\VRFCDOR_PRINT_100 (MAIN)


SEGMENT                                             BIT_GROUP          DATA_GROUP          XDATA_GROUP
  +--> CALLED SEGMENT                            START    LENGTH     START    LENGTH     START    LENGTH
--------------------------------------------------------------------------------------------------------
?C_C51STARTUP                                    -----    -----      -----    -----      -----    -----
  +--> ?PR?MAIN?MAIN
  +--> ?C_INITSEG

?PR?MAIN?MAIN                                    -----    -----      -----    -----      0000H    000EH
  +--> ?PR?INI_TIMER?MAIN
  +--> ?PR?ON_TIMER0_INTERRUP?MAIN
  +--> ?PR?COM_INITIALIZE?UART
  +--> ?PR?COM_BAUDRATE?UART
  +--> ?PR?INICIA_BOARD?MAIN
  +--> ?PR?TIME_BIT?TIBBO
  +--> ?PR?TIME_MBIT?TIBBO
  +--> ?PR?_TX_AUX?TIBBO
  +--> ?PR?SEL_FUNCION?IO_SENSORES
  +--> ?PR?MENU?PROG
  +--> ?PR?VARIABLE_INICIO?MAIN
  +--> ?PR?_RECIBE_CMD_MONITOR?MONITOR
  +--> ?PR?DEBUG_DIVIDIR_TEXTO?TIBBO
  +--> ?PR?_VALIDA_TRAMA_MONITOR?MONITOR
  +--> ?PR?_DEBUGBUFFERMF?TIBBO
  +--> ?PR?_DEBUG_TXT_TIBBO?TIBBO
  +--> ?PR?LEE_TICKET?VERPRINT
BL51 BANKED LINKER/LOCATER V6.22.2.0                                                  10/28/2021  15:39:22  PAGE 6


  +--> ?PR?_RECIBE_PORT?PTO_PARALELO
  +--> ?PR?_DEBUG_CHR_TIBBO?TIBBO
  +--> ?CO?MAIN
  +--> ?PR?_VALIDA_TRAMA_PTO?ACCESCAN
  +--> ?PR?MSJ_LCD_INFORMATIVO?IO_SENSORES

?PR?COM_INITIALIZE?UART                          -----    -----      -----    -----      -----    -----
  +--> ?PR?COM_BAUDRATE?UART

?PR?COM_BAUDRATE?UART                            -----    -----      -----    -----      -----    -----
  +--> ?PR?_RD_EEPROM?EEPROM

?PR?_RD_EEPROM?EEPROM                            -----    -----      -----    -----      -----    -----
  +--> ?PR?START?EEPROM
  +--> ?PR?ACK_LECT?EEPROM
  +--> ?PR?_E_D_M?EEPROM
  +--> ?PR?ACKD?EEPROM
  +--> ?PR?L_D_M?EEPROM
  +--> ?PR?STOP?EEPROM

?PR?ACK_LECT?EEPROM                              -----    -----      -----    -----      -----    -----
  +--> ?PR?_E_D_M?EEPROM

?PR?_E_D_M?EEPROM                                -----    -----      -----    -----      -----    -----
  +--> ?PR?P_ME?EEPROM

?PR?ACKD?EEPROM                                  -----    -----      -----    -----      -----    -----
  +--> ?PR?_E_D_M?EEPROM

?PR?INICIA_BOARD?MAIN                            -----    -----      -----    -----      -----    -----
  +--> ?PR?COND_INI_TIBBO?TIBBO
  +--> ?PR?COND_INI_CLOCK?CLOCK
  +--> ?PR?COND_INI_PTO?PTO_PARALELO

?PR?_TX_AUX?TIBBO                                -----    -----      -----    -----      -----    -----
  +--> ?PR?TIME_BIT?TIBBO

?PR?MENU?PROG                                    -----    -----      -----    -----      000EH    0031H
  +--> ?CO?PROG
  +--> ?PR?PRINTF?PRINTF
  +--> ?PR?CLEAR_BUFFER?UART
  +--> ?PR?_INGRESADATO?PROG
  +--> ?PR?_GETCMD?PROG
  +--> ?PR?_VALIDARCLAVE?PROG
  +--> ?PR?DISPLAYCURSOR?PROG
  +--> ?PR?_STRLEN?STRLEN
  +--> ?PR?_GETOPTION?PROG
  +--> ?PR?_STRCAT?STRCAT
  +--> ?PR?_LISTACOMANDOS?PROG
  +--> ?PR?PROG_ID_CLIENTE?PROG
  +--> ?PR?PROG_COD_PARK?PROG
  +--> ?PR?PROG_TIEMPO_GRACIA?PROG
  +--> ?PR?PROG_SIN_COBRO?PROG
  +--> ?PR?PROG_DEBUG?PROG
  +--> ?PR?PROG_USE_LPR?PROG
  +--> ?PR?TIPO_PANTALLA?PROG
  +--> ?PR?PROG_COMPARACION_ACTIVA?PROG
BL51 BANKED LINKER/LOCATER V6.22.2.0                                                  10/28/2021  15:39:22  PAGE 7


  +--> ?PR?PROG_QR_BARRAS?PROG
  +--> ?PR?PROG_CLIENTE?PROG
  +--> ?PR?PROG_NIT?PROG
  +--> ?PR?PROG_NOM_PARQ?PROG
  +--> ?PR?PROG_DIRECCION?PROG
  +--> ?PR?PROG_MSJ1?PROG
  +--> ?PR?PROG_MSJ2?PROG
  +--> ?PR?PROG_MSJ3?PROG
  +--> ?PR?PROG_MSJ4?PROG
  +--> ?PR?PROG_MSJ5?PROG
  +--> ?PR?PROG_MSJ6?PROG
  +--> ?PR?PROG_MSJ7?PROG
  +--> ?PR?SHOW?PROG

?PR?PRINTF?PRINTF                                0020H.0  0001H.1    000DH    0005H      0081H    0030H
  +--> ?PR?_PUTCHAR?MAIN

?PR?_PUTCHAR?MAIN                                -----    -----      -----    -----      00B1H    0003H
  +--> ?PR?_COM_PUTCHAR?UART

?PR?_COM_PUTCHAR?UART                            -----    -----      -----    -----      00B4H    0001H
  +--> ?PR?COM_TBUFLEN?UART

?PR?_INGRESADATO?PROG                            -----    -----      -----    -----      007DH    0004H
  +--> ?PR?_GETKEY?MAIN
  +--> ?CO?PROG
  +--> ?PR?PRINTF?PRINTF
  +--> ?PR?_PUTCHAR?MAIN

?PR?_GETKEY?MAIN                                 -----    -----      -----    -----      -----    -----
  +--> ?PR?COM_GETCHAR?UART

?PR?COM_GETCHAR?UART                             -----    -----      -----    -----      -----    -----
  +--> ?PR?COM_RBUFLEN?UART

?PR?_GETCMD?PROG                                 -----    -----      -----    -----      003FH    0007H
  +--> ?CO?PROG
  +--> ?PR?_STRTOK?STRTOK

?PR?_STRTOK?STRTOK                               -----    -----      -----    -----      004AH    0006H
  +--> ?PR?_STRSPN?STRSPN
  +--> ?PR?_STRPBRK?STRPBRK

?PR?_STRSPN?STRSPN                               -----    -----      -----    -----      0050H    0008H

?PR?_STRPBRK?STRPBRK                             -----    -----      -----    -----      0050H    0009H

?PR?_VALIDARCLAVE?PROG                           -----    -----      -----    -----      003FH    000AH

?PR?DISPLAYCURSOR?PROG                           -----    -----      -----    -----      -----    -----
  +--> ?CO?PROG
  +--> ?PR?PRINTF?PRINTF

?PR?_GETOPTION?PROG                              -----    -----      -----    -----      003FH    000BH
  +--> ?CO?PROG
  +--> ?PR?_STRTOK?STRTOK

BL51 BANKED LINKER/LOCATER V6.22.2.0                                                  10/28/2021  15:39:22  PAGE 8


?PR?_STRCAT?STRCAT                               -----    -----      -----    -----      0050H    0009H

?PR?_LISTACOMANDOS?PROG                          -----    -----      -----    -----      003FH    0007H

?PR?PROG_ID_CLIENTE?PROG                         -----    -----      -----    -----      003FH    000CH
  +--> ?PR?_RD_EEPROM?EEPROM
  +--> ?CO?PROG
  +--> ?PR?PRINTF?PRINTF
  +--> ?PR?_INGRESADATO?PROG
  +--> ?PR?_ATOI?ATOI
  +--> ?PR?_WR_EEPROM?EEPROM

?PR?_ATOI?ATOI                                   0020H.0  0000H.1    -----    -----      004BH    0005H
  +--> ?PR?_ISSPACE?ISSPACE
  +--> ?PR?_ISDIGIT?ISDIGIT

?PR?_WR_EEPROM?EEPROM                            -----    -----      -----    -----      -----    -----
  +--> ?PR?START?EEPROM
  +--> ?PR?ACKD?EEPROM
  +--> ?PR?_E_D_M?EEPROM
  +--> ?PR?STOP?EEPROM
  +--> ?PR?_DELAY_1MS?DELAY
  +--> ?PR?_DELAY_20US?DELAY

?PR?_DELAY_1MS?DELAY                             -----    -----      -----    -----      -----    -----
  +--> ?PR?_DELAY_20US?DELAY

?PR?PROG_COD_PARK?PROG                           -----    -----      -----    -----      003FH    000CH
  +--> ?PR?_RD_EEPROM?EEPROM
  +--> ?CO?PROG
  +--> ?PR?PRINTF?PRINTF
  +--> ?PR?_INGRESADATO?PROG
  +--> ?PR?_ATOI?ATOI
  +--> ?PR?_WR_EEPROM?EEPROM

?PR?PROG_TIEMPO_GRACIA?PROG                      -----    -----      -----    -----      003FH    000CH
  +--> ?PR?_RD_EEPROM?EEPROM
  +--> ?CO?PROG
  +--> ?PR?PRINTF?PRINTF
  +--> ?PR?_INGRESADATO?PROG
  +--> ?PR?_ATOI?ATOI
  +--> ?PR?_WR_EEPROM?EEPROM

?PR?PROG_SIN_COBRO?PROG                          -----    -----      -----    -----      003FH    000CH
  +--> ?PR?_RD_EEPROM?EEPROM
  +--> ?CO?PROG
  +--> ?PR?PRINTF?PRINTF
  +--> ?PR?_INGRESADATO?PROG
  +--> ?PR?_ATOI?ATOI
  +--> ?PR?_WR_EEPROM?EEPROM

?PR?PROG_DEBUG?PROG                              -----    -----      -----    -----      003FH    000CH
  +--> ?PR?_RD_EEPROM?EEPROM
  +--> ?CO?PROG
  +--> ?PR?PRINTF?PRINTF
  +--> ?PR?_INGRESADATO?PROG
  +--> ?PR?_ATOI?ATOI
BL51 BANKED LINKER/LOCATER V6.22.2.0                                                  10/28/2021  15:39:22  PAGE 9


  +--> ?PR?_WR_EEPROM?EEPROM

?PR?PROG_USE_LPR?PROG                            -----    -----      -----    -----      003FH    000CH
  +--> ?PR?_RD_EEPROM?EEPROM
  +--> ?CO?PROG
  +--> ?PR?PRINTF?PRINTF
  +--> ?PR?_INGRESADATO?PROG
  +--> ?PR?_ATOI?ATOI
  +--> ?PR?_WR_EEPROM?EEPROM

?PR?TIPO_PANTALLA?PROG                           -----    -----      -----    -----      003FH    000CH
  +--> ?PR?_RD_EEPROM?EEPROM
  +--> ?CO?PROG
  +--> ?PR?PRINTF?PRINTF
  +--> ?PR?_INGRESADATO?PROG
  +--> ?PR?_ATOI?ATOI
  +--> ?PR?_WR_EEPROM?EEPROM

?PR?PROG_COMPARACION_ACTIVA?PROG                 -----    -----      -----    -----      003FH    000CH
  +--> ?PR?_RD_EEPROM?EEPROM
  +--> ?CO?PROG
  +--> ?PR?PRINTF?PRINTF
  +--> ?PR?_INGRESADATO?PROG
  +--> ?PR?_ATOI?ATOI
  +--> ?PR?_WR_EEPROM?EEPROM

?PR?PROG_QR_BARRAS?PROG                          -----    -----      -----    -----      003FH    000CH
  +--> ?PR?_RD_EEPROM?EEPROM
  +--> ?CO?PROG
  +--> ?PR?PRINTF?PRINTF
  +--> ?PR?_INGRESADATO?PROG
  +--> ?PR?_ATOI?ATOI
  +--> ?PR?_WR_EEPROM?EEPROM

?PR?PROG_CLIENTE?PROG                            -----    -----      -----    -----      003FH    0030H
  +--> ?CO?PROG
  +--> ?PR?PRINTF?PRINTF
  +--> ?PR?_INGRESADATO?PROG
  +--> ?PR?_ESCRIBIRMEMORIA?EEPROM
  +--> ?PR?_LEERMEMORIA?EEPROM

?PR?_ESCRIBIRMEMORIA?EEPROM                      -----    -----      -----    -----      007DH    0006H
  +--> ?PR?_WR_EEPROM?EEPROM

?PR?_LEERMEMORIA?EEPROM                          -----    -----      -----    -----      007DH    0005H
  +--> ?PR?_RD_EEPROM?EEPROM

?PR?PROG_NIT?PROG                                -----    -----      -----    -----      003FH    0010H
  +--> ?CO?PROG
  +--> ?PR?PRINTF?PRINTF
  +--> ?PR?_INGRESADATO?PROG
  +--> ?PR?_ESCRIBIRMEMORIA?EEPROM
  +--> ?PR?_LEERMEMORIA?EEPROM

?PR?PROG_NOM_PARQ?PROG                           -----    -----      -----    -----      003FH    0030H
  +--> ?CO?PROG
  +--> ?PR?PRINTF?PRINTF
BL51 BANKED LINKER/LOCATER V6.22.2.0                                                  10/28/2021  15:39:22  PAGE 10


  +--> ?PR?_INGRESADATO?PROG
  +--> ?PR?_ESCRIBIRMEMORIA?EEPROM
  +--> ?PR?_LEERMEMORIA?EEPROM

?PR?PROG_DIRECCION?PROG                          -----    -----      -----    -----      003FH    0030H
  +--> ?CO?PROG
  +--> ?PR?PRINTF?PRINTF
  +--> ?PR?_INGRESADATO?PROG
  +--> ?PR?_ESCRIBIRMEMORIA?EEPROM
  +--> ?PR?_LEERMEMORIA?EEPROM

?PR?PROG_MSJ1?PROG                               -----    -----      -----    -----      003FH    003EH
  +--> ?CO?PROG
  +--> ?PR?PRINTF?PRINTF
  +--> ?PR?_INGRESADATO?PROG
  +--> ?PR?_ESCRIBIRMEMORIA?EEPROM
  +--> ?PR?_LEERMEMORIA?EEPROM

?PR?PROG_MSJ2?PROG                               -----    -----      -----    -----      003FH    003EH
  +--> ?CO?PROG
  +--> ?PR?PRINTF?PRINTF
  +--> ?PR?_INGRESADATO?PROG
  +--> ?PR?_ESCRIBIRMEMORIA?EEPROM
  +--> ?PR?_LEERMEMORIA?EEPROM

?PR?PROG_MSJ3?PROG                               -----    -----      -----    -----      003FH    003EH
  +--> ?CO?PROG
  +--> ?PR?PRINTF?PRINTF
  +--> ?PR?_INGRESADATO?PROG
  +--> ?PR?_ESCRIBIRMEMORIA?EEPROM
  +--> ?PR?_LEERMEMORIA?EEPROM

?PR?PROG_MSJ4?PROG                               -----    -----      -----    -----      003FH    003EH
  +--> ?CO?PROG
  +--> ?PR?PRINTF?PRINTF
  +--> ?PR?_INGRESADATO?PROG
  +--> ?PR?_ESCRIBIRMEMORIA?EEPROM
  +--> ?PR?_LEERMEMORIA?EEPROM

?PR?PROG_MSJ5?PROG                               -----    -----      -----    -----      003FH    003EH
  +--> ?CO?PROG
  +--> ?PR?PRINTF?PRINTF
  +--> ?PR?_INGRESADATO?PROG
  +--> ?PR?_ESCRIBIRMEMORIA?EEPROM
  +--> ?PR?_LEERMEMORIA?EEPROM

?PR?PROG_MSJ6?PROG                               -----    -----      -----    -----      003FH    003EH
  +--> ?CO?PROG
  +--> ?PR?PRINTF?PRINTF
  +--> ?PR?_INGRESADATO?PROG
  +--> ?PR?_ESCRIBIRMEMORIA?EEPROM
  +--> ?PR?_LEERMEMORIA?EEPROM

?PR?PROG_MSJ7?PROG                               -----    -----      -----    -----      003FH    003EH
  +--> ?CO?PROG
  +--> ?PR?PRINTF?PRINTF
  +--> ?PR?_INGRESADATO?PROG
BL51 BANKED LINKER/LOCATER V6.22.2.0                                                  10/28/2021  15:39:22  PAGE 11


  +--> ?PR?_ESCRIBIRMEMORIA?EEPROM
  +--> ?PR?_LEERMEMORIA?EEPROM

?PR?SHOW?PROG                                    -----    -----      -----    -----      -----    -----
  +--> ?CO?PROG
  +--> ?PR?PRINTF?PRINTF

?PR?VARIABLE_INICIO?MAIN                         -----    -----      -----    -----      -----    -----
  +--> ?PR?_RD_EEPROM?EEPROM

?PR?_RECIBE_CMD_MONITOR?MONITOR                  -----    -----      -----    -----      000EH    0006H
  +--> ?PR?RX_DATA?TIBBO

?PR?RX_DATA?TIBBO                                -----    -----      -----    -----      -----    -----
  +--> ?PR?TIME_MBIT?TIBBO
  +--> ?PR?TIME_BIT?TIBBO

?PR?DEBUG_DIVIDIR_TEXTO?TIBBO                    -----    -----      -----    -----      -----    -----
  +--> ?CO?TIBBO
  +--> ?PR?_DEBUG_TXT_TIBBO?TIBBO

?PR?_DEBUG_TXT_TIBBO?TIBBO                       -----    -----      -----    -----      004EH    0004H
  +--> ?PR?_TX_AUX?TIBBO

?PR?_VALIDA_TRAMA_MONITOR?MONITOR                -----    -----      -----    -----      000EH    0003H

?PR?_DEBUGBUFFERMF?TIBBO                         -----    -----      -----    -----      0048H    0006H
  +--> ?CO?TIBBO
  +--> ?PR?_DEBUG_TXT_TIBBO?TIBBO
  +--> ?PR?_DEBUG_CHR_TIBBO?TIBBO
  +--> ?PR?_TX_AUX?TIBBO

?PR?_DEBUG_CHR_TIBBO?TIBBO                       -----    -----      -----    -----      -----    -----
  +--> ?PR?_TX_AUX?TIBBO

?PR?LEE_TICKET?VERPRINT                          -----    -----      -----    -----      000EH    0011H
  +--> ?PR?VALIDASENSORESPASO?IO_SENSORES
  +--> ?CO?VERPRINT
  +--> ?PR?_DEBUG_TXT_TIBBO?TIBBO
  +--> ?PR?_PANTALLALCD?PANTALLAS
  +--> ?PR?_SEND_PORTERR?PTO_PARALELO
  +--> ?PR?_STRLEN?STRLEN
  +--> ?PR?CLEAR_BUFFER?UART
  +--> ?PR?_TRAMA_PRINT_COD_BARRAS?PTO_PARALELO
  +--> ?PR?_CMD_LPR_SALIDA_PRINT?MONITOR
  +--> ?PR?_NUM_NUM?VERPRINT
  +--> ?PR?_NUM_CHAR?VERPRINT
  +--> ?PR?_STRSTR?STRSTR
  +--> ?PR?_DEBUG_CHR_TIBBO?TIBBO
  +--> ?PR?_STRNCPY?STRNCPY
  +--> ?PR?_BCD_HEX?CLOCK
  +--> ?PR?_CHECK_FECHAOUT_2?VERPRINT
  +--> ?PR?_BLOQUE_HORARIO?VERPRINT

?PR?VALIDASENSORESPASO?IO_SENSORES               -----    -----      -----    -----      -----    -----
  +--> ?PR?SEL_SENSOR2?IO_SENSORES
  +--> ?PR?VALIDASENSOR?IO_SENSORES
BL51 BANKED LINKER/LOCATER V6.22.2.0                                                  10/28/2021  15:39:22  PAGE 12


  +--> ?PR?SEL_SENSOR1?IO_SENSORES
  +--> ?PR?SEL_AUTO?IO_SENSORES
  +--> ?CO?IO_SENSORES
  +--> ?PR?_DEBUG_TXT_TIBBO?TIBBO

?PR?_PANTALLALCD?PANTALLAS                       -----    -----      -----    -----      001FH    0028H
  +--> ?CO?PANTALLAS
  +--> ?PR?_RASPBERRY_DATA?PANTALLAS

?PR?_RASPBERRY_DATA?PANTALLAS                    -----    -----      -----    -----      0050H    0005H
  +--> ?PR?_STRLEN?STRLEN
  +--> ?PR?_PUTCHAR?MAIN

?PR?_SEND_PORTERR?PTO_PARALELO                   -----    -----      -----    -----      001FH    0006H
  +--> ?PR?PULSO_BUS?PTO_PARALELO
  +--> ?PR?_DELAY_20US?DELAY

?PR?PULSO_BUS?PTO_PARALELO                       -----    -----      -----    -----      -----    -----
  +--> ?PR?_DELAY_20US?DELAY

?PR?_TRAMA_PRINT_COD_BARRAS?PTO_PARALELO         -----    -----      -----    -----      001FH    0029H
  +--> ?PR?_STRLEN?STRLEN
  +--> ?PR?_STRNCAT?STRNCAT
  +--> ?CO?PTO_PARALELO
  +--> ?PR?_STRCAT?STRCAT
  +--> ?PR?_LEE_CLK?CLOCK
  +--> ?PR?_BCD_HEX?CLOCK
  +--> ?PR?_SEND_PORT?PTO_PARALELO
  +--> ?PR?DEBUG_DIVIDIR_TEXTO?TIBBO
  +--> ?PR?_DEBUGBUFFERMF?TIBBO

?PR?_STRNCAT?STRNCAT                             -----    -----      -----    -----      0048H    000AH

?PR?_LEE_CLK?CLOCK                               -----    -----      -----    -----      0049H    0003H
  +--> ?PR?_DELAY_20US?DELAY
  +--> ?PR?_EB_CLK?CLOCK
  +--> ?PR?P_CK?CLOCK

?PR?_EB_CLK?CLOCK                                -----    -----      -----    -----      004CH    0003H
  +--> ?PR?P_CK?CLOCK

?PR?P_CK?CLOCK                                   -----    -----      -----    -----      -----    -----
  +--> ?PR?DELAY?DELAY

?PR?_SEND_PORT?PTO_PARALELO                      -----    -----      -----    -----      0048H    000AH
  +--> ?PR?PULSO_BUS?PTO_PARALELO
  +--> ?PR?_DELAY_20US?DELAY

?PR?_CMD_LPR_SALIDA_PRINT?MONITOR                -----    -----      -----    -----      001FH    0027H
  +--> ?PR?DIR_BOARD?IO_SENSORES
  +--> ?PR?_STRCAT?STRCAT
  +--> ?PR?_STRLEN?STRLEN
  +--> ?PR?_BLOCK_READ_CLOCK_ASCII?CLOCK
  +--> ?PR?_MONITOR_CHR?MONITOR

?PR?DIR_BOARD?IO_SENSORES                        -----    -----      -----    -----      -----    -----
  +--> ?PR?SEL_DIR1?IO_SENSORES
BL51 BANKED LINKER/LOCATER V6.22.2.0                                                  10/28/2021  15:39:22  PAGE 13


  +--> ?PR?SEL_DIR2?IO_SENSORES

?PR?_BLOCK_READ_CLOCK_ASCII?CLOCK                -----    -----      -----    -----      0046H    0003H
  +--> ?PR?_LEE_CLK?CLOCK

?PR?_MONITOR_CHR?MONITOR                         -----    -----      -----    -----      0046H    0005H
  +--> ?PR?_TX_AUX?TIBBO

?PR?_STRSTR?STRSTR                               -----    -----      -----    -----      001FH    000CH

?PR?_STRNCPY?STRNCPY                             -----    -----      -----    -----      001FH    000AH

?PR?_CHECK_FECHAOUT_2?VERPRINT                   -----    -----      -----    -----      001FH    0012H
  +--> ?PR?_BLOCK_READ_CLOCK_HEX?CLOCK

?PR?_BLOCK_READ_CLOCK_HEX?CLOCK                  -----    -----      -----    -----      0031H    0003H
  +--> ?PR?_LEE_CLK?CLOCK
  +--> ?PR?_BCD_HEX?CLOCK

?PR?_BLOQUE_HORARIO?VERPRINT                     -----    -----      -----    -----      001FH    0006H
  +--> ?CO?VERPRINT
  +--> ?PR?_DEBUG_TXT_TIBBO?TIBBO
  +--> ?PR?_LEE_CLK?CLOCK
  +--> ?PR?_DEBUG_CHR_TIBBO?TIBBO

?PR?_RECIBE_PORT?PTO_PARALELO                    -----    -----      -----    -----      000EH    0007H
  +--> ?PR?OFF_TIMER0_INTERRUP?MAIN
  +--> ?PR?ON_TIMER0_INTERRUP?MAIN

?PR?_VALIDA_TRAMA_PTO?ACCESCAN                   -----    -----      -----    -----      000EH    000FH
  +--> ?PR?_BLOCK_WRITE_CLOCK_ASCII?CLOCK
  +--> ?PR?RELOJ_PANTALLA_LCD?PANTALLAS
  +--> ?PR?_PANTALLALCD?PANTALLAS
  +--> ?CO?ACCESCAN
  +--> ?PR?_DEBUG_TXT_TIBBO?TIBBO
  +--> ?PR?CONFIRMACION?EEPROM
  +--> ?PR?_PANTALLALCD_LINEA_2?PANTALLAS
  +--> ?PR?_SEND_PORTERR?PTO_PARALELO
  +--> ?PR?_BYTEHEX_DECIMAL?CLOCK
  +--> ?PR?_TWO_BYTEHEX_DECIMAL?CLOCK
  +--> ?PR?VALIDASENSORESPASO?IO_SENSORES
  +--> ?PR?_CMD_LPR_SALIDA_WIEGAND?MONITOR
  +--> ?PR?_GRABA_SERIE_ASCII_HEX?NUM_SERIE
  +--> ?PR?_DEBUGBUFFERMF?TIBBO

?PR?_BLOCK_WRITE_CLOCK_ASCII?CLOCK               -----    -----      -----    -----      001DH    0003H
  +--> ?PR?_TWO_ONE?CLOCK
  +--> ?PR?_WR_CLK?CLOCK

?PR?_WR_CLK?CLOCK                                -----    -----      -----    -----      0020H    0002H
  +--> ?PR?_DELAY_20US?DELAY
  +--> ?PR?_EB_CLK?CLOCK

?PR?RELOJ_PANTALLA_LCD?PANTALLAS                 -----    -----      -----    -----      001DH    000DH
  +--> ?CO?PANTALLAS
  +--> ?PR?_BLOCK_READ_CLOCK?CLOCK
  +--> ?PR?_LCD_TXT_NUM_CHAR?PANTALLAS
BL51 BANKED LINKER/LOCATER V6.22.2.0                                                  10/28/2021  15:39:22  PAGE 14



?PR?_BLOCK_READ_CLOCK?CLOCK                      -----    -----      -----    -----      002AH    0003H
  +--> ?PR?_LEE_CLK?CLOCK

?PR?_LCD_TXT_NUM_CHAR?PANTALLAS                  -----    -----      -----    -----      002AH    0006H
  +--> ?PR?_TX_CHRLCD?PANTALLAS

?PR?_TX_CHRLCD?PANTALLAS                         -----    -----      -----    -----      0055H    0002H
  +--> ?PR?_PUTCHAR?MAIN

?PR?CONFIRMACION?EEPROM                          -----    -----      -----    -----      001DH    000BH
  +--> ?PR?_BLOCK_READ_CLOCK_ASCII?CLOCK
  +--> ?PR?FORMATO_EEPROM?EEPROM

?PR?FORMATO_EEPROM?EEPROM                        -----    -----      -----    -----      0028H    0003H
  +--> ?PR?_WR_EEPROM?EEPROM

?PR?_PANTALLALCD_LINEA_2?PANTALLAS               -----    -----      -----    -----      001DH    0033H
  +--> ?CO?PANTALLAS
  +--> ?PR?_LCD_TXT?PANTALLAS
  +--> ?PR?_STRLEN?STRLEN
  +--> ?PR?_TX_CHRLCD?PANTALLAS
  +--> ?PR?_STRCAT?STRCAT
  +--> ?PR?_RASPBERRY_DATA?PANTALLAS

?PR?_LCD_TXT?PANTALLAS                           -----    -----      -----    -----      0050H    0005H
  +--> ?PR?_TX_CHRLCD?PANTALLAS

?PR?_BYTEHEX_DECIMAL?CLOCK                       -----    -----      -----    -----      001DH    0001H

?PR?_TWO_BYTEHEX_DECIMAL?CLOCK                   -----    -----      -----    -----      001DH    000CH
  +--> ?PR?_POW?POW

?PR?_POW?POW                                     -----    -----      -----    -----      0029H    000AH
  +--> ?PR?LOG?LOG
  +--> ?PR?EXP?EXP

?PR?LOG?LOG                                      0020H.0  0000H.1    -----    -----      0033H    0004H

?PR?_CMD_LPR_SALIDA_WIEGAND?MONITOR              -----    -----      -----    -----      001DH    0022H
  +--> ?PR?DIR_BOARD?IO_SENSORES
  +--> ?PR?_BLOCK_READ_CLOCK_ASCII?CLOCK
  +--> ?PR?_MONITOR_CHR?MONITOR

?PR?_GRABA_SERIE_ASCII_HEX?NUM_SERIE             -----    -----      -----    -----      -----    -----
  +--> ?PR?_ESCRIBIRMEMORIA?EEPROM

?PR?MSJ_LCD_INFORMATIVO?IO_SENSORES              -----    -----      -----    -----      000EH    0002H
  +--> ?PR?SEL_FUNCION?IO_SENSORES
  +--> ?PR?LOAD_AND_SEND_INFO_RELOJ?PTO_PARA...
  +--> ?PR?LOAD_AND_SEND_ID_COD?PTO_PARALELO
  +--> ?PR?_RD_EEPROM?EEPROM
  +--> ?PR?_SEND_PORTERR?PTO_PARALELO

?PR?LOAD_AND_SEND_INFO_RELOJ?PTO_PARA...         -----    -----      -----    -----      0010H    000BH
  +--> ?PR?_BLOCK_READ_CLOCK?CLOCK
  +--> ?PR?_LEE_CLK?CLOCK
BL51 BANKED LINKER/LOCATER V6.22.2.0                                                  10/28/2021  15:39:22  PAGE 15


  +--> ?PR?_SEND_PORT?PTO_PARALELO

?PR?LOAD_AND_SEND_ID_COD?PTO_PARALELO            -----    -----      -----    -----      0010H    0011H
  +--> ?CO?PTO_PARALELO
  +--> ?PR?PRINTF?PRINTF
  +--> ?PR?_SEND_PORT?PTO_PARALELO



SYMBOL TABLE OF MODULE:  .\Objects\VRFCDOR_PRINT_100 (MAIN)

  VALUE           TYPE          NAME
  ----------------------------------

  -------         MODULE        MAIN
  C:0000H         SYMBOL        _ICE_DUMMY_
  D:0080H         PUBLIC        P0
  D:0090H         PUBLIC        P1
  C:5F0CH         PUBLIC        timer0_int
  D:00B0H         PUBLIC        P3
  X:013CH         PUBLIC        placa
  B:00A8H.7       PUBLIC        EA
  C:609AH         PUBLIC        off_Timer0_Interrup
  X:0145H         PUBLIC        ValTimeOutCom
  X:0146H         PUBLIC        Timer_wait
  X:0147H         PUBLIC        g_cContByteRx
  B:0080H.0       PUBLIC        rx_ip
  B:0080H.3       PUBLIC        Atascado
  C:43DBH         PUBLIC        main
  C:4D34H         PUBLIC        variable_inicio
  B:0090H.7       PUBLIC        lock
  I:0022H         PUBLIC        rbuf
  C:6090H         PUBLIC        on_Timer0_Interrup
  I:00A2H         PUBLIC        tbuf
  B:0090H.1       PUBLIC        DataIn
  D:0089H         PUBLIC        TMOD
  X:0148H         PUBLIC        USE_LPR
  X:0149H         PUBLIC        Debug_Tibbo
  X:014AH         PUBLIC        Raspberry
  X:014BH         PUBLIC        QR_BARRAS
  X:014CH         PUBLIC        SIN_COBRO
  X:014EH         PUBLIC        Tipo_Vehiculo
  B:00B0H.3       PUBLIC        busy
  C:5FD4H         PUBLIC        ini_timer
  B:00A8H.1       PUBLIC        ET0
  B:0088H.5       PUBLIC        TF0
  X:014FH         PUBLIC        COMPARACION_ACTIVA
  X:0150H         PUBLIC        g_cEstadoImpresion
  D:008CH         PUBLIC        TH0
  X:0151H         PUBLIC        ACK
  X:0152H         PUBLIC        g_cEstadoComSoft
  D:008AH         PUBLIC        TL0
  B:0088H.4       PUBLIC        TR0
  C:5FE4H         PUBLIC        inicia_board
  X:0153H         PUBLIC        T_GRACIA
  X:0155H         PUBLIC        COD_PARK
  B:0080H.7       PUBLIC        sel_com
BL51 BANKED LINKER/LOCATER V6.22.2.0                                                  10/28/2021  15:39:22  PAGE 16


  X:0157H         PUBLIC        STX_LINTECH
  C:6031H         PUBLIC        _getkey
  X:0158H         PUBLIC        ETX
  X:0159H         PUBLIC        ID_CLIENTE
  X:015BH         PUBLIC        buffer_ready
  C:5B3AH         PUBLIC        _putchar
  B:0021H.1       PUBLIC        placa_ready
  -------         PROC          TIMER0_INT
  C:5F0CH         LINE#         13
  C:5F12H         LINE#         16
  C:5F18H         LINE#         17
  C:5F1CH         LINE#         18
  C:5F1EH         LINE#         20
  -------         ENDPROC       TIMER0_INT
  -------         PROC          INI_TIMER
  C:5FD4H         LINE#         23
  C:5FD4H         LINE#         24
  C:5FD4H         LINE#         26
  C:5FDCH         LINE#         28
  C:5FDFH         LINE#         29
  C:5FE1H         LINE#         30
  C:5FE3H         LINE#         32
  -------         ENDPROC       INI_TIMER
  -------         PROC          ON_TIMER0_INTERRUP
  C:6090H         LINE#         35
  C:6090H         LINE#         36
  C:6090H         LINE#         37
  C:6092H         LINE#         38
  C:6094H         LINE#         40
  -------         ENDPROC       ON_TIMER0_INTERRUP
  -------         PROC          OFF_TIMER0_INTERRUP
  C:609AH         LINE#         43
  C:609AH         LINE#         44
  C:609AH         LINE#         45
  C:609CH         LINE#         47
  -------         ENDPROC       OFF_TIMER0_INTERRUP
  -------         PROC          _GETKEY
  -------         DO            
  D:0006H         SYMBOL        k
  -------         ENDDO         
  C:6031H         LINE#         55
  C:6031H         LINE#         56
  C:6031H         LINE#         60
  C:6031H         LINE#         61
  C:6034H         LINE#         62
  C:6034H         LINE#         63
  C:603CH         LINE#         65
  C:603CH         LINE#         66
  -------         ENDPROC       _GETKEY
  -------         PROC          _PUTCHAR
  X:00B1H         SYMBOL        c
  -------         DO            
  X:00B2H         SYMBOL        i
  -------         ENDDO         
  C:5B3AH         LINE#         70
  C:5B3FH         LINE#         71
  C:5B3FH         LINE#         74
BL51 BANKED LINKER/LOCATER V6.22.2.0                                                  10/28/2021  15:39:22  PAGE 17


  C:5B4EH         LINE#         75
  C:5B4EH         LINE#         76
  C:5B64H         LINE#         77
  C:5B64H         LINE#         79
  C:5B72H         LINE#         80
  C:5B72H         LINE#         82
  C:5B77H         LINE#         83
  -------         ENDPROC       _PUTCHAR
  -------         PROC          INICIA_BOARD
  C:5FE4H         LINE#         101
  C:5FE4H         LINE#         102
  C:5FE4H         LINE#         103
  C:5FE7H         LINE#         104
  C:5FEAH         LINE#         105
  C:5FEDH         LINE#         106
  C:5FEFH         LINE#         107
  C:5FF1H         LINE#         108
  C:5FF3H         LINE#         110
  -------         ENDPROC       INICIA_BOARD
  -------         PROC          VARIABLE_INICIO
  C:4D34H         LINE#         114
  C:4D34H         LINE#         115
  C:4D34H         LINE#         117
  C:4D44H         LINE#         118
  C:4D55H         LINE#         119
  C:4D66H         LINE#         120
  C:4D77H         LINE#         121
  C:4D85H         LINE#         122
  C:4D93H         LINE#         123
  C:4DA1H         LINE#         124
  C:4DAFH         LINE#         125
  C:4DBDH         LINE#         126
  -------         ENDPROC       VARIABLE_INICIO
  -------         PROC          MAIN
  -------         DO            
  X:0114H         SYMBOL        buffer
  X:0000H         SYMBOL        buffer1
  X:000DH         SYMBOL        Length_trama
  -------         ENDDO         
  C:43DBH         LINE#         134
  C:43DBH         LINE#         135
  C:43DBH         LINE#         142
  C:43DEH         LINE#         143
  C:43E1H         LINE#         144
  C:43E4H         LINE#         145
  C:43E7H         LINE#         146
  C:43EAH         LINE#         147
  C:43ECH         LINE#         149
  C:43EFH         LINE#         151
  C:43F2H         LINE#         152
  C:43F7H         LINE#         154
  C:43FAH         LINE#         155
  C:43FDH         LINE#         156
  C:43FDH         LINE#         157
  C:4400H         LINE#         158
  C:4400H         LINE#         159
  C:4403H         LINE#         161
BL51 BANKED LINKER/LOCATER V6.22.2.0                                                  10/28/2021  15:39:22  PAGE 18


  C:4409H         LINE#         163
  C:4409H         LINE#         164
  C:4409H         LINE#         167
  C:440CH         LINE#         168
  C:440CH         LINE#         170
  C:441AH         LINE#         171
  C:441DH         LINE#         172
  C:442BH         LINE#         173
  C:443FH         LINE#         174
  C:4448H         LINE#         175
  C:444BH         LINE#         176
  C:444BH         LINE#         178
  C:444EH         LINE#         184
  C:4451H         LINE#         185
  C:4451H         LINE#         187
  C:4460H         LINE#         191
  C:446FH         LINE#         194
  C:4477H         LINE#         195
  C:4480H         LINE#         198
  C:448EH         LINE#         200
  C:448EH         LINE#         201
  C:4491H         LINE#         204
  -------         ENDPROC       MAIN
  -------         ENDMOD        MAIN

  -------         MODULE        CLOCK
  C:0000H         SYMBOL        _ICE_DUMMY_
  C:59EFH         PUBLIC        _two_one
  D:0090H         PUBLIC        P1
  C:5D6BH         PUBLIC        _wr_clk
  B:00D0H.7       PUBLIC        CY
  C:0003H         PUBLIC        p_ck
  X:0177H         PUBLIC        data_clk
  C:6059H         PUBLIC        cond_ini_clock
  C:3F69H         PUBLIC        _Block_read_Clock
  B:0090H.4       PUBLIC        sck
  C:46B0H         PUBLIC        _Block_read_Clock_Hex
  C:299CH         PUBLIC        _Block_read_clock_ascii
  C:5E7EH         PUBLIC        _bcd_hex
  C:54F4H         PUBLIC        _ByteHex_Decimal
  C:4B03H         PUBLIC        _lee_clk
  B:0090H.5       PUBLIC        io
  C:4C19H         PUBLIC        _Block_write_clock_ascii
  B:0090H.6       PUBLIC        rst
  C:5A7DH         PUBLIC        _eb_clk
  C:2492H         PUBLIC        _Two_ByteHex_Decimal
  -------         PROC          P_CK
  C:0003H         LINE#         37
  C:0003H         LINE#         38
  C:0003H         LINE#         39
  C:0005H         LINE#         40
  C:0008H         LINE#         41
  C:000AH         LINE#         42
  -------         ENDPROC       P_CK
  -------         PROC          _EB_CLK
  X:004CH         SYMBOL        dir_clk
  -------         DO            
BL51 BANKED LINKER/LOCATER V6.22.2.0                                                  10/28/2021  15:39:22  PAGE 19


  X:004DH         SYMBOL        nbits
  -------         ENDDO         
  C:5A7DH         LINE#         44
  C:5A82H         LINE#         46
  C:5A87H         LINE#         47
  C:5A87H         LINE#         48
  C:5A90H         LINE#         49
  C:5A93H         LINE#         50
  C:5A93H         LINE#         51
  C:5A95H         LINE#         52
  C:5A97H         LINE#         54
  C:5A97H         LINE#         55
  C:5A99H         LINE#         56
  C:5A99H         LINE#         57
  C:5A9CH         LINE#         58
  C:5ABBH         LINE#         59
  -------         ENDPROC       _EB_CLK
  C:4AF9H         SYMBOL        L?0048
  -------         PROC          L?0047
  -------         ENDPROC       L?0047
  C:4AF9H         SYMBOL        L?0048
  -------         PROC          _LEE_CLK
  X:0049H         SYMBOL        dir_clk
  -------         DO            
  X:004AH         SYMBOL        nbits
  -------         ENDDO         
  C:4B03H         LINE#         61
  C:4B08H         LINE#         63
  C:4B0AH         LINE#         64
  C:4B11H         LINE#         65
  C:4B19H         LINE#         66
  C:4B32H         LINE#         67
  C:4B32H         LINE#         68
  C:4B35H         LINE#         69
  C:4B35H         LINE#         70
  C:4B3CH         LINE#         71
  C:4B46H         LINE#         72
  C:4B4BH         LINE#         73
  C:4B4BH         LINE#         74
  C:4B4BH         LINE#         75
  C:4B4EH         LINE#         76
  C:4B4EH         LINE#         77
  C:4B55H         LINE#         78
  C:4B66H         LINE#         79
  C:4B66H         LINE#         80
  C:4B6EH         LINE#         81
  C:4B6EH         LINE#         82
  C:4B6EH         LINE#         83
  C:4B71H         LINE#         84
  C:4B81H         LINE#         85
  C:4B83H         LINE#         86
  C:4B88H         LINE#         87
  -------         ENDPROC       _LEE_CLK
  -------         PROC          _WR_CLK
  X:0020H         SYMBOL        dir_clk
  X:0021H         SYMBOL        byte
  C:5D6BH         LINE#         89
BL51 BANKED LINKER/LOCATER V6.22.2.0                                                  10/28/2021  15:39:22  PAGE 20


  C:5D73H         LINE#         90
  C:5D75H         LINE#         91
  C:5D7CH         LINE#         92
  C:5D84H         LINE#         93
  C:5D8DH         LINE#         94
  C:5D90H         LINE#         95
  C:5D92H         LINE#         97
  -------         ENDPROC       _WR_CLK
  C:59BBH         SYMBOL        L?0045
  C:59D9H         SYMBOL        L?0046
  -------         PROC          L?0044
  -------         ENDPROC       L?0044
  C:59BBH         SYMBOL        L?0045
  C:59D9H         SYMBOL        L?0046
  -------         PROC          _TWO_ONE
  D:0007H         SYMBOL        byte_h
  D:0005H         SYMBOL        byte_l
  -------         DO            
  D:0007H         SYMBOL        byte_out
  -------         ENDDO         
  C:59EFH         LINE#         99
  C:59EFH         LINE#         100
  C:59EFH         LINE#         102
  C:59F2H         LINE#         103
  C:59F6H         LINE#         104
  C:59F9H         LINE#         105
  C:59FBH         LINE#         106
  C:59FBH         LINE#         107
  -------         ENDPROC       _TWO_ONE
  -------         PROC          _BLOCK_WRITE_CLOCK_ASCII
  X:001DH         SYMBOL        datos_clock
  C:4C19H         LINE#         112
  C:4C24H         LINE#         114
  C:4C24H         LINE#         118
  C:4C2EH         LINE#         119
  C:4C2EH         LINE#         120
  C:4C2EH         LINE#         121
  C:4C2EH         LINE#         123
  C:4C38H         LINE#         124
  C:4C42H         LINE#         125
  C:4C4CH         LINE#         126
  C:4C4CH         LINE#         127
  C:4C4CH         LINE#         128
  C:4C4CH         LINE#         130
  C:4C56H         LINE#         131
  C:4C56H         LINE#         132
  C:4C56H         LINE#         133
  C:4C56H         LINE#         135
  C:4C60H         LINE#         136
  C:4C60H         LINE#         137
  C:4C60H         LINE#         138
  C:4C60H         LINE#         140
  C:4C6AH         LINE#         141
  C:4C6AH         LINE#         142
  C:4C6AH         LINE#         143
  C:4C6AH         LINE#         145
  C:4C74H         LINE#         146
BL51 BANKED LINKER/LOCATER V6.22.2.0                                                  10/28/2021  15:39:22  PAGE 21


  C:4C7EH         LINE#         147
  C:4C88H         LINE#         148
  C:4C92H         LINE#         150
  -------         ENDPROC       _BLOCK_WRITE_CLOCK_ASCII
  -------         PROC          _BCD_HEX
  D:0007H         SYMBOL        l_data
  -------         DO            
  D:0006H         SYMBOL        temp
  D:0005H         SYMBOL        j
  -------         ENDDO         
  C:5E7EH         LINE#         156
  C:5E7EH         LINE#         157
  C:5E7EH         LINE#         159
  C:5E80H         LINE#         160
  C:5E84H         LINE#         161
  C:5E87H         LINE#         162
  C:5E89H         LINE#         163
  C:5E89H         LINE#         164
  C:5E8DH         LINE#         165
  C:5E94H         LINE#         166
  C:5E94H         LINE#         167
  C:5E98H         LINE#         168
  C:5E9BH         LINE#         169
  C:5E9BH         LINE#         170
  C:5E9BH         LINE#         171
  -------         ENDPROC       _BCD_HEX
  -------         PROC          _BYTEHEX_DECIMAL
  D:0001H         SYMBOL        buffer
  D:0005H         SYMBOL        valorhex
  -------         DO            
  X:001DH         SYMBOL        numero
  D:0007H         SYMBOL        centena
  D:0006H         SYMBOL        decena
  -------         ENDDO         
  C:54F4H         LINE#         207
  C:54F4H         LINE#         208
  C:54F4H         LINE#         211
  C:54F6H         LINE#         212
  C:54F7H         LINE#         213
  C:54FCH         LINE#         215
  C:5509H         LINE#         216
  C:5509H         LINE#         217
  C:550DH         LINE#         218
  C:550EH         LINE#         219
  C:5510H         LINE#         220
  C:5516H         LINE#         221
  C:551DH         LINE#         222
  C:552AH         LINE#         223
  C:552AH         LINE#         224
  C:552EH         LINE#         225
  C:552FH         LINE#         226
  C:5531H         LINE#         227
  C:5537H         LINE#         228
  C:553EH         LINE#         229
  -------         ENDPROC       _BYTEHEX_DECIMAL
  -------         PROC          _TWO_BYTEHEX_DECIMAL
  X:001DH         SYMBOL        buffer
BL51 BANKED LINKER/LOCATER V6.22.2.0                                                  10/28/2021  15:39:22  PAGE 22


  X:0020H         SYMBOL        id_h
  X:0021H         SYMBOL        id_l
  -------         DO            
  X:0022H         SYMBOL        valor
  D:0006H         SYMBOL        numero
  X:0024H         SYMBOL        temp
  X:0025H         SYMBOL        dmil
  X:0026H         SYMBOL        mil
  X:0027H         SYMBOL        centena
  X:0028H         SYMBOL        decena
  -------         ENDDO         
  C:2492H         LINE#         237
  C:24A0H         LINE#         238
  C:24A0H         LINE#         242
  C:24A7H         LINE#         243
  C:24ABH         LINE#         244
  C:24ADH         LINE#         245
  C:24AFH         LINE#         246
  C:24B1H         LINE#         249
  C:24B6H         LINE#         250
  C:24B9H         LINE#         251
  C:24BFH         LINE#         253
  C:251AH         LINE#         254
  C:2522H         LINE#         255
  C:2525H         LINE#         256
  C:2580H         LINE#         258
  C:2588H         LINE#         259
  C:258BH         LINE#         260
  C:2591H         LINE#         261
  C:25ECH         LINE#         262
  C:25F4H         LINE#         263
  C:25F7H         LINE#         264
  C:2652H         LINE#         265
  C:2652H         LINE#         267
  C:265BH         LINE#         268
  C:265BH         LINE#         269
  C:2663H         LINE#         270
  C:2669H         LINE#         271
  C:266BH         LINE#         272
  C:2681H         LINE#         273
  C:268BH         LINE#         274
  C:2694H         LINE#         275
  C:2694H         LINE#         276
  C:269CH         LINE#         277
  C:26A2H         LINE#         278
  C:26A4H         LINE#         279
  C:26BAH         LINE#         280
  C:26C4H         LINE#         281
  C:26CDH         LINE#         282
  C:26CDH         LINE#         283
  C:26D5H         LINE#         284
  C:26DBH         LINE#         285
  C:26DDH         LINE#         286
  C:26F3H         LINE#         287
  C:26FDH         LINE#         288
  C:2706H         LINE#         289
  C:2706H         LINE#         290
BL51 BANKED LINKER/LOCATER V6.22.2.0                                                  10/28/2021  15:39:22  PAGE 23


  C:270EH         LINE#         291
  C:2714H         LINE#         292
  C:2716H         LINE#         293
  C:272CH         LINE#         294
  C:2736H         LINE#         295
  C:2749H         LINE#         296
  C:2753H         LINE#         297
  -------         ENDPROC       _TWO_BYTEHEX_DECIMAL
  -------         PROC          _BLOCK_READ_CLOCK_ASCII
  X:0046H         SYMBOL        datos_clock
  -------         DO            
  D:0007H         SYMBOL        dato
  -------         ENDDO         
  C:299CH         LINE#         303
  C:299FH         LINE#         304
  C:299FH         LINE#         310
  C:29A2H         LINE#         311
  C:29BAH         LINE#         312
  C:29C4H         LINE#         313
  C:29D9H         LINE#         314
  C:29E3H         LINE#         317
  C:29E8H         LINE#         318
  C:2A00H         LINE#         319
  C:2A0AH         LINE#         320
  C:2A1FH         LINE#         321
  C:2A29H         LINE#         324
  C:2A2EH         LINE#         325
  C:2A46H         LINE#         326
  C:2A50H         LINE#         327
  C:2A65H         LINE#         328
  C:2A6FH         LINE#         332
  C:2A74H         LINE#         333
  C:2A8CH         LINE#         334
  C:2A96H         LINE#         335
  C:2AABH         LINE#         336
  C:2AB5H         LINE#         339
  C:2ABAH         LINE#         340
  C:2AD2H         LINE#         341
  C:2ADCH         LINE#         342
  C:2AF1H         LINE#         343
  C:2AFBH         LINE#         346
  C:2B00H         LINE#         347
  C:2B18H         LINE#         348
  C:2B22H         LINE#         349
  C:2B37H         LINE#         350
  C:2B41H         LINE#         353
  C:2B46H         LINE#         354
  C:2B5BH         LINE#         355
  C:2B65H         LINE#         356
  -------         ENDPROC       _BLOCK_READ_CLOCK_ASCII
  -------         PROC          _BLOCK_READ_CLOCK_HEX
  X:0031H         SYMBOL        datos_clock
  C:46B0H         LINE#         360
  C:46B3H         LINE#         361
  C:46B3H         LINE#         364
  C:46C8H         LINE#         365
  C:46D2H         LINE#         367
BL51 BANKED LINKER/LOCATER V6.22.2.0                                                  10/28/2021  15:39:22  PAGE 24


  C:46E9H         LINE#         368
  C:46F3H         LINE#         370
  C:470AH         LINE#         371
  C:4714H         LINE#         373
  C:472BH         LINE#         374
  C:4735H         LINE#         376
  C:474CH         LINE#         377
  -------         ENDPROC       _BLOCK_READ_CLOCK_HEX
  -------         PROC          _BLOCK_READ_CLOCK
  X:002AH         SYMBOL        datos_clock
  C:3F69H         LINE#         404
  C:3F6CH         LINE#         405
  C:3F6CH         LINE#         407
  C:3F7EH         LINE#         408
  C:3F88H         LINE#         410
  C:3F9CH         LINE#         411
  C:3FA6H         LINE#         413
  C:3FBAH         LINE#         414
  C:3FC4H         LINE#         416
  C:3FD8H         LINE#         417
  C:3FE2H         LINE#         419
  C:3FF6H         LINE#         420
  C:4000H         LINE#         422
  C:4014H         LINE#         423
  C:401EH         LINE#         424
  -------         ENDPROC       _BLOCK_READ_CLOCK
  -------         PROC          COND_INI_CLOCK
  C:6059H         LINE#         427
  C:6059H         LINE#         428
  C:6059H         LINE#         429
  C:605BH         LINE#         430
  C:605DH         LINE#         431
  C:605FH         LINE#         432
  -------         ENDPROC       COND_INI_CLOCK
  -------         ENDMOD        CLOCK

  -------         MODULE        DELAY
  C:0000H         SYMBOL        _ICE_DUMMY_
  C:5F68H         PUBLIC        _Delay_20us
  C:5ED7H         PUBLIC        _Delay_1ms
  C:60A0H         PUBLIC        Delay
  -------         PROC          _DELAY_20US
  D:0006H         SYMBOL        cnt
  -------         DO            
  D:0004H         SYMBOL        i
  -------         ENDDO         
  C:5F68H         LINE#         20
  C:5F68H         LINE#         21
  C:5F68H         LINE#         24
  C:5F72H         LINE#         26
  C:5F79H         LINE#         27
  -------         ENDPROC       _DELAY_20US
  -------         PROC          _DELAY_1MS
  D:0002H         SYMBOL        cnt
  -------         DO            
  D:0082H         SYMBOL        i
  -------         ENDDO         
BL51 BANKED LINKER/LOCATER V6.22.2.0                                                  10/28/2021  15:39:22  PAGE 25


  C:5ED7H         LINE#         38
  C:5EDBH         LINE#         39
  C:5EDBH         LINE#         41
  C:5EF1H         LINE#         42
  -------         ENDPROC       _DELAY_1MS
  -------         PROC          DELAY
  C:60A0H         LINE#         60
  C:60A0H         LINE#         62
  -------         ENDPROC       DELAY
  -------         ENDMOD        DELAY

  -------         MODULE        EEPROM
  C:0000H         SYMBOL        _ICE_DUMMY_
  C:5BF4H         PUBLIC        confirmacion
  D:0090H         PUBLIC        P1
  C:4DBEH         PUBLIC        _EscribirMemoria
  X:0171H         PUBLIC        l_chr
  C:5E02H         PUBLIC        ackd
  B:0021H.2       PUBLIC        memory_flag
  B:00D0H.7       PUBLIC        CY
  C:608AH         PUBLIC        p_me
  C:5F82H         PUBLIC        start
  B:0090H.2       PUBLIC        sda
  C:5E22H         PUBLIC        ack_lect
  B:0090H.3       PUBLIC        scl
  C:5CA7H         PUBLIC        _rd_eeprom
  C:6047H         PUBLIC        stop
  C:5AFBH         PUBLIC        Formato_eeprom
  X:0172H         PUBLIC        l_data_eeprom
  C:5ABCH         PUBLIC        _wr_eeprom
  C:5445H         PUBLIC        _LeerMemoria
  X:0173H         PUBLIC        byte_rd
  C:5DDDH         PUBLIC        _e_d_m
  C:5547H         PUBLIC        l_d_m
  -------         PROC          L?0055
  -------         ENDPROC       L?0055
  -------         PROC          ACKD
  -------         DO            
  D:0006H         SYMBOL        i
  -------         ENDDO         
  C:5E02H         LINE#         40
  C:5E02H         LINE#         41
  C:5E02H         LINE#         43
  C:5E04H         LINE#         44
  C:5E06H         LINE#         45
  C:5E08H         LINE#         46
  C:5E0BH         LINE#         47
  C:5E0BH         LINE#         48
  C:5E0EH         LINE#         49
  C:5E0EH         LINE#         50
  C:5E10H         LINE#         51
  C:5E12H         LINE#         53
  C:5E13H         LINE#         54
  C:5E13H         LINE#         55
  C:5E1EH         LINE#         57
  C:5E1EH         LINE#         58
  C:5E1EH         LINE#         60
BL51 BANKED LINKER/LOCATER V6.22.2.0                                                  10/28/2021  15:39:22  PAGE 26


  C:5E1EH         LINE#         61
  -------         ENDPROC       ACKD
  -------         PROC          L?0057
  -------         ENDPROC       L?0057
  -------         PROC          ACK_LECT
  -------         DO            
  D:0006H         SYMBOL        i
  -------         ENDDO         
  C:5E22H         LINE#         64
  C:5E22H         LINE#         65
  C:5E22H         LINE#         67
  C:5E24H         LINE#         68
  C:5E26H         LINE#         69
  C:5E28H         LINE#         70
  C:5E2BH         LINE#         71
  C:5E2BH         LINE#         72
  C:5E2EH         LINE#         73
  C:5E2EH         LINE#         74
  C:5E30H         LINE#         75
  C:5E32H         LINE#         76
  C:5E33H         LINE#         77
  C:5E33H         LINE#         78
  C:5E3EH         LINE#         79
  -------         ENDPROC       ACK_LECT
  -------         PROC          P_ME
  C:608AH         LINE#         81
  C:608AH         LINE#         82
  C:608AH         LINE#         83
  C:608CH         LINE#         84
  C:608DH         LINE#         85
  C:608FH         LINE#         86
  -------         ENDPROC       P_ME
  -------         PROC          _E_D_M
  D:0007H         SYMBOL        a_serial_eeprom
  -------         DO            
  D:0006H         SYMBOL        nbits
  -------         ENDDO         
  C:5DDDH         LINE#         88
  C:5DDDH         LINE#         89
  C:5DDDH         LINE#         91
  C:5DE9H         LINE#         92
  C:5DE9H         LINE#         93
  C:5DEDH         LINE#         94
  C:5DF0H         LINE#         95
  C:5DF0H         LINE#         96
  C:5DF2H         LINE#         97
  C:5DF4H         LINE#         99
  C:5DF4H         LINE#         100
  C:5DF6H         LINE#         101
  C:5DF6H         LINE#         102
  C:5DF8H         LINE#         103
  C:5DFBH         LINE#         104
  C:5DFEH         LINE#         106
  -------         ENDPROC       _E_D_M
  -------         PROC          L?0056
  -------         ENDPROC       L?0056
  -------         PROC          START
BL51 BANKED LINKER/LOCATER V6.22.2.0                                                  10/28/2021  15:39:22  PAGE 27


  C:5F82H         LINE#         108
  C:5F82H         LINE#         109
  C:5F82H         LINE#         110
  C:5F84H         LINE#         111
  C:5F86H         LINE#         112
  C:5F87H         LINE#         113
  C:5F89H         LINE#         114
  C:5F8BH         LINE#         116
  -------         ENDPROC       START
  -------         PROC          STOP
  C:6047H         LINE#         118
  C:6047H         LINE#         119
  C:6047H         LINE#         120
  C:6049H         LINE#         121
  C:604BH         LINE#         122
  C:604DH         LINE#         123
  C:604FH         LINE#         125
  -------         ENDPROC       STOP
  -------         PROC          L_D_M
  -------         DO            
  D:0003H         SYMBOL        nbits
  -------         ENDDO         
  C:5547H         LINE#         127
  C:5547H         LINE#         128
  C:5547H         LINE#         130
  C:5554H         LINE#         131
  C:5554H         LINE#         132
  C:5556H         LINE#         133
  C:5559H         LINE#         134
  C:5559H         LINE#         135
  C:5560H         LINE#         136
  C:5569H         LINE#         137
  C:5569H         LINE#         138
  C:556DH         LINE#         139
  C:556FH         LINE#         140
  C:556FH         LINE#         141
  C:556FH         LINE#         142
  C:5572H         LINE#         143
  C:5572H         LINE#         144
  C:5579H         LINE#         145
  C:5583H         LINE#         146
  C:5583H         LINE#         147
  C:5587H         LINE#         148
  C:5589H         LINE#         149
  C:5589H         LINE#         150
  C:5589H         LINE#         151
  C:558CH         LINE#         152
  C:558EH         LINE#         153
  C:5593H         LINE#         154
  -------         ENDPROC       L_D_M
  -------         PROC          _WR_EEPROM
  D:0002H         SYMBOL        control
  D:0004H         SYMBOL        Dir
  D:0003H         SYMBOL        data_eeprom
  -------         DO            
  D:0005H         SYMBOL        dir_h
  D:0001H         SYMBOL        dir_l
BL51 BANKED LINKER/LOCATER V6.22.2.0                                                  10/28/2021  15:39:22  PAGE 28


  -------         ENDDO         
  C:5ABCH         LINE#         160
  C:5ABEH         LINE#         161
  C:5ABEH         LINE#         163
  C:5AC2H         LINE#         164
  C:5AC2H         LINE#         165
  C:5AC2H         LINE#         168
  C:5AC2H         LINE#         169
  C:5AC2H         LINE#         171
  C:5AC5H         LINE#         172
  C:5AC7H         LINE#         173
  C:5ACAH         LINE#         174
  C:5ACCH         LINE#         175
  C:5ACFH         LINE#         176
  C:5AD4H         LINE#         177
  C:5AD7H         LINE#         178
  C:5ADCH         LINE#         179
  C:5ADFH         LINE#         180
  C:5AE2H         LINE#         181
  C:5AE9H         LINE#         183
  C:5AEBH         LINE#         184
  C:5AEDH         LINE#         185
  C:5AF4H         LINE#         186
  -------         ENDPROC       _WR_EEPROM
  -------         PROC          _RD_EEPROM
  D:0003H         SYMBOL        control
  D:0004H         SYMBOL        Dir
  -------         DO            
  D:0005H         SYMBOL        dir_h
  D:0002H         SYMBOL        dir_l
  -------         ENDDO         
  C:5CA7H         LINE#         236
  C:5CA9H         LINE#         237
  C:5CA9H         LINE#         240
  C:5CADH         LINE#         241
  C:5CADH         LINE#         242
  C:5CADH         LINE#         244
  C:5CADH         LINE#         245
  C:5CADH         LINE#         247
  C:5CB0H         LINE#         248
  C:5CB2H         LINE#         249
  C:5CB5H         LINE#         250
  C:5CB7H         LINE#         251
  C:5CBAH         LINE#         252
  C:5CBFH         LINE#         253
  C:5CC2H         LINE#         254
  C:5CC5H         LINE#         255
  C:5CCBH         LINE#         256
  C:5CCEH         LINE#         257
  C:5CD0H         LINE#         258
  C:5CD3H         LINE#         259
  C:5CD6H         LINE#         260
  C:5CD8H         LINE#         261
  C:5CDAH         LINE#         262
  C:5CDFH         LINE#         263
  -------         ENDPROC       _RD_EEPROM
  -------         PROC          _LEERMEMORIA
BL51 BANKED LINKER/LOCATER V6.22.2.0                                                  10/28/2021  15:39:22  PAGE 29


  X:007DH         SYMBOL        addres
  X:007FH         SYMBOL        res
  -------         DO            
  D:0007H         SYMBOL        i
  -------         ENDDO         
  C:5445H         LINE#         268
  C:5456H         LINE#         269
  C:5456H         LINE#         274
  C:5456H         LINE#         275
  C:5472H         LINE#         276
  C:5481H         LINE#         277
  C:548FH         LINE#         278
  C:5499H         LINE#         279
  C:5499H         LINE#         280
  C:549CH         LINE#         282
  -------         ENDPROC       _LEERMEMORIA
  -------         PROC          _ESCRIBIRMEMORIA
  X:007DH         SYMBOL        control
  X:007EH         SYMBOL        addres
  X:0080H         SYMBOL        res
  C:4DBEH         LINE#         288
  C:4DD2H         LINE#         289
  C:4DD2H         LINE#         291
  C:4DE2H         LINE#         292
  C:4DE2H         LINE#         293
  C:4DE5H         LINE#         294
  C:4DE5H         LINE#         296
  C:4DE9H         LINE#         297
  C:4DE9H         LINE#         298
  C:4E04H         LINE#         299
  C:4E12H         LINE#         300
  C:4E1CH         LINE#         301
  C:4E1EH         LINE#         302
  C:4E2DH         LINE#         303
  -------         ENDPROC       _ESCRIBIRMEMORIA
  -------         PROC          CONFIRMACION
  -------         DO            
  X:001DH         SYMBOL        hora
  D:0007H         SYMBOL        temp
  -------         ENDDO         
  C:5BF4H         LINE#         305
  C:5BF4H         LINE#         306
  C:5BF4H         LINE#         308
  C:5BF6H         LINE#         309
  C:5BFFH         LINE#         311
  C:5C05H         LINE#         312
  C:5C09H         LINE#         313
  C:5C09H         LINE#         315
  C:5C0DH         LINE#         316
  C:5C16H         LINE#         317
  C:5C16H         LINE#         319
  C:5C1BH         LINE#         320
  C:5C1DH         LINE#         321
  C:5C1DH         LINE#         323
  C:5C21H         LINE#         324
  C:5C2AH         LINE#         325
  C:5C2AH         LINE#         326
BL51 BANKED LINKER/LOCATER V6.22.2.0                                                  10/28/2021  15:39:22  PAGE 30


  C:5C2AH         LINE#         327
  C:5C2AH         LINE#         328
  C:5C2CH         LINE#         330
  C:5C2CH         LINE#         331
  C:5C2FH         LINE#         332
  C:5C2FH         LINE#         333
  C:5C2FH         LINE#         334
  C:5C2FH         LINE#         337
  -------         ENDPROC       CONFIRMACION
  -------         PROC          FORMATO_EEPROM
  -------         DO            
  X:0028H         SYMBOL        dato
  X:0029H         SYMBOL        i
  -------         ENDDO         
  C:5AFBH         LINE#         338
  C:5AFBH         LINE#         339
  C:5AFBH         LINE#         340
  C:5B01H         LINE#         343
  C:5B16H         LINE#         344
  C:5B16H         LINE#         345
  C:5B20H         LINE#         346
  C:5B30H         LINE#         347
  -------         ENDPROC       FORMATO_EEPROM
  -------         ENDMOD        EEPROM

  -------         MODULE        IO_SENSORES
  C:0000H         SYMBOL        _ICE_DUMMY_
  D:0090H         PUBLIC        P1
  D:00B0H         PUBLIC        P3
  C:5F8CH         PUBLIC        Dir_board
  B:0090H.1       PUBLIC        DataIn
  C:6067H         PUBLIC        sel_Auto
  C:51D5H         PUBLIC        ValidaSensoresPaso
  B:00B0H.3       PUBLIC        busy
  C:5E5FH         PUBLIC        ValidaSensor
  C:6075H         PUBLIC        sel_Sensor1
  C:606EH         PUBLIC        sel_Sensor2
  B:00B0H.5       PUBLIC        sel_A
  B:00B0H.6       PUBLIC        sel_B
  B:00B0H.7       PUBLIC        sel_C
  C:5162H         PUBLIC        msj_lcd_informativo
  C:607CH         PUBLIC        sel_Dir1
  C:6083H         PUBLIC        sel_Dir2
  C:6060H         PUBLIC        sel_Funcion
  -------         PROC          SEL_FUNCION
  C:6060H         LINE#         26
  C:6060H         LINE#         27
  C:6060H         LINE#         28
  C:6062H         LINE#         29
  C:6064H         LINE#         30
  C:6066H         LINE#         31
  -------         ENDPROC       SEL_FUNCION
  -------         PROC          SEL_AUTO
  C:6067H         LINE#         33
  C:6067H         LINE#         34
  C:6067H         LINE#         35
  C:6069H         LINE#         36
BL51 BANKED LINKER/LOCATER V6.22.2.0                                                  10/28/2021  15:39:22  PAGE 31


  C:606BH         LINE#         37
  C:606DH         LINE#         38
  -------         ENDPROC       SEL_AUTO
  -------         PROC          SEL_SENSOR2
  C:606EH         LINE#         49
  C:606EH         LINE#         50
  C:606EH         LINE#         51
  C:6070H         LINE#         52
  C:6072H         LINE#         53
  C:6074H         LINE#         54
  -------         ENDPROC       SEL_SENSOR2
  -------         PROC          SEL_SENSOR1
  C:6075H         LINE#         56
  C:6075H         LINE#         57
  C:6075H         LINE#         58
  C:6077H         LINE#         59
  C:6079H         LINE#         60
  C:607BH         LINE#         61
  -------         ENDPROC       SEL_SENSOR1
  -------         PROC          SEL_DIR1
  C:607CH         LINE#         63
  C:607CH         LINE#         64
  C:607CH         LINE#         65
  C:607EH         LINE#         66
  C:6080H         LINE#         67
  C:6082H         LINE#         68
  -------         ENDPROC       SEL_DIR1
  -------         PROC          SEL_DIR2
  C:6083H         LINE#         70
  C:6083H         LINE#         71
  C:6083H         LINE#         72
  C:6085H         LINE#         73
  C:6087H         LINE#         74
  C:6089H         LINE#         75
  -------         ENDPROC       SEL_DIR2
  -------         PROC          VALIDASENSOR
  -------         DO            
  D:0007H         SYMBOL        Valido
  D:0004H         SYMBOL        Tmin
  -------         ENDDO         
  C:5E5FH         LINE#         77
  C:5E5FH         LINE#         78
  C:5E5FH         LINE#         80
  C:5E61H         LINE#         81
  C:5E65H         LINE#         82
  C:5E70H         LINE#         83
  C:5E70H         LINE#         84
  C:5E75H         LINE#         85
  C:5E79H         LINE#         86
  C:5E79H         LINE#         87
  C:5E7BH         LINE#         88
  C:5E7BH         LINE#         89
  C:5E7DH         LINE#         90
  C:5E7DH         LINE#         91
  -------         ENDPROC       VALIDASENSOR
  -------         PROC          DIR_BOARD
  -------         DO            
BL51 BANKED LINKER/LOCATER V6.22.2.0                                                  10/28/2021  15:39:22  PAGE 32


  D:0007H         SYMBOL        Board
  -------         ENDDO         
  C:5F8CH         LINE#         95
  C:5F8CH         LINE#         96
  C:5F8CH         LINE#         97
  C:5F8EH         LINE#         99
  C:5F91H         LINE#         100
  C:5F94H         LINE#         101
  C:5F94H         LINE#         102
  C:5F95H         LINE#         103
  C:5F95H         LINE#         104
  C:5F98H         LINE#         105
  C:5F9BH         LINE#         106
  C:5F9BH         LINE#         107
  C:5F9DH         LINE#         108
  C:5F9DH         LINE#         109
  C:5F9DH         LINE#         110
  -------         ENDPROC       DIR_BOARD
  -------         PROC          VALIDASENSORESPASO
  C:51D5H         LINE#         115
  C:51D5H         LINE#         116
  C:51D5H         LINE#         118
  C:51D8H         LINE#         119
  C:51DBH         LINE#         120
  C:51DBH         LINE#         121
  C:51E9H         LINE#         122
  C:51E9H         LINE#         123
  C:51ECH         LINE#         124
  C:51EFH         LINE#         125
  C:51F2H         LINE#         126
  C:51F7H         LINE#         127
  C:51F7H         LINE#         128
  C:51FEH         LINE#         129
  C:5202H         LINE#         130
  C:5204H         LINE#         132
  C:5204H         LINE#         134
  C:5204H         LINE#         135
  C:520BH         LINE#         136
  C:5210H         LINE#         137
  C:5212H         LINE#         138
  C:5212H         LINE#         141
  C:5212H         LINE#         143
  C:5215H         LINE#         144
  C:521AH         LINE#         145
  C:521AH         LINE#         147
  C:5221H         LINE#         148
  C:5227H         LINE#         149
  C:522AH         LINE#         150
  C:522AH         LINE#         152
  C:522AH         LINE#         153
  C:522EH         LINE#         154
  C:5230H         LINE#         155
  C:5230H         LINE#         158
  C:5230H         LINE#         159
  C:5230H         LINE#         161
  C:5230H         LINE#         162
  C:5236H         LINE#         163
BL51 BANKED LINKER/LOCATER V6.22.2.0                                                  10/28/2021  15:39:22  PAGE 33


  C:5238H         LINE#         164
  C:5238H         LINE#         165
  C:5238H         LINE#         166
  C:5238H         LINE#         167
  C:5241H         LINE#         168
  C:5243H         LINE#         169
  C:5243H         LINE#         171
  -------         ENDPROC       VALIDASENSORESPASO
  -------         PROC          MSJ_LCD_INFORMATIVO
  -------         DO            
  X:000EH         SYMBOL        toggle
  X:000FH         SYMBOL        info
  -------         ENDDO         
  C:5162H         LINE#         180
  C:5162H         LINE#         181
  C:5162H         LINE#         185
  C:5165H         LINE#         186
  C:5168H         LINE#         187
  C:5168H         LINE#         188
  C:5172H         LINE#         189
  C:5172H         LINE#         190
  C:5175H         LINE#         191
  C:5175H         LINE#         192
  C:5177H         LINE#         193
  C:517AH         LINE#         194
  C:5180H         LINE#         195
  C:5180H         LINE#         196
  C:5182H         LINE#         197
  C:518EH         LINE#         198
  C:518EH         LINE#         199
  C:5191H         LINE#         200
  C:5191H         LINE#         201
  C:5193H         LINE#         202
  C:5196H         LINE#         203
  C:519CH         LINE#         204
  C:519CH         LINE#         205
  C:519EH         LINE#         206
  C:51AAH         LINE#         207
  C:51AAH         LINE#         208
  C:51ADH         LINE#         209
  C:51ADH         LINE#         210
  C:51AFH         LINE#         211
  C:51BBH         LINE#         212
  C:51BBH         LINE#         213
  C:51BDH         LINE#         214
  C:51C4H         LINE#         216
  C:51C9H         LINE#         217
  C:51C9H         LINE#         219
  C:51C9H         LINE#         221
  C:51C9H         LINE#         223
[...]
  C:22C1H         LINE#         171
  C:22C1H         LINE#         172
  C:22C4H         LINE#         173
  C:22C4H         LINE#         175
  C:22FBH         LINE#         176
  C:22FBH         LINE#         177
  C:2300H         LINE#         178
  C:2300H         LINE#         180
  C:2338H         LINE#         181
  C:2338H         LINE#         183
  C:2340H         LINE#         184
  C:234CH         LINE#         187
  C:2351H         LINE#         188
  C:2353H         LINE#         189
  C:2359H         LINE#         190
  C:235EH         LINE#         191
  C:235EH         LINE#         192
  C:235EH         LINE#         196
  C:2361H         LINE#         200
  C:23A1H         LINE#         201
  C:23A1H         LINE#         203
  C:23B6H         LINE#         204
  C:23BCH         LINE#         205
  C:23E6H         LINE#         207
  C:23EEH         LINE#         208
  C:23EEH         LINE#         210
  C:23F5H         LINE#         211
  C:23F5H         LINE#         212
  C:23FAH         LINE#         213
  C:23FAH         LINE#         214
BL51 BANKED LINKER/LOCATER V6.22.2.0                                                  10/28/2021  15:39:22  PAGE 65


  C:23FCH         LINE#         216
  C:23FCH         LINE#         217
  C:2405H         LINE#         218
  C:2405H         LINE#         219
  C:2405H         LINE#         221
  C:2407H         LINE#         224
  C:2407H         LINE#         227
  C:2412H         LINE#         231
  C:2412H         LINE#         232
  C:2412H         LINE#         233
  C:243FH         LINE#         234
  C:243FH         LINE#         235
  C:244EH         LINE#         238
  C:2457H         LINE#         239
  C:246EH         LINE#         242
  C:246EH         LINE#         244
  C:2480H         LINE#         245
  C:2480H         LINE#         246
  C:2485H         LINE#         247
  C:248BH         LINE#         248
  C:2491H         LINE#         250
  C:2491H         LINE#         252
  -------         ENDPROC       _VALIDA_TRAMA_PTO
  -------         ENDMOD        ACCESCAN

  -------         MODULE        VERPRINT
  C:0000H         SYMBOL        _ICE_DUMMY_
  C:1CDDH         PUBLIC        Lee_ticket
  D:0090H         PUBLIC        P1
  C:5DB9H         PUBLIC        _num_num
  B:00A8H.4       PUBLIC        ES
  C:4321H         PUBLIC        _Bloque_Horario
  C:4266H         PUBLIC        _check_fechaOut_2
  B:0090H.7       PUBLIC        lock
  C:5EC4H         PUBLIC        _num_char
  -------         PROC          _NUM_NUM
  D:0001H         SYMBOL        p
  -------         DO            
  D:0007H         SYMBOL        contador
  -------         ENDDO         
  C:5DB9H         LINE#         74
  C:5DB9H         LINE#         75
  C:5DB9H         LINE#         76
  C:5DBBH         LINE#         77
  C:5DD2H         LINE#         78
  C:5DD2H         LINE#         80
  C:5DD9H         LINE#         81
  C:5DDAH         LINE#         82
  C:5DDCH         LINE#         83
  C:5DDCH         LINE#         84
  -------         ENDPROC       _NUM_NUM
  -------         PROC          L?0052
  -------         ENDPROC       L?0052
  -------         PROC          _NUM_CHAR
  D:0001H         SYMBOL        p
  D:0005H         SYMBOL        chr
  -------         DO            
BL51 BANKED LINKER/LOCATER V6.22.2.0                                                  10/28/2021  15:39:22  PAGE 66


  D:0007H         SYMBOL        contador
  -------         ENDDO         
  C:5EC4H         LINE#         88
  C:5EC4H         LINE#         89
  C:5EC4H         LINE#         90
  C:5EC6H         LINE#         91
  C:5ECCH         LINE#         92
  C:5ECCH         LINE#         94
  C:5ED3H         LINE#         95
  C:5ED4H         LINE#         96
  C:5ED6H         LINE#         97
  C:5ED6H         LINE#         98
  -------         ENDPROC       _NUM_CHAR
  -------         PROC          _CHECK_FECHAOUT_2
  X:001FH         SYMBOL        buffer
  -------         DO            
  X:0022H         SYMBOL        fecha_inicio
  X:0026H         SYMBOL        fecha_fin
  X:002AH         SYMBOL        datos_clk
  X:0030H         SYMBOL        temp
  -------         ENDDO         
  C:4266H         LINE#         102
  C:4271H         LINE#         103
  C:4271H         LINE#         109
  C:427AH         LINE#         110
  C:42A9H         LINE#         111
  C:42EEH         LINE#         114
  C:430EH         LINE#         115
  C:430EH         LINE#         116
  C:4314H         LINE#         117
  C:4316H         LINE#         119
  C:4316H         LINE#         120
  C:431BH         LINE#         121
  C:431BH         LINE#         125
  C:4320H         LINE#         126
  -------         ENDPROC       _CHECK_FECHAOUT_2
  -------         PROC          _BLOQUE_HORARIO
  X:001FH         SYMBOL        buffer
  -------         DO            
  X:0022H         SYMBOL        Estado_Horario
  X:0023H         SYMBOL        HoraNow
  D:0006H         SYMBOL        Hora_Ticket
  -------         ENDDO         
  C:4321H         LINE#         127
  C:432CH         LINE#         128
  C:432CH         LINE#         134
  C:4335H         LINE#         135
  C:433DH         LINE#         136
  C:4345H         LINE#         137
  C:434EH         LINE#         138
  C:437CH         LINE#         143
  C:4385H         LINE#         144
  C:43A9H         LINE#         145
  C:43B8H         LINE#         146
  C:43B8H         LINE#         148
  C:43BFH         LINE#         149
  C:43C5H         LINE#         150
BL51 BANKED LINKER/LOCATER V6.22.2.0                                                  10/28/2021  15:39:22  PAGE 67


  C:43C7H         LINE#         152
  C:43C7H         LINE#         155
  C:43CEH         LINE#         156
  C:43D3H         LINE#         157
  C:43D3H         LINE#         158
  C:43DAH         LINE#         159
  -------         ENDPROC       _BLOQUE_HORARIO
  -------         PROC          LEE_TICKET
  -------         DO            
  X:015CH         SYMBOL        paso_una_vez
  X:015DH         SYMBOL        Ticket
  X:000EH         SYMBOL        fecha
  X:0167H         SYMBOL        fecha2
  X:0019H         SYMBOL        temp
  X:001AH         SYMBOL        temp2
  X:001BH         SYMBOL        vehiculo
  X:001CH         SYMBOL        tipo_vehiculo
  -------         ENDDO         
  C:1CDDH         LINE#         166
  C:1CDDH         LINE#         167
  C:1CDDH         LINE#         174
  C:1D03H         LINE#         175
  C:1D03H         LINE#         176
  C:1D03H         LINE#         179
  C:1D0EH         LINE#         180
  C:1D0EH         LINE#         181
  C:1D10H         LINE#         183
  C:1D16H         LINE#         184
  C:1D16H         LINE#         185
  C:1D1FH         LINE#         186
  C:1D24H         LINE#         187
  C:1D2AH         LINE#         188
  C:1D2AH         LINE#         189
  C:1D2FH         LINE#         190
  C:1D35H         LINE#         191
  C:1D35H         LINE#         192
  C:1D35H         LINE#         193
  C:1D35H         LINE#         197
  C:1D38H         LINE#         199
  C:1D38H         LINE#         200
  C:1D41H         LINE#         201
  C:1D46H         LINE#         202
  C:1D46H         LINE#         203
  C:1D46H         LINE#         205
  C:1D46H         LINE#         206
  C:1D46H         LINE#         207
  C:1D49H         LINE#         212
  C:1D49H         LINE#         213
  C:1D5AH         LINE#         214
  C:1D5AH         LINE#         215
  C:1D62H         LINE#         216
  C:1D62H         LINE#         218
  C:1D6BH         LINE#         219
  C:1D74H         LINE#         220
  C:1D7DH         LINE#         221
  C:1D83H         LINE#         222
  C:1D89H         LINE#         225
BL51 BANKED LINKER/LOCATER V6.22.2.0                                                  10/28/2021  15:39:22  PAGE 68


  C:1D8AH         LINE#         226
  C:1D92H         LINE#         227
  C:1D92H         LINE#         229
  C:1DA0H         LINE#         230
  C:1DAEH         LINE#         231
  C:1DBBH         LINE#         232
  C:1DC5H         LINE#         233
  C:1DC5H         LINE#         234
  C:1DC8H         LINE#         235
  C:1DCDH         LINE#         236
  C:1DCDH         LINE#         237
  C:1DCDH         LINE#         238
  C:1DD0H         LINE#         239
  C:1DD0H         LINE#         241
  C:1DD9H         LINE#         242
  C:1DE2H         LINE#         243
  C:1DEBH         LINE#         248
  C:1DF1H         LINE#         249
  C:1DF2H         LINE#         251
  C:1DF2H         LINE#         253
  C:1DF5H         LINE#         254
  C:1DFAH         LINE#         255
  C:1DFEH         LINE#         256
  C:1E07H         LINE#         257
  C:1E0DH         LINE#         258
  C:1E0DH         LINE#         259
  C:1E0DH         LINE#         263
  C:1E0DH         LINE#         264
  C:1E10H         LINE#         265
  C:1E10H         LINE#         268
  C:1E19H         LINE#         269
  C:1E1EH         LINE#         270
  C:1E24H         LINE#         271
  C:1E2EH         LINE#         273
  C:1E34H         LINE#         274
  C:1E34H         LINE#         275
  C:1E42H         LINE#         276
  C:1E42H         LINE#         277
  C:1E42H         LINE#         278
  C:1E42H         LINE#         281
  C:1E45H         LINE#         283
  C:1E45H         LINE#         286
  C:1E50H         LINE#         287
  C:1E50H         LINE#         289
  C:1E59H         LINE#         291
  C:1E5EH         LINE#         293
  C:1E6BH         LINE#         294
  C:1E7AH         LINE#         295
  C:1EA0H         LINE#         296
  C:1EA0H         LINE#         297
  C:1EA3H         LINE#         298
  C:1EA5H         LINE#         300
  C:1EA5H         LINE#         301
  C:1EA8H         LINE#         302
  C:1EA8H         LINE#         303
  C:1EB1H         LINE#         304
  C:1EB9H         LINE#         305
BL51 BANKED LINKER/LOCATER V6.22.2.0                                                  10/28/2021  15:39:22  PAGE 69


  C:1EC2H         LINE#         307
  C:1ECBH         LINE#         308
  C:1ED3H         LINE#         309
  C:1EDCH         LINE#         310
  C:1EE4H         LINE#         311
  C:1EEDH         LINE#         313
  C:1EF2H         LINE#         314
  C:1EFEH         LINE#         315
  C:1EFEH         LINE#         316
  C:1F24H         LINE#         317
  C:1F33H         LINE#         319
  C:1F3CH         LINE#         320
  C:1F45H         LINE#         324
  C:1F51H         LINE#         325
  C:1F54H         LINE#         326
  C:1F5EH         LINE#         327
  C:1F61H         LINE#         328
  C:1F6AH         LINE#         329
  C:1F93H         LINE#         330
  C:1FA2H         LINE#         332
  C:1FBAH         LINE#         334
  C:1FD2H         LINE#         336
  C:1FEAH         LINE#         338
  C:2002H         LINE#         340
  C:201AH         LINE#         342
  C:2023H         LINE#         343
  C:202CH         LINE#         344
  C:2035H         LINE#         346
  C:2043H         LINE#         347
  C:2043H         LINE#         349
  C:2048H         LINE#         350
  C:2048H         LINE#         351
  C:2057H         LINE#         352
  C:2057H         LINE#         354
  C:205CH         LINE#         355
  C:205CH         LINE#         356
  C:206AH         LINE#         359
  C:2070H         LINE#         360
  C:2070H         LINE#         361
  C:207EH         LINE#         362
  C:207EH         LINE#         363
  C:207EH         LINE#         364
  C:207EH         LINE#         365
  C:2080H         LINE#         366
  C:2080H         LINE#         368
  C:2080H         LINE#         369
  C:2082H         LINE#         370
  C:2085H         LINE#         373
  C:208BH         LINE#         374
  C:2091H         LINE#         376
  C:2091H         LINE#         377
  C:2091H         LINE#         378
  C:2092H         LINE#         379
  C:2092H         LINE#         380
  C:2094H         LINE#         381
  C:209CH         LINE#         382
  C:209CH         LINE#         383
BL51 BANKED LINKER/LOCATER V6.22.2.0                                                  10/28/2021  15:39:22  PAGE 70


  C:209EH         LINE#         384
  C:20A0H         LINE#         385
  C:20A9H         LINE#         387
  C:20AFH         LINE#         388
  C:20B2H         LINE#         389
  C:20B7H         LINE#         390
  C:20B7H         LINE#         391
  C:20B7H         LINE#         392
  C:20B9H         LINE#         393
  C:20B9H         LINE#         394
  C:20BEH         LINE#         395
  C:20BFH         LINE#         397
  C:20BFH         LINE#         398
  C:20C7H         LINE#         399
  C:20C7H         LINE#         400
  C:20D0H         LINE#         402
  C:20DEH         LINE#         403
  C:20E4H         LINE#         404
  C:20EAH         LINE#         405
  C:20EAH         LINE#         406
  C:20EAH         LINE#         407
  C:20EAH         LINE#         408
  -------         ENDPROC       LEE_TICKET
  -------         ENDMOD        VERPRINT

  -------         MODULE        ?C?FPADD
  C:0D61H         PUBLIC        ?C?FPADD
  C:0D5DH         PUBLIC        ?C?FPSUB
  -------         ENDMOD        ?C?FPADD

  -------         MODULE        ?C?FPMUL
  C:0E52H         PUBLIC        ?C?FPMUL
  -------         ENDMOD        ?C?FPMUL

  -------         MODULE        ?C?FCAST
  C:0F62H         PUBLIC        ?C?FCASTC
  C:0F5DH         PUBLIC        ?C?FCASTI
  C:0F58H         PUBLIC        ?C?FCASTL
  -------         ENDMOD        ?C?FCAST

  -------         MODULE        ?C?CASTF
  C:0F96H         PUBLIC        ?C?CASTF
  -------         ENDMOD        ?C?CASTF

  -------         MODULE        PRINTF
  X:0081H         PUBLIC        ?_PRINTF?BYTE
  X:0081H         PUBLIC        ?_SPRINTF?BYTE
  C:18C5H         PUBLIC        _PRINTF
  C:18BFH         PUBLIC        _SPRINTF
  -------         ENDMOD        PRINTF

  -------         MODULE        POW
  X:0029H         PUBLIC        ?_pow?BYTE
  C:2D11H         PUBLIC        _pow
  -------         ENDMOD        POW

  -------         MODULE        ?C?CHKFLOAT
BL51 BANKED LINKER/LOCATER V6.22.2.0                                                  10/28/2021  15:39:22  PAGE 71


  C:1017H         PUBLIC        ?C?CHKFLOAT
  -------         ENDMOD        ?C?CHKFLOAT

  -------         MODULE        ?C?FPCMP
  C:1033H         PUBLIC        ?C?FPCMP
  C:1031H         PUBLIC        ?C?FPCMP3
  -------         ENDMOD        ?C?FPCMP

  -------         MODULE        ?C?FPNEG
  C:10AAH         PUBLIC        ?C?FPNEG
  -------         ENDMOD        ?C?FPNEG

  -------         MODULE        ?C?FPROUND
  C:10BBH         PUBLIC        ?C?FPROUND
  -------         ENDMOD        ?C?FPROUND

  -------         MODULE        ?C?FPCONVERT
  C:10F8H         PUBLIC        ?C?FPCONVERT
  -------         ENDMOD        ?C?FPCONVERT

  -------         MODULE        EXP
  C:496BH         PUBLIC        _EXP
  -------         ENDMOD        EXP

  -------         MODULE        LOG
  C:325FH         PUBLIC        _LOG
  C:325BH         PUBLIC        _LOG10
  -------         ENDMOD        LOG

  -------         MODULE        ?C?FPDIV
  C:1200H         PUBLIC        ?C?FPDIV
  -------         ENDMOD        ?C?FPDIV

  -------         MODULE        ?C?FTNPWR
  C:12CDH         PUBLIC        ?C?FTNPWR
  -------         ENDMOD        ?C?FTNPWR

  -------         MODULE        ?C?COPY
  C:142AH         PUBLIC        ?C?COPY
  -------         ENDMOD        ?C?COPY

  -------         MODULE        ?C?CLDPTR
  C:1450H         PUBLIC        ?C?CLDPTR
  -------         ENDMOD        ?C?CLDPTR

  -------         MODULE        ?C?CLDOPTR
  C:1469H         PUBLIC        ?C?CLDOPTR
  -------         ENDMOD        ?C?CLDOPTR

  -------         MODULE        ?C?CSTPTR
  C:1496H         PUBLIC        ?C?CSTPTR
  -------         ENDMOD        ?C?CSTPTR

  -------         MODULE        ?C?CSTOPTR
  C:14A8H         PUBLIC        ?C?CSTOPTR
  -------         ENDMOD        ?C?CSTOPTR

BL51 BANKED LINKER/LOCATER V6.22.2.0                                                  10/28/2021  15:39:22  PAGE 72


  -------         MODULE        ?C?IMUL
  C:14CAH         PUBLIC        ?C?IMUL
  -------         ENDMOD        ?C?IMUL

  -------         MODULE        ?C?IILDX
  C:14DCH         PUBLIC        ?C?IILDX
  -------         ENDMOD        ?C?IILDX

  -------         MODULE        ?C?LNEG
  C:14F2H         PUBLIC        ?C?LNEG
  -------         ENDMOD        ?C?LNEG

  -------         MODULE        ?C?ULCMP
  C:1500H         PUBLIC        ?C?ULCMP
  -------         ENDMOD        ?C?ULCMP

  -------         MODULE        ?C?LLDCODE
  C:1511H         PUBLIC        ?C?LLDCODE
  -------         ENDMOD        ?C?LLDCODE

  -------         MODULE        ?C?LLDXDATA0
  C:1521H         PUBLIC        ?C?LLDXDATA0
  -------         ENDMOD        ?C?LLDXDATA0

  -------         MODULE        ?C?LLDCODE0
  C:152DH         PUBLIC        ?C?LLDCODE0
  -------         ENDMOD        ?C?LLDCODE0

  -------         MODULE        ?C?LSTXDATA
  C:153DH         PUBLIC        ?C?LSTXDATA
  -------         ENDMOD        ?C?LSTXDATA

  -------         MODULE        ?C?LSTKXDATA
  C:1549H         PUBLIC        ?C?LSTKXDATA
  -------         ENDMOD        ?C?LSTKXDATA

  -------         MODULE        ?C?PLDIXDATA
  C:157AH         PUBLIC        ?C?PLDIXDATA
  -------         ENDMOD        ?C?PLDIXDATA

  -------         MODULE        ?C?PSTXDATA
  C:1591H         PUBLIC        ?C?PSTXDATA
  -------         ENDMOD        ?C?PSTXDATA

  -------         MODULE        ?C?CCASE
  C:159AH         PUBLIC        ?C?CCASE
  -------         ENDMOD        ?C?CCASE

  -------         MODULE        STRCAT
  X:0050H         PUBLIC        ?_strcat?BYTE
  C:52B2H         PUBLIC        _strcat
  -------         ENDMOD        STRCAT

  -------         MODULE        STRNCAT
  X:0048H         PUBLIC        ?_strncat?BYTE
  C:3EA4H         PUBLIC        _strncat
  -------         ENDMOD        STRNCAT
BL51 BANKED LINKER/LOCATER V6.22.2.0                                                  10/28/2021  15:39:22  PAGE 73



  -------         MODULE        ?C?STRCMP
  C:173EH         PUBLIC        ?C?STRCMP
  -------         ENDMOD        ?C?STRCMP

  -------         MODULE        ?C?STRCPY
  C:1827H         PUBLIC        ?C?STRCPY
  -------         ENDMOD        ?C?STRCPY

  -------         MODULE        STRNCPY
  X:001FH         PUBLIC        ?_strncpy?BYTE
  C:531DH         PUBLIC        _strncpy
  -------         ENDMOD        STRNCPY

  -------         MODULE        STRLEN
  C:000EH         PUBLIC        _STRLEN
  -------         ENDMOD        STRLEN

  -------         MODULE        STRSTR
  X:001FH         PUBLIC        ?_strstr?BYTE
  C:402DH         PUBLIC        _strstr
  -------         ENDMOD        STRSTR

  -------         MODULE        STRTOK
  X:004AH         PUBLIC        ?_strtok?BYTE
  C:3B49H         PUBLIC        _strtok
  -------         ENDMOD        STRTOK

  -------         MODULE        ATOI
  C:3C2DH         PUBLIC        _atoi
  -------         ENDMOD        ATOI

  -------         MODULE        ?C?ILDIX
  C:1844H         PUBLIC        ?C?ILDIX
  -------         ENDMOD        ?C?ILDIX

  -------         MODULE        ISDIGIT
  C:6014H         PUBLIC        _isdigit
  -------         ENDMOD        ISDIGIT

  -------         MODULE        ISSPACE
  C:5F54H         PUBLIC        _isspace
  -------         ENDMOD        ISSPACE

  -------         MODULE        STRSPN
  X:0050H         PUBLIC        ?_strspn?BYTE
  C:4FDDH         PUBLIC        _strspn
  -------         ENDMOD        STRSPN

  -------         MODULE        STRPBRK
  X:0050H         PUBLIC        ?_strpbrk?BYTE
  C:5061H         PUBLIC        _strpbrk
  -------         ENDMOD        STRPBRK

Program Size: data=158.4 xdata=376 code=24737
LINK/LOCATE RUN COMPLETE.  0 WARNING(S),  0 ERROR(S)
