BL51 BANKED LINKER/LOCATER V6.22.2.0                                                    10/29/2021  14:58:47  PAGE 1


BL51 BANKED LINKER/LOCATER V6.22.2.0, INVOKED BY:
C:\KEIL_V5\C51\BIN\BL51.EXE .\Objects\main.obj, .\Objects\Clock.obj, .\Objects\delay.obj, .\Objects\eeprom.obj, .\Object
>> s\io_sensores.obj, .\Objects\monitor.obj, .\Objects\num_serie.obj, .\Objects\pantallas.obj, .\Objects\prog.obj, .\Obj
>> ects\pto_paralelo.obj, .\Objects\tibbo.obj, .\Objects\uart.obj, .\Objects\Accescan.obj, .\Objects\verprint.obj TO .\O
>> bjects\VRFCDOR_PRINT_100 PRINT (.\Listings\VRFCDOR_PRINT_100.m51) RAMSIZE (256)


MEMORY MODEL: LARGE WITH FLOATING POINT ARITHMETIC


INPUT MODULES INCLUDED:
  .\Objects\main.obj (MAIN)
  .\Objects\Clock.obj (CLOCK)
  .\Objects\delay.obj (DELAY)
  .\Objects\eeprom.obj (EEPROM)
  .\Objects\io_sensores.obj (IO_SENSORES)
  .\Objects\monitor.obj (MONITOR)
  .\Objects\num_serie.obj (NUM_SERIE)
  .\Objects\pantallas.obj (PANTALLAS)
  .\Objects\prog.obj (PROG)
  .\Objects\pto_paralelo.obj (PTO_PARALELO)
  .\Objects\tibbo.obj (TIBBO)
  .\Objects\uart.obj (UART)
  .\Objects\Accescan.obj (ACCESCAN)
  .\Objects\verprint.obj (VERPRINT)
  C:\KEIL_V5\C51\LIB\C51FPL.LIB (?C?FPADD)
  C:\KEIL_V5\C51\LIB\C51FPL.LIB (?C?FPMUL)
  C:\KEIL_V5\C51\LIB\C51FPL.LIB (?C?FCAST)
  C:\KEIL_V5\C51\LIB\C51FPL.LIB (?C?CASTF)
  C:\KEIL_V5\C51\LIB\C51FPL.LIB (PRINTF)
  C:\KEIL_V5\C51\LIB\C51FPL.LIB (POW)
  C:\KEIL_V5\C51\LIB\C51FPL.LIB (?C?FPGETOPN)
  C:\KEIL_V5\C51\LIB\C51FPL.LIB (?C?CHKFLOAT)
  C:\KEIL_V5\C51\LIB\C51FPL.LIB (?C?FPCMP)
  C:\KEIL_V5\C51\LIB\C51FPL.LIB (?C?FPNEG)
  C:\KEIL_V5\C51\LIB\C51FPL.LIB (?C?FPROUND)
  C:\KEIL_V5\C51\LIB\C51FPL.LIB (?C?FPCONVERT)
  C:\KEIL_V5\C51\LIB\C51FPL.LIB (EXP)
  C:\KEIL_V5\C51\LIB\C51FPL.LIB (LOG)
  C:\KEIL_V5\C51\LIB\C51FPL.LIB (?C?FPDIV)
  C:\KEIL_V5\C51\LIB\C51FPL.LIB (?C?FTNPWR)
  C:\KEIL_V5\C51\LIB\C51FPL.LIB (?C?FPSERIES)
  C:\KEIL_V5\C51\LIB\C51L.LIB (?C_STARTUP)
  C:\KEIL_V5\C51\LIB\C51L.LIB (?C?COPY)
  C:\KEIL_V5\C51\LIB\C51L.LIB (?C?CLDPTR)
  C:\KEIL_V5\C51\LIB\C51L.LIB (?C?CLDOPTR)
  C:\KEIL_V5\C51\LIB\C51L.LIB (?C?CSTPTR)
  C:\KEIL_V5\C51\LIB\C51L.LIB (?C?CSTOPTR)
  C:\KEIL_V5\C51\LIB\C51L.LIB (?C?IMUL)
  C:\KEIL_V5\C51\LIB\C51L.LIB (?C?IILDX)
  C:\KEIL_V5\C51\LIB\C51L.LIB (?C?LNEG)
  C:\KEIL_V5\C51\LIB\C51L.LIB (?C?ULCMP)
  C:\KEIL_V5\C51\LIB\C51L.LIB (?C?ULSHR)
  C:\KEIL_V5\C51\LIB\C51L.LIB (?C?LLDCODE)
  C:\KEIL_V5\C51\LIB\C51L.LIB (?C?LLDXDATA0)
  C:\KEIL_V5\C51\LIB\C51L.LIB (?C?LLDCODE0)
  C:\KEIL_V5\C51\LIB\C51L.LIB (?C?LSTXDATA)
  C:\KEIL_V5\C51\LIB\C51L.LIB (?C?LSTKXDATA)
BL51 BANKED LINKER/LOCATER V6.22.2.0                                                  10/29/2021  14:58:47  PAGE 2


  C:\KEIL_V5\C51\LIB\C51L.LIB (?C?PLDIXDATA)
  C:\KEIL_V5\C51\LIB\C51L.LIB (?C?PSTXDATA)
  C:\KEIL_V5\C51\LIB\C51L.LIB (?C?CCASE)
  C:\KEIL_V5\C51\LIB\C51L.LIB (STRCAT)
  C:\KEIL_V5\C51\LIB\C51L.LIB (STRNCAT)
  C:\KEIL_V5\C51\LIB\C51L.LIB (?C?STRCMP)
  C:\KEIL_V5\C51\LIB\C51L.LIB (?C?STRCPY)
  C:\KEIL_V5\C51\LIB\C51L.LIB (STRNCPY)
  C:\KEIL_V5\C51\LIB\C51L.LIB (STRLEN)
  C:\KEIL_V5\C51\LIB\C51L.LIB (STRSTR)
  C:\KEIL_V5\C51\LIB\C51L.LIB (STRTOK)
  C:\KEIL_V5\C51\LIB\C51L.LIB (ATOI)
  C:\KEIL_V5\C51\LIB\C51L.LIB (?C_INIT)
  C:\KEIL_V5\C51\LIB\C51L.LIB (?C?ILDIX)
  C:\KEIL_V5\C51\LIB\C51L.LIB (ISDIGIT)
  C:\KEIL_V5\C51\LIB\C51L.LIB (ISSPACE)
  C:\KEIL_V5\C51\LIB\C51L.LIB (STRSPN)
  C:\KEIL_V5\C51\LIB\C51L.LIB (STRPBRK)


LINK MAP OF MODULE:  .\Objects\VRFCDOR_PRINT_100 (MAIN)


            TYPE    BASE      LENGTH    RELOCATION   SEGMENT NAME
            -----------------------------------------------------

            * * * * * * *   D A T A   M E M O R Y   * * * * * * *
            REG     0000H     0008H     ABSOLUTE     "REG BANK 0"
            DATA    0008H     0005H     UNIT         ?DT?UART
            DATA    000DH     0005H     UNIT         _DATA_GROUP_
                    0012H     000EH                  *** GAP ***
            BIT     0020H.0   0001H.1   UNIT         _BIT_GROUP_
            BIT     0021H.1   0000H.1   UNIT         ?BI?MAIN
            BIT     0021H.2   0000H.1   UNIT         ?BI?EEPROM
            BIT     0021H.3   0000H.1   UNIT         ?BI?UART
                    0021H.4   0000H.4                *** GAP ***
            IDATA   0022H     008AH     UNIT         ?ID?MAIN
            IDATA   00ACH     0001H     UNIT         ?STACK

            * * * * * * *  X D A T A   M E M O R Y  * * * * * * *
            XDATA   0000H     00B5H     UNIT         _XDATA_GROUP_
            XDATA   00B5H     005FH     UNIT         ?XD?PROG
            XDATA   0114H     0048H     UNIT         ?XD?MAIN
            XDATA   015CH     001FH     UNIT         ?XD?VERPRINT
            XDATA   017BH     0003H     UNIT         ?XD?EEPROM
            XDATA   017EH     0003H     UNIT         ?XD?STRTOK
            XDATA   0181H     0001H     UNIT         ?XD?CLOCK

            * * * * * * *   C O D E   M E M O R Y   * * * * * * *
            CODE    0000H     0003H     ABSOLUTE     
            CODE    0003H     0008H     UNIT         ?PR?P_CK?CLOCK
            CODE    000BH     0003H     ABSOLUTE     
            CODE    000EH     0015H     UNIT         ?PR?_STRLEN?STRLEN
            CODE    0023H     0003H     ABSOLUTE     
            CODE    0026H     0D34H     UNIT         ?CO?PROG
            CODE    0D5AH     0B13H     UNIT         ?C?LIB_CODE
            CODE    186DH     0483H     UNIT         ?PR?PRINTF?PRINTF
BL51 BANKED LINKER/LOCATER V6.22.2.0                                                  10/29/2021  14:58:47  PAGE 3


            CODE    1CF0H     0453H     UNIT         ?PR?LEE_TICKET?VERPRINT
            CODE    2143H     03A5H     UNIT         ?PR?_VALIDA_TRAMA_PTO?ACCESCAN
            CODE    24E8H     02D0H     UNIT         ?PR?_TWO_BYTEHEX_DECIMAL?CLOCK
            CODE    27B8H     023AH     UNIT         ?PR?MENU?PROG
            CODE    29F2H     01EFH     UNIT         ?CO?VERPRINT
            CODE    2BE1H     01D8H     UNIT         ?PR?_BLOCK_READ_CLOCK_ASCII?CLOCK
            CODE    2DB9H     0166H     UNIT         ?PR?_POW?POW
            CODE    2F1FH     0148H     UNIT         ?PR?_TRAMA_PRINT_COD_BARRAS?PTO_PARALELO
            CODE    3067H     013EH     UNIT         ?PR?PROG_SIN_COBRO?PROG
            CODE    31A5H     012EH     UNIT         ?PR?_PANTALLALCD_LINEA_2?PANTALLAS
            CODE    32D3H     0129H     UNIT         ?PR?LOG?LOG
            CODE    33FCH     0112H     UNIT         ?CO?PANTALLAS
            CODE    350EH     0110H     UNIT         ?PR?LOAD_AND_SEND_ID_COD?PTO_PARALELO
            CODE    361EH     0110H     UNIT         ?PR?_BLOQUE_HORARIO?VERPRINT
            CODE    372EH     0109H     UNIT         ?PR?_CHECK_FECHAOUT_2?VERPRINT
            CODE    3837H     00FCH     UNIT         ?PR?PROG_DEBUG?PROG
            CODE    3933H     00FCH     UNIT         ?PR?PROG_USE_LPR?PROG
            CODE    3A2FH     00FCH     UNIT         ?PR?TIPO_PANTALLA?PROG
            CODE    3B2BH     00FCH     UNIT         ?PR?PROG_COMPARACION_ACTIVA?PROG
            CODE    3C27H     00FCH     UNIT         ?PR?PROG_QR_BARRAS?PROG
            CODE    3D23H     00E7H     UNIT         ?PR?_CMD_LPR_SALIDA_PRINT?MONITOR
            CODE    3E0AH     00E4H     UNIT         ?PR?_STRTOK?STRTOK
            CODE    3EEEH     00DBH     UNIT         ?PR?_ATOI?ATOI
            CODE    3FC9H     00D6H     UNIT         ?PR?_CMD_LPR_SALIDA_WIEGAND?MONITOR
            CODE    409FH     00C6H     UNIT         ?PR?SHOW?PROG
            CODE    4165H     00C5H     UNIT         ?PR?_STRNCAT?STRNCAT
            CODE    422AH     00C4H     UNIT         ?PR?_BLOCK_READ_CLOCK?CLOCK
            CODE    42EEH     00BFH     UNIT         ?PR?_STRSTR?STRSTR
            CODE    43ADH     00BDH     UNIT         ?PR?PROG_COD_PARK?PROG
            CODE    446AH     00BDH     UNIT         ?PR?PROG_TIEMPO_GRACIA?PROG
            CODE    4527H     00B9H     UNIT         ?PR?MAIN?MAIN
            CODE    45E0H     00B6H     UNIT         ?PR?PROG_ID_CLIENTE?PROG
            CODE    4696H     00B4H     UNIT         ?PR?_SEND_PORT?PTO_PARALELO
            CODE    474AH     00B2H     UNIT         ?C_INITSEG
            CODE    47FCH     00A6H     UNIT         ?PR?_BLOCK_READ_CLOCK_HEX?CLOCK
            CODE    48A2H     00A2H     UNIT         ?PR?_PANTALLALCD?PANTALLAS
            CODE    4944H     00A0H     UNIT         ?CO?IO_SENSORES
            CODE    49E4H     009BH     UNIT         ?PR?_VALIDA_TRAMA_MONITOR?MONITOR
            CODE    4A7FH     009AH     UNIT         ?PR?EXP?EXP
            CODE    4B19H     0097H     UNIT         ?PR?_RECIBE_PORT?PTO_PARALELO
            CODE    4BB0H     0095H     UNIT         ?PR?_RECIBE_CMD_MONITOR?MONITOR
            CODE    4C45H     0090H     UNIT         ?PR?_LEE_CLK?CLOCK
            CODE    4CD5H     0090H     UNIT         ?PR?_GETOPTION?PROG
            CODE    4D65H     008FH     UNIT         ?PR?_BLOCK_WRITE_CLOCK_ASCII?CLOCK
            CODE    4DF4H     008CH     UNIT         ?C_C51STARTUP
            CODE    4E80H     008AH     UNIT         ?PR?VARIABLE_INICIO?MAIN
            CODE    4F0AH     008AH     UNIT         ?PR?_ESCRIBIRMEMORIA?EEPROM
            CODE    4F94H     0088H     UNIT         ?PR?_SEND_PORTERR?PTO_PARALELO
            CODE    501CH     0088H     UNIT         ?PR?RX_DATA?TIBBO
            CODE    50A4H     0085H     UNIT         ?PR?COM_ISR?UART
            CODE    5129H     0084H     UNIT         ?PR?_STRSPN?STRSPN
            CODE    51ADH     0081H     UNIT         ?PR?_STRPBRK?STRPBRK
            CODE    522EH     0080H     UNIT         ?PR?_INGRESADATO?PROG
            CODE    52AEH     0073H     UNIT         ?PR?MSJ_LCD_INFORMATIVO?IO_SENSORES
            CODE    5321H     006FH     UNIT         ?PR?VALIDASENSORESPASO?IO_SENSORES
            CODE    5390H     006EH     UNIT         ?PR?_DEBUGBUFFERMF?TIBBO
            CODE    53FEH     006BH     UNIT         ?PR?_STRCAT?STRCAT
BL51 BANKED LINKER/LOCATER V6.22.2.0                                                  10/29/2021  14:58:47  PAGE 4


            CODE    5469H     0068H     UNIT         ?PR?_STRNCPY?STRNCPY
            CODE    54D1H     0065H     UNIT         ?PR?_DEBUG_CHR_TIBBO32?TIBBO
            CODE    5536H     0062H     UNIT         ?PR?_LISTACOMANDOS?PROG
            CODE    5598H     005EH     UNIT         ?PR?_RASPBERRY_DATA?PANTALLAS
            CODE    55F6H     0058H     UNIT         ?PR?_LEERMEMORIA?EEPROM
            CODE    564EH     0057H     UNIT         ?CO?TIBBO
            CODE    56A5H     0053H     UNIT         ?PR?_BYTEHEX_DECIMAL?CLOCK
            CODE    56F8H     004DH     UNIT         ?PR?L_D_M?EEPROM
            CODE    5745H     0048H     UNIT         ?PR?_TX_AUX?TIBBO
            CODE    578DH     0047H     UNIT         ?PR?PROG_CLIENTE?PROG
            CODE    57D4H     0047H     UNIT         ?PR?PROG_NIT?PROG
            CODE    581BH     0047H     UNIT         ?PR?PROG_NOM_PARQ?PROG
            CODE    5862H     0047H     UNIT         ?PR?PROG_DIRECCION?PROG
            CODE    58A9H     0047H     UNIT         ?PR?PROG_MSJ1?PROG
            CODE    58F0H     0047H     UNIT         ?PR?PROG_MSJ2?PROG
            CODE    5937H     0047H     UNIT         ?PR?PROG_MSJ3?PROG
            CODE    597EH     0047H     UNIT         ?PR?PROG_MSJ4?PROG
            CODE    59C5H     0047H     UNIT         ?PR?PROG_MSJ5?PROG
            CODE    5A0CH     0047H     UNIT         ?PR?PROG_MSJ6?PROG
            CODE    5A53H     0047H     UNIT         ?PR?PROG_MSJ7?PROG
            CODE    5A9AH     0047H     UNIT         ?PR?_DEBUG_CHR_TIBBO?TIBBO
            CODE    5AE1H     0046H     UNIT         ?PR?_LCD_TXT_NUM_CHAR?PANTALLAS
            CODE    5B27H     0045H     UNIT         ?PR?_VALIDARCLAVE?PROG
            CODE    5B6CH     0041H     UNIT         ?PR?_TWO_ONE?CLOCK
            CODE    5BADH     0041H     UNIT         ?PR?_MONITOR_CHR?MONITOR
            CODE    5BEEH     0040H     UNIT         ?PR?_GETCMD?PROG
            CODE    5C2EH     003FH     UNIT         ?PR?_EB_CLK?CLOCK
            CODE    5C6DH     003FH     UNIT         ?PR?_WR_EEPROM?EEPROM
            CODE    5CACH     003FH     UNIT         ?PR?FORMATO_EEPROM?EEPROM
            CODE    5CEBH     003EH     UNIT         ?PR?_PUTCHAR?MAIN
            CODE    5D29H     003EH     UNIT         ?PR?_DEBUG_TXT_TIBBO?TIBBO
            CODE    5D67H     003EH     UNIT         ?PR?COM_BAUDRATE?UART
            CODE    5DA5H     003CH     UNIT         ?PR?CONFIRMACION?EEPROM
            CODE    5DE1H     003CH     UNIT         ?PR?_LCD_TXT?PANTALLAS
            CODE    5E1DH     003BH     UNIT         ?PR?_COM_PUTCHAR?UART
            CODE    5E58H     0039H     UNIT         ?PR?_RD_EEPROM?EEPROM
            CODE    5E91H     0035H     UNIT         ?PR?RELOJ_PANTALLA_LCD?PANTALLAS
            CODE    5EC6H     002CH     UNIT         ?PR?LOAD_AND_SEND_INFO_RELOJ?PTO_PARALELO
            CODE    5EF2H     002AH     UNIT         ?PR?COM_INITIALIZE?UART
            CODE    5F1CH     0028H     UNIT         ?PR?_WR_CLK?CLOCK
            CODE    5F44H     0026H     UNIT         ?PR?COM_GETCHAR?UART
            CODE    5F6AH     0024H     UNIT         ?PR?_NUM_NUM?VERPRINT
            CODE    5F8EH     0022H     UNIT         ?PR?_E_D_M?EEPROM
            CODE    5FB0H     0021H     UNIT         ?PR?_HEX_BCD?CLOCK
            CODE    5FD1H     0020H     UNIT         ?PR?ACKD?EEPROM
            CODE    5FF1H     0020H     UNIT         ?PR?ACK_LECT?EEPROM
            CODE    6011H     0020H     UNIT         ?PR?TIME_BIT?TIBBO
            CODE    6031H     001FH     UNIT         ?PR?VALIDASENSOR?IO_SENSORES
            CODE    6050H     001EH     UNIT         ?PR?_BCD_HEX?CLOCK
            CODE    606EH     001EH     UNIT         ?PR?_TX_CHRLCD?PANTALLAS
            CODE    608CH     001BH     UNIT         ?PR?_DELAY_1MS?DELAY
            CODE    60A7H     001BH     UNIT         ?PR?_NUM_CHAR?VERPRINT
            CODE    60C2H     001AH     UNIT         ?PR?TIME_MBIT?TIBBO
            CODE    60DCH     0019H     UNIT         ?PR?TIMER0_INT?MAIN
            CODE    60F5H     0018H     UNIT         ?CO?ACCESCAN
            CODE    610DH     0017H     UNIT         ?PR?DISPLAYCURSOR?PROG
            CODE    6124H     0014H     UNIT         ?PR?_ISSPACE?ISSPACE
BL51 BANKED LINKER/LOCATER V6.22.2.0                                                  10/29/2021  14:58:47  PAGE 5


            CODE    6138H     0012H     UNIT         ?PR?_DELAY_20US?DELAY
            CODE    614AH     0012H     UNIT         ?PR?START?EEPROM
            CODE    615CH     0012H     UNIT         ?PR?DIR_BOARD?IO_SENSORES
            CODE    616EH     0012H     UNIT         ?PR?PULSO_BUS?PTO_PARALELO
            CODE    6180H     0012H     UNIT         ?PR?COM_RBUFLEN?UART
            CODE    6192H     0012H     UNIT         ?PR?COM_TBUFLEN?UART
            CODE    61A4H     0010H     UNIT         ?PR?INI_TIMER?MAIN
            CODE    61B4H     0010H     UNIT         ?PR?INICIA_BOARD?MAIN
            CODE    61C4H     0010H     UNIT         ?PR?_GRABA_SERIE_ASCII_HEX?NUM_SERIE
            CODE    61D4H     0010H     UNIT         ?CO?PTO_PARALELO
            CODE    61E4H     000FH     UNIT         ?PR?_ISDIGIT?ISDIGIT
            CODE    61F3H     000EH     UNIT         ?PR?CLEAR_BUFFER?UART
            CODE    6201H     000CH     UNIT         ?PR?_GETKEY?MAIN
            CODE    620DH     000AH     UNIT         ?PR?COND_INI_PTO?PTO_PARALELO
            CODE    6217H     0009H     UNIT         ?PR?STOP?EEPROM
            CODE    6220H     0009H     UNIT         ?PR?DEBUG_DIVIDIR_TEXTO?TIBBO
            CODE    6229H     0007H     UNIT         ?PR?COND_INI_CLOCK?CLOCK
            CODE    6230H     0007H     UNIT         ?PR?SEL_FUNCION?IO_SENSORES
            CODE    6237H     0007H     UNIT         ?PR?SEL_AUTO?IO_SENSORES
            CODE    623EH     0007H     UNIT         ?PR?SEL_SENSOR2?IO_SENSORES
            CODE    6245H     0007H     UNIT         ?PR?SEL_SENSOR1?IO_SENSORES
            CODE    624CH     0007H     UNIT         ?PR?SEL_DIR1?IO_SENSORES
            CODE    6253H     0007H     UNIT         ?PR?SEL_DIR2?IO_SENSORES
            CODE    625AH     0006H     UNIT         ?PR?P_ME?EEPROM
            CODE    6260H     0005H     UNIT         ?PR?ON_TIMER0_INTERRUP?MAIN
            CODE    6265H     0005H     UNIT         ?PR?COND_INI_TIBBO?TIBBO
            CODE    626AH     0003H     UNIT         ?PR?OFF_TIMER0_INTERRUP?MAIN
            CODE    626DH     0003H     UNIT         ?CO?MAIN
            CODE    6270H     0001H     UNIT         ?PR?DELAY?DELAY



OVERLAY MAP OF MODULE:   .\Objects\VRFCDOR_PRINT_100 (MAIN)


SEGMENT                                             BIT_GROUP          DATA_GROUP          XDATA_GROUP
  +--> CALLED SEGMENT                            START    LENGTH     START    LENGTH     START    LENGTH
--------------------------------------------------------------------------------------------------------
?C_C51STARTUP                                    -----    -----      -----    -----      -----    -----
  +--> ?PR?MAIN?MAIN
  +--> ?C_INITSEG

?PR?MAIN?MAIN                                    -----    -----      -----    -----      0000H    000EH
  +--> ?PR?INI_TIMER?MAIN
  +--> ?PR?ON_TIMER0_INTERRUP?MAIN
  +--> ?PR?COM_INITIALIZE?UART
  +--> ?PR?COM_BAUDRATE?UART
  +--> ?PR?INICIA_BOARD?MAIN
  +--> ?PR?TIME_BIT?TIBBO
  +--> ?PR?TIME_MBIT?TIBBO
  +--> ?PR?_TX_AUX?TIBBO
  +--> ?PR?SEL_FUNCION?IO_SENSORES
  +--> ?PR?MENU?PROG
  +--> ?PR?VARIABLE_INICIO?MAIN
  +--> ?PR?_RECIBE_CMD_MONITOR?MONITOR
  +--> ?PR?DEBUG_DIVIDIR_TEXTO?TIBBO
  +--> ?PR?_VALIDA_TRAMA_MONITOR?MONITOR
BL51 BANKED LINKER/LOCATER V6.22.2.0                                                  10/29/2021  14:58:47  PAGE 6


  +--> ?PR?_DEBUGBUFFERMF?TIBBO
  +--> ?PR?_DEBUG_TXT_TIBBO?TIBBO
  +--> ?PR?LEE_TICKET?VERPRINT
  +--> ?PR?_RECIBE_PORT?PTO_PARALELO
  +--> ?PR?_DEBUG_CHR_TIBBO?TIBBO
  +--> ?CO?MAIN
  +--> ?PR?_VALIDA_TRAMA_PTO?ACCESCAN
  +--> ?PR?MSJ_LCD_INFORMATIVO?IO_SENSORES

?PR?COM_INITIALIZE?UART                          -----    -----      -----    -----      -----    -----
  +--> ?PR?COM_BAUDRATE?UART

?PR?COM_BAUDRATE?UART                            -----    -----      -----    -----      -----    -----
  +--> ?PR?_RD_EEPROM?EEPROM

?PR?_RD_EEPROM?EEPROM                            -----    -----      -----    -----      -----    -----
  +--> ?PR?START?EEPROM
  +--> ?PR?ACK_LECT?EEPROM
  +--> ?PR?_E_D_M?EEPROM
  +--> ?PR?ACKD?EEPROM
  +--> ?PR?L_D_M?EEPROM
  +--> ?PR?STOP?EEPROM

?PR?ACK_LECT?EEPROM                              -----    -----      -----    -----      -----    -----
  +--> ?PR?_E_D_M?EEPROM

?PR?_E_D_M?EEPROM                                -----    -----      -----    -----      -----    -----
  +--> ?PR?P_ME?EEPROM

?PR?ACKD?EEPROM                                  -----    -----      -----    -----      -----    -----
  +--> ?PR?_E_D_M?EEPROM

?PR?INICIA_BOARD?MAIN                            -----    -----      -----    -----      -----    -----
  +--> ?PR?COND_INI_TIBBO?TIBBO
  +--> ?PR?COND_INI_CLOCK?CLOCK
  +--> ?PR?COND_INI_PTO?PTO_PARALELO

?PR?_TX_AUX?TIBBO                                -----    -----      -----    -----      -----    -----
  +--> ?PR?TIME_BIT?TIBBO

?PR?MENU?PROG                                    -----    -----      -----    -----      000EH    0031H
  +--> ?CO?PROG
  +--> ?PR?PRINTF?PRINTF
  +--> ?PR?CLEAR_BUFFER?UART
  +--> ?PR?_INGRESADATO?PROG
  +--> ?PR?_GETCMD?PROG
  +--> ?PR?_VALIDARCLAVE?PROG
  +--> ?PR?DISPLAYCURSOR?PROG
  +--> ?PR?_STRLEN?STRLEN
  +--> ?PR?_GETOPTION?PROG
  +--> ?PR?_STRCAT?STRCAT
  +--> ?PR?_LISTACOMANDOS?PROG
  +--> ?PR?PROG_ID_CLIENTE?PROG
  +--> ?PR?PROG_COD_PARK?PROG
  +--> ?PR?PROG_TIEMPO_GRACIA?PROG
  +--> ?PR?PROG_SIN_COBRO?PROG
  +--> ?PR?PROG_DEBUG?PROG
BL51 BANKED LINKER/LOCATER V6.22.2.0                                                  10/29/2021  14:58:47  PAGE 7


  +--> ?PR?PROG_USE_LPR?PROG
  +--> ?PR?TIPO_PANTALLA?PROG
  +--> ?PR?PROG_COMPARACION_ACTIVA?PROG
  +--> ?PR?PROG_QR_BARRAS?PROG
  +--> ?PR?PROG_CLIENTE?PROG
  +--> ?PR?PROG_NIT?PROG
  +--> ?PR?PROG_NOM_PARQ?PROG
  +--> ?PR?PROG_DIRECCION?PROG
  +--> ?PR?PROG_MSJ1?PROG
  +--> ?PR?PROG_MSJ2?PROG
  +--> ?PR?PROG_MSJ3?PROG
  +--> ?PR?PROG_MSJ4?PROG
  +--> ?PR?PROG_MSJ5?PROG
  +--> ?PR?PROG_MSJ6?PROG
  +--> ?PR?PROG_MSJ7?PROG
  +--> ?PR?SHOW?PROG

?PR?PRINTF?PRINTF                                0020H.0  0001H.1    000DH    0005H      0081H    0030H
  +--> ?PR?_PUTCHAR?MAIN

?PR?_PUTCHAR?MAIN                                -----    -----      -----    -----      00B1H    0003H
  +--> ?PR?_COM_PUTCHAR?UART

?PR?_COM_PUTCHAR?UART                            -----    -----      -----    -----      00B4H    0001H
  +--> ?PR?COM_TBUFLEN?UART

?PR?_INGRESADATO?PROG                            -----    -----      -----    -----      007DH    0004H
  +--> ?PR?_GETKEY?MAIN
  +--> ?CO?PROG
  +--> ?PR?PRINTF?PRINTF
  +--> ?PR?_PUTCHAR?MAIN

?PR?_GETKEY?MAIN                                 -----    -----      -----    -----      -----    -----
  +--> ?PR?COM_GETCHAR?UART

?PR?COM_GETCHAR?UART                             -----    -----      -----    -----      -----    -----
  +--> ?PR?COM_RBUFLEN?UART

?PR?_GETCMD?PROG                                 -----    -----      -----    -----      003FH    0007H
  +--> ?CO?PROG
  +--> ?PR?_STRTOK?STRTOK

?PR?_STRTOK?STRTOK                               -----    -----      -----    -----      004AH    0006H
  +--> ?PR?_STRSPN?STRSPN
  +--> ?PR?_STRPBRK?STRPBRK

?PR?_STRSPN?STRSPN                               -----    -----      -----    -----      0050H    0008H

?PR?_STRPBRK?STRPBRK                             -----    -----      -----    -----      0050H    0009H

?PR?_VALIDARCLAVE?PROG                           -----    -----      -----    -----      003FH    000AH

?PR?DISPLAYCURSOR?PROG                           -----    -----      -----    -----      -----    -----
  +--> ?CO?PROG
  +--> ?PR?PRINTF?PRINTF

?PR?_GETOPTION?PROG                              -----    -----      -----    -----      003FH    000BH
BL51 BANKED LINKER/LOCATER V6.22.2.0                                                  10/29/2021  14:58:47  PAGE 8


  +--> ?CO?PROG
  +--> ?PR?_STRTOK?STRTOK

?PR?_STRCAT?STRCAT                               -----    -----      -----    -----      0050H    0009H

?PR?_LISTACOMANDOS?PROG                          -----    -----      -----    -----      003FH    0007H

?PR?PROG_ID_CLIENTE?PROG                         -----    -----      -----    -----      003FH    000CH
  +--> ?PR?_RD_EEPROM?EEPROM
  +--> ?CO?PROG
  +--> ?PR?PRINTF?PRINTF
  +--> ?PR?_INGRESADATO?PROG
  +--> ?PR?_ATOI?ATOI
  +--> ?PR?_WR_EEPROM?EEPROM

?PR?_ATOI?ATOI                                   0020H.0  0000H.1    -----    -----      004BH    0005H
  +--> ?PR?_ISSPACE?ISSPACE
  +--> ?PR?_ISDIGIT?ISDIGIT

?PR?_WR_EEPROM?EEPROM                            -----    -----      -----    -----      -----    -----
  +--> ?PR?START?EEPROM
  +--> ?PR?ACKD?EEPROM
  +--> ?PR?_E_D_M?EEPROM
  +--> ?PR?STOP?EEPROM
  +--> ?PR?_DELAY_1MS?DELAY
  +--> ?PR?_DELAY_20US?DELAY

?PR?_DELAY_1MS?DELAY                             -----    -----      -----    -----      -----    -----
  +--> ?PR?_DELAY_20US?DELAY

?PR?PROG_COD_PARK?PROG                           -----    -----      -----    -----      003FH    000CH
  +--> ?PR?_RD_EEPROM?EEPROM
  +--> ?CO?PROG
  +--> ?PR?PRINTF?PRINTF
  +--> ?PR?_INGRESADATO?PROG
  +--> ?PR?_ATOI?ATOI
  +--> ?PR?_WR_EEPROM?EEPROM

?PR?PROG_TIEMPO_GRACIA?PROG                      -----    -----      -----    -----      003FH    000CH
  +--> ?PR?_RD_EEPROM?EEPROM
  +--> ?CO?PROG
  +--> ?PR?PRINTF?PRINTF
  +--> ?PR?_INGRESADATO?PROG
  +--> ?PR?_ATOI?ATOI
  +--> ?PR?_WR_EEPROM?EEPROM

?PR?PROG_SIN_COBRO?PROG                          -----    -----      -----    -----      003FH    000CH
  +--> ?PR?_RD_EEPROM?EEPROM
  +--> ?CO?PROG
  +--> ?PR?PRINTF?PRINTF
  +--> ?PR?_INGRESADATO?PROG
  +--> ?PR?_ATOI?ATOI
  +--> ?PR?_WR_EEPROM?EEPROM

?PR?PROG_DEBUG?PROG                              -----    -----      -----    -----      003FH    000CH
  +--> ?PR?_RD_EEPROM?EEPROM
  +--> ?CO?PROG
BL51 BANKED LINKER/LOCATER V6.22.2.0                                                  10/29/2021  14:58:47  PAGE 9


  +--> ?PR?PRINTF?PRINTF
  +--> ?PR?_INGRESADATO?PROG
  +--> ?PR?_ATOI?ATOI
  +--> ?PR?_WR_EEPROM?EEPROM

?PR?PROG_USE_LPR?PROG                            -----    -----      -----    -----      003FH    000CH
  +--> ?PR?_RD_EEPROM?EEPROM
  +--> ?CO?PROG
  +--> ?PR?PRINTF?PRINTF
  +--> ?PR?_INGRESADATO?PROG
  +--> ?PR?_ATOI?ATOI
  +--> ?PR?_WR_EEPROM?EEPROM

?PR?TIPO_PANTALLA?PROG                           -----    -----      -----    -----      003FH    000CH
  +--> ?PR?_RD_EEPROM?EEPROM
  +--> ?CO?PROG
  +--> ?PR?PRINTF?PRINTF
  +--> ?PR?_INGRESADATO?PROG
  +--> ?PR?_ATOI?ATOI
  +--> ?PR?_WR_EEPROM?EEPROM

?PR?PROG_COMPARACION_ACTIVA?PROG                 -----    -----      -----    -----      003FH    000CH
  +--> ?PR?_RD_EEPROM?EEPROM
  +--> ?CO?PROG
  +--> ?PR?PRINTF?PRINTF
  +--> ?PR?_INGRESADATO?PROG
  +--> ?PR?_ATOI?ATOI
  +--> ?PR?_WR_EEPROM?EEPROM

?PR?PROG_QR_BARRAS?PROG                          -----    -----      -----    -----      003FH    000CH
  +--> ?PR?_RD_EEPROM?EEPROM
  +--> ?CO?PROG
  +--> ?PR?PRINTF?PRINTF
  +--> ?PR?_INGRESADATO?PROG
  +--> ?PR?_ATOI?ATOI
  +--> ?PR?_WR_EEPROM?EEPROM

?PR?PROG_CLIENTE?PROG                            -----    -----      -----    -----      003FH    0030H
  +--> ?CO?PROG
  +--> ?PR?PRINTF?PRINTF
  +--> ?PR?_INGRESADATO?PROG
  +--> ?PR?_ESCRIBIRMEMORIA?EEPROM
  +--> ?PR?_LEERMEMORIA?EEPROM

?PR?_ESCRIBIRMEMORIA?EEPROM                      -----    -----      -----    -----      007DH    0006H
  +--> ?PR?_WR_EEPROM?EEPROM

?PR?_LEERMEMORIA?EEPROM                          -----    -----      -----    -----      007DH    0005H
  +--> ?PR?_RD_EEPROM?EEPROM

?PR?PROG_NIT?PROG                                -----    -----      -----    -----      003FH    0010H
  +--> ?CO?PROG
  +--> ?PR?PRINTF?PRINTF
  +--> ?PR?_INGRESADATO?PROG
  +--> ?PR?_ESCRIBIRMEMORIA?EEPROM
  +--> ?PR?_LEERMEMORIA?EEPROM

BL51 BANKED LINKER/LOCATER V6.22.2.0                                                  10/29/2021  14:58:47  PAGE 10


?PR?PROG_NOM_PARQ?PROG                           -----    -----      -----    -----      003FH    0030H
  +--> ?CO?PROG
  +--> ?PR?PRINTF?PRINTF
  +--> ?PR?_INGRESADATO?PROG
  +--> ?PR?_ESCRIBIRMEMORIA?EEPROM
  +--> ?PR?_LEERMEMORIA?EEPROM

?PR?PROG_DIRECCION?PROG                          -----    -----      -----    -----      003FH    0030H
  +--> ?CO?PROG
  +--> ?PR?PRINTF?PRINTF
  +--> ?PR?_INGRESADATO?PROG
  +--> ?PR?_ESCRIBIRMEMORIA?EEPROM
  +--> ?PR?_LEERMEMORIA?EEPROM

?PR?PROG_MSJ1?PROG                               -----    -----      -----    -----      003FH    003EH
  +--> ?CO?PROG
  +--> ?PR?PRINTF?PRINTF
  +--> ?PR?_INGRESADATO?PROG
  +--> ?PR?_ESCRIBIRMEMORIA?EEPROM
  +--> ?PR?_LEERMEMORIA?EEPROM

?PR?PROG_MSJ2?PROG                               -----    -----      -----    -----      003FH    003EH
  +--> ?CO?PROG
  +--> ?PR?PRINTF?PRINTF
  +--> ?PR?_INGRESADATO?PROG
  +--> ?PR?_ESCRIBIRMEMORIA?EEPROM
  +--> ?PR?_LEERMEMORIA?EEPROM

?PR?PROG_MSJ3?PROG                               -----    -----      -----    -----      003FH    003EH
  +--> ?CO?PROG
  +--> ?PR?PRINTF?PRINTF
  +--> ?PR?_INGRESADATO?PROG
  +--> ?PR?_ESCRIBIRMEMORIA?EEPROM
  +--> ?PR?_LEERMEMORIA?EEPROM

?PR?PROG_MSJ4?PROG                               -----    -----      -----    -----      003FH    003EH
  +--> ?CO?PROG
  +--> ?PR?PRINTF?PRINTF
  +--> ?PR?_INGRESADATO?PROG
  +--> ?PR?_ESCRIBIRMEMORIA?EEPROM
  +--> ?PR?_LEERMEMORIA?EEPROM

?PR?PROG_MSJ5?PROG                               -----    -----      -----    -----      003FH    003EH
  +--> ?CO?PROG
  +--> ?PR?PRINTF?PRINTF
  +--> ?PR?_INGRESADATO?PROG
  +--> ?PR?_ESCRIBIRMEMORIA?EEPROM
  +--> ?PR?_LEERMEMORIA?EEPROM

?PR?PROG_MSJ6?PROG                               -----    -----      -----    -----      003FH    003EH
  +--> ?CO?PROG
  +--> ?PR?PRINTF?PRINTF
  +--> ?PR?_INGRESADATO?PROG
  +--> ?PR?_ESCRIBIRMEMORIA?EEPROM
  +--> ?PR?_LEERMEMORIA?EEPROM

?PR?PROG_MSJ7?PROG                               -----    -----      -----    -----      003FH    003EH
BL51 BANKED LINKER/LOCATER V6.22.2.0                                                  10/29/2021  14:58:47  PAGE 11


  +--> ?CO?PROG
  +--> ?PR?PRINTF?PRINTF
  +--> ?PR?_INGRESADATO?PROG
  +--> ?PR?_ESCRIBIRMEMORIA?EEPROM
  +--> ?PR?_LEERMEMORIA?EEPROM

?PR?SHOW?PROG                                    -----    -----      -----    -----      -----    -----
  +--> ?CO?PROG
  +--> ?PR?PRINTF?PRINTF

?PR?VARIABLE_INICIO?MAIN                         -----    -----      -----    -----      -----    -----
  +--> ?PR?_RD_EEPROM?EEPROM

?PR?_RECIBE_CMD_MONITOR?MONITOR                  -----    -----      -----    -----      000EH    0006H
  +--> ?PR?RX_DATA?TIBBO

?PR?RX_DATA?TIBBO                                -----    -----      -----    -----      -----    -----
  +--> ?PR?TIME_MBIT?TIBBO
  +--> ?PR?TIME_BIT?TIBBO

?PR?DEBUG_DIVIDIR_TEXTO?TIBBO                    -----    -----      -----    -----      -----    -----
  +--> ?CO?TIBBO
  +--> ?PR?_DEBUG_TXT_TIBBO?TIBBO

?PR?_DEBUG_TXT_TIBBO?TIBBO                       -----    -----      -----    -----      004EH    0004H
  +--> ?PR?_TX_AUX?TIBBO

?PR?_VALIDA_TRAMA_MONITOR?MONITOR                -----    -----      -----    -----      000EH    0003H

?PR?_DEBUGBUFFERMF?TIBBO                         -----    -----      -----    -----      0048H    0006H
  +--> ?CO?TIBBO
  +--> ?PR?_DEBUG_TXT_TIBBO?TIBBO
  +--> ?PR?_DEBUG_CHR_TIBBO?TIBBO
  +--> ?PR?_TX_AUX?TIBBO

?PR?_DEBUG_CHR_TIBBO?TIBBO                       -----    -----      -----    -----      -----    -----
  +--> ?PR?_TX_AUX?TIBBO

?PR?LEE_TICKET?VERPRINT                          -----    -----      -----    -----      000EH    0011H
  +--> ?PR?VALIDASENSORESPASO?IO_SENSORES
  +--> ?CO?VERPRINT
  +--> ?PR?_DEBUG_TXT_TIBBO?TIBBO
  +--> ?PR?_PANTALLALCD?PANTALLAS
  +--> ?PR?_SEND_PORTERR?PTO_PARALELO
  +--> ?PR?_STRLEN?STRLEN
  +--> ?PR?CLEAR_BUFFER?UART
  +--> ?PR?_TRAMA_PRINT_COD_BARRAS?PTO_PARALELO
  +--> ?PR?_CMD_LPR_SALIDA_PRINT?MONITOR
  +--> ?PR?_NUM_NUM?VERPRINT
  +--> ?PR?_NUM_CHAR?VERPRINT
  +--> ?PR?_STRSTR?STRSTR
  +--> ?PR?_DEBUG_CHR_TIBBO?TIBBO
  +--> ?PR?_STRNCPY?STRNCPY
  +--> ?PR?_BCD_HEX?CLOCK
  +--> ?PR?_CHECK_FECHAOUT_2?VERPRINT
  +--> ?PR?_BLOQUE_HORARIO?VERPRINT

BL51 BANKED LINKER/LOCATER V6.22.2.0                                                  10/29/2021  14:58:47  PAGE 12


?PR?VALIDASENSORESPASO?IO_SENSORES               -----    -----      -----    -----      -----    -----
  +--> ?PR?SEL_SENSOR2?IO_SENSORES
  +--> ?PR?VALIDASENSOR?IO_SENSORES
  +--> ?PR?SEL_SENSOR1?IO_SENSORES
  +--> ?PR?SEL_AUTO?IO_SENSORES
  +--> ?CO?IO_SENSORES
  +--> ?PR?_DEBUG_TXT_TIBBO?TIBBO

?PR?_PANTALLALCD?PANTALLAS                       -----    -----      -----    -----      001FH    0028H
  +--> ?CO?PANTALLAS
  +--> ?PR?_RASPBERRY_DATA?PANTALLAS

?PR?_RASPBERRY_DATA?PANTALLAS                    -----    -----      -----    -----      0050H    0005H
  +--> ?PR?_STRLEN?STRLEN
  +--> ?PR?_PUTCHAR?MAIN

?PR?_SEND_PORTERR?PTO_PARALELO                   -----    -----      -----    -----      001FH    0006H
  +--> ?PR?PULSO_BUS?PTO_PARALELO
  +--> ?PR?_DELAY_20US?DELAY

?PR?PULSO_BUS?PTO_PARALELO                       -----    -----      -----    -----      -----    -----
  +--> ?PR?_DELAY_20US?DELAY

?PR?_TRAMA_PRINT_COD_BARRAS?PTO_PARALELO         -----    -----      -----    -----      001FH    0029H
  +--> ?PR?_STRLEN?STRLEN
  +--> ?PR?_STRNCAT?STRNCAT
  +--> ?CO?PTO_PARALELO
  +--> ?PR?_STRCAT?STRCAT
  +--> ?PR?_LEE_CLK?CLOCK
  +--> ?PR?_BCD_HEX?CLOCK
  +--> ?PR?_SEND_PORT?PTO_PARALELO
  +--> ?PR?DEBUG_DIVIDIR_TEXTO?TIBBO
  +--> ?PR?_DEBUGBUFFERMF?TIBBO

?PR?_STRNCAT?STRNCAT                             -----    -----      -----    -----      0048H    000AH

?PR?_LEE_CLK?CLOCK                               -----    -----      -----    -----      0049H    0003H
  +--> ?PR?_DELAY_20US?DELAY
  +--> ?PR?_EB_CLK?CLOCK
  +--> ?PR?P_CK?CLOCK

?PR?_EB_CLK?CLOCK                                -----    -----      -----    -----      004CH    0003H
  +--> ?PR?P_CK?CLOCK

?PR?P_CK?CLOCK                                   -----    -----      -----    -----      -----    -----
  +--> ?PR?DELAY?DELAY

?PR?_SEND_PORT?PTO_PARALELO                      -----    -----      -----    -----      0048H    000AH
  +--> ?PR?PULSO_BUS?PTO_PARALELO
  +--> ?PR?_DELAY_20US?DELAY

?PR?_CMD_LPR_SALIDA_PRINT?MONITOR                -----    -----      -----    -----      001FH    0027H
  +--> ?PR?DIR_BOARD?IO_SENSORES
  +--> ?PR?_STRCAT?STRCAT
  +--> ?PR?_STRLEN?STRLEN
  +--> ?PR?_BLOCK_READ_CLOCK_ASCII?CLOCK
  +--> ?PR?_MONITOR_CHR?MONITOR
BL51 BANKED LINKER/LOCATER V6.22.2.0                                                  10/29/2021  14:58:47  PAGE 13



?PR?DIR_BOARD?IO_SENSORES                        -----    -----      -----    -----      -----    -----
  +--> ?PR?SEL_DIR1?IO_SENSORES
  +--> ?PR?SEL_DIR2?IO_SENSORES

?PR?_BLOCK_READ_CLOCK_ASCII?CLOCK                -----    -----      -----    -----      0046H    0003H
  +--> ?PR?_LEE_CLK?CLOCK

?PR?_MONITOR_CHR?MONITOR                         -----    -----      -----    -----      0046H    0005H
  +--> ?PR?_TX_AUX?TIBBO

?PR?_STRSTR?STRSTR                               -----    -----      -----    -----      001FH    000CH

?PR?_STRNCPY?STRNCPY                             -----    -----      -----    -----      001FH    000AH

?PR?_CHECK_FECHAOUT_2?VERPRINT                   -----    -----      -----    -----      001FH    0012H
  +--> ?PR?_BLOCK_READ_CLOCK_HEX?CLOCK
  +--> ?CO?VERPRINT
  +--> ?PR?_DEBUG_TXT_TIBBO?TIBBO
  +--> ?PR?_DEBUG_CHR_TIBBO32?TIBBO

?PR?_BLOCK_READ_CLOCK_HEX?CLOCK                  -----    -----      -----    -----      0031H    0003H
  +--> ?PR?_LEE_CLK?CLOCK
  +--> ?PR?_BCD_HEX?CLOCK

?PR?_DEBUG_CHR_TIBBO32?TIBBO                     -----    -----      -----    -----      0031H    0005H
  +--> ?PR?_DEBUG_CHR_TIBBO?TIBBO

?PR?_BLOQUE_HORARIO?VERPRINT                     -----    -----      -----    -----      001FH    0006H
  +--> ?CO?VERPRINT
  +--> ?PR?_DEBUG_TXT_TIBBO?TIBBO
  +--> ?PR?_LEE_CLK?CLOCK
  +--> ?PR?_DEBUG_CHR_TIBBO?TIBBO
  +--> ?PR?_HEX_BCD?CLOCK

?PR?_RECIBE_PORT?PTO_PARALELO                    -----    -----      -----    -----      000EH    0007H
  +--> ?PR?OFF_TIMER0_INTERRUP?MAIN
  +--> ?PR?ON_TIMER0_INTERRUP?MAIN

?PR?_VALIDA_TRAMA_PTO?ACCESCAN                   -----    -----      -----    -----      000EH    000FH
  +--> ?PR?_BLOCK_WRITE_CLOCK_ASCII?CLOCK
  +--> ?PR?RELOJ_PANTALLA_LCD?PANTALLAS
  +--> ?PR?_PANTALLALCD?PANTALLAS
  +--> ?CO?ACCESCAN
  +--> ?PR?_DEBUG_TXT_TIBBO?TIBBO
  +--> ?PR?CONFIRMACION?EEPROM
  +--> ?PR?_PANTALLALCD_LINEA_2?PANTALLAS
  +--> ?PR?_SEND_PORTERR?PTO_PARALELO
  +--> ?PR?_BYTEHEX_DECIMAL?CLOCK
  +--> ?PR?_TWO_BYTEHEX_DECIMAL?CLOCK
  +--> ?PR?VALIDASENSORESPASO?IO_SENSORES
  +--> ?PR?_CMD_LPR_SALIDA_WIEGAND?MONITOR
  +--> ?PR?_GRABA_SERIE_ASCII_HEX?NUM_SERIE
  +--> ?PR?_DEBUGBUFFERMF?TIBBO

?PR?_BLOCK_WRITE_CLOCK_ASCII?CLOCK               -----    -----      -----    -----      001DH    0003H
  +--> ?PR?_TWO_ONE?CLOCK
BL51 BANKED LINKER/LOCATER V6.22.2.0                                                  10/29/2021  14:58:47  PAGE 14


  +--> ?PR?_WR_CLK?CLOCK

?PR?_WR_CLK?CLOCK                                -----    -----      -----    -----      0020H    0002H
  +--> ?PR?_DELAY_20US?DELAY
  +--> ?PR?_EB_CLK?CLOCK

?PR?RELOJ_PANTALLA_LCD?PANTALLAS                 -----    -----      -----    -----      001DH    000DH
  +--> ?CO?PANTALLAS
  +--> ?PR?_BLOCK_READ_CLOCK?CLOCK
  +--> ?PR?_LCD_TXT_NUM_CHAR?PANTALLAS

?PR?_BLOCK_READ_CLOCK?CLOCK                      -----    -----      -----    -----      002AH    0003H
  +--> ?PR?_LEE_CLK?CLOCK

?PR?_LCD_TXT_NUM_CHAR?PANTALLAS                  -----    -----      -----    -----      002AH    0006H
  +--> ?PR?_TX_CHRLCD?PANTALLAS

?PR?_TX_CHRLCD?PANTALLAS                         -----    -----      -----    -----      0055H    0002H
  +--> ?PR?_PUTCHAR?MAIN

?PR?CONFIRMACION?EEPROM                          -----    -----      -----    -----      001DH    000BH
  +--> ?PR?_BLOCK_READ_CLOCK_ASCII?CLOCK
  +--> ?PR?FORMATO_EEPROM?EEPROM

?PR?FORMATO_EEPROM?EEPROM                        -----    -----      -----    -----      0028H    0003H
  +--> ?PR?_WR_EEPROM?EEPROM

?PR?_PANTALLALCD_LINEA_2?PANTALLAS               -----    -----      -----    -----      001DH    0033H
  +--> ?CO?PANTALLAS
  +--> ?PR?_LCD_TXT?PANTALLAS
  +--> ?PR?_STRLEN?STRLEN
  +--> ?PR?_TX_CHRLCD?PANTALLAS
  +--> ?PR?_STRCAT?STRCAT
  +--> ?PR?_RASPBERRY_DATA?PANTALLAS

?PR?_LCD_TXT?PANTALLAS                           -----    -----      -----    -----      0050H    0005H
  +--> ?PR?_TX_CHRLCD?PANTALLAS

?PR?_BYTEHEX_DECIMAL?CLOCK                       -----    -----      -----    -----      001DH    0001H

?PR?_TWO_BYTEHEX_DECIMAL?CLOCK                   -----    -----      -----    -----      001DH    000CH
  +--> ?PR?_POW?POW

?PR?_POW?POW                                     -----    -----      -----    -----      0029H    000AH
  +--> ?PR?LOG?LOG
  +--> ?PR?EXP?EXP

?PR?LOG?LOG                                      0020H.0  0000H.1    -----    -----      0033H    0004H

?PR?_CMD_LPR_SALIDA_WIEGAND?MONITOR              -----    -----      -----    -----      001DH    0022H
  +--> ?PR?DIR_BOARD?IO_SENSORES
  +--> ?PR?_BLOCK_READ_CLOCK_ASCII?CLOCK
  +--> ?PR?_MONITOR_CHR?MONITOR

?PR?_GRABA_SERIE_ASCII_HEX?NUM_SERIE             -----    -----      -----    -----      -----    -----
  +--> ?PR?_ESCRIBIRMEMORIA?EEPROM

BL51 BANKED LINKER/LOCATER V6.22.2.0                                                  10/29/2021  14:58:47  PAGE 15


?PR?MSJ_LCD_INFORMATIVO?IO_SENSORES              -----    -----      -----    -----      000EH    0002H
  +--> ?PR?SEL_FUNCION?IO_SENSORES
  +--> ?PR?LOAD_AND_SEND_INFO_RELOJ?PTO_PARA...
  +--> ?PR?LOAD_AND_SEND_ID_COD?PTO_PARALELO
  +--> ?PR?_RD_EEPROM?EEPROM
  +--> ?PR?_SEND_PORTERR?PTO_PARALELO

?PR?LOAD_AND_SEND_INFO_RELOJ?PTO_PARA...         -----    -----      -----    -----      0010H    000BH
  +--> ?PR?_BLOCK_READ_CLOCK?CLOCK
  +--> ?PR?_LEE_CLK?CLOCK
  +--> ?PR?_SEND_PORT?PTO_PARALELO

?PR?LOAD_AND_SEND_ID_COD?PTO_PARALELO            -----    -----      -----    -----      0010H    0011H
  +--> ?CO?PTO_PARALELO
  +--> ?PR?PRINTF?PRINTF
  +--> ?PR?_SEND_PORT?PTO_PARALELO



SYMBOL TABLE OF MODULE:  .\Objects\VRFCDOR_PRINT_100 (MAIN)

  VALUE           TYPE          NAME
  ----------------------------------

  -------         MODULE        MAIN
  C:0000H         SYMBOL        _ICE_DUMMY_
  D:0080H         PUBLIC        P0
  D:0090H         PUBLIC        P1
  C:60DCH         PUBLIC        timer0_int
  D:00B0H         PUBLIC        P3
  X:013CH         PUBLIC        placa
  B:00A8H.7       PUBLIC        EA
  C:626AH         PUBLIC        off_Timer0_Interrup
  X:0145H         PUBLIC        ValTimeOutCom
  X:0146H         PUBLIC        Timer_wait
  X:0147H         PUBLIC        g_cContByteRx
  B:0080H.0       PUBLIC        rx_ip
  B:0080H.3       PUBLIC        Atascado
  C:4527H         PUBLIC        main
  C:4E80H         PUBLIC        variable_inicio
  B:0090H.7       PUBLIC        lock
  I:0022H         PUBLIC        rbuf
  C:6260H         PUBLIC        on_Timer0_Interrup
  I:00A2H         PUBLIC        tbuf
  B:0090H.1       PUBLIC        DataIn
  D:0089H         PUBLIC        TMOD
  X:0148H         PUBLIC        USE_LPR
  X:0149H         PUBLIC        Debug_Tibbo
  X:014AH         PUBLIC        Raspberry
  X:014BH         PUBLIC        QR_BARRAS
  X:014CH         PUBLIC        SIN_COBRO
  X:014EH         PUBLIC        Tipo_Vehiculo
  B:00B0H.3       PUBLIC        busy
  C:61A4H         PUBLIC        ini_timer
  B:00A8H.1       PUBLIC        ET0
  B:0088H.5       PUBLIC        TF0
  X:014FH         PUBLIC        COMPARACION_ACTIVA
BL51 BANKED LINKER/LOCATER V6.22.2.0                                                  10/29/2021  14:58:47  PAGE 16


  X:0150H         PUBLIC        g_cEstadoImpresion
  D:008CH         PUBLIC        TH0
  X:0151H         PUBLIC        ACK
  X:0152H         PUBLIC        g_cEstadoComSoft
  D:008AH         PUBLIC        TL0
  B:0088H.4       PUBLIC        TR0
  C:61B4H         PUBLIC        inicia_board
  X:0153H         PUBLIC        T_GRACIA
  X:0155H         PUBLIC        COD_PARK
  B:0080H.7       PUBLIC        sel_com
  X:0157H         PUBLIC        STX_LINTECH
  C:6201H         PUBLIC        _getkey
  X:0158H         PUBLIC        ETX
  X:0159H         PUBLIC        ID_CLIENTE
  X:015BH         PUBLIC        buffer_ready
  C:5CEBH         PUBLIC        _putchar
  B:0021H.1       PUBLIC        placa_ready
  -------         PROC          TIMER0_INT
  C:60DCH         LINE#         13
  C:60E2H         LINE#         16
  C:60E8H         LINE#         17
  C:60ECH         LINE#         18
  C:60EEH         LINE#         20
  -------         ENDPROC       TIMER0_INT
  -------         PROC          INI_TIMER
  C:61A4H         LINE#         23
  C:61A4H         LINE#         24
  C:61A4H         LINE#         26
  C:61ACH         LINE#         28
  C:61AFH         LINE#         29
  C:61B1H         LINE#         30
  C:61B3H         LINE#         32
  -------         ENDPROC       INI_TIMER
  -------         PROC          ON_TIMER0_INTERRUP
  C:6260H         LINE#         35
  C:6260H         LINE#         36
  C:6260H         LINE#         37
  C:6262H         LINE#         38
  C:6264H         LINE#         40
  -------         ENDPROC       ON_TIMER0_INTERRUP
  -------         PROC          OFF_TIMER0_INTERRUP
  C:626AH         LINE#         43
  C:626AH         LINE#         44
  C:626AH         LINE#         45
  C:626CH         LINE#         47
  -------         ENDPROC       OFF_TIMER0_INTERRUP
  -------         PROC          _GETKEY
  -------         DO            
  D:0006H         SYMBOL        k
  -------         ENDDO         
  C:6201H         LINE#         55
  C:6201H         LINE#         56
  C:6201H         LINE#         60
  C:6201H         LINE#         61
  C:6204H         LINE#         62
  C:6204H         LINE#         63
  C:620CH         LINE#         65
BL51 BANKED LINKER/LOCATER V6.22.2.0                                                  10/29/2021  14:58:47  PAGE 17


  C:620CH         LINE#         66
  -------         ENDPROC       _GETKEY
  -------         PROC          _PUTCHAR
  X:00B1H         SYMBOL        c
  -------         DO            
  X:00B2H         SYMBOL        i
  -------         ENDDO         
  C:5CEBH         LINE#         70
  C:5CF0H         LINE#         71
  C:5CF0H         LINE#         74
  C:5CFFH         LINE#         75
  C:5CFFH         LINE#         76
  C:5D15H         LINE#         77
  C:5D15H         LINE#         79
  C:5D23H         LINE#         80
  C:5D23H         LINE#         82
  C:5D28H         LINE#         83
  -------         ENDPROC       _PUTCHAR
  -------         PROC          INICIA_BOARD
  C:61B4H         LINE#         101
  C:61B4H         LINE#         102
  C:61B4H         LINE#         103
  C:61B7H         LINE#         104
  C:61BAH         LINE#         105
  C:61BDH         LINE#         106
  C:61BFH         LINE#         107
  C:61C1H         LINE#         108
  C:61C3H         LINE#         110
  -------         ENDPROC       INICIA_BOARD
  -------         PROC          VARIABLE_INICIO
  C:4E80H         LINE#         114
  C:4E80H         LINE#         115
  C:4E80H         LINE#         117
  C:4E90H         LINE#         118
  C:4EA1H         LINE#         119
  C:4EB2H         LINE#         120
  C:4EC3H         LINE#         121
  C:4ED1H         LINE#         122
  C:4EDFH         LINE#         123
  C:4EEDH         LINE#         124
  C:4EFBH         LINE#         125
  C:4F09H         LINE#         126
  -------         ENDPROC       VARIABLE_INICIO
  -------         PROC          MAIN
  -------         DO            
  X:0114H         SYMBOL        buffer
  X:0000H         SYMBOL        buffer1
  X:000DH         SYMBOL        Length_trama
  -------         ENDDO         
  C:4527H         LINE#         134
  C:4527H         LINE#         135
  C:4527H         LINE#         142
  C:452AH         LINE#         143
  C:452DH         LINE#         144
  C:4530H         LINE#         145
  C:4533H         LINE#         146
  C:4536H         LINE#         147
BL51 BANKED LINKER/LOCATER V6.22.2.0                                                  10/29/2021  14:58:47  PAGE 18


  C:4538H         LINE#         149
  C:453BH         LINE#         151
  C:453EH         LINE#         152
  C:4543H         LINE#         154
  C:4546H         LINE#         155
  C:4549H         LINE#         156
  C:4549H         LINE#         157
  C:454CH         LINE#         158
  C:454CH         LINE#         159
  C:454FH         LINE#         161
  C:4555H         LINE#         163
  C:4555H         LINE#         164
  C:4555H         LINE#         167
  C:4558H         LINE#         168
  C:4558H         LINE#         170
  C:4566H         LINE#         171
  C:4569H         LINE#         172
  C:4577H         LINE#         173
  C:458BH         LINE#         174
  C:4594H         LINE#         175
  C:4597H         LINE#         176
  C:4597H         LINE#         178
  C:459AH         LINE#         184
  C:459DH         LINE#         185
  C:459DH         LINE#         187
  C:45ACH         LINE#         191
  C:45BBH         LINE#         194
  C:45C3H         LINE#         195
  C:45CCH         LINE#         198
  C:45DAH         LINE#         200
  C:45DAH         LINE#         201
  C:45DDH         LINE#         204
  -------         ENDPROC       MAIN
  -------         ENDMOD        MAIN

  -------         MODULE        CLOCK
  C:0000H         SYMBOL        _ICE_DUMMY_
  C:5BA0H         PUBLIC        _two_one
  D:0090H         PUBLIC        P1
  C:5F1CH         PUBLIC        _wr_clk
  B:00D0H.7       PUBLIC        CY
  C:0003H         PUBLIC        p_ck
  X:0181H         PUBLIC        data_clk
  C:6229H         PUBLIC        cond_ini_clock
  C:422AH         PUBLIC        _Block_read_Clock
  B:0090H.4       PUBLIC        sck
  C:47FCH         PUBLIC        _Block_read_Clock_Hex
  C:2BE1H         PUBLIC        _Block_read_clock_ascii
  C:5FB0H         PUBLIC        _hex_bcd
  C:6050H         PUBLIC        _bcd_hex
  C:56A5H         PUBLIC        _ByteHex_Decimal
  C:4C4FH         PUBLIC        _lee_clk
  B:0090H.5       PUBLIC        io
  C:4D65H         PUBLIC        _Block_write_clock_ascii
  B:0090H.6       PUBLIC        rst
  C:5C2EH         PUBLIC        _eb_clk
  C:24E8H         PUBLIC        _Two_ByteHex_Decimal
BL51 BANKED LINKER/LOCATER V6.22.2.0                                                  10/29/2021  14:58:47  PAGE 19


  -------         PROC          P_CK
  C:0003H         LINE#         37
  C:0003H         LINE#         38
  C:0003H         LINE#         39
  C:0005H         LINE#         40
  C:0008H         LINE#         41
  C:000AH         LINE#         42
  -------         ENDPROC       P_CK
  -------         PROC          _EB_CLK
  X:004CH         SYMBOL        dir_clk
  -------         DO            
  X:004DH         SYMBOL        nbits
  -------         ENDDO         
  C:5C2EH         LINE#         44
  C:5C33H         LINE#         46
  C:5C38H         LINE#         47
  C:5C38H         LINE#         48
  C:5C41H         LINE#         49
  C:5C44H         LINE#         50
  C:5C44H         LINE#         51
  C:5C46H         LINE#         52
  C:5C48H         LINE#         54
  C:5C48H         LINE#         55
  C:5C4AH         LINE#         56
  C:5C4AH         LINE#         57
  C:5C4DH         LINE#         58
  C:5C6CH         LINE#         59
  -------         ENDPROC       _EB_CLK
  C:4C45H         SYMBOL        L?0053
  -------         PROC          L?0052
  -------         ENDPROC       L?0052
  C:4C45H         SYMBOL        L?0053
  -------         PROC          _LEE_CLK
  X:0049H         SYMBOL        dir_clk
  -------         DO            
  X:004AH         SYMBOL        nbits
  -------         ENDDO         
  C:4C4FH         LINE#         61
  C:4C54H         LINE#         63
  C:4C56H         LINE#         64
  C:4C5DH         LINE#         65
  C:4C65H         LINE#         66
  C:4C7EH         LINE#         67
  C:4C7EH         LINE#         68
  C:4C81H         LINE#         69
  C:4C81H         LINE#         70
  C:4C88H         LINE#         71
  C:4C92H         LINE#         72
  C:4C97H         LINE#         73
  C:4C97H         LINE#         74
  C:4C97H         LINE#         75
  C:4C9AH         LINE#         76
  C:4C9AH         LINE#         77
  C:4CA1H         LINE#         78
  C:4CB2H         LINE#         79
  C:4CB2H         LINE#         80
  C:4CBAH         LINE#         81
BL51 BANKED LINKER/LOCATER V6.22.2.0                                                  10/29/2021  14:58:47  PAGE 20


  C:4CBAH         LINE#         82
  C:4CBAH         LINE#         83
  C:4CBDH         LINE#         84
  C:4CCDH         LINE#         85
  C:4CCFH         LINE#         86
  C:4CD4H         LINE#         87
  -------         ENDPROC       _LEE_CLK
  -------         PROC          _WR_CLK
  X:0020H         SYMBOL        dir_clk
  X:0021H         SYMBOL        byte
  C:5F1CH         LINE#         89
  C:5F24H         LINE#         90
  C:5F26H         LINE#         91
  C:5F2DH         LINE#         92
  C:5F35H         LINE#         93
  C:5F3EH         LINE#         94
  C:5F41H         LINE#         95
  C:5F43H         LINE#         97
  -------         ENDPROC       _WR_CLK
  C:5B6CH         SYMBOL        L?0050
  C:5B8AH         SYMBOL        L?0051
  -------         PROC          L?0049
  -------         ENDPROC       L?0049
  C:5B6CH         SYMBOL        L?0050
  C:5B8AH         SYMBOL        L?0051
  -------         PROC          _TWO_ONE
  D:0007H         SYMBOL        byte_h
  D:0005H         SYMBOL        byte_l
  -------         DO            
  D:0007H         SYMBOL        byte_out
  -------         ENDDO         
  C:5BA0H         LINE#         99
  C:5BA0H         LINE#         100
  C:5BA0H         LINE#         102
  C:5BA3H         LINE#         103
  C:5BA7H         LINE#         104
  C:5BAAH         LINE#         105
  C:5BACH         LINE#         106
  C:5BACH         LINE#         107
  -------         ENDPROC       _TWO_ONE
  -------         PROC          _BLOCK_WRITE_CLOCK_ASCII
  X:001DH         SYMBOL        datos_clock
  C:4D65H         LINE#         112
  C:4D70H         LINE#         114
  C:4D70H         LINE#         118
  C:4D7AH         LINE#         119
  C:4D7AH         LINE#         120
  C:4D7AH         LINE#         121
  C:4D7AH         LINE#         123
  C:4D84H         LINE#         124
  C:4D8EH         LINE#         125
  C:4D98H         LINE#         126
  C:4D98H         LINE#         127
  C:4D98H         LINE#         128
  C:4D98H         LINE#         130
  C:4DA2H         LINE#         131
  C:4DA2H         LINE#         132
BL51 BANKED LINKER/LOCATER V6.22.2.0                                                  10/29/2021  14:58:47  PAGE 21


  C:4DA2H         LINE#         133
  C:4DA2H         LINE#         135
  C:4DACH         LINE#         136
  C:4DACH         LINE#         137
  C:4DACH         LINE#         138
  C:4DACH         LINE#         140
  C:4DB6H         LINE#         141
  C:4DB6H         LINE#         142
  C:4DB6H         LINE#         143
  C:4DB6H         LINE#         145
  C:4DC0H         LINE#         146
  C:4DCAH         LINE#         147
  C:4DD4H         LINE#         148
  C:4DDEH         LINE#         150
  -------         ENDPROC       _BLOCK_WRITE_CLOCK_ASCII
  -------         PROC          _BCD_HEX
  D:0007H         SYMBOL        l_data
  -------         DO            
  D:0006H         SYMBOL        temp
  D:0005H         SYMBOL        j
  -------         ENDDO         
  C:6050H         LINE#         156
  C:6050H         LINE#         157
  C:6050H         LINE#         159
  C:6052H         LINE#         160
  C:6056H         LINE#         161
  C:6059H         LINE#         162
  C:605BH         LINE#         163
  C:605BH         LINE#         164
  C:605FH         LINE#         165
  C:6066H         LINE#         166
  C:6066H         LINE#         167
  C:606AH         LINE#         168
  C:606DH         LINE#         169
  C:606DH         LINE#         170
  C:606DH         LINE#         171
  -------         ENDPROC       _BCD_HEX
  -------         PROC          _HEX_BCD
  D:0007H         SYMBOL        byte
  -------         DO            
  D:0006H         SYMBOL        nibble_h
  D:0005H         SYMBOL        nibble_l
  D:0004H         SYMBOL        k
  D:0007H         SYMBOL        byte_out
  -------         ENDDO         
  C:5FB0H         LINE#         175
  C:5FB0H         LINE#         177
  C:5FB0H         LINE#         182
  C:5FB2H         LINE#         183
  C:5FB3H         LINE#         185
  C:5FB9H         LINE#         186
  C:5FB9H         LINE#         187
  C:5FBAH         LINE#         188
  C:5FBFH         LINE#         189
  C:5FBFH         LINE#         190
  C:5FC0H         LINE#         191
  C:5FC1H         LINE#         192
BL51 BANKED LINKER/LOCATER V6.22.2.0                                                  10/29/2021  14:58:47  PAGE 22


  C:5FC1H         LINE#         193
  C:5FC4H         LINE#         194
  C:5FC8H         LINE#         195
  C:5FCBH         LINE#         196
  C:5FCEH         LINE#         197
  C:5FD0H         LINE#         198
  C:5FD0H         LINE#         200
  -------         ENDPROC       _HEX_BCD
  -------         PROC          _BYTEHEX_DECIMAL
  D:0001H         SYMBOL        buffer
  D:0005H         SYMBOL        valorhex
  -------         DO            
  X:001DH         SYMBOL        numero
  D:0007H         SYMBOL        centena
  D:0006H         SYMBOL        decena
  -------         ENDDO         
  C:56A5H         LINE#         207
  C:56A5H         LINE#         208
  C:56A5H         LINE#         211
  C:56A7H         LINE#         212
  C:56A8H         LINE#         213
  C:56ADH         LINE#         215
  C:56BAH         LINE#         216
  C:56BAH         LINE#         217
  C:56BEH         LINE#         218
  C:56BFH         LINE#         219
  C:56C1H         LINE#         220
  C:56C7H         LINE#         221
  C:56CEH         LINE#         222
  C:56DBH         LINE#         223
  C:56DBH         LINE#         224
  C:56DFH         LINE#         225
  C:56E0H         LINE#         226
  C:56E2H         LINE#         227
  C:56E8H         LINE#         228
  C:56EFH         LINE#         229
  -------         ENDPROC       _BYTEHEX_DECIMAL
  -------         PROC          _TWO_BYTEHEX_DECIMAL
  X:001DH         SYMBOL        buffer
  X:0020H         SYMBOL        id_h
  X:0021H         SYMBOL        id_l
  -------         DO            
  X:0022H         SYMBOL        valor
  D:0006H         SYMBOL        numero
  X:0024H         SYMBOL        temp
  X:0025H         SYMBOL        dmil
  X:0026H         SYMBOL        mil
  X:0027H         SYMBOL        centena
  X:0028H         SYMBOL        decena
  -------         ENDDO         
  C:24E8H         LINE#         237
  C:24F6H         LINE#         238
  C:24F6H         LINE#         242
  C:24FDH         LINE#         243
  C:2501H         LINE#         244
  C:2503H         LINE#         245
  C:2505H         LINE#         246
BL51 BANKED LINKER/LOCATER V6.22.2.0                                                  10/29/2021  14:58:47  PAGE 23


  C:2507H         LINE#         249
  C:250CH         LINE#         250
  C:250FH         LINE#         251
  C:2515H         LINE#         253
  C:2570H         LINE#         254
  C:2578H         LINE#         255
  C:257BH         LINE#         256
  C:25D6H         LINE#         258
  C:25DEH         LINE#         259
  C:25E1H         LINE#         260
  C:25E7H         LINE#         261
  C:2642H         LINE#         262
  C:264AH         LINE#         263
  C:264DH         LINE#         264
  C:26A8H         LINE#         265
  C:26A8H         LINE#         267
  C:26B1H         LINE#         268
  C:26B1H         LINE#         269
  C:26B9H         LINE#         270
  C:26BFH         LINE#         271
  C:26C1H         LINE#         272
  C:26D7H         LINE#         273
  C:26E1H         LINE#         274
  C:26EAH         LINE#         275
  C:26EAH         LINE#         276
  C:26F2H         LINE#         277
  C:26F8H         LINE#         278
  C:26FAH         LINE#         279
  C:2710H         LINE#         280
  C:271AH         LINE#         281
  C:2723H         LINE#         282
  C:2723H         LINE#         283
  C:272BH         LINE#         284
  C:2731H         LINE#         285
  C:2733H         LINE#         286
  C:2749H         LINE#         287
  C:2753H         LINE#         288
  C:275CH         LINE#         289
  C:275CH         LINE#         290
  C:2764H         LINE#         291
  C:276AH         LINE#         292
  C:276CH         LINE#         293
  C:2782H         LINE#         294
  C:278CH         LINE#         295
  C:279FH         LINE#         296
  C:27A9H         LINE#         297
  -------         ENDPROC       _TWO_BYTEHEX_DECIMAL
  -------         PROC          _BLOCK_READ_CLOCK_ASCII
  X:0046H         SYMBOL        datos_clock
  -------         DO            
  D:0007H         SYMBOL        dato
  -------         ENDDO         
  C:2BE1H         LINE#         303
  C:2BE4H         LINE#         304
  C:2BE4H         LINE#         310
  C:2BE7H         LINE#         311
  C:2BFFH         LINE#         312
BL51 BANKED LINKER/LOCATER V6.22.2.0                                                  10/29/2021  14:58:47  PAGE 24


  C:2C09H         LINE#         313
  C:2C1EH         LINE#         314
  C:2C28H         LINE#         317
  C:2C2DH         LINE#         318
  C:2C45H         LINE#         319
  C:2C4FH         LINE#         320
  C:2C64H         LINE#         321
  C:2C6EH         LINE#         324
  C:2C73H         LINE#         325
  C:2C8BH         LINE#         326
  C:2C95H         LINE#         327
  C:2CAAH         LINE#         328
  C:2CB4H         LINE#         332
  C:2CB9H         LINE#         333
  C:2CD1H         LINE#         334
  C:2CDBH         LINE#         335
  C:2CF0H         LINE#         336
  C:2CFAH         LINE#         339
  C:2CFFH         LINE#         340
  C:2D17H         LINE#         341
  C:2D21H         LINE#         342
  C:2D36H         LINE#         343
  C:2D40H         LINE#         346
  C:2D45H         LINE#         347
  C:2D5DH         LINE#         348
  C:2D67H         LINE#         349
  C:2D7CH         LINE#         350
  C:2D86H         LINE#         353
  C:2D8BH         LINE#         354
  C:2DA0H         LINE#         355
  C:2DAAH         LINE#         356
  -------         ENDPROC       _BLOCK_READ_CLOCK_ASCII
  -------         PROC          _BLOCK_READ_CLOCK_HEX
  X:0031H         SYMBOL        datos_clock
  C:47FCH         LINE#         360
  C:47FFH         LINE#         361
  C:47FFH         LINE#         364
  C:4814H         LINE#         365
  C:481EH         LINE#         367
  C:4835H         LINE#         368
  C:483FH         LINE#         370
  C:4856H         LINE#         371
  C:4860H         LINE#         373
  C:4877H         LINE#         374
  C:4881H         LINE#         376
  C:4898H         LINE#         377
  -------         ENDPROC       _BLOCK_READ_CLOCK_HEX
  -------         PROC          _BLOCK_READ_CLOCK
  X:002AH         SYMBOL        datos_clock
  C:422AH         LINE#         404
  C:422DH         LINE#         405
  C:422DH         LINE#         407
  C:423FH         LINE#         408
  C:4249H         LINE#         410
  C:425DH         LINE#         411
  C:4267H         LINE#         413
  C:427BH         LINE#         414
BL51 BANKED LINKER/LOCATER V6.22.2.0                                                  10/29/2021  14:58:47  PAGE 25


  C:4285H         LINE#         416
  C:4299H         LINE#         417
  C:42A3H         LINE#         419
  C:42B7H         LINE#         420
  C:42C1H         LINE#         422
  C:42D5H         LINE#         423
  C:42DFH         LINE#         424
  -------         ENDPROC       _BLOCK_READ_CLOCK
  -------         PROC          COND_INI_CLOCK
  C:6229H         LINE#         427
  C:6229H         LINE#         428
  C:6229H         LINE#         429
  C:622BH         LINE#         430
  C:622DH         LINE#         431
  C:622FH         LINE#         432
  -------         ENDPROC       COND_INI_CLOCK
  -------         ENDMOD        CLOCK

  -------         MODULE        DELAY
  C:0000H         SYMBOL        _ICE_DUMMY_
  C:6138H         PUBLIC        _Delay_20us
  C:608CH         PUBLIC        _Delay_1ms
  C:6270H         PUBLIC        Delay
  -------         PROC          _DELAY_20US
  D:0006H         SYMBOL        cnt
  -------         DO            
  D:0004H         SYMBOL        i
  -------         ENDDO         
  C:6138H         LINE#         20
  C:6138H         LINE#         21
  C:6138H         LINE#         24
  C:6142H         LINE#         26
  C:6149H         LINE#         27
  -------         ENDPROC       _DELAY_20US
  -------         PROC          _DELAY_1MS
  D:0002H         SYMBOL        cnt
  -------         DO            
  D:0082H         SYMBOL        i
  -------         ENDDO         
  C:608CH         LINE#         38
  C:6090H         LINE#         39
  C:6090H         LINE#         41
  C:60A6H         LINE#         42
  -------         ENDPROC       _DELAY_1MS
  -------         PROC          DELAY
  C:6270H         LINE#         60
  C:6270H         LINE#         62
  -------         ENDPROC       DELAY
  -------         ENDMOD        DELAY

  -------         MODULE        EEPROM
  C:0000H         SYMBOL        _ICE_DUMMY_
  C:5DA5H         PUBLIC        confirmacion
  D:0090H         PUBLIC        P1
  C:4F0AH         PUBLIC        _EscribirMemoria
  X:017BH         PUBLIC        l_chr
  C:5FD4H         PUBLIC        ackd
BL51 BANKED LINKER/LOCATER V6.22.2.0                                                  10/29/2021  14:58:47  PAGE 26


  B:0021H.2       PUBLIC        memory_flag
  B:00D0H.7       PUBLIC        CY
  C:625AH         PUBLIC        p_me
  C:6152H         PUBLIC        start
  B:0090H.2       PUBLIC        sda
  C:5FF4H         PUBLIC        ack_lect
  B:0090H.3       PUBLIC        scl
  C:5E58H         PUBLIC        _rd_eeprom
  C:6217H         PUBLIC        stop
  C:5CACH         PUBLIC        Formato_eeprom
  X:017CH         PUBLIC        l_data_eeprom
  C:5C6DH         PUBLIC        _wr_eeprom
  C:55F6H         PUBLIC        _LeerMemoria
  X:017DH         PUBLIC        byte_rd
  C:5F8EH         PUBLIC        _e_d_m
  C:56F8H         PUBLIC        l_d_m
  -------         PROC          L?0055
  -------         ENDPROC       L?0055
  -------         PROC          ACKD
  -------         DO            
  D:0006H         SYMBOL        i
  -------         ENDDO         
  C:5FD4H         LINE#         40
  C:5FD4H         LINE#         41
  C:5FD4H         LINE#         43
  C:5FD6H         LINE#         44
  C:5FD8H         LINE#         45
  C:5FDAH         LINE#         46
  C:5FDDH         LINE#         47
  C:5FDDH         LINE#         48
  C:5FE0H         LINE#         49
  C:5FE0H         LINE#         50
  C:5FE2H         LINE#         51
  C:5FE4H         LINE#         53
  C:5FE5H         LINE#         54
  C:5FE5H         LINE#         55
  C:5FF0H         LINE#         57
  C:5FF0H         LINE#         58
  C:5FF0H         LINE#         60
  C:5FF0H         LINE#         61
  -------         ENDPROC       ACKD
  -------         PROC          L?0057
  -------         ENDPROC       L?0057
  -------         PROC          ACK_LECT
  -------         DO            
  D:0006H         SYMBOL        i
  -------         ENDDO         
  C:5FF4H         LINE#         64
  C:5FF4H         LINE#         65
  C:5FF4H         LINE#         67
  C:5FF6H         LINE#         68
  C:5FF8H         LINE#         69
  C:5FFAH         LINE#         70
  C:5FFDH         LINE#         71
  C:5FFDH         LINE#         72
  C:6000H         LINE#         73
  C:6000H         LINE#         74
BL51 BANKED LINKER/LOCATER V6.22.2.0                                                  10/29/2021  14:58:47  PAGE 27


  C:6002H         LINE#         75
  C:6004H         LINE#         76
  C:6005H         LINE#         77
  C:6005H         LINE#         78
  C:6010H         LINE#         79
  -------         ENDPROC       ACK_LECT
  -------         PROC          P_ME
  C:625AH         LINE#         81
  C:625AH         LINE#         82
  C:625AH         LINE#         83
  C:625CH         LINE#         84
  C:625DH         LINE#         85
  C:625FH         LINE#         86
  -------         ENDPROC       P_ME
  -------         PROC          _E_D_M
  D:0007H         SYMBOL        a_serial_eeprom
  -------         DO            
  D:0006H         SYMBOL        nbits
  -------         ENDDO         
  C:5F8EH         LINE#         88
  C:5F8EH         LINE#         89
  C:5F8EH         LINE#         91
  C:5F9AH         LINE#         92
  C:5F9AH         LINE#         93
  C:5F9EH         LINE#         94
  C:5FA1H         LINE#         95
  C:5FA1H         LINE#         96
  C:5FA3H         LINE#         97
  C:5FA5H         LINE#         99
  C:5FA5H         LINE#         100
  C:5FA7H         LINE#         101
  C:5FA7H         LINE#         102
  C:5FA9H         LINE#         103
  C:5FACH         LINE#         104
  C:5FAFH         LINE#         106
  -------         ENDPROC       _E_D_M
  -------         PROC          L?0056
  -------         ENDPROC       L?0056
  -------         PROC          START
  C:6152H         LINE#         108
  C:6152H         LINE#         109
  C:6152H         LINE#         110
  C:6154H         LINE#         111
  C:6156H         LINE#         112
  C:6157H         LINE#         113
  C:6159H         LINE#         114
  C:615BH         LINE#         116
  -------         ENDPROC       START
  -------         PROC          STOP
  C:6217H         LINE#         118
  C:6217H         LINE#         119
  C:6217H         LINE#         120
  C:6219H         LINE#         121
  C:621BH         LINE#         122
  C:621DH         LINE#         123
  C:621FH         LINE#         125
  -------         ENDPROC       STOP
BL51 BANKED LINKER/LOCATER V6.22.2.0                                                  10/29/2021  14:58:47  PAGE 28


  -------         PROC          L_D_M
  -------         DO            
  D:0003H         SYMBOL        nbits
  -------         ENDDO         
  C:56F8H         LINE#         127
  C:56F8H         LINE#         128
  C:56F8H         LINE#         130
  C:5705H         LINE#         131
  C:5705H         LINE#         132
  C:5707H         LINE#         133
  C:570AH         LINE#         134
  C:570AH         LINE#         135
  C:5711H         LINE#         136
  C:571AH         LINE#         137
  C:571AH         LINE#         138
  C:571EH         LINE#         139
  C:5720H         LINE#         140
  C:5720H         LINE#         141
  C:5720H         LINE#         142
  C:5723H         LINE#         143
  C:5723H         LINE#         144
  C:572AH         LINE#         145
  C:5734H         LINE#         146
  C:5734H         LINE#         147
  C:5738H         LINE#         148
  C:573AH         LINE#         149
  C:573AH         LINE#         150
  C:573AH         LINE#         151
  C:573DH         LINE#         152
  C:573FH         LINE#         153
  C:5744H         LINE#         154
  -------         ENDPROC       L_D_M
  -------         PROC          _WR_EEPROM
  D:0002H         SYMBOL        control
  D:0004H         SYMBOL        Dir
  D:0003H         SYMBOL        data_eeprom
  -------         DO            
  D:0005H         SYMBOL        dir_h
  D:0001H         SYMBOL        dir_l
  -------         ENDDO         
  C:5C6DH         LINE#         160
  C:5C6FH         LINE#         161
  C:5C6FH         LINE#         163
  C:5C73H         LINE#         164
  C:5C73H         LINE#         165
  C:5C73H         LINE#         168
  C:5C73H         LINE#         169
  C:5C73H         LINE#         171
  C:5C76H         LINE#         172
  C:5C78H         LINE#         173
  C:5C7BH         LINE#         174
  C:5C7DH         LINE#         175
  C:5C80H         LINE#         176
  C:5C85H         LINE#         177
  C:5C88H         LINE#         178
  C:5C8DH         LINE#         179
  C:5C90H         LINE#         180
BL51 BANKED LINKER/LOCATER V6.22.2.0                                                  10/29/2021  14:58:47  PAGE 29


  C:5C93H         LINE#         181
  C:5C9AH         LINE#         183
  C:5C9CH         LINE#         184
  C:5C9EH         LINE#         185
  C:5CA5H         LINE#         186
  -------         ENDPROC       _WR_EEPROM
  -------         PROC          _RD_EEPROM
  D:0003H         SYMBOL        control
  D:0004H         SYMBOL        Dir
  -------         DO            
  D:0005H         SYMBOL        dir_h
  D:0002H         SYMBOL        dir_l
  -------         ENDDO         
  C:5E58H         LINE#         236
  C:5E5AH         LINE#         237
  C:5E5AH         LINE#         240
  C:5E5EH         LINE#         241
  C:5E5EH         LINE#         242
  C:5E5EH         LINE#         244
  C:5E5EH         LINE#         245
  C:5E5EH         LINE#         247
  C:5E61H         LINE#         248
  C:5E63H         LINE#         249
  C:5E66H         LINE#         250
  C:5E68H         LINE#         251
  C:5E6BH         LINE#         252
  C:5E70H         LINE#         253
  C:5E73H         LINE#         254
  C:5E76H         LINE#         255
  C:5E7CH         LINE#         256
  C:5E7FH         LINE#         257
  C:5E81H         LINE#         258
  C:5E84H         LINE#         259
  C:5E87H         LINE#         260
  C:5E89H         LINE#         261
  C:5E8BH         LINE#         262
  C:5E90H         LINE#         263
  -------         ENDPROC       _RD_EEPROM
  -------         PROC          _LEERMEMORIA
  X:007DH         SYMBOL        addres
  X:007FH         SYMBOL        res
  -------         DO            
  D:0007H         SYMBOL        i
  -------         ENDDO         
  C:55F6H         LINE#         268
  C:5607H         LINE#         269
  C:5607H         LINE#         274
  C:5607H         LINE#         275
  C:5623H         LINE#         276
  C:5632H         LINE#         277
  C:5640H         LINE#         278
  C:564AH         LINE#         279
  C:564AH         LINE#         280
  C:564DH         LINE#         282
  -------         ENDPROC       _LEERMEMORIA
  -------         PROC          _ESCRIBIRMEMORIA
  X:007DH         SYMBOL        control
BL51 BANKED LINKER/LOCATER V6.22.2.0                                                  10/29/2021  14:58:47  PAGE 30


  X:007EH         SYMBOL        addres
  X:0080H         SYMBOL        res
  C:4F0AH         LINE#         288
  C:4F1EH         LINE#         289
  C:4F1EH         LINE#         291
  C:4F2EH         LINE#         292
  C:4F2EH         LINE#         293
  C:4F31H         LINE#         294
  C:4F31H         LINE#         296
  C:4F35H         LINE#         297
  C:4F35H         LINE#         298
  C:4F50H         LINE#         299
  C:4F5EH         LINE#         300
  C:4F68H         LINE#         301
  C:4F6AH         LINE#         302
  C:4F79H         LINE#         303
  -------         ENDPROC       _ESCRIBIRMEMORIA
  -------         PROC          CONFIRMACION
  -------         DO            
  X:001DH         SYMBOL        hora
  D:0007H         SYMBOL        temp
  -------         ENDDO         
  C:5DA5H         LINE#         305
  C:5DA5H         LINE#         306
  C:5DA5H         LINE#         308
  C:5DA7H         LINE#         309
  C:5DB0H         LINE#         311
  C:5DB6H         LINE#         312
  C:5DBAH         LINE#         313
  C:5DBAH         LINE#         315
  C:5DBEH         LINE#         316
  C:5DC7H         LINE#         317
  C:5DC7H         LINE#         319
  C:5DCCH         LINE#         320
  C:5DCEH         LINE#         321
  C:5DCEH         LINE#         323
  C:5DD2H         LINE#         324
  C:5DDBH         LINE#         325
  C:5DDBH         LINE#         326
  C:5DDBH         LINE#         327
  C:5DDBH         LINE#         328
  C:5DDDH         LINE#         330
  C:5DDDH         LINE#         331
  C:5DE0H         LINE#         332
  C:5DE0H         LINE#         333
  C:5DE0H         LINE#         334
  C:5DE0H         LINE#         337
  -------         ENDPROC       CONFIRMACION
  -------         PROC          FORMATO_EEPROM
  -------         DO            
  X:0028H         SYMBOL        dato
  X:0029H         SYMBOL        i
  -------         ENDDO         
  C:5CACH         LINE#         338
  C:5CACH         LINE#         339
  C:5CACH         LINE#         340
  C:5CB2H         LINE#         343
BL51 BANKED LINKER/LOCATER V6.22.2.0                                                  10/29/2021  14:58:47  PAGE 31


  C:5CC7H         LINE#         344
  C:5CC7H         LINE#         345
  C:5CD1H         LINE#         346
  C:5CE1H         LINE#         347
  -------         ENDPROC       FORMATO_EEPROM
  -------         ENDMOD        EEPROM

  -------         MODULE        IO_SENSORES
  C:0000H         SYMBOL        _ICE_DUMMY_
  D:0090H         PUBLIC        P1
  D:00B0H         PUBLIC        P3
  C:615CH         PUBLIC        Dir_board
  B:0090H.1       PUBLIC        DataIn
  C:6237H         PUBLIC        sel_Auto
  C:5321H         PUBLIC        ValidaSensoresPaso
  B:00B0H.3       PUBLIC        busy
  C:6031H         PUBLIC        ValidaSensor
  C:6245H         PUBLIC        sel_Sensor1
  C:623EH         PUBLIC        sel_Sensor2
  B:00B0H.5       PUBLIC        sel_A
  B:00B0H.6       PUBLIC        sel_B
  B:00B0H.7       PUBLIC        sel_C
  C:52AEH         PUBLIC        msj_lcd_informativo
  C:624CH         PUBLIC        sel_Dir1
  C:6253H         PUBLIC        sel_Dir2
  C:6230H         PUBLIC        sel_Funcion
  -------         PROC          SEL_FUNCION
  C:6230H         LINE#         26
  C:6230H         LINE#         27
  C:6230H         LINE#         28
  C:6232H         LINE#         29
  C:6234H         LINE#         30
  C:6236H         LINE#         31
  -------         ENDPROC       SEL_FUNCION
  -------         PROC          SEL_AUTO
  C:6237H         LINE#         33
  C:6237H         LINE#         34
  C:6237H         LINE#         35
  C:6239H         LINE#         36
  C:623BH         LINE#         37
  C:623DH         LINE#         38
  -------         ENDPROC       SEL_AUTO
  -------         PROC          SEL_SENSOR2
  C:623EH         LINE#         49
  C:623EH         LINE#         50
  C:623EH         LINE#         51
  C:6240H         LINE#         52
  C:6242H         LINE#         53
  C:6244H         LINE#         54
  -------         ENDPROC       SEL_SENSOR2
  -------         PROC          SEL_SENSOR1
  C:6245H         LINE#         56
  C:6245H         LINE#         57
  C:6245H         LINE#         58
  C:6247H         LINE#         59
  C:6249H         LINE#         60
  C:624BH         LINE#         61
BL51 BANKED LINKER/LOCATER V6.22.2.0                                                  10/29/2021  14:58:47  PAGE 32


  -------         ENDPROC       SEL_SENSOR1
  -------         PROC          SEL_DIR1
  C:624CH         LINE#         63
  C:624CH         LINE#         64
  C:624CH         LINE#         65
  C:624EH         LINE#         66
  C:6250H         LINE#         67
  C:6252H         LINE#         68
  -------         ENDPROC       SEL_DIR1
  -------         PROC          SEL_DIR2
  C:6253H         LINE#         70
  C:6253H         LINE#         71
  C:6253H         LINE#         72
  C:6255H         LINE#         73
  C:6257H         LINE#         74
  C:6259H         LINE#         75
  -------         ENDPROC       SEL_DIR2
  -------         PROC          VALIDASENSOR
  -------         DO            
  D:0007H         SYMBOL        Valido
  D:0004H         SYMBOL        Tmin
  -------         ENDDO         
  C:6031H         LINE#         77
  C:6031H         LINE#         78
  C:6031H         LINE#         80
  C:6033H         LINE#         81
  C:6037H         LINE#         82
  C:6042H         LINE#         83
  C:6042H         LINE#         84
  C:6047H         LINE#         85
  C:604BH         LINE#         86
  C:604BH         LINE#         87
  C:604DH         LINE#         88
  C:604DH         LINE#         89
  C:604FH         LINE#         90
  C:604FH         LINE#         91
  -------         ENDPROC       VALIDASENSOR
  -------         PROC          DIR_BOARD
  -------         DO            
  D:0007H         SYMBOL        Board
  -------         ENDDO         
  C:615CH         LINE#         95
  C:615CH         LINE#         96
  C:615CH         LINE#         97
  C:615EH         LINE#         99
  C:6161H         LINE#         100
  C:6164H         LINE#         101
  C:6164H         LINE#         102
  C:6165H         LINE#         103
  C:6165H         LINE#         104
  C:6168H         LINE#         105
  C:616BH         LINE#         106
  C:616BH         LINE#         107
  C:616DH         LINE#         108
  C:616DH         LINE#         109
  C:616DH         LINE#         110
  -------         ENDPROC       DIR_BOARD
BL51 BANKED LINKER/LOCATER V6.22.2.0                                                  10/29/2021  14:58:47  PAGE 33


  -------         PROC          VALIDASENSORESPASO
  C:5321H         LINE#         115
  C:5321H         LINE#         116
  C:5321H         LINE#         118
  C:5324H         LINE#         119
  C:5327H         LINE#         120
  C:5327H         LINE#         121
  C:5335H         LINE#         122
  C:5335H         LINE#         123
  C:5338H         LINE#         124
  C:533BH         LINE#         125
  C:533EH         LINE#         126
  C:5343H         LINE#         127
  C:5343H         LINE#         128
  C:534AH         LINE#         129
  C:534EH         LINE#         130
  C:5350H         LINE#         132
  C:5350H         LINE#         134
  C:5350H         LINE#         135
  C:5357H         LINE#         136
  C:535CH         LINE#         137
  C:535EH         LINE#         138
  C:535EH         LINE#         141
  C:535EH         LINE#         143
  C:5361H         LINE#         144
  C:5366H         LINE#         145
  C:5366H         LINE#         147
  C:536DH         LINE#         148
  C:5373H         LINE#         149
  C:5376H         LINE#         150
  C:5376H         LINE#         152
  C:5376H         LINE#         153
  C:537AH         LINE#         154
  C:537CH         LINE#         155
  C:537CH         LINE#         158
  C:537CH         LINE#         159
  C:537CH         LINE#         161
  C:537CH         LINE#         162
  C:5382H         LINE#         163
  C:5384H         LINE#         164
  C:5384H         LINE#         165
  C:5384H         LINE#         166
  C:5384H         LINE#         167
  C:538DH         LINE#         168
  C:538FH         LINE#         169
  C:538FH         LINE#         171
  -------         ENDPROC       VALIDASENSORESPASO
[...]
  C:244BH         LINE#         212
  C:2450H         LINE#         213
BL51 BANKED LINKER/LOCATER V6.22.2.0                                                  10/29/2021  14:58:47  PAGE 66


  C:2450H         LINE#         214
  C:2452H         LINE#         216
  C:2452H         LINE#         217
  C:245BH         LINE#         218
  C:245BH         LINE#         219
  C:245BH         LINE#         221
  C:245DH         LINE#         224
  C:245DH         LINE#         227
  C:2468H         LINE#         231
  C:2468H         LINE#         232
  C:2468H         LINE#         233
  C:2495H         LINE#         234
  C:2495H         LINE#         235
  C:24A4H         LINE#         238
  C:24ADH         LINE#         239
  C:24C4H         LINE#         242
  C:24C4H         LINE#         244
  C:24D6H         LINE#         245
  C:24D6H         LINE#         246
  C:24DBH         LINE#         247
  C:24E1H         LINE#         248
  C:24E7H         LINE#         250
  C:24E7H         LINE#         252
  -------         ENDPROC       _VALIDA_TRAMA_PTO
  -------         ENDMOD        ACCESCAN

  -------         MODULE        VERPRINT
  C:0000H         SYMBOL        _ICE_DUMMY_
  C:1CF0H         PUBLIC        Lee_ticket
  D:0090H         PUBLIC        P1
  C:5F6AH         PUBLIC        _num_num
  B:00A8H.4       PUBLIC        ES
  C:361EH         PUBLIC        _Bloque_Horario
  C:372EH         PUBLIC        _check_fechaOut_2
  B:0090H.7       PUBLIC        lock
  C:60AFH         PUBLIC        _num_char
  -------         PROC          _NUM_NUM
  D:0001H         SYMBOL        p
  -------         DO            
  D:0007H         SYMBOL        contador
  -------         ENDDO         
  C:5F6AH         LINE#         75
  C:5F6AH         LINE#         76
  C:5F6AH         LINE#         77
  C:5F6CH         LINE#         78
  C:5F83H         LINE#         79
  C:5F83H         LINE#         81
  C:5F8AH         LINE#         82
  C:5F8BH         LINE#         83
  C:5F8DH         LINE#         84
  C:5F8DH         LINE#         85
  -------         ENDPROC       _NUM_NUM
  -------         PROC          L?0055
  -------         ENDPROC       L?0055
  -------         PROC          _NUM_CHAR
  D:0001H         SYMBOL        p
  D:0005H         SYMBOL        chr
BL51 BANKED LINKER/LOCATER V6.22.2.0                                                  10/29/2021  14:58:47  PAGE 67


  -------         DO            
  D:0007H         SYMBOL        contador
  -------         ENDDO         
  C:60AFH         LINE#         89
  C:60AFH         LINE#         90
  C:60AFH         LINE#         91
  C:60B1H         LINE#         92
  C:60B7H         LINE#         93
  C:60B7H         LINE#         95
  C:60BEH         LINE#         96
  C:60BFH         LINE#         97
  C:60C1H         LINE#         98
  C:60C1H         LINE#         99
  -------         ENDPROC       _NUM_CHAR
  -------         PROC          _CHECK_FECHAOUT_2
  X:001FH         SYMBOL        buffer
  -------         DO            
  X:0022H         SYMBOL        fecha_inicio
  X:0026H         SYMBOL        fecha_fin
  X:002AH         SYMBOL        datos_clk
  X:0030H         SYMBOL        temp
  -------         ENDDO         
  C:372EH         LINE#         103
  C:3739H         LINE#         104
  C:3739H         LINE#         110
  C:3742H         LINE#         111
  C:3771H         LINE#         112
  C:37B6H         LINE#         114
  C:37BFH         LINE#         115
  C:37D0H         LINE#         116
  C:37D9H         LINE#         118
  C:37E2H         LINE#         119
  C:37F3H         LINE#         120
  C:37FCH         LINE#         121
  C:381CH         LINE#         122
  C:381CH         LINE#         123
  C:3821H         LINE#         124
  C:3823H         LINE#         126
  C:3823H         LINE#         127
  C:382CH         LINE#         128
  C:3831H         LINE#         129
  C:3831H         LINE#         133
  C:3836H         LINE#         134
  -------         ENDPROC       _CHECK_FECHAOUT_2
  -------         PROC          _BLOQUE_HORARIO
  X:001FH         SYMBOL        buffer
  -------         DO            
  X:0022H         SYMBOL        Estado_Horario
  X:0023H         SYMBOL        HoraNow
  D:0006H         SYMBOL        Hora_Ticket
  -------         ENDDO         
  C:361EH         LINE#         135
  C:3629H         LINE#         136
  C:3629H         LINE#         143
  C:3632H         LINE#         144
  C:363AH         LINE#         145
  C:3642H         LINE#         146
BL51 BANKED LINKER/LOCATER V6.22.2.0                                                  10/29/2021  14:58:47  PAGE 68


  C:364BH         LINE#         147
  C:3679H         LINE#         152
  C:3682H         LINE#         156
  C:369AH         LINE#         157
  C:36B2H         LINE#         158
  C:36BBH         LINE#         159
  C:36FCH         LINE#         160
  C:370BH         LINE#         161
  C:370BH         LINE#         162
  C:3712H         LINE#         163
  C:3717H         LINE#         165
  C:3719H         LINE#         167
  C:3719H         LINE#         168
  C:3720H         LINE#         169
  C:3726H         LINE#         171
  C:3726H         LINE#         172
  C:372DH         LINE#         173
  -------         ENDPROC       _BLOQUE_HORARIO
  -------         PROC          LEE_TICKET
  -------         DO            
  X:015CH         SYMBOL        paso_una_vez
  X:015DH         SYMBOL        Ticket
  X:0167H         SYMBOL        Ticket_copia
  X:000EH         SYMBOL        fecha
  X:0171H         SYMBOL        fecha2
  X:0019H         SYMBOL        temp
  X:001AH         SYMBOL        temp2
  X:001BH         SYMBOL        vehiculo
  X:001CH         SYMBOL        tipo_vehiculo
  -------         ENDDO         
  C:1CF0H         LINE#         180
  C:1CF0H         LINE#         181
  C:1CF0H         LINE#         189
  C:1D16H         LINE#         190
  C:1D16H         LINE#         191
  C:1D16H         LINE#         194
  C:1D21H         LINE#         195
  C:1D21H         LINE#         196
  C:1D23H         LINE#         198
  C:1D29H         LINE#         199
  C:1D29H         LINE#         200
  C:1D32H         LINE#         201
  C:1D37H         LINE#         202
  C:1D3DH         LINE#         203
  C:1D3DH         LINE#         204
  C:1D42H         LINE#         205
  C:1D48H         LINE#         206
  C:1D48H         LINE#         207
  C:1D48H         LINE#         208
  C:1D48H         LINE#         212
  C:1D4BH         LINE#         214
  C:1D4BH         LINE#         215
  C:1D54H         LINE#         216
  C:1D59H         LINE#         217
  C:1D59H         LINE#         218
  C:1D59H         LINE#         220
  C:1D59H         LINE#         221
BL51 BANKED LINKER/LOCATER V6.22.2.0                                                  10/29/2021  14:58:47  PAGE 69


  C:1D59H         LINE#         222
  C:1D5CH         LINE#         227
  C:1D5CH         LINE#         228
  C:1D6DH         LINE#         229
  C:1D6DH         LINE#         230
  C:1D75H         LINE#         231
  C:1D75H         LINE#         233
  C:1D7EH         LINE#         234
  C:1D87H         LINE#         235
  C:1D90H         LINE#         236
  C:1D96H         LINE#         237
  C:1D9CH         LINE#         240
  C:1D9DH         LINE#         241
  C:1DA5H         LINE#         242
  C:1DA5H         LINE#         244
  C:1DB3H         LINE#         245
  C:1DC1H         LINE#         246
  C:1DCEH         LINE#         247
  C:1DD8H         LINE#         248
  C:1DD8H         LINE#         249
  C:1DDBH         LINE#         250
  C:1DE0H         LINE#         251
  C:1DE0H         LINE#         252
  C:1DE0H         LINE#         253
  C:1DE3H         LINE#         254
  C:1DE3H         LINE#         256
  C:1DECH         LINE#         257
  C:1DF5H         LINE#         258
  C:1DFEH         LINE#         263
  C:1E04H         LINE#         264
  C:1E05H         LINE#         266
  C:1E05H         LINE#         268
  C:1E08H         LINE#         269
  C:1E0DH         LINE#         270
  C:1E11H         LINE#         271
  C:1E1AH         LINE#         272
  C:1E20H         LINE#         273
  C:1E20H         LINE#         274
  C:1E20H         LINE#         278
  C:1E20H         LINE#         279
  C:1E23H         LINE#         280
  C:1E23H         LINE#         283
  C:1E2CH         LINE#         284
  C:1E31H         LINE#         285
  C:1E37H         LINE#         286
  C:1E41H         LINE#         288
  C:1E47H         LINE#         289
  C:1E47H         LINE#         290
  C:1E55H         LINE#         291
  C:1E55H         LINE#         292
  C:1E55H         LINE#         293
  C:1E55H         LINE#         296
  C:1E58H         LINE#         298
  C:1E58H         LINE#         303
  C:1E63H         LINE#         304
  C:1E63H         LINE#         306
  C:1E6CH         LINE#         308
BL51 BANKED LINKER/LOCATER V6.22.2.0                                                  10/29/2021  14:58:47  PAGE 70


  C:1E71H         LINE#         310
  C:1E7DH         LINE#         311
  C:1E85H         LINE#         312
  C:1EABH         LINE#         313
  C:1EABH         LINE#         314
  C:1EAEH         LINE#         315
  C:1EB0H         LINE#         317
  C:1EB0H         LINE#         318
  C:1EB3H         LINE#         319
  C:1EB3H         LINE#         320
  C:1EBCH         LINE#         321
  C:1EC4H         LINE#         322
  C:1ECDH         LINE#         324
  C:1ED6H         LINE#         325
  C:1EDEH         LINE#         326
  C:1EE7H         LINE#         327
  C:1EEFH         LINE#         328
  C:1EF8H         LINE#         330
  C:1EFDH         LINE#         331
  C:1F09H         LINE#         332
  C:1F09H         LINE#         333
  C:1F2FH         LINE#         334
  C:1F3EH         LINE#         336
  C:1F47H         LINE#         337
  C:1F50H         LINE#         341
  C:1F64H         LINE#         342
  C:1F6CH         LINE#         343
  C:1F75H         LINE#         344
  C:1F7DH         LINE#         345
  C:1F85H         LINE#         346
  C:1F8EH         LINE#         347
  C:1FB7H         LINE#         348
  C:1FC6H         LINE#         351
  C:1FDEH         LINE#         353
  C:1FF6H         LINE#         355
  C:200EH         LINE#         357
  C:2026H         LINE#         359
  C:203EH         LINE#         361
  C:2047H         LINE#         362
  C:2050H         LINE#         363
  C:2059H         LINE#         365
  C:2067H         LINE#         366
  C:2067H         LINE#         368
  C:2067H         LINE#         369
  C:2067H         LINE#         370
  C:2069H         LINE#         371
  C:2069H         LINE#         372
  C:2078H         LINE#         373
  C:2078H         LINE#         375
  C:207DH         LINE#         376
  C:207DH         LINE#         377
  C:207FH         LINE#         378
  C:207FH         LINE#         379
  C:208DH         LINE#         382
  C:2093H         LINE#         383
  C:2093H         LINE#         384
  C:20A1H         LINE#         385
BL51 BANKED LINKER/LOCATER V6.22.2.0                                                  10/29/2021  14:58:47  PAGE 71


  C:20A1H         LINE#         387
  C:20A1H         LINE#         388
  C:20A1H         LINE#         389
  C:20A4H         LINE#         390
  C:20A4H         LINE#         392
  C:20A4H         LINE#         393
  C:20A6H         LINE#         394
  C:20A9H         LINE#         395
  C:20AFH         LINE#         396
  C:20B5H         LINE#         398
  C:20B5H         LINE#         399
  C:20B5H         LINE#         400
  C:20B6H         LINE#         401
  C:20B6H         LINE#         404
  C:20DBH         LINE#         405
  C:20DBH         LINE#         406
  C:20DDH         LINE#         407
  C:20ECH         LINE#         408
  C:20ECH         LINE#         410
  C:20F4H         LINE#         411
  C:20F4H         LINE#         412
  C:20F6H         LINE#         413
  C:20F8H         LINE#         414
  C:2101H         LINE#         416
  C:2107H         LINE#         417
  C:210AH         LINE#         418
  C:210FH         LINE#         419
  C:210FH         LINE#         420
  C:210FH         LINE#         421
  C:2111H         LINE#         422
  C:2111H         LINE#         423
  C:2116H         LINE#         424
  C:2117H         LINE#         426
  C:2117H         LINE#         427
  C:211FH         LINE#         428
  C:211FH         LINE#         429
  C:2128H         LINE#         431
  C:2136H         LINE#         432
  C:213CH         LINE#         433
  C:2142H         LINE#         434
  C:2142H         LINE#         435
  C:2142H         LINE#         436
  C:2142H         LINE#         437
  -------         ENDPROC       LEE_TICKET
  -------         ENDMOD        VERPRINT

  -------         MODULE        ?C?FPADD
  C:0D61H         PUBLIC        ?C?FPADD
  C:0D5DH         PUBLIC        ?C?FPSUB
  -------         ENDMOD        ?C?FPADD

  -------         MODULE        ?C?FPMUL
  C:0E52H         PUBLIC        ?C?FPMUL
  -------         ENDMOD        ?C?FPMUL

  -------         MODULE        ?C?FCAST
  C:0F62H         PUBLIC        ?C?FCASTC
BL51 BANKED LINKER/LOCATER V6.22.2.0                                                  10/29/2021  14:58:47  PAGE 72


  C:0F5DH         PUBLIC        ?C?FCASTI
  C:0F58H         PUBLIC        ?C?FCASTL
  -------         ENDMOD        ?C?FCAST

  -------         MODULE        ?C?CASTF
  C:0F96H         PUBLIC        ?C?CASTF
  -------         ENDMOD        ?C?CASTF

  -------         MODULE        PRINTF
  X:0081H         PUBLIC        ?_PRINTF?BYTE
  X:0081H         PUBLIC        ?_SPRINTF?BYTE
  C:18D8H         PUBLIC        _PRINTF
  C:18D2H         PUBLIC        _SPRINTF
  -------         ENDMOD        PRINTF

  -------         MODULE        POW
  X:0029H         PUBLIC        ?_pow?BYTE
  C:2DB9H         PUBLIC        _pow
  -------         ENDMOD        POW

  -------         MODULE        ?C?CHKFLOAT
  C:1017H         PUBLIC        ?C?CHKFLOAT
  -------         ENDMOD        ?C?CHKFLOAT

  -------         MODULE        ?C?FPCMP
  C:1033H         PUBLIC        ?C?FPCMP
  C:1031H         PUBLIC        ?C?FPCMP3
  -------         ENDMOD        ?C?FPCMP

  -------         MODULE        ?C?FPNEG
  C:10AAH         PUBLIC        ?C?FPNEG
  -------         ENDMOD        ?C?FPNEG

  -------         MODULE        ?C?FPROUND
  C:10BBH         PUBLIC        ?C?FPROUND
  -------         ENDMOD        ?C?FPROUND

  -------         MODULE        ?C?FPCONVERT
  C:10F8H         PUBLIC        ?C?FPCONVERT
  -------         ENDMOD        ?C?FPCONVERT

  -------         MODULE        EXP
  C:4AB7H         PUBLIC        _EXP
  -------         ENDMOD        EXP

  -------         MODULE        LOG
  C:3307H         PUBLIC        _LOG
  C:3303H         PUBLIC        _LOG10
  -------         ENDMOD        LOG

  -------         MODULE        ?C?FPDIV
  C:1200H         PUBLIC        ?C?FPDIV
  -------         ENDMOD        ?C?FPDIV

  -------         MODULE        ?C?FTNPWR
  C:12CDH         PUBLIC        ?C?FTNPWR
  -------         ENDMOD        ?C?FTNPWR
BL51 BANKED LINKER/LOCATER V6.22.2.0                                                  10/29/2021  14:58:47  PAGE 73



  -------         MODULE        ?C?COPY
  C:142AH         PUBLIC        ?C?COPY
  -------         ENDMOD        ?C?COPY

  -------         MODULE        ?C?CLDPTR
  C:1450H         PUBLIC        ?C?CLDPTR
  -------         ENDMOD        ?C?CLDPTR

  -------         MODULE        ?C?CLDOPTR
  C:1469H         PUBLIC        ?C?CLDOPTR
  -------         ENDMOD        ?C?CLDOPTR

  -------         MODULE        ?C?CSTPTR
  C:1496H         PUBLIC        ?C?CSTPTR
  -------         ENDMOD        ?C?CSTPTR

  -------         MODULE        ?C?CSTOPTR
  C:14A8H         PUBLIC        ?C?CSTOPTR
  -------         ENDMOD        ?C?CSTOPTR

  -------         MODULE        ?C?IMUL
  C:14CAH         PUBLIC        ?C?IMUL
  -------         ENDMOD        ?C?IMUL

  -------         MODULE        ?C?IILDX
  C:14DCH         PUBLIC        ?C?IILDX
  -------         ENDMOD        ?C?IILDX

  -------         MODULE        ?C?LNEG
  C:14F2H         PUBLIC        ?C?LNEG
  -------         ENDMOD        ?C?LNEG

  -------         MODULE        ?C?ULCMP
  C:1500H         PUBLIC        ?C?ULCMP
  -------         ENDMOD        ?C?ULCMP

  -------         MODULE        ?C?ULSHR
  C:1511H         PUBLIC        ?C?ULSHR
  -------         ENDMOD        ?C?ULSHR

  -------         MODULE        ?C?LLDCODE
  C:1524H         PUBLIC        ?C?LLDCODE
  -------         ENDMOD        ?C?LLDCODE

  -------         MODULE        ?C?LLDXDATA0
  C:1534H         PUBLIC        ?C?LLDXDATA0
  -------         ENDMOD        ?C?LLDXDATA0

  -------         MODULE        ?C?LLDCODE0
  C:1540H         PUBLIC        ?C?LLDCODE0
  -------         ENDMOD        ?C?LLDCODE0

  -------         MODULE        ?C?LSTXDATA
  C:1550H         PUBLIC        ?C?LSTXDATA
  -------         ENDMOD        ?C?LSTXDATA

BL51 BANKED LINKER/LOCATER V6.22.2.0                                                  10/29/2021  14:58:47  PAGE 74


  -------         MODULE        ?C?LSTKXDATA
  C:155CH         PUBLIC        ?C?LSTKXDATA
  -------         ENDMOD        ?C?LSTKXDATA

  -------         MODULE        ?C?PLDIXDATA
  C:158DH         PUBLIC        ?C?PLDIXDATA
  -------         ENDMOD        ?C?PLDIXDATA

  -------         MODULE        ?C?PSTXDATA
  C:15A4H         PUBLIC        ?C?PSTXDATA
  -------         ENDMOD        ?C?PSTXDATA

  -------         MODULE        ?C?CCASE
  C:15ADH         PUBLIC        ?C?CCASE
  -------         ENDMOD        ?C?CCASE

  -------         MODULE        STRCAT
  X:0050H         PUBLIC        ?_strcat?BYTE
  C:53FEH         PUBLIC        _strcat
  -------         ENDMOD        STRCAT

  -------         MODULE        STRNCAT
  X:0048H         PUBLIC        ?_strncat?BYTE
  C:4165H         PUBLIC        _strncat
  -------         ENDMOD        STRNCAT

  -------         MODULE        ?C?STRCMP
  C:1751H         PUBLIC        ?C?STRCMP
  -------         ENDMOD        ?C?STRCMP

  -------         MODULE        ?C?STRCPY
  C:183AH         PUBLIC        ?C?STRCPY
  -------         ENDMOD        ?C?STRCPY

  -------         MODULE        STRNCPY
  X:001FH         PUBLIC        ?_strncpy?BYTE
  C:5469H         PUBLIC        _strncpy
  -------         ENDMOD        STRNCPY

  -------         MODULE        STRLEN
  C:000EH         PUBLIC        _STRLEN
  -------         ENDMOD        STRLEN

  -------         MODULE        STRSTR
  X:001FH         PUBLIC        ?_strstr?BYTE
  C:42EEH         PUBLIC        _strstr
  -------         ENDMOD        STRSTR

  -------         MODULE        STRTOK
  X:004AH         PUBLIC        ?_strtok?BYTE
  C:3E0AH         PUBLIC        _strtok
  -------         ENDMOD        STRTOK

  -------         MODULE        ATOI
  C:3EEEH         PUBLIC        _atoi
  -------         ENDMOD        ATOI

BL51 BANKED LINKER/LOCATER V6.22.2.0                                                  10/29/2021  14:58:47  PAGE 75


  -------         MODULE        ?C?ILDIX
  C:1857H         PUBLIC        ?C?ILDIX
  -------         ENDMOD        ?C?ILDIX

  -------         MODULE        ISDIGIT
  C:61E4H         PUBLIC        _isdigit
  -------         ENDMOD        ISDIGIT

  -------         MODULE        ISSPACE
  C:6124H         PUBLIC        _isspace
  -------         ENDMOD        ISSPACE

  -------         MODULE        STRSPN
  X:0050H         PUBLIC        ?_strspn?BYTE
  C:5129H         PUBLIC        _strspn
  -------         ENDMOD        STRSPN

  -------         MODULE        STRPBRK
  X:0050H         PUBLIC        ?_strpbrk?BYTE
  C:51ADH         PUBLIC        _strpbrk
  -------         ENDMOD        STRPBRK

Program Size: data=158.4 xdata=386 code=25201
LINK/LOCATE RUN COMPLETE.  0 WARNING(S),  0 ERROR(S)
