BL51 BANKED LINKER/LOCATER V6.22.2.0                                                    11/16/2021  16:26:54  PAGE 1


BL51 BANKED LINKER/LOCATER V6.22.2.0, INVOKED BY:
C:\KEIL_V5\C51\BIN\BL51.EXE .\Objects\main.obj, .\Objects\Clock.obj, .\Objects\delay.obj, .\Objects\eeprom.obj, .\Object
>> s\io_sensores.obj, .\Objects\monitor.obj, .\Objects\num_serie.obj, .\Objects\pantallas.obj, .\Objects\prog.obj, .\Obj
>> ects\pto_paralelo.obj, .\Objects\tibbo.obj, .\Objects\uart.obj, .\Objects\Accescan.obj, .\Objects\verprint.obj TO .\O
>> bjects\VRFCDOR_PRINT_101 PRINT (.\Listings\VRFCDOR_PRINT_101.m51) RAMSIZE (256)


MEMORY MODEL: LARGE WITH FLOATING POINT ARITHMETIC


INPUT MODULES INCLUDED:
  .\Objects\main.obj (MAIN)
  .\Objects\Clock.obj (CLOCK)
  .\Objects\delay.obj (DELAY)
  .\Objects\eeprom.obj (EEPROM)
  .\Objects\io_sensores.obj (IO_SENSORES)
  .\Objects\monitor.obj (MONITOR)
  .\Objects\num_serie.obj (NUM_SERIE)
  .\Objects\pantallas.obj (PANTALLAS)
  .\Objects\prog.obj (PROG)
  .\Objects\pto_paralelo.obj (PTO_PARALELO)
  .\Objects\tibbo.obj (TIBBO)
  .\Objects\uart.obj (UART)
  .\Objects\Accescan.obj (ACCESCAN)
  .\Objects\verprint.obj (VERPRINT)
  C:\KEIL_V5\C51\LIB\C51FPL.LIB (?C?FPADD)
  C:\KEIL_V5\C51\LIB\C51FPL.LIB (?C?FPMUL)
  C:\KEIL_V5\C51\LIB\C51FPL.LIB (?C?FCAST)
  C:\KEIL_V5\C51\LIB\C51FPL.LIB (?C?CASTF)
  C:\KEIL_V5\C51\LIB\C51FPL.LIB (PRINTF)
  C:\KEIL_V5\C51\LIB\C51FPL.LIB (POW)
  C:\KEIL_V5\C51\LIB\C51FPL.LIB (?C?FPGETOPN)
  C:\KEIL_V5\C51\LIB\C51FPL.LIB (?C?CHKFLOAT)
  C:\KEIL_V5\C51\LIB\C51FPL.LIB (?C?FPCMP)
  C:\KEIL_V5\C51\LIB\C51FPL.LIB (?C?FPNEG)
  C:\KEIL_V5\C51\LIB\C51FPL.LIB (?C?FPROUND)
  C:\KEIL_V5\C51\LIB\C51FPL.LIB (?C?FPCONVERT)
  C:\KEIL_V5\C51\LIB\C51FPL.LIB (EXP)
  C:\KEIL_V5\C51\LIB\C51FPL.LIB (LOG)
  C:\KEIL_V5\C51\LIB\C51FPL.LIB (?C?FPDIV)
  C:\KEIL_V5\C51\LIB\C51FPL.LIB (?C?FTNPWR)
  C:\KEIL_V5\C51\LIB\C51FPL.LIB (?C?FPSERIES)
  C:\KEIL_V5\C51\LIB\C51L.LIB (?C_STARTUP)
  C:\KEIL_V5\C51\LIB\C51L.LIB (?C?COPY)
  C:\KEIL_V5\C51\LIB\C51L.LIB (?C?CLDPTR)
  C:\KEIL_V5\C51\LIB\C51L.LIB (?C?CLDOPTR)
  C:\KEIL_V5\C51\LIB\C51L.LIB (?C?CSTPTR)
  C:\KEIL_V5\C51\LIB\C51L.LIB (?C?CSTOPTR)
  C:\KEIL_V5\C51\LIB\C51L.LIB (?C?IMUL)
  C:\KEIL_V5\C51\LIB\C51L.LIB (?C?IILDX)
  C:\KEIL_V5\C51\LIB\C51L.LIB (?C?LNEG)
  C:\KEIL_V5\C51\LIB\C51L.LIB (?C?ULCMP)
  C:\KEIL_V5\C51\LIB\C51L.LIB (?C?ULSHR)
  C:\KEIL_V5\C51\LIB\C51L.LIB (?C?LLDCODE)
  C:\KEIL_V5\C51\LIB\C51L.LIB (?C?LLDXDATA0)
  C:\KEIL_V5\C51\LIB\C51L.LIB (?C?LLDCODE0)
  C:\KEIL_V5\C51\LIB\C51L.LIB (?C?LSTXDATA)
  C:\KEIL_V5\C51\LIB\C51L.LIB (?C?LSTKXDATA)
BL51 BANKED LINKER/LOCATER V6.22.2.0                                                  11/16/2021  16:26:54  PAGE 2


  C:\KEIL_V5\C51\LIB\C51L.LIB (?C?PLDIXDATA)
  C:\KEIL_V5\C51\LIB\C51L.LIB (?C?PSTXDATA)
  C:\KEIL_V5\C51\LIB\C51L.LIB (?C?CCASE)
  C:\KEIL_V5\C51\LIB\C51L.LIB (STRCAT)
  C:\KEIL_V5\C51\LIB\C51L.LIB (STRNCAT)
  C:\KEIL_V5\C51\LIB\C51L.LIB (?C?STRCMP)
  C:\KEIL_V5\C51\LIB\C51L.LIB (?C?STRCPY)
  C:\KEIL_V5\C51\LIB\C51L.LIB (STRNCPY)
  C:\KEIL_V5\C51\LIB\C51L.LIB (STRLEN)
  C:\KEIL_V5\C51\LIB\C51L.LIB (STRSTR)
  C:\KEIL_V5\C51\LIB\C51L.LIB (STRTOK)
  C:\KEIL_V5\C51\LIB\C51L.LIB (ATOI)
  C:\KEIL_V5\C51\LIB\C51L.LIB (?C_INIT)
  C:\KEIL_V5\C51\LIB\C51L.LIB (?C?ILDIX)
  C:\KEIL_V5\C51\LIB\C51L.LIB (ISDIGIT)
  C:\KEIL_V5\C51\LIB\C51L.LIB (ISSPACE)
  C:\KEIL_V5\C51\LIB\C51L.LIB (STRSPN)
  C:\KEIL_V5\C51\LIB\C51L.LIB (STRPBRK)


LINK MAP OF MODULE:  .\Objects\VRFCDOR_PRINT_101 (MAIN)


            TYPE    BASE      LENGTH    RELOCATION   SEGMENT NAME
            -----------------------------------------------------

            * * * * * * *   D A T A   M E M O R Y   * * * * * * *
            REG     0000H     0008H     ABSOLUTE     "REG BANK 0"
            DATA    0008H     0005H     UNIT         ?DT?UART
            DATA    000DH     0005H     UNIT         _DATA_GROUP_
                    0012H     000EH                  *** GAP ***
            BIT     0020H.0   0001H.1   UNIT         _BIT_GROUP_
            BIT     0021H.1   0000H.1   UNIT         ?BI?MAIN
            BIT     0021H.2   0000H.1   UNIT         ?BI?EEPROM
            BIT     0021H.3   0000H.1   UNIT         ?BI?UART
                    0021H.4   0000H.4                *** GAP ***
            IDATA   0022H     008AH     UNIT         ?ID?MAIN
            IDATA   00ACH     0001H     UNIT         ?STACK

            * * * * * * *  X D A T A   M E M O R Y  * * * * * * *
            XDATA   0000H     00B5H     UNIT         _XDATA_GROUP_
            XDATA   00B5H     005FH     UNIT         ?XD?PROG
            XDATA   0114H     0048H     UNIT         ?XD?MAIN
            XDATA   015CH     0016H     UNIT         ?XD?VERPRINT
            XDATA   0172H     0003H     UNIT         ?XD?EEPROM
            XDATA   0175H     0003H     UNIT         ?XD?STRTOK
            XDATA   0178H     0001H     UNIT         ?XD?CLOCK

            * * * * * * *   C O D E   M E M O R Y   * * * * * * *
            CODE    0000H     0003H     ABSOLUTE     
            CODE    0003H     0008H     UNIT         ?PR?P_CK?CLOCK
            CODE    000BH     0003H     ABSOLUTE     
            CODE    000EH     0015H     UNIT         ?PR?_STRLEN?STRLEN
            CODE    0023H     0003H     ABSOLUTE     
            CODE    0026H     0D34H     UNIT         ?CO?PROG
            CODE    0D5AH     0B13H     UNIT         ?C?LIB_CODE
            CODE    186DH     048EH     UNIT         ?PR?LEE_TICKET?VERPRINT
BL51 BANKED LINKER/LOCATER V6.22.2.0                                                  11/16/2021  16:26:54  PAGE 3


            CODE    1CFBH     0483H     UNIT         ?PR?PRINTF?PRINTF
            CODE    217EH     03A5H     UNIT         ?PR?_VALIDA_TRAMA_PTO?ACCESCAN
            CODE    2523H     02D0H     UNIT         ?PR?_TWO_BYTEHEX_DECIMAL?CLOCK
            CODE    27F3H     027EH     UNIT         ?CO?VERPRINT
            CODE    2A71H     023AH     UNIT         ?PR?MENU?PROG
            CODE    2CABH     01D8H     UNIT         ?PR?_BLOCK_READ_CLOCK_ASCII?CLOCK
            CODE    2E83H     0166H     UNIT         ?PR?_POW?POW
            CODE    2FE9H     0148H     UNIT         ?PR?_TRAMA_PRINT_COD_BARRAS?PTO_PARALELO
            CODE    3131H     013EH     UNIT         ?PR?PROG_SIN_COBRO?PROG
            CODE    326FH     012EH     UNIT         ?PR?_PANTALLALCD_LINEA_2?PANTALLAS
            CODE    339DH     0129H     UNIT         ?PR?LOG?LOG
            CODE    34C6H     0112H     UNIT         ?CO?PANTALLAS
            CODE    35D8H     0110H     UNIT         ?PR?LOAD_AND_SEND_ID_COD?PTO_PARALELO
            CODE    36E8H     010EH     UNIT         ?PR?_BLOQUE_HORARIO?VERPRINT
            CODE    37F6H     0109H     UNIT         ?PR?_CHECK_FECHAOUT_2?VERPRINT
            CODE    38FFH     00FCH     UNIT         ?PR?PROG_DEBUG?PROG
            CODE    39FBH     00FCH     UNIT         ?PR?PROG_USE_LPR?PROG
            CODE    3AF7H     00FCH     UNIT         ?PR?TIPO_PANTALLA?PROG
            CODE    3BF3H     00FCH     UNIT         ?PR?PROG_COMPARACION_ACTIVA?PROG
            CODE    3CEFH     00FCH     UNIT         ?PR?PROG_QR_BARRAS?PROG
            CODE    3DEBH     00E7H     UNIT         ?PR?_CMD_LPR_SALIDA_PRINT?MONITOR
            CODE    3ED2H     00E4H     UNIT         ?PR?_STRTOK?STRTOK
            CODE    3FB6H     00DDH     UNIT         ?PR?_SET_ALMACENA_TICKET_EEPROM?VERPRINT
            CODE    4093H     00DBH     UNIT         ?PR?_ATOI?ATOI
            CODE    416EH     00D6H     UNIT         ?PR?_CMD_LPR_SALIDA_WIEGAND?MONITOR
            CODE    4244H     00D2H     UNIT         ?PR?_GET_ALMACENA_TICKET_EEPROM?VERPRINT
            CODE    4316H     00C6H     UNIT         ?PR?SHOW?PROG
            CODE    43DCH     00C5H     UNIT         ?PR?_STRNCAT?STRNCAT
            CODE    44A1H     00C4H     UNIT         ?PR?_BLOCK_READ_CLOCK?CLOCK
            CODE    4565H     00BFH     UNIT         ?PR?_STRSTR?STRSTR
            CODE    4624H     00BDH     UNIT         ?PR?PROG_COD_PARK?PROG
            CODE    46E1H     00BDH     UNIT         ?PR?PROG_TIEMPO_GRACIA?PROG
            CODE    479EH     00BCH     UNIT         ?PR?MAIN?MAIN
            CODE    485AH     00B6H     UNIT         ?PR?PROG_ID_CLIENTE?PROG
            CODE    4910H     00B4H     UNIT         ?PR?_SEND_PORT?PTO_PARALELO
            CODE    49C4H     00B2H     UNIT         ?C_INITSEG
            CODE    4A76H     00A6H     UNIT         ?PR?_BLOCK_READ_CLOCK_HEX?CLOCK
            CODE    4B1CH     00A2H     UNIT         ?PR?_PANTALLALCD?PANTALLAS
            CODE    4BBEH     00A0H     UNIT         ?CO?IO_SENSORES
            CODE    4C5EH     009BH     UNIT         ?PR?_VALIDA_TRAMA_MONITOR?MONITOR
            CODE    4CF9H     009AH     UNIT         ?PR?EXP?EXP
            CODE    4D93H     0097H     UNIT         ?PR?_RECIBE_PORT?PTO_PARALELO
            CODE    4E2AH     0095H     UNIT         ?PR?_RECIBE_CMD_MONITOR?MONITOR
            CODE    4EBFH     0090H     UNIT         ?PR?_LEE_CLK?CLOCK
            CODE    4F4FH     0090H     UNIT         ?PR?_GETOPTION?PROG
            CODE    4FDFH     008FH     UNIT         ?PR?_BLOCK_WRITE_CLOCK_ASCII?CLOCK
            CODE    506EH     008CH     UNIT         ?C_C51STARTUP
            CODE    50FAH     008AH     UNIT         ?PR?VARIABLE_INICIO?MAIN
            CODE    5184H     008AH     UNIT         ?PR?_ESCRIBIRMEMORIA?EEPROM
            CODE    520EH     0088H     UNIT         ?PR?_SEND_PORTERR?PTO_PARALELO
            CODE    5296H     0088H     UNIT         ?PR?RX_DATA?TIBBO
            CODE    531EH     0085H     UNIT         ?PR?COM_ISR?UART
            CODE    53A3H     0084H     UNIT         ?PR?_STRSPN?STRSPN
            CODE    5427H     0081H     UNIT         ?PR?_STRPBRK?STRPBRK
            CODE    54A8H     0080H     UNIT         ?PR?_INGRESADATO?PROG
            CODE    5528H     0073H     UNIT         ?PR?MSJ_LCD_INFORMATIVO?IO_SENSORES
            CODE    559BH     006FH     UNIT         ?PR?VALIDASENSORESPASO?IO_SENSORES
BL51 BANKED LINKER/LOCATER V6.22.2.0                                                  11/16/2021  16:26:54  PAGE 4


            CODE    560AH     006EH     UNIT         ?PR?_DEBUGBUFFERMF?TIBBO
            CODE    5678H     006BH     UNIT         ?PR?_STRCAT?STRCAT
            CODE    56E3H     0068H     UNIT         ?PR?_STRNCPY?STRNCPY
            CODE    574BH     0065H     UNIT         ?PR?_DEBUG_CHR_TIBBO32?TIBBO
            CODE    57B0H     0062H     UNIT         ?PR?_LISTACOMANDOS?PROG
            CODE    5812H     005EH     UNIT         ?PR?_RASPBERRY_DATA?PANTALLAS
            CODE    5870H     0058H     UNIT         ?PR?_LEERMEMORIA?EEPROM
            CODE    58C8H     0057H     UNIT         ?CO?TIBBO
            CODE    591FH     0053H     UNIT         ?PR?_BYTEHEX_DECIMAL?CLOCK
            CODE    5972H     004DH     UNIT         ?PR?L_D_M?EEPROM
            CODE    59BFH     0048H     UNIT         ?PR?_TX_AUX?TIBBO
            CODE    5A07H     0047H     UNIT         ?PR?PROG_CLIENTE?PROG
            CODE    5A4EH     0047H     UNIT         ?PR?PROG_NIT?PROG
            CODE    5A95H     0047H     UNIT         ?PR?PROG_NOM_PARQ?PROG
            CODE    5ADCH     0047H     UNIT         ?PR?PROG_DIRECCION?PROG
            CODE    5B23H     0047H     UNIT         ?PR?PROG_MSJ1?PROG
            CODE    5B6AH     0047H     UNIT         ?PR?PROG_MSJ2?PROG
            CODE    5BB1H     0047H     UNIT         ?PR?PROG_MSJ3?PROG
            CODE    5BF8H     0047H     UNIT         ?PR?PROG_MSJ4?PROG
            CODE    5C3FH     0047H     UNIT         ?PR?PROG_MSJ5?PROG
            CODE    5C86H     0047H     UNIT         ?PR?PROG_MSJ6?PROG
            CODE    5CCDH     0047H     UNIT         ?PR?PROG_MSJ7?PROG
            CODE    5D14H     0047H     UNIT         ?PR?_DEBUG_CHR_TIBBO?TIBBO
            CODE    5D5BH     0046H     UNIT         ?PR?_LCD_TXT_NUM_CHAR?PANTALLAS
            CODE    5DA1H     0045H     UNIT         ?PR?_VALIDARCLAVE?PROG
            CODE    5DE6H     0041H     UNIT         ?PR?_TWO_ONE?CLOCK
            CODE    5E27H     0041H     UNIT         ?PR?_MONITOR_CHR?MONITOR
            CODE    5E68H     0040H     UNIT         ?PR?_GETCMD?PROG
            CODE    5EA8H     003FH     UNIT         ?PR?_EB_CLK?CLOCK
            CODE    5EE7H     003FH     UNIT         ?PR?_WR_EEPROM?EEPROM
            CODE    5F26H     003FH     UNIT         ?PR?FORMATO_EEPROM?EEPROM
            CODE    5F65H     003EH     UNIT         ?PR?_PUTCHAR?MAIN
            CODE    5FA3H     003EH     UNIT         ?PR?_DEBUG_TXT_TIBBO?TIBBO
            CODE    5FE1H     003EH     UNIT         ?PR?COM_BAUDRATE?UART
            CODE    601FH     003CH     UNIT         ?PR?CONFIRMACION?EEPROM
            CODE    605BH     003CH     UNIT         ?PR?LIMPIAR_MEMORIA_TICKET?EEPROM
            CODE    6097H     003CH     UNIT         ?PR?_LCD_TXT?PANTALLAS
            CODE    60D3H     003BH     UNIT         ?PR?_COM_PUTCHAR?UART
            CODE    610EH     0039H     UNIT         ?PR?_RD_EEPROM?EEPROM
            CODE    6147H     0035H     UNIT         ?PR?RELOJ_PANTALLA_LCD?PANTALLAS
            CODE    617CH     002CH     UNIT         ?PR?LOAD_AND_SEND_INFO_RELOJ?PTO_PARALELO
            CODE    61A8H     002AH     UNIT         ?PR?COM_INITIALIZE?UART
            CODE    61D2H     0028H     UNIT         ?PR?_WR_CLK?CLOCK
            CODE    61FAH     0026H     UNIT         ?PR?COM_GETCHAR?UART
            CODE    6220H     0022H     UNIT         ?PR?_E_D_M?EEPROM
            CODE    6242H     0021H     UNIT         ?PR?_HEX_BCD?CLOCK
            CODE    6263H     0020H     UNIT         ?PR?ACKD?EEPROM
            CODE    6283H     0020H     UNIT         ?PR?ACK_LECT?EEPROM
            CODE    62A3H     0020H     UNIT         ?PR?TIME_BIT?TIBBO
            CODE    62C3H     001FH     UNIT         ?PR?VALIDASENSOR?IO_SENSORES
            CODE    62E2H     001EH     UNIT         ?PR?_BCD_HEX?CLOCK
            CODE    6300H     001EH     UNIT         ?PR?_TX_CHRLCD?PANTALLAS
            CODE    631EH     001BH     UNIT         ?PR?_DELAY_1MS?DELAY
            CODE    6339H     001BH     UNIT         ?PR?_NUM_CHAR?VERPRINT
            CODE    6354H     001AH     UNIT         ?PR?TIME_MBIT?TIBBO
            CODE    636EH     0019H     UNIT         ?PR?TIMER0_INT?MAIN
            CODE    6387H     0018H     UNIT         ?CO?ACCESCAN
BL51 BANKED LINKER/LOCATER V6.22.2.0                                                  11/16/2021  16:26:54  PAGE 5


            CODE    639FH     0017H     UNIT         ?PR?DISPLAYCURSOR?PROG
            CODE    63B6H     0014H     UNIT         ?PR?_ISSPACE?ISSPACE
            CODE    63CAH     0012H     UNIT         ?PR?_DELAY_20US?DELAY
            CODE    63DCH     0012H     UNIT         ?PR?START?EEPROM
            CODE    63EEH     0012H     UNIT         ?PR?DIR_BOARD?IO_SENSORES
            CODE    6400H     0012H     UNIT         ?PR?PULSO_BUS?PTO_PARALELO
            CODE    6412H     0012H     UNIT         ?PR?COM_RBUFLEN?UART
            CODE    6424H     0012H     UNIT         ?PR?COM_TBUFLEN?UART
            CODE    6436H     0010H     UNIT         ?PR?INI_TIMER?MAIN
            CODE    6446H     0010H     UNIT         ?PR?INICIA_BOARD?MAIN
            CODE    6456H     0010H     UNIT         ?PR?_GRABA_SERIE_ASCII_HEX?NUM_SERIE
            CODE    6466H     0010H     UNIT         ?CO?PTO_PARALELO
            CODE    6476H     000FH     UNIT         ?PR?_ISDIGIT?ISDIGIT
            CODE    6485H     000EH     UNIT         ?PR?CLEAR_BUFFER?UART
            CODE    6493H     000CH     UNIT         ?PR?_GETKEY?MAIN
            CODE    649FH     000AH     UNIT         ?PR?COND_INI_PTO?PTO_PARALELO
            CODE    64A9H     0009H     UNIT         ?PR?STOP?EEPROM
            CODE    64B2H     0009H     UNIT         ?PR?DEBUG_DIVIDIR_TEXTO?TIBBO
            CODE    64BBH     0007H     UNIT         ?PR?COND_INI_CLOCK?CLOCK
            CODE    64C2H     0007H     UNIT         ?PR?SEL_FUNCION?IO_SENSORES
            CODE    64C9H     0007H     UNIT         ?PR?SEL_AUTO?IO_SENSORES
            CODE    64D0H     0007H     UNIT         ?PR?SEL_SENSOR2?IO_SENSORES
            CODE    64D7H     0007H     UNIT         ?PR?SEL_SENSOR1?IO_SENSORES
            CODE    64DEH     0007H     UNIT         ?PR?SEL_DIR1?IO_SENSORES
            CODE    64E5H     0007H     UNIT         ?PR?SEL_DIR2?IO_SENSORES
            CODE    64ECH     0006H     UNIT         ?PR?P_ME?EEPROM
            CODE    64F2H     0005H     UNIT         ?PR?ON_TIMER0_INTERRUP?MAIN
            CODE    64F7H     0005H     UNIT         ?PR?COND_INI_TIBBO?TIBBO
            CODE    64FCH     0003H     UNIT         ?PR?OFF_TIMER0_INTERRUP?MAIN
            CODE    64FFH     0003H     UNIT         ?CO?MAIN
            CODE    6502H     0001H     UNIT         ?PR?DELAY?DELAY



OVERLAY MAP OF MODULE:   .\Objects\VRFCDOR_PRINT_101 (MAIN)


SEGMENT                                             BIT_GROUP          DATA_GROUP          XDATA_GROUP
  +--> CALLED SEGMENT                            START    LENGTH     START    LENGTH     START    LENGTH
--------------------------------------------------------------------------------------------------------
?C_C51STARTUP                                    -----    -----      -----    -----      -----    -----
  +--> ?PR?MAIN?MAIN
  +--> ?C_INITSEG

?PR?MAIN?MAIN                                    -----    -----      -----    -----      0000H    000EH
  +--> ?PR?INI_TIMER?MAIN
  +--> ?PR?ON_TIMER0_INTERRUP?MAIN
  +--> ?PR?COM_INITIALIZE?UART
  +--> ?PR?COM_BAUDRATE?UART
  +--> ?PR?INICIA_BOARD?MAIN
  +--> ?PR?TIME_BIT?TIBBO
  +--> ?PR?TIME_MBIT?TIBBO
  +--> ?PR?_TX_AUX?TIBBO
  +--> ?PR?SEL_FUNCION?IO_SENSORES
  +--> ?PR?MENU?PROG
  +--> ?PR?VARIABLE_INICIO?MAIN
  +--> ?PR?LIMPIAR_MEMORIA_TICKET?EEPROM
BL51 BANKED LINKER/LOCATER V6.22.2.0                                                  11/16/2021  16:26:54  PAGE 6


  +--> ?PR?_RECIBE_CMD_MONITOR?MONITOR
  +--> ?PR?DEBUG_DIVIDIR_TEXTO?TIBBO
  +--> ?PR?_VALIDA_TRAMA_MONITOR?MONITOR
  +--> ?PR?_DEBUGBUFFERMF?TIBBO
  +--> ?PR?_DEBUG_TXT_TIBBO?TIBBO
  +--> ?PR?LEE_TICKET?VERPRINT
  +--> ?PR?_RECIBE_PORT?PTO_PARALELO
  +--> ?PR?_DEBUG_CHR_TIBBO?TIBBO
  +--> ?CO?MAIN
  +--> ?PR?_VALIDA_TRAMA_PTO?ACCESCAN
  +--> ?PR?MSJ_LCD_INFORMATIVO?IO_SENSORES

?PR?COM_INITIALIZE?UART                          -----    -----      -----    -----      -----    -----
  +--> ?PR?COM_BAUDRATE?UART

?PR?COM_BAUDRATE?UART                            -----    -----      -----    -----      -----    -----
  +--> ?PR?_RD_EEPROM?EEPROM

?PR?_RD_EEPROM?EEPROM                            -----    -----      -----    -----      -----    -----
  +--> ?PR?START?EEPROM
  +--> ?PR?ACK_LECT?EEPROM
  +--> ?PR?_E_D_M?EEPROM
  +--> ?PR?ACKD?EEPROM
  +--> ?PR?L_D_M?EEPROM
  +--> ?PR?STOP?EEPROM

?PR?ACK_LECT?EEPROM                              -----    -----      -----    -----      -----    -----
  +--> ?PR?_E_D_M?EEPROM

?PR?_E_D_M?EEPROM                                -----    -----      -----    -----      -----    -----
  +--> ?PR?P_ME?EEPROM

?PR?ACKD?EEPROM                                  -----    -----      -----    -----      -----    -----
  +--> ?PR?_E_D_M?EEPROM

?PR?INICIA_BOARD?MAIN                            -----    -----      -----    -----      -----    -----
  +--> ?PR?COND_INI_TIBBO?TIBBO
  +--> ?PR?COND_INI_CLOCK?CLOCK
  +--> ?PR?COND_INI_PTO?PTO_PARALELO

?PR?_TX_AUX?TIBBO                                -----    -----      -----    -----      -----    -----
  +--> ?PR?TIME_BIT?TIBBO

?PR?MENU?PROG                                    -----    -----      -----    -----      000EH    0031H
  +--> ?CO?PROG
  +--> ?PR?PRINTF?PRINTF
  +--> ?PR?CLEAR_BUFFER?UART
  +--> ?PR?_INGRESADATO?PROG
  +--> ?PR?_GETCMD?PROG
  +--> ?PR?_VALIDARCLAVE?PROG
  +--> ?PR?DISPLAYCURSOR?PROG
  +--> ?PR?_STRLEN?STRLEN
  +--> ?PR?_GETOPTION?PROG
  +--> ?PR?_STRCAT?STRCAT
  +--> ?PR?_LISTACOMANDOS?PROG
  +--> ?PR?PROG_ID_CLIENTE?PROG
  +--> ?PR?PROG_COD_PARK?PROG
BL51 BANKED LINKER/LOCATER V6.22.2.0                                                  11/16/2021  16:26:54  PAGE 7


  +--> ?PR?PROG_TIEMPO_GRACIA?PROG
  +--> ?PR?PROG_SIN_COBRO?PROG
  +--> ?PR?PROG_DEBUG?PROG
  +--> ?PR?PROG_USE_LPR?PROG
  +--> ?PR?TIPO_PANTALLA?PROG
  +--> ?PR?PROG_COMPARACION_ACTIVA?PROG
  +--> ?PR?PROG_QR_BARRAS?PROG
  +--> ?PR?PROG_CLIENTE?PROG
  +--> ?PR?PROG_NIT?PROG
  +--> ?PR?PROG_NOM_PARQ?PROG
  +--> ?PR?PROG_DIRECCION?PROG
  +--> ?PR?PROG_MSJ1?PROG
  +--> ?PR?PROG_MSJ2?PROG
  +--> ?PR?PROG_MSJ3?PROG
  +--> ?PR?PROG_MSJ4?PROG
  +--> ?PR?PROG_MSJ5?PROG
  +--> ?PR?PROG_MSJ6?PROG
  +--> ?PR?PROG_MSJ7?PROG
  +--> ?PR?SHOW?PROG

?PR?PRINTF?PRINTF                                0020H.0  0001H.1    000DH    0005H      0081H    0030H
  +--> ?PR?_PUTCHAR?MAIN

?PR?_PUTCHAR?MAIN                                -----    -----      -----    -----      00B1H    0003H
  +--> ?PR?_COM_PUTCHAR?UART

?PR?_COM_PUTCHAR?UART                            -----    -----      -----    -----      00B4H    0001H
  +--> ?PR?COM_TBUFLEN?UART

?PR?_INGRESADATO?PROG                            -----    -----      -----    -----      007DH    0004H
  +--> ?PR?_GETKEY?MAIN
  +--> ?CO?PROG
  +--> ?PR?PRINTF?PRINTF
  +--> ?PR?_PUTCHAR?MAIN

?PR?_GETKEY?MAIN                                 -----    -----      -----    -----      -----    -----
  +--> ?PR?COM_GETCHAR?UART

?PR?COM_GETCHAR?UART                             -----    -----      -----    -----      -----    -----
  +--> ?PR?COM_RBUFLEN?UART

?PR?_GETCMD?PROG                                 -----    -----      -----    -----      003FH    0007H
  +--> ?CO?PROG
  +--> ?PR?_STRTOK?STRTOK

?PR?_STRTOK?STRTOK                               -----    -----      -----    -----      004AH    0006H
  +--> ?PR?_STRSPN?STRSPN
  +--> ?PR?_STRPBRK?STRPBRK

?PR?_STRSPN?STRSPN                               -----    -----      -----    -----      0050H    0008H

?PR?_STRPBRK?STRPBRK                             -----    -----      -----    -----      0050H    0009H

?PR?_VALIDARCLAVE?PROG                           -----    -----      -----    -----      003FH    000AH

?PR?DISPLAYCURSOR?PROG                           -----    -----      -----    -----      -----    -----
  +--> ?CO?PROG
BL51 BANKED LINKER/LOCATER V6.22.2.0                                                  11/16/2021  16:26:54  PAGE 8


  +--> ?PR?PRINTF?PRINTF

?PR?_GETOPTION?PROG                              -----    -----      -----    -----      003FH    000BH
  +--> ?CO?PROG
  +--> ?PR?_STRTOK?STRTOK

?PR?_STRCAT?STRCAT                               -----    -----      -----    -----      0050H    0009H

?PR?_LISTACOMANDOS?PROG                          -----    -----      -----    -----      003FH    0007H

?PR?PROG_ID_CLIENTE?PROG                         -----    -----      -----    -----      003FH    000CH
  +--> ?PR?_RD_EEPROM?EEPROM
  +--> ?CO?PROG
  +--> ?PR?PRINTF?PRINTF
  +--> ?PR?_INGRESADATO?PROG
  +--> ?PR?_ATOI?ATOI
  +--> ?PR?_WR_EEPROM?EEPROM

?PR?_ATOI?ATOI                                   0020H.0  0000H.1    -----    -----      004BH    0005H
  +--> ?PR?_ISSPACE?ISSPACE
  +--> ?PR?_ISDIGIT?ISDIGIT

?PR?_WR_EEPROM?EEPROM                            -----    -----      -----    -----      -----    -----
  +--> ?PR?START?EEPROM
  +--> ?PR?ACKD?EEPROM
  +--> ?PR?_E_D_M?EEPROM
  +--> ?PR?STOP?EEPROM
  +--> ?PR?_DELAY_1MS?DELAY
  +--> ?PR?_DELAY_20US?DELAY

?PR?_DELAY_1MS?DELAY                             -----    -----      -----    -----      -----    -----
  +--> ?PR?_DELAY_20US?DELAY

?PR?PROG_COD_PARK?PROG                           -----    -----      -----    -----      003FH    000CH
  +--> ?PR?_RD_EEPROM?EEPROM
  +--> ?CO?PROG
  +--> ?PR?PRINTF?PRINTF
  +--> ?PR?_INGRESADATO?PROG
  +--> ?PR?_ATOI?ATOI
  +--> ?PR?_WR_EEPROM?EEPROM

?PR?PROG_TIEMPO_GRACIA?PROG                      -----    -----      -----    -----      003FH    000CH
  +--> ?PR?_RD_EEPROM?EEPROM
  +--> ?CO?PROG
  +--> ?PR?PRINTF?PRINTF
  +--> ?PR?_INGRESADATO?PROG
  +--> ?PR?_ATOI?ATOI
  +--> ?PR?_WR_EEPROM?EEPROM

?PR?PROG_SIN_COBRO?PROG                          -----    -----      -----    -----      003FH    000CH
  +--> ?PR?_RD_EEPROM?EEPROM
  +--> ?CO?PROG
  +--> ?PR?PRINTF?PRINTF
  +--> ?PR?_INGRESADATO?PROG
  +--> ?PR?_ATOI?ATOI
  +--> ?PR?_WR_EEPROM?EEPROM

BL51 BANKED LINKER/LOCATER V6.22.2.0                                                  11/16/2021  16:26:54  PAGE 9


?PR?PROG_DEBUG?PROG                              -----    -----      -----    -----      003FH    000CH
  +--> ?PR?_RD_EEPROM?EEPROM
  +--> ?CO?PROG
  +--> ?PR?PRINTF?PRINTF
  +--> ?PR?_INGRESADATO?PROG
  +--> ?PR?_ATOI?ATOI
  +--> ?PR?_WR_EEPROM?EEPROM

?PR?PROG_USE_LPR?PROG                            -----    -----      -----    -----      003FH    000CH
  +--> ?PR?_RD_EEPROM?EEPROM
  +--> ?CO?PROG
  +--> ?PR?PRINTF?PRINTF
  +--> ?PR?_INGRESADATO?PROG
  +--> ?PR?_ATOI?ATOI
  +--> ?PR?_WR_EEPROM?EEPROM

?PR?TIPO_PANTALLA?PROG                           -----    -----      -----    -----      003FH    000CH
  +--> ?PR?_RD_EEPROM?EEPROM
  +--> ?CO?PROG
  +--> ?PR?PRINTF?PRINTF
  +--> ?PR?_INGRESADATO?PROG
  +--> ?PR?_ATOI?ATOI
  +--> ?PR?_WR_EEPROM?EEPROM

?PR?PROG_COMPARACION_ACTIVA?PROG                 -----    -----      -----    -----      003FH    000CH
  +--> ?PR?_RD_EEPROM?EEPROM
  +--> ?CO?PROG
  +--> ?PR?PRINTF?PRINTF
  +--> ?PR?_INGRESADATO?PROG
  +--> ?PR?_ATOI?ATOI
  +--> ?PR?_WR_EEPROM?EEPROM

?PR?PROG_QR_BARRAS?PROG                          -----    -----      -----    -----      003FH    000CH
  +--> ?PR?_RD_EEPROM?EEPROM
  +--> ?CO?PROG
  +--> ?PR?PRINTF?PRINTF
  +--> ?PR?_INGRESADATO?PROG
  +--> ?PR?_ATOI?ATOI
  +--> ?PR?_WR_EEPROM?EEPROM

?PR?PROG_CLIENTE?PROG                            -----    -----      -----    -----      003FH    0030H
  +--> ?CO?PROG
  +--> ?PR?PRINTF?PRINTF
  +--> ?PR?_INGRESADATO?PROG
  +--> ?PR?_ESCRIBIRMEMORIA?EEPROM
  +--> ?PR?_LEERMEMORIA?EEPROM

?PR?_ESCRIBIRMEMORIA?EEPROM                      -----    -----      -----    -----      007DH    0006H
  +--> ?PR?_WR_EEPROM?EEPROM

?PR?_LEERMEMORIA?EEPROM                          -----    -----      -----    -----      007DH    0005H
  +--> ?PR?_RD_EEPROM?EEPROM

?PR?PROG_NIT?PROG                                -----    -----      -----    -----      003FH    0010H
  +--> ?CO?PROG
  +--> ?PR?PRINTF?PRINTF
  +--> ?PR?_INGRESADATO?PROG
BL51 BANKED LINKER/LOCATER V6.22.2.0                                                  11/16/2021  16:26:54  PAGE 10


  +--> ?PR?_ESCRIBIRMEMORIA?EEPROM
  +--> ?PR?_LEERMEMORIA?EEPROM

?PR?PROG_NOM_PARQ?PROG                           -----    -----      -----    -----      003FH    0030H
  +--> ?CO?PROG
  +--> ?PR?PRINTF?PRINTF
  +--> ?PR?_INGRESADATO?PROG
  +--> ?PR?_ESCRIBIRMEMORIA?EEPROM
  +--> ?PR?_LEERMEMORIA?EEPROM

?PR?PROG_DIRECCION?PROG                          -----    -----      -----    -----      003FH    0030H
  +--> ?CO?PROG
  +--> ?PR?PRINTF?PRINTF
  +--> ?PR?_INGRESADATO?PROG
  +--> ?PR?_ESCRIBIRMEMORIA?EEPROM
  +--> ?PR?_LEERMEMORIA?EEPROM

?PR?PROG_MSJ1?PROG                               -----    -----      -----    -----      003FH    003EH
  +--> ?CO?PROG
  +--> ?PR?PRINTF?PRINTF
  +--> ?PR?_INGRESADATO?PROG
  +--> ?PR?_ESCRIBIRMEMORIA?EEPROM
  +--> ?PR?_LEERMEMORIA?EEPROM

?PR?PROG_MSJ2?PROG                               -----    -----      -----    -----      003FH    003EH
  +--> ?CO?PROG
  +--> ?PR?PRINTF?PRINTF
  +--> ?PR?_INGRESADATO?PROG
  +--> ?PR?_ESCRIBIRMEMORIA?EEPROM
  +--> ?PR?_LEERMEMORIA?EEPROM

?PR?PROG_MSJ3?PROG                               -----    -----      -----    -----      003FH    003EH
  +--> ?CO?PROG
  +--> ?PR?PRINTF?PRINTF
  +--> ?PR?_INGRESADATO?PROG
  +--> ?PR?_ESCRIBIRMEMORIA?EEPROM
  +--> ?PR?_LEERMEMORIA?EEPROM

?PR?PROG_MSJ4?PROG                               -----    -----      -----    -----      003FH    003EH
  +--> ?CO?PROG
  +--> ?PR?PRINTF?PRINTF
  +--> ?PR?_INGRESADATO?PROG
  +--> ?PR?_ESCRIBIRMEMORIA?EEPROM
  +--> ?PR?_LEERMEMORIA?EEPROM

?PR?PROG_MSJ5?PROG                               -----    -----      -----    -----      003FH    003EH
  +--> ?CO?PROG
  +--> ?PR?PRINTF?PRINTF
  +--> ?PR?_INGRESADATO?PROG
  +--> ?PR?_ESCRIBIRMEMORIA?EEPROM
  +--> ?PR?_LEERMEMORIA?EEPROM

?PR?PROG_MSJ6?PROG                               -----    -----      -----    -----      003FH    003EH
  +--> ?CO?PROG
  +--> ?PR?PRINTF?PRINTF
  +--> ?PR?_INGRESADATO?PROG
  +--> ?PR?_ESCRIBIRMEMORIA?EEPROM
BL51 BANKED LINKER/LOCATER V6.22.2.0                                                  11/16/2021  16:26:54  PAGE 11


  +--> ?PR?_LEERMEMORIA?EEPROM

?PR?PROG_MSJ7?PROG                               -----    -----      -----    -----      003FH    003EH
  +--> ?CO?PROG
  +--> ?PR?PRINTF?PRINTF
  +--> ?PR?_INGRESADATO?PROG
  +--> ?PR?_ESCRIBIRMEMORIA?EEPROM
  +--> ?PR?_LEERMEMORIA?EEPROM

?PR?SHOW?PROG                                    -----    -----      -----    -----      -----    -----
  +--> ?CO?PROG
  +--> ?PR?PRINTF?PRINTF

?PR?VARIABLE_INICIO?MAIN                         -----    -----      -----    -----      -----    -----
  +--> ?PR?_RD_EEPROM?EEPROM

?PR?LIMPIAR_MEMORIA_TICKET?EEPROM                -----    -----      -----    -----      002FH    0002H
  +--> ?PR?_WR_EEPROM?EEPROM

?PR?_RECIBE_CMD_MONITOR?MONITOR                  -----    -----      -----    -----      000EH    0006H
  +--> ?PR?RX_DATA?TIBBO

?PR?RX_DATA?TIBBO                                -----    -----      -----    -----      -----    -----
  +--> ?PR?TIME_MBIT?TIBBO
  +--> ?PR?TIME_BIT?TIBBO

?PR?DEBUG_DIVIDIR_TEXTO?TIBBO                    -----    -----      -----    -----      -----    -----
  +--> ?CO?TIBBO
  +--> ?PR?_DEBUG_TXT_TIBBO?TIBBO

?PR?_DEBUG_TXT_TIBBO?TIBBO                       -----    -----      -----    -----      004EH    0004H
  +--> ?PR?_TX_AUX?TIBBO

?PR?_VALIDA_TRAMA_MONITOR?MONITOR                -----    -----      -----    -----      000EH    0003H

?PR?_DEBUGBUFFERMF?TIBBO                         -----    -----      -----    -----      0048H    0006H
  +--> ?CO?TIBBO
  +--> ?PR?_DEBUG_TXT_TIBBO?TIBBO
  +--> ?PR?_DEBUG_CHR_TIBBO?TIBBO
  +--> ?PR?_TX_AUX?TIBBO

?PR?_DEBUG_CHR_TIBBO?TIBBO                       -----    -----      -----    -----      -----    -----
  +--> ?PR?_TX_AUX?TIBBO

?PR?LEE_TICKET?VERPRINT                          -----    -----      -----    -----      000EH    0011H
  +--> ?PR?VALIDASENSORESPASO?IO_SENSORES
  +--> ?CO?VERPRINT
  +--> ?PR?_DEBUG_TXT_TIBBO?TIBBO
  +--> ?PR?_PANTALLALCD?PANTALLAS
  +--> ?PR?_SEND_PORTERR?PTO_PARALELO
  +--> ?PR?_STRLEN?STRLEN
  +--> ?PR?CLEAR_BUFFER?UART
  +--> ?PR?_TRAMA_PRINT_COD_BARRAS?PTO_PARALELO
  +--> ?PR?_CMD_LPR_SALIDA_PRINT?MONITOR
  +--> ?PR?_NUM_CHAR?VERPRINT
  +--> ?PR?_STRSTR?STRSTR
  +--> ?PR?_DEBUG_CHR_TIBBO?TIBBO
BL51 BANKED LINKER/LOCATER V6.22.2.0                                                  11/16/2021  16:26:54  PAGE 12


  +--> ?PR?_STRNCPY?STRNCPY
  +--> ?PR?_BCD_HEX?CLOCK
  +--> ?PR?_CHECK_FECHAOUT_2?VERPRINT
  +--> ?PR?_BLOQUE_HORARIO?VERPRINT
  +--> ?PR?_GET_ALMACENA_TICKET_EEPROM?VERPRINT
  +--> ?PR?_SET_ALMACENA_TICKET_EEPROM?VERPRINT

?PR?VALIDASENSORESPASO?IO_SENSORES               -----    -----      -----    -----      -----    -----
  +--> ?PR?SEL_SENSOR2?IO_SENSORES
  +--> ?PR?VALIDASENSOR?IO_SENSORES
  +--> ?PR?SEL_SENSOR1?IO_SENSORES
  +--> ?PR?SEL_AUTO?IO_SENSORES
  +--> ?CO?IO_SENSORES
  +--> ?PR?_DEBUG_TXT_TIBBO?TIBBO

?PR?_PANTALLALCD?PANTALLAS                       -----    -----      -----    -----      001FH    0028H
  +--> ?CO?PANTALLAS
  +--> ?PR?_RASPBERRY_DATA?PANTALLAS

?PR?_RASPBERRY_DATA?PANTALLAS                    -----    -----      -----    -----      0050H    0005H
  +--> ?PR?_STRLEN?STRLEN
  +--> ?PR?_PUTCHAR?MAIN

?PR?_SEND_PORTERR?PTO_PARALELO                   -----    -----      -----    -----      001FH    0006H
  +--> ?PR?PULSO_BUS?PTO_PARALELO
  +--> ?PR?_DELAY_20US?DELAY

?PR?PULSO_BUS?PTO_PARALELO                       -----    -----      -----    -----      -----    -----
  +--> ?PR?_DELAY_20US?DELAY

?PR?_TRAMA_PRINT_COD_BARRAS?PTO_PARALELO         -----    -----      -----    -----      001FH    0029H
  +--> ?PR?_STRLEN?STRLEN
  +--> ?PR?_STRNCAT?STRNCAT
  +--> ?CO?PTO_PARALELO
  +--> ?PR?_STRCAT?STRCAT
  +--> ?PR?_LEE_CLK?CLOCK
  +--> ?PR?_BCD_HEX?CLOCK
  +--> ?PR?_SEND_PORT?PTO_PARALELO
  +--> ?PR?DEBUG_DIVIDIR_TEXTO?TIBBO
  +--> ?PR?_DEBUGBUFFERMF?TIBBO

?PR?_STRNCAT?STRNCAT                             -----    -----      -----    -----      0048H    000AH

?PR?_LEE_CLK?CLOCK                               -----    -----      -----    -----      0049H    0003H
  +--> ?PR?_DELAY_20US?DELAY
  +--> ?PR?_EB_CLK?CLOCK
  +--> ?PR?P_CK?CLOCK

?PR?_EB_CLK?CLOCK                                -----    -----      -----    -----      004CH    0003H
  +--> ?PR?P_CK?CLOCK

?PR?P_CK?CLOCK                                   -----    -----      -----    -----      -----    -----
  +--> ?PR?DELAY?DELAY

?PR?_SEND_PORT?PTO_PARALELO                      -----    -----      -----    -----      0048H    000AH
  +--> ?PR?PULSO_BUS?PTO_PARALELO
  +--> ?PR?_DELAY_20US?DELAY
BL51 BANKED LINKER/LOCATER V6.22.2.0                                                  11/16/2021  16:26:54  PAGE 13



?PR?_CMD_LPR_SALIDA_PRINT?MONITOR                -----    -----      -----    -----      001FH    0027H
  +--> ?PR?DIR_BOARD?IO_SENSORES
  +--> ?PR?_STRCAT?STRCAT
  +--> ?PR?_STRLEN?STRLEN
  +--> ?PR?_BLOCK_READ_CLOCK_ASCII?CLOCK
  +--> ?PR?_MONITOR_CHR?MONITOR

?PR?DIR_BOARD?IO_SENSORES                        -----    -----      -----    -----      -----    -----
  +--> ?PR?SEL_DIR1?IO_SENSORES
  +--> ?PR?SEL_DIR2?IO_SENSORES

?PR?_BLOCK_READ_CLOCK_ASCII?CLOCK                -----    -----      -----    -----      0046H    0003H
  +--> ?PR?_LEE_CLK?CLOCK

?PR?_MONITOR_CHR?MONITOR                         -----    -----      -----    -----      0046H    0005H
  +--> ?PR?_TX_AUX?TIBBO

?PR?_STRSTR?STRSTR                               -----    -----      -----    -----      001FH    000CH

?PR?_STRNCPY?STRNCPY                             -----    -----      -----    -----      001FH    000AH

?PR?_CHECK_FECHAOUT_2?VERPRINT                   -----    -----      -----    -----      001FH    0012H
  +--> ?PR?_BLOCK_READ_CLOCK_HEX?CLOCK
  +--> ?CO?VERPRINT
  +--> ?PR?_DEBUG_TXT_TIBBO?TIBBO
  +--> ?PR?_DEBUG_CHR_TIBBO32?TIBBO

?PR?_BLOCK_READ_CLOCK_HEX?CLOCK                  -----    -----      -----    -----      0031H    0003H
  +--> ?PR?_LEE_CLK?CLOCK
  +--> ?PR?_BCD_HEX?CLOCK

?PR?_DEBUG_CHR_TIBBO32?TIBBO                     -----    -----      -----    -----      0031H    0005H
  +--> ?PR?_DEBUG_CHR_TIBBO?TIBBO

?PR?_BLOQUE_HORARIO?VERPRINT                     -----    -----      -----    -----      001FH    0006H
  +--> ?CO?VERPRINT
  +--> ?PR?_DEBUG_TXT_TIBBO?TIBBO
  +--> ?PR?_LEE_CLK?CLOCK
  +--> ?PR?_DEBUG_CHR_TIBBO?TIBBO
  +--> ?PR?_HEX_BCD?CLOCK

?PR?_GET_ALMACENA_TICKET_EEPROM?VERPRINT         -----    -----      -----    -----      001FH    0010H
  +--> ?PR?_RD_EEPROM?EEPROM
  +--> ?PR?_LEERMEMORIA?EEPROM
  +--> ?CO?VERPRINT
  +--> ?PR?_DEBUG_TXT_TIBBO?TIBBO
  +--> ?PR?_DEBUG_CHR_TIBBO32?TIBBO
  +--> ?PR?LIMPIAR_MEMORIA_TICKET?EEPROM

?PR?_SET_ALMACENA_TICKET_EEPROM?VERPRINT         -----    -----      -----    -----      001FH    0004H
  +--> ?PR?_RD_EEPROM?EEPROM
  +--> ?PR?_STRCAT?STRCAT
  +--> ?PR?_ESCRIBIRMEMORIA?EEPROM
  +--> ?CO?VERPRINT
  +--> ?PR?_DEBUG_TXT_TIBBO?TIBBO
  +--> ?PR?_WR_EEPROM?EEPROM
BL51 BANKED LINKER/LOCATER V6.22.2.0                                                  11/16/2021  16:26:54  PAGE 14


  +--> ?PR?_DEBUG_CHR_TIBBO?TIBBO

?PR?_RECIBE_PORT?PTO_PARALELO                    -----    -----      -----    -----      000EH    0007H
  +--> ?PR?OFF_TIMER0_INTERRUP?MAIN
  +--> ?PR?ON_TIMER0_INTERRUP?MAIN

?PR?_VALIDA_TRAMA_PTO?ACCESCAN                   -----    -----      -----    -----      000EH    000FH
  +--> ?PR?_BLOCK_WRITE_CLOCK_ASCII?CLOCK
  +--> ?PR?RELOJ_PANTALLA_LCD?PANTALLAS
  +--> ?PR?_PANTALLALCD?PANTALLAS
  +--> ?CO?ACCESCAN
  +--> ?PR?_DEBUG_TXT_TIBBO?TIBBO
  +--> ?PR?CONFIRMACION?EEPROM
  +--> ?PR?_PANTALLALCD_LINEA_2?PANTALLAS
  +--> ?PR?_SEND_PORTERR?PTO_PARALELO
  +--> ?PR?_BYTEHEX_DECIMAL?CLOCK
  +--> ?PR?_TWO_BYTEHEX_DECIMAL?CLOCK
  +--> ?PR?VALIDASENSORESPASO?IO_SENSORES
  +--> ?PR?_CMD_LPR_SALIDA_WIEGAND?MONITOR
  +--> ?PR?_GRABA_SERIE_ASCII_HEX?NUM_SERIE
  +--> ?PR?_DEBUGBUFFERMF?TIBBO

?PR?_BLOCK_WRITE_CLOCK_ASCII?CLOCK               -----    -----      -----    -----      001DH    0003H
  +--> ?PR?_TWO_ONE?CLOCK
  +--> ?PR?_WR_CLK?CLOCK

?PR?_WR_CLK?CLOCK                                -----    -----      -----    -----      0020H    0002H
  +--> ?PR?_DELAY_20US?DELAY
  +--> ?PR?_EB_CLK?CLOCK

?PR?RELOJ_PANTALLA_LCD?PANTALLAS                 -----    -----      -----    -----      001DH    000DH
  +--> ?CO?PANTALLAS
  +--> ?PR?_BLOCK_READ_CLOCK?CLOCK
  +--> ?PR?_LCD_TXT_NUM_CHAR?PANTALLAS

?PR?_BLOCK_READ_CLOCK?CLOCK                      -----    -----      -----    -----      002AH    0003H
  +--> ?PR?_LEE_CLK?CLOCK

?PR?_LCD_TXT_NUM_CHAR?PANTALLAS                  -----    -----      -----    -----      002AH    0006H
  +--> ?PR?_TX_CHRLCD?PANTALLAS

?PR?_TX_CHRLCD?PANTALLAS                         -----    -----      -----    -----      0055H    0002H
  +--> ?PR?_PUTCHAR?MAIN

?PR?CONFIRMACION?EEPROM                          -----    -----      -----    -----      001DH    000BH
  +--> ?PR?_BLOCK_READ_CLOCK_ASCII?CLOCK
  +--> ?PR?FORMATO_EEPROM?EEPROM

?PR?FORMATO_EEPROM?EEPROM                        -----    -----      -----    -----      0028H    0003H
  +--> ?PR?_WR_EEPROM?EEPROM

?PR?_PANTALLALCD_LINEA_2?PANTALLAS               -----    -----      -----    -----      001DH    0033H
  +--> ?CO?PANTALLAS
  +--> ?PR?_LCD_TXT?PANTALLAS
  +--> ?PR?_STRLEN?STRLEN
  +--> ?PR?_TX_CHRLCD?PANTALLAS
  +--> ?PR?_STRCAT?STRCAT
BL51 BANKED LINKER/LOCATER V6.22.2.0                                                  11/16/2021  16:26:54  PAGE 15


  +--> ?PR?_RASPBERRY_DATA?PANTALLAS

?PR?_LCD_TXT?PANTALLAS                           -----    -----      -----    -----      0050H    0005H
  +--> ?PR?_TX_CHRLCD?PANTALLAS

?PR?_BYTEHEX_DECIMAL?CLOCK                       -----    -----      -----    -----      001DH    0001H

?PR?_TWO_BYTEHEX_DECIMAL?CLOCK                   -----    -----      -----    -----      001DH    000CH
  +--> ?PR?_POW?POW

?PR?_POW?POW                                     -----    -----      -----    -----      0029H    000AH
  +--> ?PR?LOG?LOG
  +--> ?PR?EXP?EXP

?PR?LOG?LOG                                      0020H.0  0000H.1    -----    -----      0033H    0004H

?PR?_CMD_LPR_SALIDA_WIEGAND?MONITOR              -----    -----      -----    -----      001DH    0022H
  +--> ?PR?DIR_BOARD?IO_SENSORES
  +--> ?PR?_BLOCK_READ_CLOCK_ASCII?CLOCK
  +--> ?PR?_MONITOR_CHR?MONITOR

?PR?_GRABA_SERIE_ASCII_HEX?NUM_SERIE             -----    -----      -----    -----      -----    -----
  +--> ?PR?_ESCRIBIRMEMORIA?EEPROM

?PR?MSJ_LCD_INFORMATIVO?IO_SENSORES              -----    -----      -----    -----      000EH    0002H
  +--> ?PR?SEL_FUNCION?IO_SENSORES
  +--> ?PR?LOAD_AND_SEND_INFO_RELOJ?PTO_PARA...
  +--> ?PR?LOAD_AND_SEND_ID_COD?PTO_PARALELO
  +--> ?PR?_RD_EEPROM?EEPROM
  +--> ?PR?_SEND_PORTERR?PTO_PARALELO

?PR?LOAD_AND_SEND_INFO_RELOJ?PTO_PARA...         -----    -----      -----    -----      0010H    000BH
  +--> ?PR?_BLOCK_READ_CLOCK?CLOCK
  +--> ?PR?_LEE_CLK?CLOCK
  +--> ?PR?_SEND_PORT?PTO_PARALELO

?PR?LOAD_AND_SEND_ID_COD?PTO_PARALELO            -----    -----      -----    -----      0010H    0011H
  +--> ?CO?PTO_PARALELO
  +--> ?PR?PRINTF?PRINTF
  +--> ?PR?_SEND_PORT?PTO_PARALELO



SYMBOL TABLE OF MODULE:  .\Objects\VRFCDOR_PRINT_101 (MAIN)

  VALUE           TYPE          NAME
  ----------------------------------

  -------         MODULE        MAIN
  C:0000H         SYMBOL        _ICE_DUMMY_
  D:0080H         PUBLIC        P0
  D:0090H         PUBLIC        P1
  C:636EH         PUBLIC        timer0_int
  D:00B0H         PUBLIC        P3
  X:013CH         PUBLIC        placa
  B:00A8H.7       PUBLIC        EA
  C:64FCH         PUBLIC        off_Timer0_Interrup
BL51 BANKED LINKER/LOCATER V6.22.2.0                                                  11/16/2021  16:26:54  PAGE 16


  X:0145H         PUBLIC        ValTimeOutCom
  X:0146H         PUBLIC        Timer_wait
  X:0147H         PUBLIC        g_cContByteRx
  B:0080H.0       PUBLIC        rx_ip
  B:0080H.3       PUBLIC        Atascado
  C:479EH         PUBLIC        main
  C:50FAH         PUBLIC        variable_inicio
  B:0090H.7       PUBLIC        lock
  I:0022H         PUBLIC        rbuf
  C:64F2H         PUBLIC        on_Timer0_Interrup
  I:00A2H         PUBLIC        tbuf
  B:0090H.1       PUBLIC        DataIn
  D:0089H         PUBLIC        TMOD
  X:0148H         PUBLIC        USE_LPR
  X:0149H         PUBLIC        Debug_Tibbo
  X:014AH         PUBLIC        Raspberry
  X:014BH         PUBLIC        QR_BARRAS
  X:014CH         PUBLIC        SIN_COBRO
  X:014EH         PUBLIC        Tipo_Vehiculo
  B:00B0H.3       PUBLIC        busy
  C:6436H         PUBLIC        ini_timer
  B:00A8H.1       PUBLIC        ET0
  B:0088H.5       PUBLIC        TF0
  X:014FH         PUBLIC        COMPARACION_ACTIVA
  X:0150H         PUBLIC        g_cEstadoImpresion
  D:008CH         PUBLIC        TH0
  X:0151H         PUBLIC        ACK
  X:0152H         PUBLIC        g_cEstadoComSoft
  D:008AH         PUBLIC        TL0
  B:0088H.4       PUBLIC        TR0
  C:6446H         PUBLIC        inicia_board
  X:0153H         PUBLIC        T_GRACIA
  X:0155H         PUBLIC        COD_PARK
  B:0080H.7       PUBLIC        sel_com
  X:0157H         PUBLIC        STX_LINTECH
  C:6493H         PUBLIC        _getkey
  X:0158H         PUBLIC        ETX
  X:0159H         PUBLIC        ID_CLIENTE
  X:015BH         PUBLIC        buffer_ready
  C:5F65H         PUBLIC        _putchar
  B:0021H.1       PUBLIC        placa_ready
  -------         PROC          TIMER0_INT
  C:636EH         LINE#         13
  C:6374H         LINE#         16
  C:637AH         LINE#         17
  C:637EH         LINE#         18
  C:6380H         LINE#         20
  -------         ENDPROC       TIMER0_INT
  -------         PROC          INI_TIMER
  C:6436H         LINE#         23
  C:6436H         LINE#         24
  C:6436H         LINE#         26
  C:643EH         LINE#         28
  C:6441H         LINE#         29
  C:6443H         LINE#         30
  C:6445H         LINE#         32
  -------         ENDPROC       INI_TIMER
BL51 BANKED LINKER/LOCATER V6.22.2.0                                                  11/16/2021  16:26:54  PAGE 17


  -------         PROC          ON_TIMER0_INTERRUP
  C:64F2H         LINE#         35
  C:64F2H         LINE#         36
  C:64F2H         LINE#         37
  C:64F4H         LINE#         38
  C:64F6H         LINE#         40
  -------         ENDPROC       ON_TIMER0_INTERRUP
  -------         PROC          OFF_TIMER0_INTERRUP
  C:64FCH         LINE#         43
  C:64FCH         LINE#         44
  C:64FCH         LINE#         45
  C:64FEH         LINE#         47
  -------         ENDPROC       OFF_TIMER0_INTERRUP
  -------         PROC          _GETKEY
  -------         DO            
  D:0006H         SYMBOL        k
  -------         ENDDO         
  C:6493H         LINE#         55
  C:6493H         LINE#         56
  C:6493H         LINE#         60
  C:6493H         LINE#         61
  C:6496H         LINE#         62
  C:6496H         LINE#         63
  C:649EH         LINE#         65
  C:649EH         LINE#         66
  -------         ENDPROC       _GETKEY
  -------         PROC          _PUTCHAR
  X:00B1H         SYMBOL        c
  -------         DO            
  X:00B2H         SYMBOL        i
  -------         ENDDO         
  C:5F65H         LINE#         70
  C:5F6AH         LINE#         71
  C:5F6AH         LINE#         74
  C:5F79H         LINE#         75
  C:5F79H         LINE#         76
  C:5F8FH         LINE#         77
  C:5F8FH         LINE#         79
  C:5F9DH         LINE#         80
  C:5F9DH         LINE#         82
  C:5FA2H         LINE#         83
  -------         ENDPROC       _PUTCHAR
  -------         PROC          INICIA_BOARD
  C:6446H         LINE#         101
  C:6446H         LINE#         102
  C:6446H         LINE#         103
  C:6449H         LINE#         104
  C:644CH         LINE#         105
  C:644FH         LINE#         106
  C:6451H         LINE#         107
  C:6453H         LINE#         108
  C:6455H         LINE#         110
  -------         ENDPROC       INICIA_BOARD
  -------         PROC          VARIABLE_INICIO
  C:50FAH         LINE#         114
  C:50FAH         LINE#         115
  C:50FAH         LINE#         117
BL51 BANKED LINKER/LOCATER V6.22.2.0                                                  11/16/2021  16:26:54  PAGE 18


  C:510AH         LINE#         118
  C:511BH         LINE#         119
  C:512CH         LINE#         120
  C:513DH         LINE#         121
  C:514BH         LINE#         122
  C:5159H         LINE#         123
  C:5167H         LINE#         124
  C:5175H         LINE#         125
  C:5183H         LINE#         126
  -------         ENDPROC       VARIABLE_INICIO
  -------         PROC          MAIN
  -------         DO            
  X:0114H         SYMBOL        buffer
  X:0000H         SYMBOL        buffer1
  X:000DH         SYMBOL        Length_trama
  -------         ENDDO         
  C:479EH         LINE#         134
  C:479EH         LINE#         135
  C:479EH         LINE#         142
  C:47A1H         LINE#         143
  C:47A4H         LINE#         144
  C:47A7H         LINE#         145
  C:47AAH         LINE#         146
  C:47ADH         LINE#         147
  C:47AFH         LINE#         149
  C:47B2H         LINE#         151
  C:47B5H         LINE#         152
  C:47BAH         LINE#         154
  C:47BDH         LINE#         155
  C:47C0H         LINE#         156
  C:47C0H         LINE#         157
  C:47C3H         LINE#         158
  C:47C3H         LINE#         159
  C:47C6H         LINE#         160
  C:47C9H         LINE#         162
  C:47CFH         LINE#         164
  C:47CFH         LINE#         165
  C:47CFH         LINE#         168
  C:47D2H         LINE#         169
  C:47D2H         LINE#         171
  C:47E0H         LINE#         172
  C:47E3H         LINE#         173
  C:47F1H         LINE#         174
  C:4805H         LINE#         175
  C:480EH         LINE#         176
  C:4811H         LINE#         177
  C:4811H         LINE#         179
  C:4814H         LINE#         185
  C:4817H         LINE#         186
  C:4817H         LINE#         188
  C:4826H         LINE#         192
  C:4835H         LINE#         195
  C:483DH         LINE#         196
  C:4846H         LINE#         199
  C:4854H         LINE#         201
  C:4854H         LINE#         202
  C:4857H         LINE#         205
BL51 BANKED LINKER/LOCATER V6.22.2.0                                                  11/16/2021  16:26:54  PAGE 19


  -------         ENDPROC       MAIN
  -------         ENDMOD        MAIN

  -------         MODULE        CLOCK
  C:0000H         SYMBOL        _ICE_DUMMY_
  C:5E1AH         PUBLIC        _two_one
  D:0090H         PUBLIC        P1
  C:61D2H         PUBLIC        _wr_clk
  B:00D0H.7       PUBLIC        CY
  C:0003H         PUBLIC        p_ck
  X:0178H         PUBLIC        data_clk
  C:64BBH         PUBLIC        cond_ini_clock
  C:44A1H         PUBLIC        _Block_read_Clock
  B:0090H.4       PUBLIC        sck
  C:4A76H         PUBLIC        _Block_read_Clock_Hex
  C:2CABH         PUBLIC        _Block_read_clock_ascii
  C:6242H         PUBLIC        _hex_bcd
  C:62E2H         PUBLIC        _bcd_hex
  C:591FH         PUBLIC        _ByteHex_Decimal
  C:4EC9H         PUBLIC        _lee_clk
  B:0090H.5       PUBLIC        io
  C:4FDFH         PUBLIC        _Block_write_clock_ascii
  B:0090H.6       PUBLIC        rst
  C:5EA8H         PUBLIC        _eb_clk
  C:2523H         PUBLIC        _Two_ByteHex_Decimal
  -------         PROC          P_CK
  C:0003H         LINE#         37
  C:0003H         LINE#         38
  C:0003H         LINE#         39
  C:0005H         LINE#         40
  C:0008H         LINE#         41
  C:000AH         LINE#         42
  -------         ENDPROC       P_CK
  -------         PROC          _EB_CLK
  X:004CH         SYMBOL        dir_clk
  -------         DO            
  X:004DH         SYMBOL        nbits
  -------         ENDDO         
  C:5EA8H         LINE#         44
  C:5EADH         LINE#         46
  C:5EB2H         LINE#         47
  C:5EB2H         LINE#         48
  C:5EBBH         LINE#         49
  C:5EBEH         LINE#         50
  C:5EBEH         LINE#         51
  C:5EC0H         LINE#         52
  C:5EC2H         LINE#         54
  C:5EC2H         LINE#         55
  C:5EC4H         LINE#         56
  C:5EC4H         LINE#         57
  C:5EC7H         LINE#         58
  C:5EE6H         LINE#         59
  -------         ENDPROC       _EB_CLK
  C:4EBFH         SYMBOL        L?0053
  -------         PROC          L?0052
  -------         ENDPROC       L?0052
  C:4EBFH         SYMBOL        L?0053
BL51 BANKED LINKER/LOCATER V6.22.2.0                                                  11/16/2021  16:26:54  PAGE 20


  -------         PROC          _LEE_CLK
  X:0049H         SYMBOL        dir_clk
  -------         DO            
  X:004AH         SYMBOL        nbits
  -------         ENDDO         
  C:4EC9H         LINE#         61
  C:4ECEH         LINE#         63
  C:4ED0H         LINE#         64
  C:4ED7H         LINE#         65
  C:4EDFH         LINE#         66
  C:4EF8H         LINE#         67
  C:4EF8H         LINE#         68
  C:4EFBH         LINE#         69
  C:4EFBH         LINE#         70
  C:4F02H         LINE#         71
  C:4F0CH         LINE#         72
  C:4F11H         LINE#         73
  C:4F11H         LINE#         74
  C:4F11H         LINE#         75
  C:4F14H         LINE#         76
  C:4F14H         LINE#         77
  C:4F1BH         LINE#         78
  C:4F2CH         LINE#         79
  C:4F2CH         LINE#         80
  C:4F34H         LINE#         81
  C:4F34H         LINE#         82
  C:4F34H         LINE#         83
  C:4F37H         LINE#         84
  C:4F47H         LINE#         85
  C:4F49H         LINE#         86
  C:4F4EH         LINE#         87
  -------         ENDPROC       _LEE_CLK
  -------         PROC          _WR_CLK
  X:0020H         SYMBOL        dir_clk
  X:0021H         SYMBOL        byte
  C:61D2H         LINE#         89
  C:61DAH         LINE#         90
  C:61DCH         LINE#         91
  C:61E3H         LINE#         92
  C:61EBH         LINE#         93
  C:61F4H         LINE#         94
  C:61F7H         LINE#         95
  C:61F9H         LINE#         97
  -------         ENDPROC       _WR_CLK
  C:5DE6H         SYMBOL        L?0050
  C:5E04H         SYMBOL        L?0051
  -------         PROC          L?0049
  -------         ENDPROC       L?0049
  C:5DE6H         SYMBOL        L?0050
  C:5E04H         SYMBOL        L?0051
  -------         PROC          _TWO_ONE
  D:0007H         SYMBOL        byte_h
  D:0005H         SYMBOL        byte_l
  -------         DO            
  D:0007H         SYMBOL        byte_out
  -------         ENDDO         
  C:5E1AH         LINE#         99
BL51 BANKED LINKER/LOCATER V6.22.2.0                                                  11/16/2021  16:26:54  PAGE 21


  C:5E1AH         LINE#         100
  C:5E1AH         LINE#         102
  C:5E1DH         LINE#         103
  C:5E21H         LINE#         104
  C:5E24H         LINE#         105
  C:5E26H         LINE#         106
  C:5E26H         LINE#         107
  -------         ENDPROC       _TWO_ONE
  -------         PROC          _BLOCK_WRITE_CLOCK_ASCII
  X:001DH         SYMBOL        datos_clock
  C:4FDFH         LINE#         112
  C:4FEAH         LINE#         114
  C:4FEAH         LINE#         118
  C:4FF4H         LINE#         119
  C:4FF4H         LINE#         120
  C:4FF4H         LINE#         121
  C:4FF4H         LINE#         123
  C:4FFEH         LINE#         124
  C:5008H         LINE#         125
  C:5012H         LINE#         126
  C:5012H         LINE#         127
  C:5012H         LINE#         128
  C:5012H         LINE#         130
  C:501CH         LINE#         131
  C:501CH         LINE#         132
  C:501CH         LINE#         133
  C:501CH         LINE#         135
  C:5026H         LINE#         136
  C:5026H         LINE#         137
  C:5026H         LINE#         138
  C:5026H         LINE#         140
  C:5030H         LINE#         141
  C:5030H         LINE#         142
  C:5030H         LINE#         143
  C:5030H         LINE#         145
  C:503AH         LINE#         146
  C:5044H         LINE#         147
  C:504EH         LINE#         148
  C:5058H         LINE#         150
  -------         ENDPROC       _BLOCK_WRITE_CLOCK_ASCII
  -------         PROC          _BCD_HEX
  D:0007H         SYMBOL        l_data
  -------         DO            
  D:0006H         SYMBOL        temp
  D:0005H         SYMBOL        j
  -------         ENDDO         
  C:62E2H         LINE#         156
  C:62E2H         LINE#         157
  C:62E2H         LINE#         159
  C:62E4H         LINE#         160
  C:62E8H         LINE#         161
  C:62EBH         LINE#         162
  C:62EDH         LINE#         163
  C:62EDH         LINE#         164
  C:62F1H         LINE#         165
  C:62F8H         LINE#         166
  C:62F8H         LINE#         167
BL51 BANKED LINKER/LOCATER V6.22.2.0                                                  11/16/2021  16:26:54  PAGE 22


  C:62FCH         LINE#         168
  C:62FFH         LINE#         169
  C:62FFH         LINE#         170
  C:62FFH         LINE#         171
  -------         ENDPROC       _BCD_HEX
  -------         PROC          _HEX_BCD
  D:0007H         SYMBOL        byte
  -------         DO            
  D:0006H         SYMBOL        nibble_h
  D:0005H         SYMBOL        nibble_l
  D:0004H         SYMBOL        k
  D:0007H         SYMBOL        byte_out
  -------         ENDDO         
  C:6242H         LINE#         175
  C:6242H         LINE#         177
  C:6242H         LINE#         182
  C:6244H         LINE#         183
  C:6245H         LINE#         185
  C:624BH         LINE#         186
  C:624BH         LINE#         187
  C:624CH         LINE#         188
  C:6251H         LINE#         189
  C:6251H         LINE#         190
  C:6252H         LINE#         191
  C:6253H         LINE#         192
  C:6253H         LINE#         193
  C:6256H         LINE#         194
  C:625AH         LINE#         195
  C:625DH         LINE#         196
  C:6260H         LINE#         197
  C:6262H         LINE#         198
  C:6262H         LINE#         200
  -------         ENDPROC       _HEX_BCD
  -------         PROC          _BYTEHEX_DECIMAL
  D:0001H         SYMBOL        buffer
  D:0005H         SYMBOL        valorhex
  -------         DO            
  X:001DH         SYMBOL        numero
  D:0007H         SYMBOL        centena
  D:0006H         SYMBOL        decena
  -------         ENDDO         
  C:591FH         LINE#         207
  C:591FH         LINE#         208
  C:591FH         LINE#         211
  C:5921H         LINE#         212
  C:5922H         LINE#         213
  C:5927H         LINE#         215
  C:5934H         LINE#         216
  C:5934H         LINE#         217
  C:5938H         LINE#         218
  C:5939H         LINE#         219
  C:593BH         LINE#         220
  C:5941H         LINE#         221
  C:5948H         LINE#         222
  C:5955H         LINE#         223
  C:5955H         LINE#         224
  C:5959H         LINE#         225
BL51 BANKED LINKER/LOCATER V6.22.2.0                                                  11/16/2021  16:26:54  PAGE 23


  C:595AH         LINE#         226
  C:595CH         LINE#         227
  C:5962H         LINE#         228
  C:5969H         LINE#         229
  -------         ENDPROC       _BYTEHEX_DECIMAL
  -------         PROC          _TWO_BYTEHEX_DECIMAL
  X:001DH         SYMBOL        buffer
  X:0020H         SYMBOL        id_h
  X:0021H         SYMBOL        id_l
  -------         DO            
  X:0022H         SYMBOL        valor
  D:0006H         SYMBOL        numero
  X:0024H         SYMBOL        temp
  X:0025H         SYMBOL        dmil
  X:0026H         SYMBOL        mil
  X:0027H         SYMBOL        centena
  X:0028H         SYMBOL        decena
  -------         ENDDO         
  C:2523H         LINE#         237
  C:2531H         LINE#         238
  C:2531H         LINE#         242
  C:2538H         LINE#         243
  C:253CH         LINE#         244
  C:253EH         LINE#         245
  C:2540H         LINE#         246
  C:2542H         LINE#         249
  C:2547H         LINE#         250
  C:254AH         LINE#         251
  C:2550H         LINE#         253
  C:25ABH         LINE#         254
  C:25B3H         LINE#         255
  C:25B6H         LINE#         256
  C:2611H         LINE#         258
  C:2619H         LINE#         259
  C:261CH         LINE#         260
  C:2622H         LINE#         261
  C:267DH         LINE#         262
  C:2685H         LINE#         263
  C:2688H         LINE#         264
  C:26E3H         LINE#         265
  C:26E3H         LINE#         267
  C:26ECH         LINE#         268
  C:26ECH         LINE#         269
  C:26F4H         LINE#         270
  C:26FAH         LINE#         271
  C:26FCH         LINE#         272
  C:2712H         LINE#         273
  C:271CH         LINE#         274
  C:2725H         LINE#         275
  C:2725H         LINE#         276
  C:272DH         LINE#         277
  C:2733H         LINE#         278
  C:2735H         LINE#         279
  C:274BH         LINE#         280
  C:2755H         LINE#         281
  C:275EH         LINE#         282
  C:275EH         LINE#         283
BL51 BANKED LINKER/LOCATER V6.22.2.0                                                  11/16/2021  16:26:54  PAGE 24


  C:2766H         LINE#         284
  C:276CH         LINE#         285
  C:276EH         LINE#         286
  C:2784H         LINE#         287
  C:278EH         LINE#         288
  C:2797H         LINE#         289
  C:2797H         LINE#         290
  C:279FH         LINE#         291
  C:27A5H         LINE#         292
  C:27A7H         LINE#         293
  C:27BDH         LINE#         294
  C:27C7H         LINE#         295
  C:27DAH         LINE#         296
  C:27E4H         LINE#         297
  -------         ENDPROC       _TWO_BYTEHEX_DECIMAL
  -------         PROC          _BLOCK_READ_CLOCK_ASCII
  X:0046H         SYMBOL        datos_clock
  -------         DO            
  D:0007H         SYMBOL        dato
  -------         ENDDO         
  C:2CABH         LINE#         303
  C:2CAEH         LINE#         304
  C:2CAEH         LINE#         310
  C:2CB1H         LINE#         311
  C:2CC9H         LINE#         312
  C:2CD3H         LINE#         313
  C:2CE8H         LINE#         314
  C:2CF2H         LINE#         317
  C:2CF7H         LINE#         318
  C:2D0FH         LINE#         319
  C:2D19H         LINE#         320
  C:2D2EH         LINE#         321
  C:2D38H         LINE#         324
  C:2D3DH         LINE#         325
  C:2D55H         LINE#         326
  C:2D5FH         LINE#         327
  C:2D74H         LINE#         328
  C:2D7EH         LINE#         332
  C:2D83H         LINE#         333
  C:2D9BH         LINE#         334
  C:2DA5H         LINE#         335
  C:2DBAH         LINE#         336
  C:2DC4H         LINE#         339
  C:2DC9H         LINE#         340
  C:2DE1H         LINE#         341
  C:2DEBH         LINE#         342
  C:2E00H         LINE#         343
  C:2E0AH         LINE#         346
  C:2E0FH         LINE#         347
  C:2E27H         LINE#         348
  C:2E31H         LINE#         349
  C:2E46H         LINE#         350
  C:2E50H         LINE#         353
  C:2E55H         LINE#         354
  C:2E6AH         LINE#         355
  C:2E74H         LINE#         356
  -------         ENDPROC       _BLOCK_READ_CLOCK_ASCII
BL51 BANKED LINKER/LOCATER V6.22.2.0                                                  11/16/2021  16:26:54  PAGE 25


  -------         PROC          _BLOCK_READ_CLOCK_HEX
  X:0031H         SYMBOL        datos_clock
  C:4A76H         LINE#         360
  C:4A79H         LINE#         361
  C:4A79H         LINE#         364
  C:4A8EH         LINE#         365
  C:4A98H         LINE#         367
  C:4AAFH         LINE#         368
  C:4AB9H         LINE#         370
  C:4AD0H         LINE#         371
  C:4ADAH         LINE#         373
  C:4AF1H         LINE#         374
  C:4AFBH         LINE#         376
  C:4B12H         LINE#         377
  -------         ENDPROC       _BLOCK_READ_CLOCK_HEX
  -------         PROC          _BLOCK_READ_CLOCK
  X:002AH         SYMBOL        datos_clock
  C:44A1H         LINE#         404
  C:44A4H         LINE#         405
  C:44A4H         LINE#         407
  C:44B6H         LINE#         408
  C:44C0H         LINE#         410
  C:44D4H         LINE#         411
  C:44DEH         LINE#         413
  C:44F2H         LINE#         414
  C:44FCH         LINE#         416
  C:4510H         LINE#         417
  C:451AH         LINE#         419
  C:452EH         LINE#         420
  C:4538H         LINE#         422
  C:454CH         LINE#         423
  C:4556H         LINE#         424
  -------         ENDPROC       _BLOCK_READ_CLOCK
  -------         PROC          COND_INI_CLOCK
  C:64BBH         LINE#         427
  C:64BBH         LINE#         428
  C:64BBH         LINE#         429
  C:64BDH         LINE#         430
  C:64BFH         LINE#         431
  C:64C1H         LINE#         432
  -------         ENDPROC       COND_INI_CLOCK
  -------         ENDMOD        CLOCK

  -------         MODULE        DELAY
  C:0000H         SYMBOL        _ICE_DUMMY_
  C:63CAH         PUBLIC        _Delay_20us
  C:631EH         PUBLIC        _Delay_1ms
  C:6502H         PUBLIC        Delay
  -------         PROC          _DELAY_20US
  D:0006H         SYMBOL        cnt
  -------         DO            
  D:0004H         SYMBOL        i
  -------         ENDDO         
  C:63CAH         LINE#         20
  C:63CAH         LINE#         21
  C:63CAH         LINE#         24
  C:63D4H         LINE#         26
BL51 BANKED LINKER/LOCATER V6.22.2.0                                                  11/16/2021  16:26:54  PAGE 26


  C:63DBH         LINE#         27
  -------         ENDPROC       _DELAY_20US
  -------         PROC          _DELAY_1MS
  D:0002H         SYMBOL        cnt
  -------         DO            
  D:0082H         SYMBOL        i
  -------         ENDDO         
  C:631EH         LINE#         38
  C:6322H         LINE#         39
  C:6322H         LINE#         41
  C:6338H         LINE#         42
  -------         ENDPROC       _DELAY_1MS
  -------         PROC          DELAY
  C:6502H         LINE#         60
  C:6502H         LINE#         62
  -------         ENDPROC       DELAY
  -------         ENDMOD        DELAY

  -------         MODULE        EEPROM
  C:0000H         SYMBOL        _ICE_DUMMY_
  C:601FH         PUBLIC        confirmacion
  D:0090H         PUBLIC        P1
  C:5184H         PUBLIC        _EscribirMemoria
  X:0172H         PUBLIC        l_chr
  C:605BH         PUBLIC        Limpiar_memoria_ticket
  C:6266H         PUBLIC        ackd
  B:0021H.2       PUBLIC        memory_flag
  B:00D0H.7       PUBLIC        CY
  C:64ECH         PUBLIC        p_me
  C:63E4H         PUBLIC        start
  B:0090H.2       PUBLIC        sda
  C:6286H         PUBLIC        ack_lect
  B:0090H.3       PUBLIC        scl
  C:610EH         PUBLIC        _rd_eeprom
  C:64A9H         PUBLIC        stop
  C:5F26H         PUBLIC        Formato_eeprom
  X:0173H         PUBLIC        l_data_eeprom
  C:5EE7H         PUBLIC        _wr_eeprom
  C:5870H         PUBLIC        _LeerMemoria
  X:0174H         PUBLIC        byte_rd
  C:6220H         PUBLIC        _e_d_m
  C:5972H         PUBLIC        l_d_m
  -------         PROC          L?0060
  -------         ENDPROC       L?0060
  -------         PROC          ACKD
  -------         DO            
  D:0006H         SYMBOL        i
  -------         ENDDO         
  C:6266H         LINE#         41
  C:6266H         LINE#         42
  C:6266H         LINE#         44
  C:6268H         LINE#         45
  C:626AH         LINE#         46
  C:626CH         LINE#         47
  C:626FH         LINE#         48
  C:626FH         LINE#         49
  C:6272H         LINE#         50
BL51 BANKED LINKER/LOCATER V6.22.2.0                                                  11/16/2021  16:26:54  PAGE 27


  C:6272H         LINE#         51
  C:6274H         LINE#         52
  C:6276H         LINE#         54
  C:6277H         LINE#         55
  C:6277H         LINE#         56
  C:6282H         LINE#         58
  C:6282H         LINE#         59
  C:6282H         LINE#         61
  C:6282H         LINE#         62
  -------         ENDPROC       ACKD
  -------         PROC          L?0062
  -------         ENDPROC       L?0062
  -------         PROC          ACK_LECT
  -------         DO            
  D:0006H         SYMBOL        i
  -------         ENDDO         
  C:6286H         LINE#         65
  C:6286H         LINE#         66
  C:6286H         LINE#         68
  C:6288H         LINE#         69
  C:628AH         LINE#         70
  C:628CH         LINE#         71
  C:628FH         LINE#         72
  C:628FH         LINE#         73
  C:6292H         LINE#         74
  C:6292H         LINE#         75
  C:6294H         LINE#         76
  C:6296H         LINE#         77
  C:6297H         LINE#         78
  C:6297H         LINE#         79
  C:62A2H         LINE#         80
  -------         ENDPROC       ACK_LECT
  -------         PROC          P_ME
  C:64ECH         LINE#         82
  C:64ECH         LINE#         83
  C:64ECH         LINE#         84
  C:64EEH         LINE#         85
  C:64EFH         LINE#         86
  C:64F1H         LINE#         87
  -------         ENDPROC       P_ME
  -------         PROC          _E_D_M
  D:0007H         SYMBOL        a_serial_eeprom
  -------         DO            
  D:0006H         SYMBOL        nbits
  -------         ENDDO         
  C:6220H         LINE#         89
  C:6220H         LINE#         90
  C:6220H         LINE#         92
  C:622CH         LINE#         93
  C:622CH         LINE#         94
  C:6230H         LINE#         95
  C:6233H         LINE#         96
  C:6233H         LINE#         97
  C:6235H         LINE#         98
  C:6237H         LINE#         100
  C:6237H         LINE#         101
  C:6239H         LINE#         102
BL51 BANKED LINKER/LOCATER V6.22.2.0                                                  11/16/2021  16:26:54  PAGE 28


  C:6239H         LINE#         103
  C:623BH         LINE#         104
  C:623EH         LINE#         105
  C:6241H         LINE#         107
  -------         ENDPROC       _E_D_M
  -------         PROC          L?0061
  -------         ENDPROC       L?0061
  -------         PROC          START
  C:63E4H         LINE#         109
  C:63E4H         LINE#         110
  C:63E4H         LINE#         111
  C:63E6H         LINE#         112
  C:63E8H         LINE#         113
  C:63E9H         LINE#         114
  C:63EBH         LINE#         115
  C:63EDH         LINE#         117
  -------         ENDPROC       START
  -------         PROC          STOP
  C:64A9H         LINE#         119
  C:64A9H         LINE#         120
  C:64A9H         LINE#         121
  C:64ABH         LINE#         122
  C:64ADH         LINE#         123
  C:64AFH         LINE#         124
  C:64B1H         LINE#         126
  -------         ENDPROC       STOP
  -------         PROC          L_D_M
  -------         DO            
  D:0003H         SYMBOL        nbits
  -------         ENDDO         
  C:5972H         LINE#         128
  C:5972H         LINE#         129
  C:5972H         LINE#         131
  C:597FH         LINE#         132
  C:597FH         LINE#         133
  C:5981H         LINE#         134
  C:5984H         LINE#         135
  C:5984H         LINE#         136
  C:598BH         LINE#         137
  C:5994H         LINE#         138
  C:5994H         LINE#         139
  C:5998H         LINE#         140
  C:599AH         LINE#         141
  C:599AH         LINE#         142
  C:599AH         LINE#         143
  C:599DH         LINE#         144
  C:599DH         LINE#         145
  C:59A4H         LINE#         146
  C:59AEH         LINE#         147
  C:59AEH         LINE#         148
  C:59B2H         LINE#         149
  C:59B4H         LINE#         150
  C:59B4H         LINE#         151
  C:59B4H         LINE#         152
  C:59B7H         LINE#         153
  C:59B9H         LINE#         154
  C:59BEH         LINE#         155
BL51 BANKED LINKER/LOCATER V6.22.2.0                                                  11/16/2021  16:26:54  PAGE 29


  -------         ENDPROC       L_D_M
  -------         PROC          _WR_EEPROM
  D:0002H         SYMBOL        control
  D:0004H         SYMBOL        Dir
  D:0003H         SYMBOL        data_eeprom
  -------         DO            
  D:0005H         SYMBOL        dir_h
  D:0001H         SYMBOL        dir_l
  -------         ENDDO         
  C:5EE7H         LINE#         161
  C:5EE9H         LINE#         162
  C:5EE9H         LINE#         164
  C:5EEDH         LINE#         165
  C:5EEDH         LINE#         166
  C:5EEDH         LINE#         169
  C:5EEDH         LINE#         170
  C:5EEDH         LINE#         172
  C:5EF0H         LINE#         173
  C:5EF2H         LINE#         174
  C:5EF5H         LINE#         175
  C:5EF7H         LINE#         176
  C:5EFAH         LINE#         177
  C:5EFFH         LINE#         178
  C:5F02H         LINE#         179
  C:5F07H         LINE#         180
  C:5F0AH         LINE#         181
  C:5F0DH         LINE#         182
  C:5F14H         LINE#         184
  C:5F16H         LINE#         185
  C:5F18H         LINE#         186
  C:5F1FH         LINE#         187
  -------         ENDPROC       _WR_EEPROM
  -------         PROC          _RD_EEPROM
  D:0003H         SYMBOL        control
  D:0004H         SYMBOL        Dir
  -------         DO            
  D:0005H         SYMBOL        dir_h
  D:0002H         SYMBOL        dir_l
  -------         ENDDO         
  C:610EH         LINE#         237
  C:6110H         LINE#         238
  C:6110H         LINE#         241
  C:6114H         LINE#         242
  C:6114H         LINE#         243
  C:6114H         LINE#         245
  C:6114H         LINE#         246
  C:6114H         LINE#         248
  C:6117H         LINE#         249
  C:6119H         LINE#         250
  C:611CH         LINE#         251
  C:611EH         LINE#         252
  C:6121H         LINE#         253
  C:6126H         LINE#         254
  C:6129H         LINE#         255
  C:612CH         LINE#         256
  C:6132H         LINE#         257
  C:6135H         LINE#         258
BL51 BANKED LINKER/LOCATER V6.22.2.0                                                  11/16/2021  16:26:54  PAGE 30


  C:6137H         LINE#         259
  C:613AH         LINE#         260
  C:613DH         LINE#         261
  C:613FH         LINE#         262
  C:6141H         LINE#         263
  C:6146H         LINE#         264
  -------         ENDPROC       _RD_EEPROM
  -------         PROC          _LEERMEMORIA
  X:007DH         SYMBOL        addres
  X:007FH         SYMBOL        res
  -------         DO            
  D:0007H         SYMBOL        i
  -------         ENDDO         
  C:5870H         LINE#         269
  C:5881H         LINE#         270
  C:5881H         LINE#         275
  C:5881H         LINE#         276
  C:589DH         LINE#         277
  C:58ACH         LINE#         278
  C:58BAH         LINE#         279
  C:58C4H         LINE#         280
  C:58C4H         LINE#         281
  C:58C7H         LINE#         283
  -------         ENDPROC       _LEERMEMORIA
  -------         PROC          _ESCRIBIRMEMORIA
  X:007DH         SYMBOL        control
  X:007EH         SYMBOL        addres
  X:0080H         SYMBOL        res
  C:5184H         LINE#         291
  C:5198H         LINE#         292
  C:5198H         LINE#         294
  C:51A8H         LINE#         295
  C:51A8H         LINE#         296
  C:51ABH         LINE#         297
  C:51ABH         LINE#         299
  C:51AFH         LINE#         300
  C:51AFH         LINE#         301
  C:51CAH         LINE#         302
  C:51D8H         LINE#         303
  C:51E2H         LINE#         304
  C:51E4H         LINE#         305
  C:51F3H         LINE#         306
  -------         ENDPROC       _ESCRIBIRMEMORIA
  -------         PROC          CONFIRMACION
  -------         DO            
  X:001DH         SYMBOL        hora
  D:0007H         SYMBOL        temp
  -------         ENDDO         
  C:601FH         LINE#         308
  C:601FH         LINE#         309
  C:601FH         LINE#         311
  C:6021H         LINE#         312
  C:602AH         LINE#         314
  C:6030H         LINE#         315
  C:6034H         LINE#         316
  C:6034H         LINE#         318
  C:6038H         LINE#         319
BL51 BANKED LINKER/LOCATER V6.22.2.0                                                  11/16/2021  16:26:54  PAGE 31


  C:6041H         LINE#         320
  C:6041H         LINE#         322
  C:6046H         LINE#         323
  C:6048H         LINE#         324
  C:6048H         LINE#         326
  C:604CH         LINE#         327
  C:6055H         LINE#         328
  C:6055H         LINE#         329
  C:6055H         LINE#         330
  C:6055H         LINE#         331
  C:6057H         LINE#         333
  C:6057H         LINE#         334
  C:605AH         LINE#         335
  C:605AH         LINE#         336
  C:605AH         LINE#         337
  C:605AH         LINE#         340
  -------         ENDPROC       CONFIRMACION
  -------         PROC          FORMATO_EEPROM
  -------         DO            
  X:0028H         SYMBOL        dato
  X:0029H         SYMBOL        i
  -------         ENDDO         
  C:5F26H         LINE#         341
  C:5F26H         LINE#         342
  C:5F26H         LINE#         343
  C:5F2CH         LINE#         346
  C:5F41H         LINE#         347
  C:5F41H         LINE#         348
  C:5F4BH         LINE#         349
  C:5F5BH         LINE#         350
  -------         ENDPROC       FORMATO_EEPROM
  -------         PROC          LIMPIAR_MEMORIA_TICKET
  -------         DO            
  X:002FH         SYMBOL        i
  -------         ENDDO         
  C:605BH         LINE#         353
  C:605BH         LINE#         354
  C:605BH         LINE#         358
  C:6066H         LINE#         360
  C:607FH         LINE#         361
  C:607FH         LINE#         362
  C:6086H         LINE#         363
  C:6096H         LINE#         366
  -------         ENDPROC       LIMPIAR_MEMORIA_TICKET
  -------         ENDMOD        EEPROM

  -------         MODULE        IO_SENSORES
  C:0000H         SYMBOL        _ICE_DUMMY_
  D:0090H         PUBLIC        P1
  D:00B0H         PUBLIC        P3
  C:63EEH         PUBLIC        Dir_board
  B:0090H.1       PUBLIC        DataIn
  C:64C9H         PUBLIC        sel_Auto
  C:559BH         PUBLIC        ValidaSensoresPaso
  B:00B0H.3       PUBLIC        busy
  C:62C3H         PUBLIC        ValidaSensor
  C:64D7H         PUBLIC        sel_Sensor1
BL51 BANKED LINKER/LOCATER V6.22.2.0                                                  11/16/2021  16:26:54  PAGE 32


  C:64D0H         PUBLIC        sel_Sensor2
  B:00B0H.5       PUBLIC        sel_A
  B:00B0H.6       PUBLIC        sel_B
  B:00B0H.7       PUBLIC        sel_C
  C:5528H         PUBLIC        msj_lcd_informativo
  C:64DEH         PUBLIC        sel_Dir1
  C:64E5H         PUBLIC        sel_Dir2
  C:64C2H         PUBLIC        sel_Funcion
  -------         PROC          SEL_FUNCION
  C:64C2H         LINE#         26
  C:64C2H         LINE#         27
  C:64C2H         LINE#         28
  C:64C4H         LINE#         29
  C:64C6H         LINE#         30
  C:64C8H         LINE#         31
  -------         ENDPROC       SEL_FUNCION
  -------         PROC          SEL_AUTO
  C:64C9H         LINE#         33
  C:64C9H         LINE#         34
  C:64C9H         LINE#         35
  C:64CBH         LINE#         36
  C:64CDH         LINE#         37
  C:64CFH         LINE#         38
  -------         ENDPROC       SEL_AUTO
  -------         PROC          SEL_SENSOR2
  C:64D0H         LINE#         49
  C:64D0H         LINE#         50
  C:64D0H         LINE#         51
  C:64D2H         LINE#         52
  C:64D4H         LINE#         53
  C:64D6H         LINE#         54
  -------         ENDPROC       SEL_SENSOR2
  -------         PROC          SEL_SENSOR1
  C:64D7H         LINE#         56
  C:64D7H         LINE#         57
  C:64D7H         LINE#         58
  C:64D9H         LINE#         59
  C:64DBH         LINE#         60
  C:64DDH         LINE#         61
  -------         ENDPROC       SEL_SENSOR1
  -------         PROC          SEL_DIR1
  C:64DEH         LINE#         63
  C:64DEH         LINE#         64
  C:64DEH         LINE#         65
  C:64E0H         LINE#         66
  C:64E2H         LINE#         67
  C:64E4H         LINE#         68
  -------         ENDPROC       SEL_DIR1
  -------         PROC          SEL_DIR2
  C:64E5H         LINE#         70
  C:64E5H         LINE#         71
  C:64E5H         LINE#         72
  C:64E7H         LINE#         73
  C:64E9H         LINE#         74
  C:64EBH         LINE#         75
  -------         ENDPROC       SEL_DIR2
  -------         PROC          VALIDASENSOR
BL51 BANKED LINKER/LOCATER V6.22.2.0                                                  11/16/2021  16:26:54  PAGE 33


  -------         DO            
  D:0007H         SYMBOL        Valido
  D:0004H         SYMBOL        Tmin
  -------         ENDDO         
  C:62C3H         LINE#         77
  C:62C3H         LINE#         78
  C:62C3H         LINE#         80
  C:62C5H         LINE#         81
  C:62C9H         LINE#         82
  C:62D4H         LINE#         83
  C:62D4H         LINE#         84
  C:62D9H         LINE#         85
  C:62DDH         LINE#         86
  C:62DDH         LINE#         87
  C:62DFH         LINE#         88
  C:62DFH         LINE#         89
  C:62E1H         LINE#         90
  C:62E1H         LINE#         91
  -------         ENDPROC       VALIDASENSOR
  -------         PROC          DIR_BOARD
  -------         DO            
  D:0007H         SYMBOL        Board
  -------         ENDDO         
  C:63EEH         LINE#         95
  C:63EEH         LINE#         96
  C:63EEH         LINE#         97
  C:63F0H         LINE#         99
  C:63F3H         LINE#         100
  C:63F6H         LINE#         101
  C:63F6H         LINE#         102
  C:63F7H         LINE#         103
  C:63F7H         LINE#         104
  C:63FAH         LINE#         105
  C:63FDH         LINE#         106
  C:63FDH         LINE#         107
  C:63FFH         LINE#         108
  C:63FFH         LINE#         109
  C:63FFH         LINE#         110
  -------         ENDPROC       DIR_BOARD
  -------         PROC          VALIDASENSORESPASO
  C:559BH         LINE#         115
[...]
  C:3801H         LINE#         118
  C:3801H         LINE#         124
  C:380AH         LINE#         125
  C:3839H         LINE#         126
  C:387EH         LINE#         128
  C:3887H         LINE#         129
  C:3898H         LINE#         130
  C:38A1H         LINE#         132
  C:38AAH         LINE#         133
  C:38BBH         LINE#         134
BL51 BANKED LINKER/LOCATER V6.22.2.0                                                  11/16/2021  16:26:54  PAGE 68


  C:38C4H         LINE#         135
  C:38E4H         LINE#         136
  C:38E4H         LINE#         137
  C:38E9H         LINE#         138
  C:38EBH         LINE#         140
  C:38EBH         LINE#         141
  C:38F4H         LINE#         142
  C:38F9H         LINE#         143
  C:38F9H         LINE#         147
  C:38FEH         LINE#         148
  -------         ENDPROC       _CHECK_FECHAOUT_2
  -------         PROC          _BLOQUE_HORARIO
  X:001FH         SYMBOL        buffer
  -------         DO            
  X:0022H         SYMBOL        Estado_Horario
  X:0023H         SYMBOL        HoraNow
  D:0006H         SYMBOL        Hora_Ticket
  -------         ENDDO         
  C:36E8H         LINE#         149
  C:36F3H         LINE#         150
  C:36F3H         LINE#         157
  C:36FCH         LINE#         158
  C:3704H         LINE#         159
  C:370CH         LINE#         160
  C:3715H         LINE#         161
  C:3743H         LINE#         166
  C:374CH         LINE#         170
  C:3764H         LINE#         171
  C:377CH         LINE#         172
  C:3785H         LINE#         173
  C:37C6H         LINE#         174
  C:37D5H         LINE#         175
  C:37D5H         LINE#         176
  C:37DCH         LINE#         177
  C:37E1H         LINE#         179
  C:37E3H         LINE#         181
  C:37E3H         LINE#         182
  C:37EAH         LINE#         183
  C:37F0H         LINE#         185
  C:37F0H         LINE#         186
  C:37F5H         LINE#         187
  -------         ENDPROC       _BLOQUE_HORARIO
  -------         PROC          _SET_ALMACENA_TICKET_EEPROM
  X:001FH         SYMBOL        ticket
  -------         DO            
  X:0022H         SYMBOL        dataee
  -------         ENDDO         
  C:3FB6H         LINE#         188
  C:3FC1H         LINE#         189
  C:3FC1H         LINE#         191
  C:3FCFH         LINE#         192
  C:3FDBH         LINE#         193
  C:3FDBH         LINE#         196
  C:3FF4H         LINE#         200
  C:4014H         LINE#         201
  C:401DH         LINE#         202
  C:402BH         LINE#         203
BL51 BANKED LINKER/LOCATER V6.22.2.0                                                  11/16/2021  16:26:54  PAGE 69


  C:4034H         LINE#         205
  C:403AH         LINE#         206
  C:4045H         LINE#         208
  C:404EH         LINE#         209
  C:4056H         LINE#         210
  C:405FH         LINE#         212
  C:405FH         LINE#         214
  C:405FH         LINE#         215
  C:4064H         LINE#         216
  C:4081H         LINE#         217
  C:4087H         LINE#         218
  C:4092H         LINE#         220
  C:4092H         LINE#         223
  -------         ENDPROC       _SET_ALMACENA_TICKET_EEPROM
  -------         PROC          _GET_ALMACENA_TICKET_EEPROM
  X:001FH         SYMBOL        ticket
  -------         DO            
  X:0022H         SYMBOL        Ticket_eeprom
  X:002CH         SYMBOL        dataee
  X:002DH         SYMBOL        i
  X:015CH         SYMBOL        dbee
  -------         ENDDO         
  C:4244H         LINE#         225
  C:424FH         LINE#         226
  C:424FH         LINE#         231
  C:425DH         LINE#         233
  C:4269H         LINE#         234
  C:4269H         LINE#         240
  C:427FH         LINE#         241
  C:427FH         LINE#         242
  C:428FH         LINE#         247
  C:429FH         LINE#         250
  C:42A8H         LINE#         251
  C:42BCH         LINE#         252
  C:42C5H         LINE#         254
  C:42CEH         LINE#         255
  C:42D7H         LINE#         256
  C:42E0H         LINE#         258
  C:42FBH         LINE#         259
  C:42FBH         LINE#         260
  C:4304H         LINE#         261
  C:4307H         LINE#         262
  C:4307H         LINE#         263
  C:4307H         LINE#         264
  C:4310H         LINE#         268
  C:4310H         LINE#         270
  C:4310H         LINE#         271
  C:4313H         LINE#         272
  C:4313H         LINE#         274
  C:4315H         LINE#         275
  -------         ENDPROC       _GET_ALMACENA_TICKET_EEPROM
  -------         PROC          LEE_TICKET
  -------         DO            
  X:015DH         SYMBOL        paso_una_vez
  X:015EH         SYMBOL        Ticket
  X:000EH         SYMBOL        fecha
  X:0168H         SYMBOL        fecha2
BL51 BANKED LINKER/LOCATER V6.22.2.0                                                  11/16/2021  16:26:54  PAGE 70


  X:0019H         SYMBOL        temp
  X:001AH         SYMBOL        temp2
  X:001BH         SYMBOL        vehiculo
  X:001CH         SYMBOL        tipo_vehiculo
  -------         ENDDO         
  C:186DH         LINE#         282
  C:186DH         LINE#         283
  C:186DH         LINE#         291
  C:1893H         LINE#         292
  C:1893H         LINE#         293
  C:1893H         LINE#         296
  C:189EH         LINE#         297
  C:189EH         LINE#         298
  C:18A0H         LINE#         300
  C:18A6H         LINE#         301
  C:18A6H         LINE#         302
  C:18AFH         LINE#         303
  C:18B4H         LINE#         304
  C:18BAH         LINE#         305
  C:18BAH         LINE#         306
  C:18BFH         LINE#         307
  C:18C5H         LINE#         308
  C:18C5H         LINE#         309
  C:18C5H         LINE#         310
  C:18C5H         LINE#         314
  C:18C8H         LINE#         316
  C:18C8H         LINE#         317
  C:18D1H         LINE#         318
  C:18D6H         LINE#         319
  C:18D6H         LINE#         320
  C:18D6H         LINE#         322
  C:18D6H         LINE#         323
  C:18D6H         LINE#         324
  C:18D9H         LINE#         329
  C:18D9H         LINE#         330
  C:18EAH         LINE#         331
  C:18EAH         LINE#         332
  C:18F2H         LINE#         333
  C:18F2H         LINE#         335
  C:18FBH         LINE#         336
  C:1904H         LINE#         337
  C:190DH         LINE#         338
  C:1913H         LINE#         339
  C:1919H         LINE#         342
  C:191AH         LINE#         343
  C:1922H         LINE#         344
  C:1922H         LINE#         346
  C:1930H         LINE#         347
  C:193EH         LINE#         348
  C:194BH         LINE#         349
  C:1957H         LINE#         350
  C:1961H         LINE#         351
  C:1961H         LINE#         352
  C:1964H         LINE#         353
  C:1969H         LINE#         354
  C:1969H         LINE#         355
  C:1969H         LINE#         356
BL51 BANKED LINKER/LOCATER V6.22.2.0                                                  11/16/2021  16:26:54  PAGE 71


  C:196CH         LINE#         357
  C:196CH         LINE#         359
  C:1975H         LINE#         360
  C:197EH         LINE#         361
  C:1987H         LINE#         366
  C:198DH         LINE#         367
  C:198EH         LINE#         369
  C:198EH         LINE#         371
  C:1991H         LINE#         372
  C:1996H         LINE#         373
  C:199AH         LINE#         374
  C:19A3H         LINE#         375
  C:19A9H         LINE#         376
  C:19A9H         LINE#         377
  C:19A9H         LINE#         381
  C:19A9H         LINE#         382
  C:19ACH         LINE#         383
  C:19ACH         LINE#         386
  C:19B5H         LINE#         387
  C:19BAH         LINE#         388
  C:19C0H         LINE#         389
  C:19CAH         LINE#         391
  C:19D0H         LINE#         392
  C:19D0H         LINE#         393
  C:19DEH         LINE#         394
  C:19DEH         LINE#         395
  C:19DEH         LINE#         396
  C:19DEH         LINE#         399
  C:19E1H         LINE#         401
  C:19E1H         LINE#         406
  C:19ECH         LINE#         407
  C:19ECH         LINE#         409
  C:19F5H         LINE#         411
  C:19FAH         LINE#         413
  C:1A0AH         LINE#         414
  C:1A12H         LINE#         415
  C:1A38H         LINE#         416
  C:1A38H         LINE#         417
  C:1A3BH         LINE#         418
  C:1A3DH         LINE#         420
  C:1A3DH         LINE#         421
  C:1A40H         LINE#         422
  C:1A40H         LINE#         423
  C:1A49H         LINE#         424
  C:1A51H         LINE#         425
  C:1A5AH         LINE#         427
  C:1A63H         LINE#         428
  C:1A6BH         LINE#         429
  C:1A74H         LINE#         430
  C:1A7CH         LINE#         431
  C:1A85H         LINE#         433
  C:1A8AH         LINE#         434
  C:1AA6H         LINE#         435
  C:1AA6H         LINE#         436
  C:1ACFH         LINE#         437
  C:1ADEH         LINE#         439
  C:1AE7H         LINE#         440
BL51 BANKED LINKER/LOCATER V6.22.2.0                                                  11/16/2021  16:26:54  PAGE 72


  C:1AF0H         LINE#         444
  C:1B04H         LINE#         445
  C:1B0CH         LINE#         446
  C:1B15H         LINE#         447
  C:1B1DH         LINE#         448
  C:1B25H         LINE#         449
  C:1B2EH         LINE#         450
  C:1B57H         LINE#         451
  C:1B66H         LINE#         454
  C:1B7EH         LINE#         456
  C:1B96H         LINE#         458
  C:1BAEH         LINE#         460
  C:1BC6H         LINE#         462
  C:1BDEH         LINE#         464
  C:1BE7H         LINE#         465
  C:1BF0H         LINE#         466
  C:1BF9H         LINE#         468
  C:1C07H         LINE#         469
  C:1C07H         LINE#         471
  C:1C07H         LINE#         472
  C:1C07H         LINE#         473
  C:1C09H         LINE#         474
  C:1C09H         LINE#         475
  C:1C17H         LINE#         476
  C:1C17H         LINE#         478
  C:1C1CH         LINE#         479
  C:1C1CH         LINE#         480
  C:1C1EH         LINE#         481
  C:1C1EH         LINE#         482
  C:1C2CH         LINE#         485
  C:1C32H         LINE#         486
  C:1C32H         LINE#         487
  C:1C40H         LINE#         488
  C:1C40H         LINE#         490
  C:1C40H         LINE#         491
  C:1C40H         LINE#         492
  C:1C43H         LINE#         493
  C:1C43H         LINE#         495
  C:1C43H         LINE#         496
  C:1C45H         LINE#         497
  C:1C48H         LINE#         498
  C:1C4EH         LINE#         499
  C:1C54H         LINE#         501
  C:1C54H         LINE#         502
  C:1C54H         LINE#         503
  C:1C55H         LINE#         504
  C:1C55H         LINE#         507
  C:1C62H         LINE#         508
  C:1C62H         LINE#         510
  C:1C6BH         LINE#         511
  C:1C71H         LINE#         512
  C:1C74H         LINE#         513
  C:1C79H         LINE#         514
  C:1C7DH         LINE#         515
  C:1C7FH         LINE#         516
  C:1C80H         LINE#         517
  C:1C80H         LINE#         519
BL51 BANKED LINKER/LOCATER V6.22.2.0                                                  11/16/2021  16:26:54  PAGE 73


  C:1C80H         LINE#         521
  C:1C89H         LINE#         522
  C:1C8EH         LINE#         523
  C:1C90H         LINE#         524
  C:1C92H         LINE#         525
  C:1C98H         LINE#         526
  C:1C9BH         LINE#         527
  C:1CA0H         LINE#         528
  C:1CA4H         LINE#         529
  C:1CA4H         LINE#         531
  C:1CACH         LINE#         532
  C:1CACH         LINE#         533
  C:1CAEH         LINE#         534
  C:1CB0H         LINE#         535
  C:1CB9H         LINE#         537
  C:1CBFH         LINE#         538
  C:1CC2H         LINE#         539
  C:1CC7H         LINE#         540
  C:1CC7H         LINE#         541
  C:1CC7H         LINE#         542
  C:1CC9H         LINE#         543
  C:1CC9H         LINE#         544
  C:1CCEH         LINE#         545
  C:1CCFH         LINE#         547
  C:1CCFH         LINE#         548
  C:1CD7H         LINE#         549
  C:1CD7H         LINE#         550
  C:1CE0H         LINE#         552
  C:1CEEH         LINE#         553
  C:1CF4H         LINE#         554
  C:1CFAH         LINE#         555
  C:1CFAH         LINE#         556
  C:1CFAH         LINE#         557
  C:1CFAH         LINE#         558
  -------         ENDPROC       LEE_TICKET
  -------         ENDMOD        VERPRINT

  -------         MODULE        ?C?FPADD
  C:0D61H         PUBLIC        ?C?FPADD
  C:0D5DH         PUBLIC        ?C?FPSUB
  -------         ENDMOD        ?C?FPADD

  -------         MODULE        ?C?FPMUL
  C:0E52H         PUBLIC        ?C?FPMUL
  -------         ENDMOD        ?C?FPMUL

  -------         MODULE        ?C?FCAST
  C:0F62H         PUBLIC        ?C?FCASTC
  C:0F5DH         PUBLIC        ?C?FCASTI
  C:0F58H         PUBLIC        ?C?FCASTL
  -------         ENDMOD        ?C?FCAST

  -------         MODULE        ?C?CASTF
  C:0F96H         PUBLIC        ?C?CASTF
  -------         ENDMOD        ?C?CASTF

  -------         MODULE        PRINTF
BL51 BANKED LINKER/LOCATER V6.22.2.0                                                  11/16/2021  16:26:54  PAGE 74


  X:0081H         PUBLIC        ?_PRINTF?BYTE
  X:0081H         PUBLIC        ?_SPRINTF?BYTE
  C:1D66H         PUBLIC        _PRINTF
  C:1D60H         PUBLIC        _SPRINTF
  -------         ENDMOD        PRINTF

  -------         MODULE        POW
  X:0029H         PUBLIC        ?_pow?BYTE
  C:2E83H         PUBLIC        _pow
  -------         ENDMOD        POW

  -------         MODULE        ?C?CHKFLOAT
  C:1017H         PUBLIC        ?C?CHKFLOAT
  -------         ENDMOD        ?C?CHKFLOAT

  -------         MODULE        ?C?FPCMP
  C:1033H         PUBLIC        ?C?FPCMP
  C:1031H         PUBLIC        ?C?FPCMP3
  -------         ENDMOD        ?C?FPCMP

  -------         MODULE        ?C?FPNEG
  C:10AAH         PUBLIC        ?C?FPNEG
  -------         ENDMOD        ?C?FPNEG

  -------         MODULE        ?C?FPROUND
  C:10BBH         PUBLIC        ?C?FPROUND
  -------         ENDMOD        ?C?FPROUND

  -------         MODULE        ?C?FPCONVERT
  C:10F8H         PUBLIC        ?C?FPCONVERT
  -------         ENDMOD        ?C?FPCONVERT

  -------         MODULE        EXP
  C:4D31H         PUBLIC        _EXP
  -------         ENDMOD        EXP

  -------         MODULE        LOG
  C:33D1H         PUBLIC        _LOG
  C:33CDH         PUBLIC        _LOG10
  -------         ENDMOD        LOG

  -------         MODULE        ?C?FPDIV
  C:1200H         PUBLIC        ?C?FPDIV
  -------         ENDMOD        ?C?FPDIV

  -------         MODULE        ?C?FTNPWR
  C:12CDH         PUBLIC        ?C?FTNPWR
  -------         ENDMOD        ?C?FTNPWR

  -------         MODULE        ?C?COPY
  C:142AH         PUBLIC        ?C?COPY
  -------         ENDMOD        ?C?COPY

  -------         MODULE        ?C?CLDPTR
  C:1450H         PUBLIC        ?C?CLDPTR
  -------         ENDMOD        ?C?CLDPTR

BL51 BANKED LINKER/LOCATER V6.22.2.0                                                  11/16/2021  16:26:54  PAGE 75


  -------         MODULE        ?C?CLDOPTR
  C:1469H         PUBLIC        ?C?CLDOPTR
  -------         ENDMOD        ?C?CLDOPTR

  -------         MODULE        ?C?CSTPTR
  C:1496H         PUBLIC        ?C?CSTPTR
  -------         ENDMOD        ?C?CSTPTR

  -------         MODULE        ?C?CSTOPTR
  C:14A8H         PUBLIC        ?C?CSTOPTR
  -------         ENDMOD        ?C?CSTOPTR

  -------         MODULE        ?C?IMUL
  C:14CAH         PUBLIC        ?C?IMUL
  -------         ENDMOD        ?C?IMUL

  -------         MODULE        ?C?IILDX
  C:14DCH         PUBLIC        ?C?IILDX
  -------         ENDMOD        ?C?IILDX

  -------         MODULE        ?C?LNEG
  C:14F2H         PUBLIC        ?C?LNEG
  -------         ENDMOD        ?C?LNEG

  -------         MODULE        ?C?ULCMP
  C:1500H         PUBLIC        ?C?ULCMP
  -------         ENDMOD        ?C?ULCMP

  -------         MODULE        ?C?ULSHR
  C:1511H         PUBLIC        ?C?ULSHR
  -------         ENDMOD        ?C?ULSHR

  -------         MODULE        ?C?LLDCODE
  C:1524H         PUBLIC        ?C?LLDCODE
  -------         ENDMOD        ?C?LLDCODE

  -------         MODULE        ?C?LLDXDATA0
  C:1534H         PUBLIC        ?C?LLDXDATA0
  -------         ENDMOD        ?C?LLDXDATA0

  -------         MODULE        ?C?LLDCODE0
  C:1540H         PUBLIC        ?C?LLDCODE0
  -------         ENDMOD        ?C?LLDCODE0

  -------         MODULE        ?C?LSTXDATA
  C:1550H         PUBLIC        ?C?LSTXDATA
  -------         ENDMOD        ?C?LSTXDATA

  -------         MODULE        ?C?LSTKXDATA
  C:155CH         PUBLIC        ?C?LSTKXDATA
  -------         ENDMOD        ?C?LSTKXDATA

  -------         MODULE        ?C?PLDIXDATA
  C:158DH         PUBLIC        ?C?PLDIXDATA
  -------         ENDMOD        ?C?PLDIXDATA

  -------         MODULE        ?C?PSTXDATA
BL51 BANKED LINKER/LOCATER V6.22.2.0                                                  11/16/2021  16:26:54  PAGE 76


  C:15A4H         PUBLIC        ?C?PSTXDATA
  -------         ENDMOD        ?C?PSTXDATA

  -------         MODULE        ?C?CCASE
  C:15ADH         PUBLIC        ?C?CCASE
  -------         ENDMOD        ?C?CCASE

  -------         MODULE        STRCAT
  X:0050H         PUBLIC        ?_strcat?BYTE
  C:5678H         PUBLIC        _strcat
  -------         ENDMOD        STRCAT

  -------         MODULE        STRNCAT
  X:0048H         PUBLIC        ?_strncat?BYTE
  C:43DCH         PUBLIC        _strncat
  -------         ENDMOD        STRNCAT

  -------         MODULE        ?C?STRCMP
  C:1751H         PUBLIC        ?C?STRCMP
  -------         ENDMOD        ?C?STRCMP

  -------         MODULE        ?C?STRCPY
  C:183AH         PUBLIC        ?C?STRCPY
  -------         ENDMOD        ?C?STRCPY

  -------         MODULE        STRNCPY
  X:001FH         PUBLIC        ?_strncpy?BYTE
  C:56E3H         PUBLIC        _strncpy
  -------         ENDMOD        STRNCPY

  -------         MODULE        STRLEN
  C:000EH         PUBLIC        _STRLEN
  -------         ENDMOD        STRLEN

  -------         MODULE        STRSTR
  X:001FH         PUBLIC        ?_strstr?BYTE
  C:4565H         PUBLIC        _strstr
  -------         ENDMOD        STRSTR

  -------         MODULE        STRTOK
  X:004AH         PUBLIC        ?_strtok?BYTE
  C:3ED2H         PUBLIC        _strtok
  -------         ENDMOD        STRTOK

  -------         MODULE        ATOI
  C:4093H         PUBLIC        _atoi
  -------         ENDMOD        ATOI

  -------         MODULE        ?C?ILDIX
  C:1857H         PUBLIC        ?C?ILDIX
  -------         ENDMOD        ?C?ILDIX

  -------         MODULE        ISDIGIT
  C:6476H         PUBLIC        _isdigit
  -------         ENDMOD        ISDIGIT

  -------         MODULE        ISSPACE
BL51 BANKED LINKER/LOCATER V6.22.2.0                                                  11/16/2021  16:26:54  PAGE 77


  C:63B6H         PUBLIC        _isspace
  -------         ENDMOD        ISSPACE

  -------         MODULE        STRSPN
  X:0050H         PUBLIC        ?_strspn?BYTE
  C:53A3H         PUBLIC        _strspn
  -------         ENDMOD        STRSPN

  -------         MODULE        STRPBRK
  X:0050H         PUBLIC        ?_strpbrk?BYTE
  C:5427H         PUBLIC        _strpbrk
  -------         ENDMOD        STRPBRK

Program Size: data=158.4 xdata=377 code=25859
LINK/LOCATE RUN COMPLETE.  0 WARNING(S),  0 ERROR(S)
