BL51 BANKED LINKER/LOCATER V6.22.2.0                                                    10/25/2021  16:12:58  PAGE 1


BL51 BANKED LINKER/LOCATER V6.22.2.0, INVOKED BY:
C:\KEIL_V5\C51\BIN\BL51.EXE .\Objects\main.obj, .\Objects\Clock.obj, .\Objects\delay.obj, .\Objects\eeprom.obj, .\Object
>> s\io_sensores.obj, .\Objects\monitor.obj, .\Objects\num_serie.obj, .\Objects\pantallas.obj, .\Objects\prog.obj, .\Obj
>> ects\pto_paralelo.obj, .\Objects\tibbo.obj, .\Objects\uart.obj, .\Objects\Accescan.obj, .\Objects\verprint.obj TO .\O
>> bjects\VRFCDOR_PRINT_100 PRINT (.\Listings\VRFCDOR_PRINT_100.m51) RAMSIZE (256)


MEMORY MODEL: LARGE WITH FLOATING POINT ARITHMETIC


INPUT MODULES INCLUDED:
  .\Objects\main.obj (MAIN)
  .\Objects\Clock.obj (CLOCK)
  .\Objects\delay.obj (DELAY)
  .\Objects\eeprom.obj (EEPROM)
  .\Objects\io_sensores.obj (IO_SENSORES)
  .\Objects\monitor.obj (MONITOR)
  .\Objects\num_serie.obj (NUM_SERIE)
  .\Objects\pantallas.obj (PANTALLAS)
  .\Objects\prog.obj (PROG)
  .\Objects\pto_paralelo.obj (PTO_PARALELO)
  .\Objects\tibbo.obj (TIBBO)
  .\Objects\uart.obj (UART)
  .\Objects\Accescan.obj (ACCESCAN)
  .\Objects\verprint.obj (VERPRINT)
  C:\KEIL_V5\C51\LIB\C51FPL.LIB (?C?FPADD)
  C:\KEIL_V5\C51\LIB\C51FPL.LIB (?C?FPMUL)
  C:\KEIL_V5\C51\LIB\C51FPL.LIB (?C?FCAST)
  C:\KEIL_V5\C51\LIB\C51FPL.LIB (?C?CASTF)
  C:\KEIL_V5\C51\LIB\C51FPL.LIB (PRINTF)
  C:\KEIL_V5\C51\LIB\C51FPL.LIB (POW)
  C:\KEIL_V5\C51\LIB\C51FPL.LIB (?C?FPGETOPN)
  C:\KEIL_V5\C51\LIB\C51FPL.LIB (?C?CHKFLOAT)
  C:\KEIL_V5\C51\LIB\C51FPL.LIB (?C?FPCMP)
  C:\KEIL_V5\C51\LIB\C51FPL.LIB (?C?FPNEG)
  C:\KEIL_V5\C51\LIB\C51FPL.LIB (?C?FPROUND)
  C:\KEIL_V5\C51\LIB\C51FPL.LIB (?C?FPCONVERT)
  C:\KEIL_V5\C51\LIB\C51FPL.LIB (EXP)
  C:\KEIL_V5\C51\LIB\C51FPL.LIB (LOG)
  C:\KEIL_V5\C51\LIB\C51FPL.LIB (?C?FPDIV)
  C:\KEIL_V5\C51\LIB\C51FPL.LIB (?C?FTNPWR)
  C:\KEIL_V5\C51\LIB\C51FPL.LIB (?C?FPSERIES)
  C:\KEIL_V5\C51\LIB\C51L.LIB (?C_STARTUP)
  C:\KEIL_V5\C51\LIB\C51L.LIB (?C?COPY)
  C:\KEIL_V5\C51\LIB\C51L.LIB (?C?CLDPTR)
  C:\KEIL_V5\C51\LIB\C51L.LIB (?C?CLDOPTR)
  C:\KEIL_V5\C51\LIB\C51L.LIB (?C?CSTPTR)
  C:\KEIL_V5\C51\LIB\C51L.LIB (?C?CSTOPTR)
  C:\KEIL_V5\C51\LIB\C51L.LIB (?C?IMUL)
  C:\KEIL_V5\C51\LIB\C51L.LIB (?C?IILDX)
  C:\KEIL_V5\C51\LIB\C51L.LIB (?C?LNEG)
  C:\KEIL_V5\C51\LIB\C51L.LIB (?C?ULCMP)
  C:\KEIL_V5\C51\LIB\C51L.LIB (?C?LLDCODE)
  C:\KEIL_V5\C51\LIB\C51L.LIB (?C?LLDXDATA0)
  C:\KEIL_V5\C51\LIB\C51L.LIB (?C?LLDCODE0)
  C:\KEIL_V5\C51\LIB\C51L.LIB (?C?LSTXDATA)
  C:\KEIL_V5\C51\LIB\C51L.LIB (?C?LSTKXDATA)
  C:\KEIL_V5\C51\LIB\C51L.LIB (?C?PLDIXDATA)
BL51 BANKED LINKER/LOCATER V6.22.2.0                                                  10/25/2021  16:12:58  PAGE 2


  C:\KEIL_V5\C51\LIB\C51L.LIB (?C?PSTXDATA)
  C:\KEIL_V5\C51\LIB\C51L.LIB (?C?CCASE)
  C:\KEIL_V5\C51\LIB\C51L.LIB (STRCAT)
  C:\KEIL_V5\C51\LIB\C51L.LIB (STRNCAT)
  C:\KEIL_V5\C51\LIB\C51L.LIB (?C?STRCMP)
  C:\KEIL_V5\C51\LIB\C51L.LIB (?C?STRCPY)
  C:\KEIL_V5\C51\LIB\C51L.LIB (STRNCPY)
  C:\KEIL_V5\C51\LIB\C51L.LIB (STRLEN)
  C:\KEIL_V5\C51\LIB\C51L.LIB (STRSTR)
  C:\KEIL_V5\C51\LIB\C51L.LIB (STRTOK)
  C:\KEIL_V5\C51\LIB\C51L.LIB (ATOI)
  C:\KEIL_V5\C51\LIB\C51L.LIB (?C_INIT)
  C:\KEIL_V5\C51\LIB\C51L.LIB (?C?ILDIX)
  C:\KEIL_V5\C51\LIB\C51L.LIB (ISDIGIT)
  C:\KEIL_V5\C51\LIB\C51L.LIB (ISSPACE)
  C:\KEIL_V5\C51\LIB\C51L.LIB (STRSPN)
  C:\KEIL_V5\C51\LIB\C51L.LIB (STRPBRK)


LINK MAP OF MODULE:  .\Objects\VRFCDOR_PRINT_100 (MAIN)


            TYPE    BASE      LENGTH    RELOCATION   SEGMENT NAME
            -----------------------------------------------------

            * * * * * * *   D A T A   M E M O R Y   * * * * * * *
            REG     0000H     0008H     ABSOLUTE     "REG BANK 0"
            DATA    0008H     0005H     UNIT         ?DT?UART
            DATA    000DH     0005H     UNIT         _DATA_GROUP_
                    0012H     000EH                  *** GAP ***
            BIT     0020H.0   0001H.1   UNIT         _BIT_GROUP_
            BIT     0021H.1   0000H.1   UNIT         ?BI?MAIN
            BIT     0021H.2   0000H.1   UNIT         ?BI?EEPROM
            BIT     0021H.3   0000H.1   UNIT         ?BI?UART
                    0021H.4   0000H.4                *** GAP ***
            IDATA   0022H     008AH     UNIT         ?ID?MAIN
            IDATA   00ACH     0001H     UNIT         ?STACK

            * * * * * * *  X D A T A   M E M O R Y  * * * * * * *
            XDATA   0000H     00B5H     UNIT         _XDATA_GROUP_
            XDATA   00B5H     005FH     UNIT         ?XD?PROG
            XDATA   0114H     0048H     UNIT         ?XD?MAIN
            XDATA   015CH     0016H     UNIT         ?XD?VERPRINT
            XDATA   0172H     0012H     UNIT         ?XD?_CHECK_FECHAOUT_2?VERPRINT
            XDATA   0184H     0003H     UNIT         ?XD?_BLOCK_READ_CLOCK_HEX?CLOCK
            XDATA   0187H     0003H     UNIT         ?XD?EEPROM
            XDATA   018AH     0003H     UNIT         ?XD?STRTOK
            XDATA   018DH     0001H     UNIT         ?XD?CLOCK

            * * * * * * *   C O D E   M E M O R Y   * * * * * * *
            CODE    0000H     0003H     ABSOLUTE     
            CODE    0003H     0008H     UNIT         ?PR?P_CK?CLOCK
            CODE    000BH     0003H     ABSOLUTE     
            CODE    000EH     0015H     UNIT         ?PR?_STRLEN?STRLEN
            CODE    0023H     0003H     ABSOLUTE     
            CODE    0026H     0D34H     UNIT         ?CO?PROG
            CODE    0D5AH     0B00H     UNIT         ?C?LIB_CODE
BL51 BANKED LINKER/LOCATER V6.22.2.0                                                  10/25/2021  16:12:58  PAGE 3


            CODE    185AH     0483H     UNIT         ?PR?PRINTF?PRINTF
            CODE    1CDDH     03A7H     UNIT         ?PR?_VALIDA_TRAMA_PTO?ACCESCAN
            CODE    2084H     0338H     UNIT         ?PR?LEE_TICKET?VERPRINT
            CODE    23BCH     02D0H     UNIT         ?PR?_TWO_BYTEHEX_DECIMAL?CLOCK
            CODE    268CH     023AH     UNIT         ?PR?MENU?PROG
            CODE    28C6H     01D8H     UNIT         ?PR?_BLOCK_READ_CLOCK_ASCII?CLOCK
            CODE    2A9EH     0166H     UNIT         ?PR?_POW?POW
            CODE    2C04H     0148H     UNIT         ?PR?_TRAMA_PRINT_COD_BARRAS?PTO_PARALELO
            CODE    2D4CH     013FH     UNIT         ?CO?VERPRINT
            CODE    2E8BH     013EH     UNIT         ?PR?PROG_SIN_COBRO?PROG
            CODE    2FC9H     012EH     UNIT         ?PR?_PANTALLALCD_LINEA_2?PANTALLAS
            CODE    30F7H     0129H     UNIT         ?PR?LOG?LOG
            CODE    3220H     0110H     UNIT         ?PR?LOAD_AND_SEND_ID_COD?PTO_PARALELO
            CODE    3330H     00FCH     UNIT         ?PR?PROG_DEBUG?PROG
            CODE    342CH     00FCH     UNIT         ?PR?PROG_USE_LPR?PROG
            CODE    3528H     00FCH     UNIT         ?PR?TIPO_PANTALLA?PROG
            CODE    3624H     00FCH     UNIT         ?PR?PROG_COMPARACION_ACTIVA?PROG
            CODE    3720H     00FCH     UNIT         ?PR?PROG_QR_BARRAS?PROG
            CODE    381CH     00FBH     UNIT         ?CO?PANTALLAS
            CODE    3917H     00E7H     UNIT         ?PR?_CMD_LPR_SALIDA_PRINT?MONITOR
            CODE    39FEH     00E4H     UNIT         ?PR?_STRTOK?STRTOK
            CODE    3AE2H     00DBH     UNIT         ?PR?_ATOI?ATOI
            CODE    3BBDH     00D6H     UNIT         ?PR?_CMD_LPR_SALIDA_WIEGAND?MONITOR
            CODE    3C93H     00C6H     UNIT         ?PR?SHOW?PROG
            CODE    3D59H     00C5H     UNIT         ?PR?_STRNCAT?STRNCAT
            CODE    3E1EH     00C4H     UNIT         ?PR?_BLOCK_READ_CLOCK?CLOCK
            CODE    3EE2H     00BFH     UNIT         ?PR?_STRSTR?STRSTR
            CODE    3FA1H     00BDH     UNIT         ?PR?PROG_COD_PARK?PROG
            CODE    405EH     00BDH     UNIT         ?PR?PROG_TIEMPO_GRACIA?PROG
            CODE    411BH     00BBH     UNIT         ?PR?_CHECK_FECHAOUT_2?VERPRINT
            CODE    41D6H     00B9H     UNIT         ?PR?MAIN?MAIN
            CODE    428FH     00B6H     UNIT         ?PR?PROG_ID_CLIENTE?PROG
            CODE    4345H     00B4H     UNIT         ?PR?_SEND_PORT?PTO_PARALELO
            CODE    43F9H     00B2H     UNIT         ?C_INITSEG
            CODE    44ABH     00A6H     UNIT         ?PR?_BLOCK_READ_CLOCK_HEX?CLOCK
            CODE    4551H     00A0H     UNIT         ?CO?IO_SENSORES
            CODE    45F1H     009BH     UNIT         ?PR?_VALIDA_TRAMA_MONITOR?MONITOR
            CODE    468CH     009AH     UNIT         ?PR?EXP?EXP
            CODE    4726H     0097H     UNIT         ?PR?_RECIBE_PORT?PTO_PARALELO
            CODE    47BDH     0095H     UNIT         ?PR?_RECIBE_CMD_MONITOR?MONITOR
            CODE    4852H     0090H     UNIT         ?PR?_LEE_CLK?CLOCK
            CODE    48E2H     0090H     UNIT         ?PR?_PANTALLALCD?PANTALLAS
            CODE    4972H     0090H     UNIT         ?PR?_GETOPTION?PROG
            CODE    4A02H     008FH     UNIT         ?PR?_BLOCK_WRITE_CLOCK_ASCII?CLOCK
            CODE    4A91H     008CH     UNIT         ?C_C51STARTUP
            CODE    4B1DH     008AH     UNIT         ?PR?VARIABLE_INICIO?MAIN
            CODE    4BA7H     008AH     UNIT         ?PR?_ESCRIBIRMEMORIA?EEPROM
            CODE    4C31H     0088H     UNIT         ?PR?_SEND_PORTERR?PTO_PARALELO
            CODE    4CB9H     0088H     UNIT         ?PR?RX_DATA?TIBBO
            CODE    4D41H     0085H     UNIT         ?PR?COM_ISR?UART
            CODE    4DC6H     0084H     UNIT         ?PR?_STRSPN?STRSPN
            CODE    4E4AH     0081H     UNIT         ?PR?_STRPBRK?STRPBRK
            CODE    4ECBH     0080H     UNIT         ?PR?_INGRESADATO?PROG
            CODE    4F4BH     0073H     UNIT         ?PR?MSJ_LCD_INFORMATIVO?IO_SENSORES
            CODE    4FBEH     006FH     UNIT         ?PR?VALIDASENSORESPASO?IO_SENSORES
            CODE    502DH     006EH     UNIT         ?PR?_DEBUGBUFFERMF?TIBBO
            CODE    509BH     006BH     UNIT         ?PR?_STRCAT?STRCAT
BL51 BANKED LINKER/LOCATER V6.22.2.0                                                  10/25/2021  16:12:58  PAGE 4


            CODE    5106H     0068H     UNIT         ?PR?_STRNCPY?STRNCPY
            CODE    516EH     0062H     UNIT         ?PR?_LISTACOMANDOS?PROG
            CODE    51D0H     005EH     UNIT         ?PR?_RASPBERRY_DATA?PANTALLAS
            CODE    522EH     0058H     UNIT         ?PR?_LEERMEMORIA?EEPROM
            CODE    5286H     0057H     UNIT         ?CO?TIBBO
            CODE    52DDH     0053H     UNIT         ?PR?_BYTEHEX_DECIMAL?CLOCK
            CODE    5330H     004DH     UNIT         ?PR?L_D_M?EEPROM
            CODE    537DH     0048H     UNIT         ?PR?_TX_AUX?TIBBO
            CODE    53C5H     0047H     UNIT         ?PR?PROG_CLIENTE?PROG
            CODE    540CH     0047H     UNIT         ?PR?PROG_NIT?PROG
            CODE    5453H     0047H     UNIT         ?PR?PROG_NOM_PARQ?PROG
            CODE    549AH     0047H     UNIT         ?PR?PROG_DIRECCION?PROG
            CODE    54E1H     0047H     UNIT         ?PR?PROG_MSJ1?PROG
            CODE    5528H     0047H     UNIT         ?PR?PROG_MSJ2?PROG
            CODE    556FH     0047H     UNIT         ?PR?PROG_MSJ3?PROG
            CODE    55B6H     0047H     UNIT         ?PR?PROG_MSJ4?PROG
            CODE    55FDH     0047H     UNIT         ?PR?PROG_MSJ5?PROG
            CODE    5644H     0047H     UNIT         ?PR?PROG_MSJ6?PROG
            CODE    568BH     0047H     UNIT         ?PR?PROG_MSJ7?PROG
            CODE    56D2H     0047H     UNIT         ?PR?_DEBUG_CHR_TIBBO?TIBBO
            CODE    5719H     0046H     UNIT         ?PR?_LCD_TXT_NUM_CHAR?PANTALLAS
            CODE    575FH     0045H     UNIT         ?PR?_VALIDARCLAVE?PROG
            CODE    57A4H     0041H     UNIT         ?PR?_TWO_ONE?CLOCK
            CODE    57E5H     0041H     UNIT         ?PR?_MONITOR_CHR?MONITOR
            CODE    5826H     0040H     UNIT         ?PR?_GETCMD?PROG
            CODE    5866H     003FH     UNIT         ?PR?_EB_CLK?CLOCK
            CODE    58A5H     003FH     UNIT         ?PR?_WR_EEPROM?EEPROM
            CODE    58E4H     003FH     UNIT         ?PR?FORMATO_EEPROM?EEPROM
            CODE    5923H     003EH     UNIT         ?PR?_PUTCHAR?MAIN
            CODE    5961H     003EH     UNIT         ?PR?_DEBUG_TXT_TIBBO?TIBBO
            CODE    599FH     003EH     UNIT         ?PR?COM_BAUDRATE?UART
            CODE    59DDH     003CH     UNIT         ?PR?CONFIRMACION?EEPROM
            CODE    5A19H     003CH     UNIT         ?PR?_LCD_TXT?PANTALLAS
            CODE    5A55H     003BH     UNIT         ?PR?_COM_PUTCHAR?UART
            CODE    5A90H     0039H     UNIT         ?PR?_RD_EEPROM?EEPROM
            CODE    5AC9H     0035H     UNIT         ?PR?RELOJ_PANTALLA_LCD?PANTALLAS
            CODE    5AFEH     002CH     UNIT         ?PR?LOAD_AND_SEND_INFO_RELOJ?PTO_PARALELO
            CODE    5B2AH     002AH     UNIT         ?PR?COM_INITIALIZE?UART
            CODE    5B54H     0028H     UNIT         ?PR?_WR_CLK?CLOCK
            CODE    5B7CH     0026H     UNIT         ?PR?COM_GETCHAR?UART
            CODE    5BA2H     0024H     UNIT         ?PR?_NUM_NUM?VERPRINT
            CODE    5BC6H     0022H     UNIT         ?PR?_E_D_M?EEPROM
            CODE    5BE8H     0020H     UNIT         ?PR?ACKD?EEPROM
            CODE    5C08H     0020H     UNIT         ?PR?ACK_LECT?EEPROM
            CODE    5C28H     0020H     UNIT         ?PR?TIME_BIT?TIBBO
            CODE    5C48H     001FH     UNIT         ?PR?VALIDASENSOR?IO_SENSORES
            CODE    5C67H     001FH     UNIT         ?PR?_NUM_CHAR?VERPRINT
            CODE    5C86H     001EH     UNIT         ?PR?_BCD_HEX?CLOCK
            CODE    5CA4H     001EH     UNIT         ?PR?_TX_CHRLCD?PANTALLAS
            CODE    5CC2H     001BH     UNIT         ?PR?_DELAY_1MS?DELAY
            CODE    5CDDH     001AH     UNIT         ?PR?TIME_MBIT?TIBBO
            CODE    5CF7H     0019H     UNIT         ?PR?TIMER0_INT?MAIN
            CODE    5D10H     0018H     UNIT         ?CO?ACCESCAN
            CODE    5D28H     0017H     UNIT         ?PR?DISPLAYCURSOR?PROG
            CODE    5D3FH     0014H     UNIT         ?PR?_ISSPACE?ISSPACE
            CODE    5D53H     0012H     UNIT         ?PR?_DELAY_20US?DELAY
            CODE    5D65H     0012H     UNIT         ?PR?START?EEPROM
BL51 BANKED LINKER/LOCATER V6.22.2.0                                                  10/25/2021  16:12:58  PAGE 5


            CODE    5D77H     0012H     UNIT         ?PR?DIR_BOARD?IO_SENSORES
            CODE    5D89H     0012H     UNIT         ?PR?PULSO_BUS?PTO_PARALELO
            CODE    5D9BH     0012H     UNIT         ?PR?COM_RBUFLEN?UART
            CODE    5DADH     0012H     UNIT         ?PR?COM_TBUFLEN?UART
            CODE    5DBFH     0010H     UNIT         ?PR?INI_TIMER?MAIN
            CODE    5DCFH     0010H     UNIT         ?PR?INICIA_BOARD?MAIN
            CODE    5DDFH     0010H     UNIT         ?PR?_GRABA_SERIE_ASCII_HEX?NUM_SERIE
            CODE    5DEFH     0010H     UNIT         ?CO?PTO_PARALELO
            CODE    5DFFH     000FH     UNIT         ?PR?_ISDIGIT?ISDIGIT
            CODE    5E0EH     000EH     UNIT         ?PR?CLEAR_BUFFER?UART
            CODE    5E1CH     000CH     UNIT         ?PR?_GETKEY?MAIN
            CODE    5E28H     000AH     UNIT         ?PR?COND_INI_PTO?PTO_PARALELO
            CODE    5E32H     0009H     UNIT         ?PR?STOP?EEPROM
            CODE    5E3BH     0009H     UNIT         ?PR?DEBUG_DIVIDIR_TEXTO?TIBBO
            CODE    5E44H     0007H     UNIT         ?PR?COND_INI_CLOCK?CLOCK
            CODE    5E4BH     0007H     UNIT         ?PR?SEL_FUNCION?IO_SENSORES
            CODE    5E52H     0007H     UNIT         ?PR?SEL_AUTO?IO_SENSORES
            CODE    5E59H     0007H     UNIT         ?PR?SEL_SENSOR2?IO_SENSORES
            CODE    5E60H     0007H     UNIT         ?PR?SEL_SENSOR1?IO_SENSORES
            CODE    5E67H     0007H     UNIT         ?PR?SEL_DIR1?IO_SENSORES
            CODE    5E6EH     0007H     UNIT         ?PR?SEL_DIR2?IO_SENSORES
            CODE    5E75H     0006H     UNIT         ?PR?P_ME?EEPROM
            CODE    5E7BH     0005H     UNIT         ?PR?ON_TIMER0_INTERRUP?MAIN
            CODE    5E80H     0005H     UNIT         ?PR?COND_INI_TIBBO?TIBBO
            CODE    5E85H     0003H     UNIT         ?PR?OFF_TIMER0_INTERRUP?MAIN
            CODE    5E88H     0003H     UNIT         ?CO?MAIN
            CODE    5E8BH     0001H     UNIT         ?PR?DELAY?DELAY



OVERLAY MAP OF MODULE:   .\Objects\VRFCDOR_PRINT_100 (MAIN)


SEGMENT                                             BIT_GROUP          DATA_GROUP          XDATA_GROUP
  +--> CALLED SEGMENT                            START    LENGTH     START    LENGTH     START    LENGTH
--------------------------------------------------------------------------------------------------------
?C_C51STARTUP                                    -----    -----      -----    -----      -----    -----
  +--> ?PR?MAIN?MAIN
  +--> ?C_INITSEG

?PR?MAIN?MAIN                                    -----    -----      -----    -----      0000H    000EH
  +--> ?PR?INI_TIMER?MAIN
  +--> ?PR?ON_TIMER0_INTERRUP?MAIN
  +--> ?PR?COM_INITIALIZE?UART
  +--> ?PR?COM_BAUDRATE?UART
  +--> ?PR?INICIA_BOARD?MAIN
  +--> ?PR?TIME_BIT?TIBBO
  +--> ?PR?TIME_MBIT?TIBBO
  +--> ?PR?_TX_AUX?TIBBO
  +--> ?PR?SEL_FUNCION?IO_SENSORES
  +--> ?PR?MENU?PROG
  +--> ?PR?VARIABLE_INICIO?MAIN
  +--> ?PR?_RECIBE_CMD_MONITOR?MONITOR
  +--> ?PR?DEBUG_DIVIDIR_TEXTO?TIBBO
  +--> ?PR?_VALIDA_TRAMA_MONITOR?MONITOR
  +--> ?PR?_DEBUGBUFFERMF?TIBBO
  +--> ?PR?_DEBUG_TXT_TIBBO?TIBBO
BL51 BANKED LINKER/LOCATER V6.22.2.0                                                  10/25/2021  16:12:58  PAGE 6


  +--> ?PR?LEE_TICKET?VERPRINT
  +--> ?PR?_RECIBE_PORT?PTO_PARALELO
  +--> ?PR?_DEBUG_CHR_TIBBO?TIBBO
  +--> ?CO?MAIN
  +--> ?PR?_VALIDA_TRAMA_PTO?ACCESCAN
  +--> ?PR?MSJ_LCD_INFORMATIVO?IO_SENSORES

?PR?COM_INITIALIZE?UART                          -----    -----      -----    -----      -----    -----
  +--> ?PR?COM_BAUDRATE?UART

?PR?COM_BAUDRATE?UART                            -----    -----      -----    -----      -----    -----
  +--> ?PR?_RD_EEPROM?EEPROM

?PR?_RD_EEPROM?EEPROM                            -----    -----      -----    -----      -----    -----
  +--> ?PR?START?EEPROM
  +--> ?PR?ACK_LECT?EEPROM
  +--> ?PR?_E_D_M?EEPROM
  +--> ?PR?ACKD?EEPROM
  +--> ?PR?L_D_M?EEPROM
  +--> ?PR?STOP?EEPROM

?PR?ACK_LECT?EEPROM                              -----    -----      -----    -----      -----    -----
  +--> ?PR?_E_D_M?EEPROM

?PR?_E_D_M?EEPROM                                -----    -----      -----    -----      -----    -----
  +--> ?PR?P_ME?EEPROM

?PR?ACKD?EEPROM                                  -----    -----      -----    -----      -----    -----
  +--> ?PR?_E_D_M?EEPROM

?PR?INICIA_BOARD?MAIN                            -----    -----      -----    -----      -----    -----
  +--> ?PR?COND_INI_TIBBO?TIBBO
  +--> ?PR?COND_INI_CLOCK?CLOCK
  +--> ?PR?COND_INI_PTO?PTO_PARALELO

?PR?_TX_AUX?TIBBO                                -----    -----      -----    -----      -----    -----
  +--> ?PR?TIME_BIT?TIBBO

?PR?MENU?PROG                                    -----    -----      -----    -----      000EH    0031H
  +--> ?CO?PROG
  +--> ?PR?PRINTF?PRINTF
  +--> ?PR?CLEAR_BUFFER?UART
  +--> ?PR?_INGRESADATO?PROG
  +--> ?PR?_GETCMD?PROG
  +--> ?PR?_VALIDARCLAVE?PROG
  +--> ?PR?DISPLAYCURSOR?PROG
  +--> ?PR?_STRLEN?STRLEN
  +--> ?PR?_GETOPTION?PROG
  +--> ?PR?_STRCAT?STRCAT
  +--> ?PR?_LISTACOMANDOS?PROG
  +--> ?PR?PROG_ID_CLIENTE?PROG
  +--> ?PR?PROG_COD_PARK?PROG
  +--> ?PR?PROG_TIEMPO_GRACIA?PROG
  +--> ?PR?PROG_SIN_COBRO?PROG
  +--> ?PR?PROG_DEBUG?PROG
  +--> ?PR?PROG_USE_LPR?PROG
  +--> ?PR?TIPO_PANTALLA?PROG
BL51 BANKED LINKER/LOCATER V6.22.2.0                                                  10/25/2021  16:12:58  PAGE 7


  +--> ?PR?PROG_COMPARACION_ACTIVA?PROG
  +--> ?PR?PROG_QR_BARRAS?PROG
  +--> ?PR?PROG_CLIENTE?PROG
  +--> ?PR?PROG_NIT?PROG
  +--> ?PR?PROG_NOM_PARQ?PROG
  +--> ?PR?PROG_DIRECCION?PROG
  +--> ?PR?PROG_MSJ1?PROG
  +--> ?PR?PROG_MSJ2?PROG
  +--> ?PR?PROG_MSJ3?PROG
  +--> ?PR?PROG_MSJ4?PROG
  +--> ?PR?PROG_MSJ5?PROG
  +--> ?PR?PROG_MSJ6?PROG
  +--> ?PR?PROG_MSJ7?PROG
  +--> ?PR?SHOW?PROG

?PR?PRINTF?PRINTF                                0020H.0  0001H.1    000DH    0005H      0081H    0030H
  +--> ?PR?_PUTCHAR?MAIN

?PR?_PUTCHAR?MAIN                                -----    -----      -----    -----      00B1H    0003H
  +--> ?PR?_COM_PUTCHAR?UART

?PR?_COM_PUTCHAR?UART                            -----    -----      -----    -----      00B4H    0001H
  +--> ?PR?COM_TBUFLEN?UART

?PR?_INGRESADATO?PROG                            -----    -----      -----    -----      007DH    0004H
  +--> ?PR?_GETKEY?MAIN
  +--> ?CO?PROG
  +--> ?PR?PRINTF?PRINTF
  +--> ?PR?_PUTCHAR?MAIN

?PR?_GETKEY?MAIN                                 -----    -----      -----    -----      -----    -----
  +--> ?PR?COM_GETCHAR?UART

?PR?COM_GETCHAR?UART                             -----    -----      -----    -----      -----    -----
  +--> ?PR?COM_RBUFLEN?UART

?PR?_GETCMD?PROG                                 -----    -----      -----    -----      003FH    0007H
  +--> ?CO?PROG
  +--> ?PR?_STRTOK?STRTOK

?PR?_STRTOK?STRTOK                               -----    -----      -----    -----      004AH    0006H
  +--> ?PR?_STRSPN?STRSPN
  +--> ?PR?_STRPBRK?STRPBRK

?PR?_STRSPN?STRSPN                               -----    -----      -----    -----      0050H    0008H

?PR?_STRPBRK?STRPBRK                             -----    -----      -----    -----      0050H    0009H

?PR?_VALIDARCLAVE?PROG                           -----    -----      -----    -----      003FH    000AH

?PR?DISPLAYCURSOR?PROG                           -----    -----      -----    -----      -----    -----
  +--> ?CO?PROG
  +--> ?PR?PRINTF?PRINTF

?PR?_GETOPTION?PROG                              -----    -----      -----    -----      003FH    000BH
  +--> ?CO?PROG
  +--> ?PR?_STRTOK?STRTOK
BL51 BANKED LINKER/LOCATER V6.22.2.0                                                  10/25/2021  16:12:58  PAGE 8



?PR?_STRCAT?STRCAT                               -----    -----      -----    -----      0050H    0009H

?PR?_LISTACOMANDOS?PROG                          -----    -----      -----    -----      003FH    0007H

?PR?PROG_ID_CLIENTE?PROG                         -----    -----      -----    -----      003FH    000CH
  +--> ?PR?_RD_EEPROM?EEPROM
  +--> ?CO?PROG
  +--> ?PR?PRINTF?PRINTF
  +--> ?PR?_INGRESADATO?PROG
  +--> ?PR?_ATOI?ATOI
  +--> ?PR?_WR_EEPROM?EEPROM

?PR?_ATOI?ATOI                                   0020H.0  0000H.1    -----    -----      004BH    0005H
  +--> ?PR?_ISSPACE?ISSPACE
  +--> ?PR?_ISDIGIT?ISDIGIT

?PR?_WR_EEPROM?EEPROM                            -----    -----      -----    -----      -----    -----
  +--> ?PR?START?EEPROM
  +--> ?PR?ACKD?EEPROM
  +--> ?PR?_E_D_M?EEPROM
  +--> ?PR?STOP?EEPROM
  +--> ?PR?_DELAY_1MS?DELAY
  +--> ?PR?_DELAY_20US?DELAY

?PR?_DELAY_1MS?DELAY                             -----    -----      -----    -----      -----    -----
  +--> ?PR?_DELAY_20US?DELAY

?PR?PROG_COD_PARK?PROG                           -----    -----      -----    -----      003FH    000CH
  +--> ?PR?_RD_EEPROM?EEPROM
  +--> ?CO?PROG
  +--> ?PR?PRINTF?PRINTF
  +--> ?PR?_INGRESADATO?PROG
  +--> ?PR?_ATOI?ATOI
  +--> ?PR?_WR_EEPROM?EEPROM

?PR?PROG_TIEMPO_GRACIA?PROG                      -----    -----      -----    -----      003FH    000CH
  +--> ?PR?_RD_EEPROM?EEPROM
  +--> ?CO?PROG
  +--> ?PR?PRINTF?PRINTF
  +--> ?PR?_INGRESADATO?PROG
  +--> ?PR?_ATOI?ATOI
  +--> ?PR?_WR_EEPROM?EEPROM

?PR?PROG_SIN_COBRO?PROG                          -----    -----      -----    -----      003FH    000CH
  +--> ?PR?_RD_EEPROM?EEPROM
  +--> ?CO?PROG
  +--> ?PR?PRINTF?PRINTF
  +--> ?PR?_INGRESADATO?PROG
  +--> ?PR?_ATOI?ATOI
  +--> ?PR?_WR_EEPROM?EEPROM

?PR?PROG_DEBUG?PROG                              -----    -----      -----    -----      003FH    000CH
  +--> ?PR?_RD_EEPROM?EEPROM
  +--> ?CO?PROG
  +--> ?PR?PRINTF?PRINTF
  +--> ?PR?_INGRESADATO?PROG
BL51 BANKED LINKER/LOCATER V6.22.2.0                                                  10/25/2021  16:12:58  PAGE 9


  +--> ?PR?_ATOI?ATOI
  +--> ?PR?_WR_EEPROM?EEPROM

?PR?PROG_USE_LPR?PROG                            -----    -----      -----    -----      003FH    000CH
  +--> ?PR?_RD_EEPROM?EEPROM
  +--> ?CO?PROG
  +--> ?PR?PRINTF?PRINTF
  +--> ?PR?_INGRESADATO?PROG
  +--> ?PR?_ATOI?ATOI
  +--> ?PR?_WR_EEPROM?EEPROM

?PR?TIPO_PANTALLA?PROG                           -----    -----      -----    -----      003FH    000CH
  +--> ?PR?_RD_EEPROM?EEPROM
  +--> ?CO?PROG
  +--> ?PR?PRINTF?PRINTF
  +--> ?PR?_INGRESADATO?PROG
  +--> ?PR?_ATOI?ATOI
  +--> ?PR?_WR_EEPROM?EEPROM

?PR?PROG_COMPARACION_ACTIVA?PROG                 -----    -----      -----    -----      003FH    000CH
  +--> ?PR?_RD_EEPROM?EEPROM
  +--> ?CO?PROG
  +--> ?PR?PRINTF?PRINTF
  +--> ?PR?_INGRESADATO?PROG
  +--> ?PR?_ATOI?ATOI
  +--> ?PR?_WR_EEPROM?EEPROM

?PR?PROG_QR_BARRAS?PROG                          -----    -----      -----    -----      003FH    000CH
  +--> ?PR?_RD_EEPROM?EEPROM
  +--> ?CO?PROG
  +--> ?PR?PRINTF?PRINTF
  +--> ?PR?_INGRESADATO?PROG
  +--> ?PR?_ATOI?ATOI
  +--> ?PR?_WR_EEPROM?EEPROM

?PR?PROG_CLIENTE?PROG                            -----    -----      -----    -----      003FH    0030H
  +--> ?CO?PROG
  +--> ?PR?PRINTF?PRINTF
  +--> ?PR?_INGRESADATO?PROG
  +--> ?PR?_ESCRIBIRMEMORIA?EEPROM
  +--> ?PR?_LEERMEMORIA?EEPROM

?PR?_ESCRIBIRMEMORIA?EEPROM                      -----    -----      -----    -----      007DH    0006H
  +--> ?PR?_WR_EEPROM?EEPROM

?PR?_LEERMEMORIA?EEPROM                          -----    -----      -----    -----      007DH    0005H
  +--> ?PR?_RD_EEPROM?EEPROM

?PR?PROG_NIT?PROG                                -----    -----      -----    -----      003FH    0010H
  +--> ?CO?PROG
  +--> ?PR?PRINTF?PRINTF
  +--> ?PR?_INGRESADATO?PROG
  +--> ?PR?_ESCRIBIRMEMORIA?EEPROM
  +--> ?PR?_LEERMEMORIA?EEPROM

?PR?PROG_NOM_PARQ?PROG                           -----    -----      -----    -----      003FH    0030H
  +--> ?CO?PROG
BL51 BANKED LINKER/LOCATER V6.22.2.0                                                  10/25/2021  16:12:58  PAGE 10


  +--> ?PR?PRINTF?PRINTF
  +--> ?PR?_INGRESADATO?PROG
  +--> ?PR?_ESCRIBIRMEMORIA?EEPROM
  +--> ?PR?_LEERMEMORIA?EEPROM

?PR?PROG_DIRECCION?PROG                          -----    -----      -----    -----      003FH    0030H
  +--> ?CO?PROG
  +--> ?PR?PRINTF?PRINTF
  +--> ?PR?_INGRESADATO?PROG
  +--> ?PR?_ESCRIBIRMEMORIA?EEPROM
  +--> ?PR?_LEERMEMORIA?EEPROM

?PR?PROG_MSJ1?PROG                               -----    -----      -----    -----      003FH    003EH
  +--> ?CO?PROG
  +--> ?PR?PRINTF?PRINTF
  +--> ?PR?_INGRESADATO?PROG
  +--> ?PR?_ESCRIBIRMEMORIA?EEPROM
  +--> ?PR?_LEERMEMORIA?EEPROM

?PR?PROG_MSJ2?PROG                               -----    -----      -----    -----      003FH    003EH
  +--> ?CO?PROG
  +--> ?PR?PRINTF?PRINTF
  +--> ?PR?_INGRESADATO?PROG
  +--> ?PR?_ESCRIBIRMEMORIA?EEPROM
  +--> ?PR?_LEERMEMORIA?EEPROM

?PR?PROG_MSJ3?PROG                               -----    -----      -----    -----      003FH    003EH
  +--> ?CO?PROG
  +--> ?PR?PRINTF?PRINTF
  +--> ?PR?_INGRESADATO?PROG
  +--> ?PR?_ESCRIBIRMEMORIA?EEPROM
  +--> ?PR?_LEERMEMORIA?EEPROM

?PR?PROG_MSJ4?PROG                               -----    -----      -----    -----      003FH    003EH
  +--> ?CO?PROG
  +--> ?PR?PRINTF?PRINTF
  +--> ?PR?_INGRESADATO?PROG
  +--> ?PR?_ESCRIBIRMEMORIA?EEPROM
  +--> ?PR?_LEERMEMORIA?EEPROM

?PR?PROG_MSJ5?PROG                               -----    -----      -----    -----      003FH    003EH
  +--> ?CO?PROG
  +--> ?PR?PRINTF?PRINTF
  +--> ?PR?_INGRESADATO?PROG
  +--> ?PR?_ESCRIBIRMEMORIA?EEPROM
  +--> ?PR?_LEERMEMORIA?EEPROM

?PR?PROG_MSJ6?PROG                               -----    -----      -----    -----      003FH    003EH
  +--> ?CO?PROG
  +--> ?PR?PRINTF?PRINTF
  +--> ?PR?_INGRESADATO?PROG
  +--> ?PR?_ESCRIBIRMEMORIA?EEPROM
  +--> ?PR?_LEERMEMORIA?EEPROM

?PR?PROG_MSJ7?PROG                               -----    -----      -----    -----      003FH    003EH
  +--> ?CO?PROG
  +--> ?PR?PRINTF?PRINTF
BL51 BANKED LINKER/LOCATER V6.22.2.0                                                  10/25/2021  16:12:58  PAGE 11


  +--> ?PR?_INGRESADATO?PROG
  +--> ?PR?_ESCRIBIRMEMORIA?EEPROM
  +--> ?PR?_LEERMEMORIA?EEPROM

?PR?SHOW?PROG                                    -----    -----      -----    -----      -----    -----
  +--> ?CO?PROG
  +--> ?PR?PRINTF?PRINTF

?PR?VARIABLE_INICIO?MAIN                         -----    -----      -----    -----      -----    -----
  +--> ?PR?_RD_EEPROM?EEPROM

?PR?_RECIBE_CMD_MONITOR?MONITOR                  -----    -----      -----    -----      000EH    0006H
  +--> ?PR?RX_DATA?TIBBO

?PR?RX_DATA?TIBBO                                -----    -----      -----    -----      -----    -----
  +--> ?PR?TIME_MBIT?TIBBO
  +--> ?PR?TIME_BIT?TIBBO

?PR?DEBUG_DIVIDIR_TEXTO?TIBBO                    -----    -----      -----    -----      -----    -----
  +--> ?CO?TIBBO
  +--> ?PR?_DEBUG_TXT_TIBBO?TIBBO

?PR?_DEBUG_TXT_TIBBO?TIBBO                       -----    -----      -----    -----      0043H    0004H
  +--> ?PR?_TX_AUX?TIBBO

?PR?_VALIDA_TRAMA_MONITOR?MONITOR                -----    -----      -----    -----      000EH    0003H

?PR?_DEBUGBUFFERMF?TIBBO                         -----    -----      -----    -----      003DH    0006H
  +--> ?CO?TIBBO
  +--> ?PR?_DEBUG_TXT_TIBBO?TIBBO
  +--> ?PR?_DEBUG_CHR_TIBBO?TIBBO
  +--> ?PR?_TX_AUX?TIBBO

?PR?_DEBUG_CHR_TIBBO?TIBBO                       -----    -----      -----    -----      -----    -----
  +--> ?PR?_TX_AUX?TIBBO

?PR?LEE_TICKET?VERPRINT                          -----    -----      -----    -----      000EH    0006H
  +--> ?PR?VALIDASENSORESPASO?IO_SENSORES
  +--> ?CO?VERPRINT
  +--> ?PR?_DEBUG_TXT_TIBBO?TIBBO
  +--> ?PR?_PANTALLALCD?PANTALLAS
  +--> ?PR?_SEND_PORTERR?PTO_PARALELO
  +--> ?PR?_STRLEN?STRLEN
  +--> ?PR?CLEAR_BUFFER?UART
  +--> ?PR?_TRAMA_PRINT_COD_BARRAS?PTO_PARALELO
  +--> ?PR?_CMD_LPR_SALIDA_PRINT?MONITOR
  +--> ?PR?_NUM_NUM?VERPRINT
  +--> ?PR?_NUM_CHAR?VERPRINT
  +--> ?PR?_STRSTR?STRSTR
  +--> ?PR?_DEBUG_CHR_TIBBO?TIBBO
  +--> ?PR?_STRNCPY?STRNCPY

?PR?VALIDASENSORESPASO?IO_SENSORES               -----    -----      -----    -----      -----    -----
  +--> ?PR?SEL_SENSOR2?IO_SENSORES
  +--> ?PR?VALIDASENSOR?IO_SENSORES
  +--> ?PR?SEL_SENSOR1?IO_SENSORES
  +--> ?PR?SEL_AUTO?IO_SENSORES
BL51 BANKED LINKER/LOCATER V6.22.2.0                                                  10/25/2021  16:12:58  PAGE 12


  +--> ?CO?IO_SENSORES
  +--> ?PR?_DEBUG_TXT_TIBBO?TIBBO

?PR?_PANTALLALCD?PANTALLAS                       -----    -----      -----    -----      001DH    0028H
  +--> ?CO?PANTALLAS
  +--> ?PR?_RASPBERRY_DATA?PANTALLAS

?PR?_RASPBERRY_DATA?PANTALLAS                    -----    -----      -----    -----      0050H    0005H
  +--> ?PR?_STRLEN?STRLEN
  +--> ?PR?_PUTCHAR?MAIN

?PR?_SEND_PORTERR?PTO_PARALELO                   -----    -----      -----    -----      001DH    0006H
  +--> ?PR?PULSO_BUS?PTO_PARALELO
  +--> ?PR?_DELAY_20US?DELAY

?PR?PULSO_BUS?PTO_PARALELO                       -----    -----      -----    -----      -----    -----
  +--> ?PR?_DELAY_20US?DELAY

?PR?_TRAMA_PRINT_COD_BARRAS?PTO_PARALELO         -----    -----      -----    -----      0014H    0029H
  +--> ?PR?_STRLEN?STRLEN
  +--> ?PR?_STRNCAT?STRNCAT
  +--> ?CO?PTO_PARALELO
  +--> ?PR?_STRCAT?STRCAT
  +--> ?PR?_LEE_CLK?CLOCK
  +--> ?PR?_BCD_HEX?CLOCK
  +--> ?PR?_SEND_PORT?PTO_PARALELO
  +--> ?PR?DEBUG_DIVIDIR_TEXTO?TIBBO
  +--> ?PR?_DEBUGBUFFERMF?TIBBO

?PR?_STRNCAT?STRNCAT                             -----    -----      -----    -----      003DH    000AH

?PR?_LEE_CLK?CLOCK                               -----    -----      -----    -----      0042H    0003H
  +--> ?PR?_DELAY_20US?DELAY
  +--> ?PR?_EB_CLK?CLOCK
  +--> ?PR?P_CK?CLOCK

?PR?_EB_CLK?CLOCK                                -----    -----      -----    -----      0045H    0003H
  +--> ?PR?P_CK?CLOCK

?PR?P_CK?CLOCK                                   -----    -----      -----    -----      -----    -----
  +--> ?PR?DELAY?DELAY

?PR?_SEND_PORT?PTO_PARALELO                      -----    -----      -----    -----      003DH    000AH
  +--> ?PR?PULSO_BUS?PTO_PARALELO
  +--> ?PR?_DELAY_20US?DELAY

?PR?_CMD_LPR_SALIDA_PRINT?MONITOR                -----    -----      -----    -----      0014H    0027H
  +--> ?PR?DIR_BOARD?IO_SENSORES
  +--> ?PR?_STRCAT?STRCAT
  +--> ?PR?_STRLEN?STRLEN
  +--> ?PR?_BLOCK_READ_CLOCK_ASCII?CLOCK
  +--> ?PR?_MONITOR_CHR?MONITOR

?PR?DIR_BOARD?IO_SENSORES                        -----    -----      -----    -----      -----    -----
  +--> ?PR?SEL_DIR1?IO_SENSORES
  +--> ?PR?SEL_DIR2?IO_SENSORES

BL51 BANKED LINKER/LOCATER V6.22.2.0                                                  10/25/2021  16:12:58  PAGE 13


?PR?_BLOCK_READ_CLOCK_ASCII?CLOCK                -----    -----      -----    -----      003FH    0003H
  +--> ?PR?_LEE_CLK?CLOCK

?PR?_MONITOR_CHR?MONITOR                         -----    -----      -----    -----      003FH    0005H
  +--> ?PR?_TX_AUX?TIBBO

?PR?_STRSTR?STRSTR                               -----    -----      -----    -----      0014H    000CH

?PR?_STRNCPY?STRNCPY                             -----    -----      -----    -----      0014H    000AH

?PR?_RECIBE_PORT?PTO_PARALELO                    -----    -----      -----    -----      000EH    0007H
  +--> ?PR?OFF_TIMER0_INTERRUP?MAIN
  +--> ?PR?ON_TIMER0_INTERRUP?MAIN

?PR?_VALIDA_TRAMA_PTO?ACCESCAN                   -----    -----      -----    -----      000EH    000FH
  +--> ?PR?_BLOCK_WRITE_CLOCK_ASCII?CLOCK
  +--> ?PR?RELOJ_PANTALLA_LCD?PANTALLAS
  +--> ?PR?_PANTALLALCD?PANTALLAS
  +--> ?CO?ACCESCAN
  +--> ?PR?_DEBUG_TXT_TIBBO?TIBBO
  +--> ?PR?CONFIRMACION?EEPROM
  +--> ?PR?_PANTALLALCD_LINEA_2?PANTALLAS
  +--> ?PR?_SEND_PORTERR?PTO_PARALELO
  +--> ?PR?_BYTEHEX_DECIMAL?CLOCK
  +--> ?PR?_TWO_BYTEHEX_DECIMAL?CLOCK
  +--> ?PR?VALIDASENSORESPASO?IO_SENSORES
  +--> ?PR?_CMD_LPR_SALIDA_WIEGAND?MONITOR
  +--> ?PR?_GRABA_SERIE_ASCII_HEX?NUM_SERIE
  +--> ?PR?_DEBUGBUFFERMF?TIBBO

?PR?_BLOCK_WRITE_CLOCK_ASCII?CLOCK               -----    -----      -----    -----      001DH    0003H
  +--> ?PR?_TWO_ONE?CLOCK
  +--> ?PR?_WR_CLK?CLOCK

?PR?_WR_CLK?CLOCK                                -----    -----      -----    -----      0020H    0002H
  +--> ?PR?_DELAY_20US?DELAY
  +--> ?PR?_EB_CLK?CLOCK

?PR?RELOJ_PANTALLA_LCD?PANTALLAS                 -----    -----      -----    -----      001DH    000DH
  +--> ?CO?PANTALLAS
  +--> ?PR?_BLOCK_READ_CLOCK?CLOCK
  +--> ?PR?_LCD_TXT_NUM_CHAR?PANTALLAS

?PR?_BLOCK_READ_CLOCK?CLOCK                      -----    -----      -----    -----      002AH    0003H
  +--> ?PR?_LEE_CLK?CLOCK

?PR?_LCD_TXT_NUM_CHAR?PANTALLAS                  -----    -----      -----    -----      002AH    0006H
  +--> ?PR?_TX_CHRLCD?PANTALLAS

?PR?_TX_CHRLCD?PANTALLAS                         -----    -----      -----    -----      0055H    0002H
  +--> ?PR?_PUTCHAR?MAIN

?PR?CONFIRMACION?EEPROM                          -----    -----      -----    -----      001DH    000BH
  +--> ?PR?_BLOCK_READ_CLOCK_ASCII?CLOCK
  +--> ?PR?FORMATO_EEPROM?EEPROM

?PR?FORMATO_EEPROM?EEPROM                        -----    -----      -----    -----      0028H    0003H
BL51 BANKED LINKER/LOCATER V6.22.2.0                                                  10/25/2021  16:12:58  PAGE 14


  +--> ?PR?_WR_EEPROM?EEPROM

?PR?_PANTALLALCD_LINEA_2?PANTALLAS               -----    -----      -----    -----      001DH    0033H
  +--> ?CO?PANTALLAS
  +--> ?PR?_LCD_TXT?PANTALLAS
  +--> ?PR?_STRLEN?STRLEN
  +--> ?PR?_TX_CHRLCD?PANTALLAS
  +--> ?PR?_STRCAT?STRCAT
  +--> ?PR?_RASPBERRY_DATA?PANTALLAS

?PR?_LCD_TXT?PANTALLAS                           -----    -----      -----    -----      0050H    0005H
  +--> ?PR?_TX_CHRLCD?PANTALLAS

?PR?_BYTEHEX_DECIMAL?CLOCK                       -----    -----      -----    -----      001DH    0001H

?PR?_TWO_BYTEHEX_DECIMAL?CLOCK                   -----    -----      -----    -----      001DH    000CH
  +--> ?PR?_POW?POW

?PR?_POW?POW                                     -----    -----      -----    -----      0029H    000AH
  +--> ?PR?LOG?LOG
  +--> ?PR?EXP?EXP

?PR?LOG?LOG                                      0020H.0  0000H.1    -----    -----      0033H    0004H

?PR?_CMD_LPR_SALIDA_WIEGAND?MONITOR              -----    -----      -----    -----      001DH    0022H
  +--> ?PR?DIR_BOARD?IO_SENSORES
  +--> ?PR?_BLOCK_READ_CLOCK_ASCII?CLOCK
  +--> ?PR?_MONITOR_CHR?MONITOR

?PR?_GRABA_SERIE_ASCII_HEX?NUM_SERIE             -----    -----      -----    -----      -----    -----
  +--> ?PR?_ESCRIBIRMEMORIA?EEPROM

?PR?MSJ_LCD_INFORMATIVO?IO_SENSORES              -----    -----      -----    -----      000EH    0002H
  +--> ?PR?SEL_FUNCION?IO_SENSORES
  +--> ?PR?LOAD_AND_SEND_INFO_RELOJ?PTO_PARA...
  +--> ?PR?LOAD_AND_SEND_ID_COD?PTO_PARALELO
  +--> ?PR?_RD_EEPROM?EEPROM
  +--> ?PR?_SEND_PORTERR?PTO_PARALELO

?PR?LOAD_AND_SEND_INFO_RELOJ?PTO_PARA...         -----    -----      -----    -----      0010H    000BH
  +--> ?PR?_BLOCK_READ_CLOCK?CLOCK
  +--> ?PR?_LEE_CLK?CLOCK
  +--> ?PR?_SEND_PORT?PTO_PARALELO

?PR?LOAD_AND_SEND_ID_COD?PTO_PARALELO            -----    -----      -----    -----      0010H    0011H
  +--> ?CO?PTO_PARALELO
  +--> ?PR?PRINTF?PRINTF
  +--> ?PR?_SEND_PORT?PTO_PARALELO



SYMBOL TABLE OF MODULE:  .\Objects\VRFCDOR_PRINT_100 (MAIN)

  VALUE           TYPE          NAME
  ----------------------------------

  -------         MODULE        MAIN
BL51 BANKED LINKER/LOCATER V6.22.2.0                                                  10/25/2021  16:12:58  PAGE 15


  C:0000H         SYMBOL        _ICE_DUMMY_
  D:0080H         PUBLIC        P0
  D:0090H         PUBLIC        P1
  C:5CF7H         PUBLIC        timer0_int
  D:00B0H         PUBLIC        P3
  X:013CH         PUBLIC        placa
  B:00A8H.7       PUBLIC        EA
  C:5E85H         PUBLIC        off_Timer0_Interrup
  X:0145H         PUBLIC        ValTimeOutCom
  X:0146H         PUBLIC        Timer_wait
  X:0147H         PUBLIC        g_cContByteRx
  B:0080H.0       PUBLIC        rx_ip
  B:0080H.3       PUBLIC        Atascado
  C:41D6H         PUBLIC        main
  C:4B1DH         PUBLIC        variable_inicio
  B:0090H.7       PUBLIC        lock
  I:0022H         PUBLIC        rbuf
  C:5E7BH         PUBLIC        on_Timer0_Interrup
  I:00A2H         PUBLIC        tbuf
  B:0090H.1       PUBLIC        DataIn
  D:0089H         PUBLIC        TMOD
  X:0148H         PUBLIC        USE_LPR
  X:0149H         PUBLIC        Debug_Tibbo
  X:014AH         PUBLIC        Raspberry
  X:014BH         PUBLIC        QR_BARRAS
  X:014CH         PUBLIC        SIN_COBRO
  X:014EH         PUBLIC        Tipo_Vehiculo
  B:00B0H.3       PUBLIC        busy
  C:5DBFH         PUBLIC        ini_timer
  B:00A8H.1       PUBLIC        ET0
  B:0088H.5       PUBLIC        TF0
  X:014FH         PUBLIC        COMPARACION_ACTIVA
  X:0150H         PUBLIC        g_cEstadoImpresion
  D:008CH         PUBLIC        TH0
  X:0151H         PUBLIC        ACK
  X:0152H         PUBLIC        g_cEstadoComSoft
  D:008AH         PUBLIC        TL0
  B:0088H.4       PUBLIC        TR0
  C:5DCFH         PUBLIC        inicia_board
  X:0153H         PUBLIC        T_GRACIA
  X:0155H         PUBLIC        COD_PARK
  B:0080H.7       PUBLIC        sel_com
  X:0157H         PUBLIC        STX_LINTECH
  C:5E1CH         PUBLIC        _getkey
  X:0158H         PUBLIC        ETX
  X:0159H         PUBLIC        ID_CLIENTE
  X:015BH         PUBLIC        buffer_ready
  C:5923H         PUBLIC        _putchar
  B:0021H.1       PUBLIC        placa_ready
  -------         PROC          TIMER0_INT
  C:5CF7H         LINE#         13
  C:5CFDH         LINE#         16
  C:5D03H         LINE#         17
  C:5D07H         LINE#         18
  C:5D09H         LINE#         20
  -------         ENDPROC       TIMER0_INT
  -------         PROC          INI_TIMER
BL51 BANKED LINKER/LOCATER V6.22.2.0                                                  10/25/2021  16:12:58  PAGE 16


  C:5DBFH         LINE#         23
  C:5DBFH         LINE#         24
  C:5DBFH         LINE#         26
  C:5DC7H         LINE#         28
  C:5DCAH         LINE#         29
  C:5DCCH         LINE#         30
  C:5DCEH         LINE#         32
  -------         ENDPROC       INI_TIMER
  -------         PROC          ON_TIMER0_INTERRUP
  C:5E7BH         LINE#         35
  C:5E7BH         LINE#         36
  C:5E7BH         LINE#         37
  C:5E7DH         LINE#         38
  C:5E7FH         LINE#         40
  -------         ENDPROC       ON_TIMER0_INTERRUP
  -------         PROC          OFF_TIMER0_INTERRUP
  C:5E85H         LINE#         43
  C:5E85H         LINE#         44
  C:5E85H         LINE#         45
  C:5E87H         LINE#         47
  -------         ENDPROC       OFF_TIMER0_INTERRUP
  -------         PROC          _GETKEY
  -------         DO            
  D:0006H         SYMBOL        k
  -------         ENDDO         
  C:5E1CH         LINE#         55
  C:5E1CH         LINE#         56
  C:5E1CH         LINE#         60
  C:5E1CH         LINE#         61
  C:5E1FH         LINE#         62
  C:5E1FH         LINE#         63
  C:5E27H         LINE#         65
  C:5E27H         LINE#         66
  -------         ENDPROC       _GETKEY
  -------         PROC          _PUTCHAR
  X:00B1H         SYMBOL        c
  -------         DO            
  X:00B2H         SYMBOL        i
  -------         ENDDO         
  C:5923H         LINE#         70
  C:5928H         LINE#         71
  C:5928H         LINE#         74
  C:5937H         LINE#         75
  C:5937H         LINE#         76
  C:594DH         LINE#         77
  C:594DH         LINE#         79
  C:595BH         LINE#         80
  C:595BH         LINE#         82
  C:5960H         LINE#         83
  -------         ENDPROC       _PUTCHAR
  -------         PROC          INICIA_BOARD
  C:5DCFH         LINE#         101
  C:5DCFH         LINE#         102
  C:5DCFH         LINE#         103
  C:5DD2H         LINE#         104
  C:5DD5H         LINE#         105
  C:5DD8H         LINE#         106
BL51 BANKED LINKER/LOCATER V6.22.2.0                                                  10/25/2021  16:12:58  PAGE 17


  C:5DDAH         LINE#         107
  C:5DDCH         LINE#         108
  C:5DDEH         LINE#         110
  -------         ENDPROC       INICIA_BOARD
  -------         PROC          VARIABLE_INICIO
  C:4B1DH         LINE#         114
  C:4B1DH         LINE#         115
  C:4B1DH         LINE#         117
  C:4B2DH         LINE#         118
  C:4B3EH         LINE#         119
  C:4B4FH         LINE#         120
  C:4B60H         LINE#         121
  C:4B6EH         LINE#         122
  C:4B7CH         LINE#         123
  C:4B8AH         LINE#         124
  C:4B98H         LINE#         125
  C:4BA6H         LINE#         126
  -------         ENDPROC       VARIABLE_INICIO
  -------         PROC          MAIN
  -------         DO            
  X:0114H         SYMBOL        buffer
  X:0000H         SYMBOL        buffer1
  X:000DH         SYMBOL        Length_trama
  -------         ENDDO         
  C:41D6H         LINE#         134
  C:41D6H         LINE#         135
  C:41D6H         LINE#         142
  C:41D9H         LINE#         143
  C:41DCH         LINE#         144
  C:41DFH         LINE#         145
  C:41E2H         LINE#         146
  C:41E5H         LINE#         147
  C:41E7H         LINE#         149
  C:41EAH         LINE#         151
  C:41EDH         LINE#         152
  C:41F2H         LINE#         154
  C:41F5H         LINE#         155
  C:41F8H         LINE#         156
  C:41F8H         LINE#         157
  C:41FBH         LINE#         158
  C:41FBH         LINE#         159
  C:41FEH         LINE#         161
  C:4204H         LINE#         163
  C:4204H         LINE#         164
  C:4204H         LINE#         167
  C:4207H         LINE#         168
  C:4207H         LINE#         170
  C:4215H         LINE#         171
  C:4218H         LINE#         172
  C:4226H         LINE#         173
  C:423AH         LINE#         174
  C:4243H         LINE#         175
  C:4246H         LINE#         176
  C:4246H         LINE#         178
  C:4249H         LINE#         184
  C:424CH         LINE#         185
  C:424CH         LINE#         187
BL51 BANKED LINKER/LOCATER V6.22.2.0                                                  10/25/2021  16:12:58  PAGE 18


  C:425BH         LINE#         191
  C:426AH         LINE#         194
  C:4272H         LINE#         195
  C:427BH         LINE#         198
  C:4289H         LINE#         200
  C:4289H         LINE#         201
  C:428CH         LINE#         204
  -------         ENDPROC       MAIN
  -------         ENDMOD        MAIN

  -------         MODULE        CLOCK
  C:0000H         SYMBOL        _ICE_DUMMY_
  C:57D8H         PUBLIC        _two_one
  D:0090H         PUBLIC        P1
  C:5B54H         PUBLIC        _wr_clk
  B:00D0H.7       PUBLIC        CY
  C:0003H         PUBLIC        p_ck
  X:018DH         PUBLIC        data_clk
  C:5E44H         PUBLIC        cond_ini_clock
  C:3E1EH         PUBLIC        _Block_read_Clock
  B:0090H.4       PUBLIC        sck
  C:44ABH         PUBLIC        _Block_read_Clock_Hex
  C:28C6H         PUBLIC        _Block_read_clock_ascii
  C:5C86H         PUBLIC        _bcd_hex
  C:52DDH         PUBLIC        _ByteHex_Decimal
  C:485CH         PUBLIC        _lee_clk
  B:0090H.5       PUBLIC        io
  C:4A02H         PUBLIC        _Block_write_clock_ascii
  B:0090H.6       PUBLIC        rst
  C:5866H         PUBLIC        _eb_clk
  C:23BCH         PUBLIC        _Two_ByteHex_Decimal
  -------         PROC          P_CK
  C:0003H         LINE#         37
  C:0003H         LINE#         38
  C:0003H         LINE#         39
  C:0005H         LINE#         40
  C:0008H         LINE#         41
  C:000AH         LINE#         42
  -------         ENDPROC       P_CK
  -------         PROC          _EB_CLK
  X:0045H         SYMBOL        dir_clk
  -------         DO            
  X:0046H         SYMBOL        nbits
  -------         ENDDO         
  C:5866H         LINE#         44
  C:586BH         LINE#         46
  C:5870H         LINE#         47
  C:5870H         LINE#         48
  C:5879H         LINE#         49
  C:587CH         LINE#         50
  C:587CH         LINE#         51
  C:587EH         LINE#         52
  C:5880H         LINE#         54
  C:5880H         LINE#         55
  C:5882H         LINE#         56
  C:5882H         LINE#         57
  C:5885H         LINE#         58
BL51 BANKED LINKER/LOCATER V6.22.2.0                                                  10/25/2021  16:12:58  PAGE 19


  C:58A4H         LINE#         59
  -------         ENDPROC       _EB_CLK
  C:4852H         SYMBOL        L?0048
  -------         PROC          L?0047
  -------         ENDPROC       L?0047
  C:4852H         SYMBOL        L?0048
  -------         PROC          _LEE_CLK
  X:0042H         SYMBOL        dir_clk
  -------         DO            
  X:0043H         SYMBOL        nbits
  -------         ENDDO         
  C:485CH         LINE#         61
  C:4861H         LINE#         63
  C:4863H         LINE#         64
  C:486AH         LINE#         65
  C:4872H         LINE#         66
  C:488BH         LINE#         67
  C:488BH         LINE#         68
  C:488EH         LINE#         69
  C:488EH         LINE#         70
  C:4895H         LINE#         71
  C:489FH         LINE#         72
  C:48A4H         LINE#         73
  C:48A4H         LINE#         74
  C:48A4H         LINE#         75
  C:48A7H         LINE#         76
  C:48A7H         LINE#         77
  C:48AEH         LINE#         78
  C:48BFH         LINE#         79
  C:48BFH         LINE#         80
  C:48C7H         LINE#         81
  C:48C7H         LINE#         82
  C:48C7H         LINE#         83
  C:48CAH         LINE#         84
  C:48DAH         LINE#         85
  C:48DCH         LINE#         86
  C:48E1H         LINE#         87
  -------         ENDPROC       _LEE_CLK
  -------         PROC          _WR_CLK
  X:0020H         SYMBOL        dir_clk
  X:0021H         SYMBOL        byte
  C:5B54H         LINE#         89
  C:5B5CH         LINE#         90
  C:5B5EH         LINE#         91
  C:5B65H         LINE#         92
  C:5B6DH         LINE#         93
  C:5B76H         LINE#         94
  C:5B79H         LINE#         95
  C:5B7BH         LINE#         97
  -------         ENDPROC       _WR_CLK
  C:57A4H         SYMBOL        L?0045
  C:57C2H         SYMBOL        L?0046
  -------         PROC          L?0044
  -------         ENDPROC       L?0044
  C:57A4H         SYMBOL        L?0045
  C:57C2H         SYMBOL        L?0046
  -------         PROC          _TWO_ONE
BL51 BANKED LINKER/LOCATER V6.22.2.0                                                  10/25/2021  16:12:58  PAGE 20


  D:0007H         SYMBOL        byte_h
  D:0005H         SYMBOL        byte_l
  -------         DO            
  D:0007H         SYMBOL        byte_out
  -------         ENDDO         
  C:57D8H         LINE#         99
  C:57D8H         LINE#         100
  C:57D8H         LINE#         102
  C:57DBH         LINE#         103
  C:57DFH         LINE#         104
  C:57E2H         LINE#         105
  C:57E4H         LINE#         106
  C:57E4H         LINE#         107
  -------         ENDPROC       _TWO_ONE
  -------         PROC          _BLOCK_WRITE_CLOCK_ASCII
  X:001DH         SYMBOL        datos_clock
  C:4A02H         LINE#         112
  C:4A0DH         LINE#         114
  C:4A0DH         LINE#         118
  C:4A17H         LINE#         119
  C:4A17H         LINE#         120
  C:4A17H         LINE#         121
  C:4A17H         LINE#         123
  C:4A21H         LINE#         124
  C:4A2BH         LINE#         125
  C:4A35H         LINE#         126
  C:4A35H         LINE#         127
  C:4A35H         LINE#         128
  C:4A35H         LINE#         130
  C:4A3FH         LINE#         131
  C:4A3FH         LINE#         132
  C:4A3FH         LINE#         133
  C:4A3FH         LINE#         135
  C:4A49H         LINE#         136
  C:4A49H         LINE#         137
  C:4A49H         LINE#         138
  C:4A49H         LINE#         140
  C:4A53H         LINE#         141
  C:4A53H         LINE#         142
  C:4A53H         LINE#         143
  C:4A53H         LINE#         145
  C:4A5DH         LINE#         146
  C:4A67H         LINE#         147
  C:4A71H         LINE#         148
  C:4A7BH         LINE#         150
  -------         ENDPROC       _BLOCK_WRITE_CLOCK_ASCII
  -------         PROC          _BCD_HEX
  D:0007H         SYMBOL        l_data
  -------         DO            
  D:0006H         SYMBOL        temp
  D:0005H         SYMBOL        j
  -------         ENDDO         
  C:5C86H         LINE#         156
  C:5C86H         LINE#         157
  C:5C86H         LINE#         159
  C:5C88H         LINE#         160
  C:5C8CH         LINE#         161
BL51 BANKED LINKER/LOCATER V6.22.2.0                                                  10/25/2021  16:12:58  PAGE 21


  C:5C8FH         LINE#         162
  C:5C91H         LINE#         163
  C:5C91H         LINE#         164
  C:5C95H         LINE#         165
  C:5C9CH         LINE#         166
  C:5C9CH         LINE#         167
  C:5CA0H         LINE#         168
  C:5CA3H         LINE#         169
  C:5CA3H         LINE#         170
  C:5CA3H         LINE#         171
  -------         ENDPROC       _BCD_HEX
  -------         PROC          _BYTEHEX_DECIMAL
  D:0001H         SYMBOL        buffer
  D:0005H         SYMBOL        valorhex
  -------         DO            
  X:001DH         SYMBOL        numero
  D:0007H         SYMBOL        centena
  D:0006H         SYMBOL        decena
  -------         ENDDO         
  C:52DDH         LINE#         207
  C:52DDH         LINE#         208
  C:52DDH         LINE#         211
  C:52DFH         LINE#         212
  C:52E0H         LINE#         213
  C:52E5H         LINE#         215
  C:52F2H         LINE#         216
  C:52F2H         LINE#         217
  C:52F6H         LINE#         218
  C:52F7H         LINE#         219
  C:52F9H         LINE#         220
  C:52FFH         LINE#         221
  C:5306H         LINE#         222
  C:5313H         LINE#         223
  C:5313H         LINE#         224
  C:5317H         LINE#         225
  C:5318H         LINE#         226
  C:531AH         LINE#         227
  C:5320H         LINE#         228
  C:5327H         LINE#         229
  -------         ENDPROC       _BYTEHEX_DECIMAL
  -------         PROC          _TWO_BYTEHEX_DECIMAL
  X:001DH         SYMBOL        buffer
  X:0020H         SYMBOL        id_h
  X:0021H         SYMBOL        id_l
  -------         DO            
  X:0022H         SYMBOL        valor
  D:0006H         SYMBOL        numero
  X:0024H         SYMBOL        temp
  X:0025H         SYMBOL        dmil
  X:0026H         SYMBOL        mil
  X:0027H         SYMBOL        centena
  X:0028H         SYMBOL        decena
  -------         ENDDO         
  C:23BCH         LINE#         237
  C:23CAH         LINE#         238
  C:23CAH         LINE#         242
  C:23D1H         LINE#         243
BL51 BANKED LINKER/LOCATER V6.22.2.0                                                  10/25/2021  16:12:58  PAGE 22


  C:23D5H         LINE#         244
  C:23D7H         LINE#         245
  C:23D9H         LINE#         246
  C:23DBH         LINE#         249
  C:23E0H         LINE#         250
  C:23E3H         LINE#         251
  C:23E9H         LINE#         253
  C:2444H         LINE#         254
  C:244CH         LINE#         255
  C:244FH         LINE#         256
  C:24AAH         LINE#         258
  C:24B2H         LINE#         259
  C:24B5H         LINE#         260
  C:24BBH         LINE#         261
  C:2516H         LINE#         262
  C:251EH         LINE#         263
  C:2521H         LINE#         264
  C:257CH         LINE#         265
  C:257CH         LINE#         267
  C:2585H         LINE#         268
  C:2585H         LINE#         269
  C:258DH         LINE#         270
  C:2593H         LINE#         271
  C:2595H         LINE#         272
  C:25ABH         LINE#         273
  C:25B5H         LINE#         274
  C:25BEH         LINE#         275
  C:25BEH         LINE#         276
  C:25C6H         LINE#         277
  C:25CCH         LINE#         278
  C:25CEH         LINE#         279
  C:25E4H         LINE#         280
  C:25EEH         LINE#         281
  C:25F7H         LINE#         282
  C:25F7H         LINE#         283
  C:25FFH         LINE#         284
  C:2605H         LINE#         285
  C:2607H         LINE#         286
  C:261DH         LINE#         287
  C:2627H         LINE#         288
  C:2630H         LINE#         289
  C:2630H         LINE#         290
  C:2638H         LINE#         291
  C:263EH         LINE#         292
  C:2640H         LINE#         293
  C:2656H         LINE#         294
  C:2660H         LINE#         295
  C:2673H         LINE#         296
  C:267DH         LINE#         297
  -------         ENDPROC       _TWO_BYTEHEX_DECIMAL
  -------         PROC          _BLOCK_READ_CLOCK_ASCII
  X:003FH         SYMBOL        datos_clock
  -------         DO            
  D:0007H         SYMBOL        dato
  -------         ENDDO         
  C:28C6H         LINE#         303
  C:28C9H         LINE#         304
BL51 BANKED LINKER/LOCATER V6.22.2.0                                                  10/25/2021  16:12:58  PAGE 23


  C:28C9H         LINE#         310
  C:28CCH         LINE#         311
  C:28E4H         LINE#         312
  C:28EEH         LINE#         313
  C:2903H         LINE#         314
  C:290DH         LINE#         317
  C:2912H         LINE#         318
  C:292AH         LINE#         319
  C:2934H         LINE#         320
  C:2949H         LINE#         321
  C:2953H         LINE#         324
  C:2958H         LINE#         325
  C:2970H         LINE#         326
  C:297AH         LINE#         327
  C:298FH         LINE#         328
  C:2999H         LINE#         332
  C:299EH         LINE#         333
  C:29B6H         LINE#         334
  C:29C0H         LINE#         335
  C:29D5H         LINE#         336
  C:29DFH         LINE#         339
  C:29E4H         LINE#         340
  C:29FCH         LINE#         341
  C:2A06H         LINE#         342
  C:2A1BH         LINE#         343
  C:2A25H         LINE#         346
  C:2A2AH         LINE#         347
  C:2A42H         LINE#         348
  C:2A4CH         LINE#         349
  C:2A61H         LINE#         350
  C:2A6BH         LINE#         353
  C:2A70H         LINE#         354
  C:2A85H         LINE#         355
  C:2A8FH         LINE#         356
  -------         ENDPROC       _BLOCK_READ_CLOCK_ASCII
  -------         PROC          _BLOCK_READ_CLOCK_HEX
  X:0184H         SYMBOL        datos_clock
  C:44ABH         LINE#         360
  C:44AEH         LINE#         361
  C:44AEH         LINE#         364
  C:44C3H         LINE#         365
  C:44CDH         LINE#         367
  C:44E4H         LINE#         368
  C:44EEH         LINE#         370
  C:4505H         LINE#         371
  C:450FH         LINE#         373
  C:4526H         LINE#         374
  C:4530H         LINE#         376
  C:4547H         LINE#         377
  -------         ENDPROC       _BLOCK_READ_CLOCK_HEX
  -------         PROC          _BLOCK_READ_CLOCK
  X:002AH         SYMBOL        datos_clock
  C:3E1EH         LINE#         404
  C:3E21H         LINE#         405
  C:3E21H         LINE#         407
  C:3E33H         LINE#         408
  C:3E3DH         LINE#         410
BL51 BANKED LINKER/LOCATER V6.22.2.0                                                  10/25/2021  16:12:58  PAGE 24


  C:3E51H         LINE#         411
  C:3E5BH         LINE#         413
  C:3E6FH         LINE#         414
  C:3E79H         LINE#         416
  C:3E8DH         LINE#         417
  C:3E97H         LINE#         419
  C:3EABH         LINE#         420
  C:3EB5H         LINE#         422
  C:3EC9H         LINE#         423
  C:3ED3H         LINE#         424
  -------         ENDPROC       _BLOCK_READ_CLOCK
  -------         PROC          COND_INI_CLOCK
  C:5E44H         LINE#         427
  C:5E44H         LINE#         428
  C:5E44H         LINE#         429
  C:5E46H         LINE#         430
  C:5E48H         LINE#         431
  C:5E4AH         LINE#         432
  -------         ENDPROC       COND_INI_CLOCK
  -------         ENDMOD        CLOCK

  -------         MODULE        DELAY
  C:0000H         SYMBOL        _ICE_DUMMY_
  C:5D53H         PUBLIC        _Delay_20us
  C:5CC2H         PUBLIC        _Delay_1ms
  C:5E8BH         PUBLIC        Delay
  -------         PROC          _DELAY_20US
  D:0006H         SYMBOL        cnt
  -------         DO            
  D:0004H         SYMBOL        i
  -------         ENDDO         
  C:5D53H         LINE#         20
  C:5D53H         LINE#         21
  C:5D53H         LINE#         24
  C:5D5DH         LINE#         26
  C:5D64H         LINE#         27
  -------         ENDPROC       _DELAY_20US
  -------         PROC          _DELAY_1MS
  D:0002H         SYMBOL        cnt
  -------         DO            
  D:0082H         SYMBOL        i
  -------         ENDDO         
  C:5CC2H         LINE#         38
  C:5CC6H         LINE#         39
  C:5CC6H         LINE#         41
  C:5CDCH         LINE#         42
  -------         ENDPROC       _DELAY_1MS
  -------         PROC          DELAY
  C:5E8BH         LINE#         60
  C:5E8BH         LINE#         62
  -------         ENDPROC       DELAY
  -------         ENDMOD        DELAY

  -------         MODULE        EEPROM
  C:0000H         SYMBOL        _ICE_DUMMY_
  C:59DDH         PUBLIC        confirmacion
  D:0090H         PUBLIC        P1
BL51 BANKED LINKER/LOCATER V6.22.2.0                                                  10/25/2021  16:12:58  PAGE 25


  C:4BA7H         PUBLIC        _EscribirMemoria
  X:0187H         PUBLIC        l_chr
  C:5BEBH         PUBLIC        ackd
  B:0021H.2       PUBLIC        memory_flag
  B:00D0H.7       PUBLIC        CY
  C:5E75H         PUBLIC        p_me
  C:5D6DH         PUBLIC        start
  B:0090H.2       PUBLIC        sda
  C:5C0BH         PUBLIC        ack_lect
  B:0090H.3       PUBLIC        scl
  C:5A90H         PUBLIC        _rd_eeprom
  C:5E32H         PUBLIC        stop
  C:58E4H         PUBLIC        Formato_eeprom
  X:0188H         PUBLIC        l_data_eeprom
  C:58A5H         PUBLIC        _wr_eeprom
  C:522EH         PUBLIC        _LeerMemoria
  X:0189H         PUBLIC        byte_rd
  C:5BC6H         PUBLIC        _e_d_m
  C:5330H         PUBLIC        l_d_m
  -------         PROC          L?0055
  -------         ENDPROC       L?0055
  -------         PROC          ACKD
  -------         DO            
  D:0006H         SYMBOL        i
  -------         ENDDO         
  C:5BEBH         LINE#         40
  C:5BEBH         LINE#         41
  C:5BEBH         LINE#         43
  C:5BEDH         LINE#         44
  C:5BEFH         LINE#         45
  C:5BF1H         LINE#         46
  C:5BF4H         LINE#         47
  C:5BF4H         LINE#         48
  C:5BF7H         LINE#         49
  C:5BF7H         LINE#         50
  C:5BF9H         LINE#         51
  C:5BFBH         LINE#         53
  C:5BFCH         LINE#         54
  C:5BFCH         LINE#         55
  C:5C07H         LINE#         57
  C:5C07H         LINE#         58
  C:5C07H         LINE#         60
  C:5C07H         LINE#         61
  -------         ENDPROC       ACKD
  -------         PROC          L?0057
  -------         ENDPROC       L?0057
  -------         PROC          ACK_LECT
  -------         DO            
  D:0006H         SYMBOL        i
  -------         ENDDO         
  C:5C0BH         LINE#         64
  C:5C0BH         LINE#         65
  C:5C0BH         LINE#         67
  C:5C0DH         LINE#         68
  C:5C0FH         LINE#         69
  C:5C11H         LINE#         70
  C:5C14H         LINE#         71
BL51 BANKED LINKER/LOCATER V6.22.2.0                                                  10/25/2021  16:12:58  PAGE 26


  C:5C14H         LINE#         72
  C:5C17H         LINE#         73
  C:5C17H         LINE#         74
  C:5C19H         LINE#         75
  C:5C1BH         LINE#         76
  C:5C1CH         LINE#         77
  C:5C1CH         LINE#         78
  C:5C27H         LINE#         79
  -------         ENDPROC       ACK_LECT
  -------         PROC          P_ME
  C:5E75H         LINE#         81
  C:5E75H         LINE#         82
  C:5E75H         LINE#         83
  C:5E77H         LINE#         84
  C:5E78H         LINE#         85
  C:5E7AH         LINE#         86
  -------         ENDPROC       P_ME
  -------         PROC          _E_D_M
  D:0007H         SYMBOL        a_serial_eeprom
  -------         DO            
  D:0006H         SYMBOL        nbits
  -------         ENDDO         
  C:5BC6H         LINE#         88
  C:5BC6H         LINE#         89
  C:5BC6H         LINE#         91
  C:5BD2H         LINE#         92
  C:5BD2H         LINE#         93
  C:5BD6H         LINE#         94
  C:5BD9H         LINE#         95
  C:5BD9H         LINE#         96
  C:5BDBH         LINE#         97
  C:5BDDH         LINE#         99
  C:5BDDH         LINE#         100
  C:5BDFH         LINE#         101
  C:5BDFH         LINE#         102
  C:5BE1H         LINE#         103
  C:5BE4H         LINE#         104
  C:5BE7H         LINE#         106
  -------         ENDPROC       _E_D_M
  -------         PROC          L?0056
  -------         ENDPROC       L?0056
  -------         PROC          START
  C:5D6DH         LINE#         108
  C:5D6DH         LINE#         109
  C:5D6DH         LINE#         110
  C:5D6FH         LINE#         111
  C:5D71H         LINE#         112
  C:5D72H         LINE#         113
  C:5D74H         LINE#         114
  C:5D76H         LINE#         116
  -------         ENDPROC       START
  -------         PROC          STOP
  C:5E32H         LINE#         118
  C:5E32H         LINE#         119
  C:5E32H         LINE#         120
  C:5E34H         LINE#         121
  C:5E36H         LINE#         122
BL51 BANKED LINKER/LOCATER V6.22.2.0                                                  10/25/2021  16:12:58  PAGE 27


  C:5E38H         LINE#         123
  C:5E3AH         LINE#         125
  -------         ENDPROC       STOP
  -------         PROC          L_D_M
  -------         DO            
  D:0003H         SYMBOL        nbits
  -------         ENDDO         
  C:5330H         LINE#         127
  C:5330H         LINE#         128
  C:5330H         LINE#         130
  C:533DH         LINE#         131
  C:533DH         LINE#         132
  C:533FH         LINE#         133
  C:5342H         LINE#         134
  C:5342H         LINE#         135
  C:5349H         LINE#         136
  C:5352H         LINE#         137
  C:5352H         LINE#         138
  C:5356H         LINE#         139
  C:5358H         LINE#         140
  C:5358H         LINE#         141
  C:5358H         LINE#         142
  C:535BH         LINE#         143
  C:535BH         LINE#         144
  C:5362H         LINE#         145
  C:536CH         LINE#         146
  C:536CH         LINE#         147
  C:5370H         LINE#         148
  C:5372H         LINE#         149
  C:5372H         LINE#         150
  C:5372H         LINE#         151
  C:5375H         LINE#         152
  C:5377H         LINE#         153
  C:537CH         LINE#         154
  -------         ENDPROC       L_D_M
  -------         PROC          _WR_EEPROM
  D:0002H         SYMBOL        control
  D:0004H         SYMBOL        Dir
  D:0003H         SYMBOL        data_eeprom
  -------         DO            
  D:0005H         SYMBOL        dir_h
  D:0001H         SYMBOL        dir_l
  -------         ENDDO         
  C:58A5H         LINE#         160
  C:58A7H         LINE#         161
  C:58A7H         LINE#         163
  C:58ABH         LINE#         164
  C:58ABH         LINE#         165
  C:58ABH         LINE#         168
  C:58ABH         LINE#         169
  C:58ABH         LINE#         171
  C:58AEH         LINE#         172
  C:58B0H         LINE#         173
  C:58B3H         LINE#         174
  C:58B5H         LINE#         175
  C:58B8H         LINE#         176
  C:58BDH         LINE#         177
BL51 BANKED LINKER/LOCATER V6.22.2.0                                                  10/25/2021  16:12:58  PAGE 28


  C:58C0H         LINE#         178
  C:58C5H         LINE#         179
  C:58C8H         LINE#         180
  C:58CBH         LINE#         181
  C:58D2H         LINE#         183
  C:58D4H         LINE#         184
  C:58D6H         LINE#         185
  C:58DDH         LINE#         186
  -------         ENDPROC       _WR_EEPROM
  -------         PROC          _RD_EEPROM
  D:0003H         SYMBOL        control
  D:0004H         SYMBOL        Dir
  -------         DO            
  D:0005H         SYMBOL        dir_h
  D:0002H         SYMBOL        dir_l
  -------         ENDDO         
  C:5A90H         LINE#         236
  C:5A92H         LINE#         237
  C:5A92H         LINE#         240
  C:5A96H         LINE#         241
  C:5A96H         LINE#         242
  C:5A96H         LINE#         244
  C:5A96H         LINE#         245
  C:5A96H         LINE#         247
  C:5A99H         LINE#         248
  C:5A9BH         LINE#         249
  C:5A9EH         LINE#         250
  C:5AA0H         LINE#         251
  C:5AA3H         LINE#         252
  C:5AA8H         LINE#         253
  C:5AABH         LINE#         254
  C:5AAEH         LINE#         255
  C:5AB4H         LINE#         256
  C:5AB7H         LINE#         257
  C:5AB9H         LINE#         258
  C:5ABCH         LINE#         259
  C:5ABFH         LINE#         260
  C:5AC1H         LINE#         261
  C:5AC3H         LINE#         262
  C:5AC8H         LINE#         263
  -------         ENDPROC       _RD_EEPROM
  -------         PROC          _LEERMEMORIA
  X:007DH         SYMBOL        addres
  X:007FH         SYMBOL        res
  -------         DO            
  D:0007H         SYMBOL        i
  -------         ENDDO         
  C:522EH         LINE#         268
  C:523FH         LINE#         269
  C:523FH         LINE#         274
  C:523FH         LINE#         275
  C:525BH         LINE#         276
  C:526AH         LINE#         277
  C:5278H         LINE#         278
  C:5282H         LINE#         279
  C:5282H         LINE#         280
  C:5285H         LINE#         282
BL51 BANKED LINKER/LOCATER V6.22.2.0                                                  10/25/2021  16:12:58  PAGE 29


  -------         ENDPROC       _LEERMEMORIA
  -------         PROC          _ESCRIBIRMEMORIA
  X:007DH         SYMBOL        control
  X:007EH         SYMBOL        addres
  X:0080H         SYMBOL        res
  C:4BA7H         LINE#         288
  C:4BBBH         LINE#         289
  C:4BBBH         LINE#         291
  C:4BCBH         LINE#         292
  C:4BCBH         LINE#         293
  C:4BCEH         LINE#         294
  C:4BCEH         LINE#         296
  C:4BD2H         LINE#         297
  C:4BD2H         LINE#         298
  C:4BEDH         LINE#         299
  C:4BFBH         LINE#         300
  C:4C05H         LINE#         301
  C:4C07H         LINE#         302
  C:4C16H         LINE#         303
  -------         ENDPROC       _ESCRIBIRMEMORIA
  -------         PROC          CONFIRMACION
  -------         DO            
  X:001DH         SYMBOL        hora
  D:0007H         SYMBOL        temp
  -------         ENDDO         
  C:59DDH         LINE#         305
  C:59DDH         LINE#         306
  C:59DDH         LINE#         308
  C:59DFH         LINE#         309
  C:59E8H         LINE#         311
  C:59EEH         LINE#         312
  C:59F2H         LINE#         313
  C:59F2H         LINE#         315
  C:59F6H         LINE#         316
  C:59FFH         LINE#         317
  C:59FFH         LINE#         319
  C:5A04H         LINE#         320
  C:5A06H         LINE#         321
  C:5A06H         LINE#         323
  C:5A0AH         LINE#         324
  C:5A13H         LINE#         325
  C:5A13H         LINE#         326
  C:5A13H         LINE#         327
  C:5A13H         LINE#         328
  C:5A15H         LINE#         330
  C:5A15H         LINE#         331
  C:5A18H         LINE#         332
  C:5A18H         LINE#         333
  C:5A18H         LINE#         334
  C:5A18H         LINE#         337
  -------         ENDPROC       CONFIRMACION
  -------         PROC          FORMATO_EEPROM
  -------         DO            
  X:0028H         SYMBOL        dato
  X:0029H         SYMBOL        i
  -------         ENDDO         
  C:58E4H         LINE#         338
BL51 BANKED LINKER/LOCATER V6.22.2.0                                                  10/25/2021  16:12:58  PAGE 30


  C:58E4H         LINE#         339
  C:58E4H         LINE#         340
  C:58EAH         LINE#         343
  C:58FFH         LINE#         344
  C:58FFH         LINE#         345
  C:5909H         LINE#         346
  C:5919H         LINE#         347
  -------         ENDPROC       FORMATO_EEPROM
  -------         ENDMOD        EEPROM

  -------         MODULE        IO_SENSORES
  C:0000H         SYMBOL        _ICE_DUMMY_
  D:0090H         PUBLIC        P1
  D:00B0H         PUBLIC        P3
  C:5D77H         PUBLIC        Dir_board
  B:0090H.1       PUBLIC        DataIn
  C:5E52H         PUBLIC        sel_Auto
  C:4FBEH         PUBLIC        ValidaSensoresPaso
  B:00B0H.3       PUBLIC        busy
  C:5C48H         PUBLIC        ValidaSensor
  C:5E60H         PUBLIC        sel_Sensor1
  C:5E59H         PUBLIC        sel_Sensor2
  B:00B0H.5       PUBLIC        sel_A
  B:00B0H.6       PUBLIC        sel_B
  B:00B0H.7       PUBLIC        sel_C
  C:4F4BH         PUBLIC        msj_lcd_informativo
  C:5E67H         PUBLIC        sel_Dir1
  C:5E6EH         PUBLIC        sel_Dir2
  C:5E4BH         PUBLIC        sel_Funcion
  -------         PROC          SEL_FUNCION
  C:5E4BH         LINE#         26
  C:5E4BH         LINE#         27
  C:5E4BH         LINE#         28
  C:5E4DH         LINE#         29
  C:5E4FH         LINE#         30
  C:5E51H         LINE#         31
  -------         ENDPROC       SEL_FUNCION
  -------         PROC          SEL_AUTO
  C:5E52H         LINE#         33
  C:5E52H         LINE#         34
  C:5E52H         LINE#         35
  C:5E54H         LINE#         36
  C:5E56H         LINE#         37
  C:5E58H         LINE#         38
  -------         ENDPROC       SEL_AUTO
  -------         PROC          SEL_SENSOR2
  C:5E59H         LINE#         49
  C:5E59H         LINE#         50
  C:5E59H         LINE#         51
  C:5E5BH         LINE#         52
  C:5E5DH         LINE#         53
  C:5E5FH         LINE#         54
  -------         ENDPROC       SEL_SENSOR2
  -------         PROC          SEL_SENSOR1
  C:5E60H         LINE#         56
  C:5E60H         LINE#         57
  C:5E60H         LINE#         58
BL51 BANKED LINKER/LOCATER V6.22.2.0                                                  10/25/2021  16:12:58  PAGE 31


  C:5E62H         LINE#         59
  C:5E64H         LINE#         60
  C:5E66H         LINE#         61
  -------         ENDPROC       SEL_SENSOR1
  -------         PROC          SEL_DIR1
  C:5E67H         LINE#         63
  C:5E67H         LINE#         64
  C:5E67H         LINE#         65
  C:5E69H         LINE#         66
  C:5E6BH         LINE#         67
  C:5E6DH         LINE#         68
  -------         ENDPROC       SEL_DIR1
  -------         PROC          SEL_DIR2
  C:5E6EH         LINE#         70
  C:5E6EH         LINE#         71
  C:5E6EH         LINE#         72
  C:5E70H         LINE#         73
  C:5E72H         LINE#         74
  C:5E74H         LINE#         75
  -------         ENDPROC       SEL_DIR2
  -------         PROC          VALIDASENSOR
  -------         DO            
  D:0007H         SYMBOL        Valido
  D:0004H         SYMBOL        Tmin
  -------         ENDDO         
  C:5C48H         LINE#         77
  C:5C48H         LINE#         78
  C:5C48H         LINE#         80
  C:5C4AH         LINE#         81
  C:5C4EH         LINE#         82
  C:5C59H         LINE#         83
  C:5C59H         LINE#         84
  C:5C5EH         LINE#         85
  C:5C62H         LINE#         86
  C:5C62H         LINE#         87
  C:5C64H         LINE#         88
  C:5C64H         LINE#         89
  C:5C66H         LINE#         90
  C:5C66H         LINE#         91
  -------         ENDPROC       VALIDASENSOR
  -------         PROC          DIR_BOARD
  -------         DO            
  D:0007H         SYMBOL        Board
  -------         ENDDO         
  C:5D77H         LINE#         95
  C:5D77H         LINE#         96
  C:5D77H         LINE#         97
  C:5D79H         LINE#         99
  C:5D7CH         LINE#         100
  C:5D7FH         LINE#         101
  C:5D7FH         LINE#         102
  C:5D80H         LINE#         103
  C:5D80H         LINE#         104
  C:5D83H         LINE#         105
  C:5D86H         LINE#         106
  C:5D86H         LINE#         107
  C:5D88H         LINE#         108
BL51 BANKED LINKER/LOCATER V6.22.2.0                                                  10/25/2021  16:12:58  PAGE 32


  C:5D88H         LINE#         109
  C:5D88H         LINE#         110
  -------         ENDPROC       DIR_BOARD
  -------         PROC          VALIDASENSORESPASO
  C:4FBEH         LINE#         115
  C:4FBEH         LINE#         116
  C:4FBEH         LINE#         118
  C:4FC1H         LINE#         119
  C:4FC4H         LINE#         120
  C:4FC4H         LINE#         121
  C:4FD2H         LINE#         122
  C:4FD2H         LINE#         123
  C:4FD5H         LINE#         124
  C:4FD8H         LINE#         125
  C:4FDBH         LINE#         126
  C:4FE0H         LINE#         127
  C:4FE0H         LINE#         128
  C:4FE7H         LINE#         129
  C:4FEBH         LINE#         130
  C:4FEDH         LINE#         132
  C:4FEDH         LINE#         134
  C:4FEDH         LINE#         135
  C:4FF4H         LINE#         136
  C:4FF9H         LINE#         137
  C:4FFBH         LINE#         138
  C:4FFBH         LINE#         141
  C:4FFBH         LINE#         143
  C:4FFEH         LINE#         144
  C:5003H         LINE#         145
  C:5003H         LINE#         147
  C:500AH         LINE#         148
  C:5010H         LINE#         149
  C:5013H         LINE#         150
  C:5013H         LINE#         152
  C:5013H         LINE#         153
  C:5017H         LINE#         154
  C:5019H         LINE#         155
  C:5019H         LINE#         158
  C:5019H         LINE#         159
  C:5019H         LINE#         161
  C:5019H         LINE#         162
  C:501FH         LINE#         163
  C:5021H         LINE#         164
  C:5021H         LINE#         165
  C:5021H         LINE#         166
  C:5021H         LINE#         167
  C:502AH         LINE#         168
  C:502CH         LINE#         169
  C:502CH         LINE#         171
  -------         ENDPROC       VALIDASENSORESPASO
  -------         PROC          MSJ_LCD_INFORMATIVO
  -------         DO            
  X:000EH         SYMBOL        toggle
  X:000FH         SYMBOL        info
  -------         ENDDO         
  C:4F4BH         LINE#         180
  C:4F4BH         LINE#         181
BL51 BANKED LINKER/LOCATER V6.22.2.0                                                  10/25/2021  16:12:58  PAGE 33


  C:4F4BH         LINE#         185
  C:4F4EH         LINE#         186
  C:4F51H         LINE#         187
  C:4F51H         LINE#         188
  C:4F5BH         LINE#         189
  C:4F5BH         LINE#         190
  C:4F5EH         LINE#         191
  C:4F5EH         LINE#         192
  C:4F60H         LINE#         193
  C:4F63H         LINE#         194
  C:4F69H         LINE#         195
  C:4F69H         LINE#         196
  C:4F6BH         LINE#         197
  C:4F77H         LINE#         198
  C:4F77H         LINE#         199
  C:4F7AH         LINE#         200
  C:4F7AH         LINE#         201
  C:4F7CH         LINE#         202
  C:4F7FH         LINE#         203
  C:4F85H         LINE#         204
  C:4F85H         LINE#         205
  C:4F87H         LINE#         206
  C:4F93H         LINE#         207
  C:4F93H         LINE#         208
  C:4F96H         LINE#         209
  C:4F96H         LINE#         210
  C:4F98H         LINE#         211
  C:4FA4H         LINE#         212
  C:4FA4H         LINE#         213
  C:4FA6H         LINE#         214
  C:4FADH         LINE#         216
  C:4FB2H         LINE#         217
  C:4FB2H         LINE#         219
  C:4FB2H         LINE#         221
  C:4FB2H         LINE#         223
  C:4FB5H         LINE#         224
  C:4FB8H         LINE#         225
  C:4FB8H         LINE#         226
  C:4FBDH         LINE#         227
  C:4FBDH         LINE#         229
  -------         ENDPROC       MSJ_LCD_INFORMATIVO
  -------         ENDMOD        IO_SENSORES

  -------         MODULE        MONITOR
  C:0000H         SYMBOL        _ICE_DUMMY_
  D:0080H         PUBLIC        P0
  D:0090H         PUBLIC        P1
  C:57E5H         PUBLIC        _Monitor_chr
  B:0080H.0       PUBLIC        rx_ip
[...]
  C:1D76H         LINE#         109
  C:1D76H         LINE#         110
  C:1D76H         LINE#         111
  C:1D76H         LINE#         113
  C:1D76H         LINE#         114
  C:1D76H         LINE#         115
  C:1D78H         LINE#         117
  C:1D8AH         LINE#         118
  C:1D8AH         LINE#         120
  C:1D9AH         LINE#         121
  C:1D9AH         LINE#         122
  C:1D9CH         LINE#         123
  C:1D9EH         LINE#         124
  C:1DA0H         LINE#         125
  C:1DA2H         LINE#         127
  C:1DB6H         LINE#         128
  C:1DB6H         LINE#         129
  C:1DBBH         LINE#         130
  C:1DC4H         LINE#         132
  C:1DC9H         LINE#         133
  C:1DC9H         LINE#         134
  C:1DC9H         LINE#         136
  C:1DCAH         LINE#         139
  C:1DE4H         LINE#         140
  C:1DE4H         LINE#         141
  C:1DE6H         LINE#         142
  C:1DE9H         LINE#         145
  C:1E03H         LINE#         146
  C:1E03H         LINE#         147
  C:1E05H         LINE#         148
  C:1E08H         LINE#         150
  C:1E22H         LINE#         151
  C:1E22H         LINE#         152
  C:1E24H         LINE#         153
  C:1E27H         LINE#         155
  C:1E41H         LINE#         156
  C:1E41H         LINE#         157
  C:1E43H         LINE#         158
  C:1E46H         LINE#         160
BL51 BANKED LINKER/LOCATER V6.22.2.0                                                  10/25/2021  16:12:58  PAGE 64


  C:1E60H         LINE#         161
  C:1E60H         LINE#         162
  C:1E62H         LINE#         163
  C:1E65H         LINE#         165
  C:1E7FH         LINE#         166
  C:1E7FH         LINE#         167
  C:1E81H         LINE#         168
  C:1E83H         LINE#         170
  C:1EB3H         LINE#         171
  C:1EB3H         LINE#         172
  C:1EB6H         LINE#         173
  C:1EB6H         LINE#         175
  C:1EEDH         LINE#         176
  C:1EEDH         LINE#         177
  C:1EF2H         LINE#         178
  C:1EF2H         LINE#         180
  C:1F2AH         LINE#         181
  C:1F2AH         LINE#         183
  C:1F32H         LINE#         184
  C:1F3EH         LINE#         187
  C:1F43H         LINE#         188
  C:1F45H         LINE#         189
  C:1F4BH         LINE#         190
  C:1F50H         LINE#         191
  C:1F50H         LINE#         192
  C:1F50H         LINE#         196
  C:1F53H         LINE#         200
  C:1F93H         LINE#         201
  C:1F93H         LINE#         203
  C:1FA8H         LINE#         204
  C:1FAEH         LINE#         205
  C:1FD8H         LINE#         207
  C:1FE0H         LINE#         208
  C:1FE0H         LINE#         210
  C:1FE7H         LINE#         211
  C:1FE7H         LINE#         212
  C:1FECH         LINE#         213
  C:1FECH         LINE#         214
  C:1FEEH         LINE#         216
  C:1FEEH         LINE#         217
  C:1FF7H         LINE#         218
  C:1FF7H         LINE#         219
  C:1FF7H         LINE#         221
  C:1FF9H         LINE#         224
  C:1FF9H         LINE#         227
  C:2004H         LINE#         231
  C:2004H         LINE#         232
  C:2004H         LINE#         233
  C:2031H         LINE#         234
  C:2031H         LINE#         235
  C:2040H         LINE#         238
  C:2049H         LINE#         239
  C:2060H         LINE#         242
  C:2060H         LINE#         244
  C:2072H         LINE#         245
  C:2072H         LINE#         246
  C:2077H         LINE#         247
BL51 BANKED LINKER/LOCATER V6.22.2.0                                                  10/25/2021  16:12:58  PAGE 65


  C:207DH         LINE#         248
  C:2083H         LINE#         250
  C:2083H         LINE#         252
  -------         ENDPROC       _VALIDA_TRAMA_PTO
  -------         ENDMOD        ACCESCAN

  -------         MODULE        VERPRINT
  C:0000H         SYMBOL        _ICE_DUMMY_
  C:2084H         PUBLIC        Lee_ticket
  D:0090H         PUBLIC        P1
  C:5BA2H         PUBLIC        _num_num
  B:00A8H.4       PUBLIC        ES
  C:411BH         PUBLIC        _check_fechaOut_2
  B:0090H.7       PUBLIC        lock
  C:5C73H         PUBLIC        _num_char
  -------         PROC          _NUM_NUM
  D:0001H         SYMBOL        p
  -------         DO            
  D:0007H         SYMBOL        contador
  -------         ENDDO         
  C:5BA2H         LINE#         68
  C:5BA2H         LINE#         69
  C:5BA2H         LINE#         70
  C:5BA4H         LINE#         71
  C:5BBBH         LINE#         72
  C:5BBBH         LINE#         74
  C:5BC2H         LINE#         75
  C:5BC3H         LINE#         76
  C:5BC5H         LINE#         77
  C:5BC5H         LINE#         78
  -------         ENDPROC       _NUM_NUM
  -------         PROC          L?0047
  -------         ENDPROC       L?0047
  -------         PROC          _NUM_CHAR
  D:0001H         SYMBOL        p
  D:0005H         SYMBOL        chr
  -------         DO            
  D:0007H         SYMBOL        contador
  -------         ENDDO         
  C:5C73H         LINE#         82
  C:5C73H         LINE#         83
  C:5C73H         LINE#         84
  C:5C75H         LINE#         85
  C:5C7BH         LINE#         86
  C:5C7BH         LINE#         88
  C:5C82H         LINE#         89
  C:5C83H         LINE#         90
  C:5C85H         LINE#         91
  C:5C85H         LINE#         92
  -------         ENDPROC       _NUM_CHAR
  -------         PROC          _CHECK_FECHAOUT_2
  X:0172H         SYMBOL        buffer
  -------         DO            
  X:0175H         SYMBOL        fecha_inicio
  X:0179H         SYMBOL        fecha_fin
  X:017DH         SYMBOL        datos_clk
  X:0183H         SYMBOL        temp
BL51 BANKED LINKER/LOCATER V6.22.2.0                                                  10/25/2021  16:12:58  PAGE 66


  -------         ENDDO         
  C:411BH         LINE#         93
  C:4126H         LINE#         94
  C:4126H         LINE#         100
  C:412FH         LINE#         101
  C:415EH         LINE#         102
  C:41A3H         LINE#         105
  C:41C3H         LINE#         106
  C:41C3H         LINE#         107
  C:41C9H         LINE#         108
  C:41CBH         LINE#         110
  C:41CBH         LINE#         111
  C:41D0H         LINE#         112
  C:41D0H         LINE#         116
  C:41D5H         LINE#         117
  -------         ENDPROC       _CHECK_FECHAOUT_2
  -------         PROC          LEE_TICKET
  -------         DO            
  X:015CH         SYMBOL        paso_una_vez
  X:015DH         SYMBOL        Ticket
  X:0167H         SYMBOL        fecha
  X:000EH         SYMBOL        temp
  X:000FH         SYMBOL        temp2
  X:0010H         SYMBOL        vehiculo
  X:0011H         SYMBOL        tipo_vehiculo
  -------         ENDDO         
  C:2084H         LINE#         124
  C:2084H         LINE#         125
  C:2084H         LINE#         131
  C:20AAH         LINE#         132
  C:20AAH         LINE#         133
  C:20AAH         LINE#         136
  C:20B5H         LINE#         137
  C:20B5H         LINE#         138
  C:20B7H         LINE#         140
  C:20BDH         LINE#         141
  C:20BDH         LINE#         142
  C:20C6H         LINE#         143
  C:20CBH         LINE#         144
  C:20D1H         LINE#         145
  C:20D1H         LINE#         146
  C:20D6H         LINE#         147
  C:20DCH         LINE#         148
  C:20DCH         LINE#         149
  C:20DCH         LINE#         150
  C:20DCH         LINE#         154
  C:20DFH         LINE#         156
  C:20DFH         LINE#         157
  C:20E8H         LINE#         158
  C:20EDH         LINE#         159
  C:20EDH         LINE#         160
  C:20EDH         LINE#         162
  C:20EDH         LINE#         163
  C:20EDH         LINE#         164
  C:20F0H         LINE#         169
  C:20F0H         LINE#         170
  C:2101H         LINE#         171
BL51 BANKED LINKER/LOCATER V6.22.2.0                                                  10/25/2021  16:12:58  PAGE 67


  C:2101H         LINE#         172
  C:2109H         LINE#         173
  C:2109H         LINE#         175
  C:2112H         LINE#         176
  C:211BH         LINE#         177
  C:2124H         LINE#         178
  C:212AH         LINE#         179
  C:2130H         LINE#         182
  C:2131H         LINE#         183
  C:2139H         LINE#         184
  C:2139H         LINE#         186
  C:2147H         LINE#         187
  C:2155H         LINE#         188
  C:2162H         LINE#         189
  C:216CH         LINE#         190
  C:216CH         LINE#         191
  C:216FH         LINE#         192
  C:2174H         LINE#         193
  C:2174H         LINE#         194
  C:2174H         LINE#         195
  C:2177H         LINE#         196
  C:2177H         LINE#         198
  C:2180H         LINE#         199
  C:2189H         LINE#         200
  C:2192H         LINE#         205
  C:2198H         LINE#         206
  C:2199H         LINE#         208
  C:2199H         LINE#         210
  C:219CH         LINE#         211
  C:21A1H         LINE#         212
  C:21A5H         LINE#         213
  C:21AEH         LINE#         214
  C:21B4H         LINE#         215
  C:21B4H         LINE#         216
  C:21B4H         LINE#         220
  C:21B4H         LINE#         221
  C:21B7H         LINE#         222
  C:21B7H         LINE#         225
  C:21C0H         LINE#         226
  C:21C5H         LINE#         227
  C:21CBH         LINE#         228
  C:21D5H         LINE#         230
  C:21DBH         LINE#         231
  C:21DBH         LINE#         232
  C:21E9H         LINE#         233
  C:21E9H         LINE#         234
  C:21E9H         LINE#         235
  C:21E9H         LINE#         238
  C:21ECH         LINE#         240
  C:21ECH         LINE#         243
  C:21F7H         LINE#         244
  C:21F7H         LINE#         246
  C:2200H         LINE#         248
  C:2205H         LINE#         250
  C:220DH         LINE#         251
  C:2215H         LINE#         252
  C:223BH         LINE#         253
BL51 BANKED LINKER/LOCATER V6.22.2.0                                                  10/25/2021  16:12:58  PAGE 68


  C:223BH         LINE#         254
  C:223EH         LINE#         255
  C:2240H         LINE#         257
  C:2240H         LINE#         258
  C:2243H         LINE#         259
  C:2243H         LINE#         260
  C:224CH         LINE#         261
  C:2254H         LINE#         262
  C:225DH         LINE#         264
  C:2266H         LINE#         265
  C:226EH         LINE#         266
  C:2277H         LINE#         267
  C:227FH         LINE#         268
  C:2288H         LINE#         270
  C:228DH         LINE#         271
  C:2299H         LINE#         272
  C:2299H         LINE#         273
  C:22BFH         LINE#         274
  C:22CEH         LINE#         276
  C:22D7H         LINE#         277
  C:22E0H         LINE#         280
  C:22EFH         LINE#         281
  C:22F7H         LINE#         282
  C:2316H         LINE#         284
  C:231FH         LINE#         285
  C:2328H         LINE#         286
  C:2331H         LINE#         288
  C:233FH         LINE#         291
  C:2345H         LINE#         292
  C:2345H         LINE#         293
  C:2353H         LINE#         294
  C:2353H         LINE#         295
  C:2353H         LINE#         296
  C:2353H         LINE#         297
  C:2355H         LINE#         298
  C:2355H         LINE#         300
  C:2355H         LINE#         301
  C:2357H         LINE#         302
  C:235AH         LINE#         305
  C:2360H         LINE#         306
  C:2366H         LINE#         308
  C:2366H         LINE#         309
  C:2366H         LINE#         310
  C:2367H         LINE#         311
  C:2367H         LINE#         312
  C:236FH         LINE#         313
  C:236FH         LINE#         314
  C:2371H         LINE#         315
  C:237AH         LINE#         317
  C:2380H         LINE#         318
  C:2383H         LINE#         319
  C:2388H         LINE#         320
  C:2388H         LINE#         321
  C:2388H         LINE#         322
  C:238AH         LINE#         323
  C:238AH         LINE#         324
  C:238FH         LINE#         325
BL51 BANKED LINKER/LOCATER V6.22.2.0                                                  10/25/2021  16:12:58  PAGE 69


  C:2390H         LINE#         327
  C:2390H         LINE#         328
  C:2398H         LINE#         329
  C:2398H         LINE#         330
  C:23A1H         LINE#         332
  C:23AFH         LINE#         333
  C:23B5H         LINE#         334
  C:23BBH         LINE#         335
  C:23BBH         LINE#         336
  C:23BBH         LINE#         337
  C:23BBH         LINE#         338
  -------         ENDPROC       LEE_TICKET
  -------         ENDMOD        VERPRINT

  -------         MODULE        ?C?FPADD
  C:0D61H         PUBLIC        ?C?FPADD
  C:0D5DH         PUBLIC        ?C?FPSUB
  -------         ENDMOD        ?C?FPADD

  -------         MODULE        ?C?FPMUL
  C:0E52H         PUBLIC        ?C?FPMUL
  -------         ENDMOD        ?C?FPMUL

  -------         MODULE        ?C?FCAST
  C:0F62H         PUBLIC        ?C?FCASTC
  C:0F5DH         PUBLIC        ?C?FCASTI
  C:0F58H         PUBLIC        ?C?FCASTL
  -------         ENDMOD        ?C?FCAST

  -------         MODULE        ?C?CASTF
  C:0F96H         PUBLIC        ?C?CASTF
  -------         ENDMOD        ?C?CASTF

  -------         MODULE        PRINTF
  X:0081H         PUBLIC        ?_PRINTF?BYTE
  X:0081H         PUBLIC        ?_SPRINTF?BYTE
  C:18C5H         PUBLIC        _PRINTF
  C:18BFH         PUBLIC        _SPRINTF
  -------         ENDMOD        PRINTF

  -------         MODULE        POW
  X:0029H         PUBLIC        ?_pow?BYTE
  C:2A9EH         PUBLIC        _pow
  -------         ENDMOD        POW

  -------         MODULE        ?C?CHKFLOAT
  C:1017H         PUBLIC        ?C?CHKFLOAT
  -------         ENDMOD        ?C?CHKFLOAT

  -------         MODULE        ?C?FPCMP
  C:1033H         PUBLIC        ?C?FPCMP
  C:1031H         PUBLIC        ?C?FPCMP3
  -------         ENDMOD        ?C?FPCMP

  -------         MODULE        ?C?FPNEG
  C:10AAH         PUBLIC        ?C?FPNEG
  -------         ENDMOD        ?C?FPNEG
BL51 BANKED LINKER/LOCATER V6.22.2.0                                                  10/25/2021  16:12:58  PAGE 70



  -------         MODULE        ?C?FPROUND
  C:10BBH         PUBLIC        ?C?FPROUND
  -------         ENDMOD        ?C?FPROUND

  -------         MODULE        ?C?FPCONVERT
  C:10F8H         PUBLIC        ?C?FPCONVERT
  -------         ENDMOD        ?C?FPCONVERT

  -------         MODULE        EXP
  C:46C4H         PUBLIC        _EXP
  -------         ENDMOD        EXP

  -------         MODULE        LOG
  C:312BH         PUBLIC        _LOG
  C:3127H         PUBLIC        _LOG10
  -------         ENDMOD        LOG

  -------         MODULE        ?C?FPDIV
  C:1200H         PUBLIC        ?C?FPDIV
  -------         ENDMOD        ?C?FPDIV

  -------         MODULE        ?C?FTNPWR
  C:12CDH         PUBLIC        ?C?FTNPWR
  -------         ENDMOD        ?C?FTNPWR

  -------         MODULE        ?C?COPY
  C:142AH         PUBLIC        ?C?COPY
  -------         ENDMOD        ?C?COPY

  -------         MODULE        ?C?CLDPTR
  C:1450H         PUBLIC        ?C?CLDPTR
  -------         ENDMOD        ?C?CLDPTR

  -------         MODULE        ?C?CLDOPTR
  C:1469H         PUBLIC        ?C?CLDOPTR
  -------         ENDMOD        ?C?CLDOPTR

  -------         MODULE        ?C?CSTPTR
  C:1496H         PUBLIC        ?C?CSTPTR
  -------         ENDMOD        ?C?CSTPTR

  -------         MODULE        ?C?CSTOPTR
  C:14A8H         PUBLIC        ?C?CSTOPTR
  -------         ENDMOD        ?C?CSTOPTR

  -------         MODULE        ?C?IMUL
  C:14CAH         PUBLIC        ?C?IMUL
  -------         ENDMOD        ?C?IMUL

  -------         MODULE        ?C?IILDX
  C:14DCH         PUBLIC        ?C?IILDX
  -------         ENDMOD        ?C?IILDX

  -------         MODULE        ?C?LNEG
  C:14F2H         PUBLIC        ?C?LNEG
  -------         ENDMOD        ?C?LNEG
BL51 BANKED LINKER/LOCATER V6.22.2.0                                                  10/25/2021  16:12:58  PAGE 71



  -------         MODULE        ?C?ULCMP
  C:1500H         PUBLIC        ?C?ULCMP
  -------         ENDMOD        ?C?ULCMP

  -------         MODULE        ?C?LLDCODE
  C:1511H         PUBLIC        ?C?LLDCODE
  -------         ENDMOD        ?C?LLDCODE

  -------         MODULE        ?C?LLDXDATA0
  C:1521H         PUBLIC        ?C?LLDXDATA0
  -------         ENDMOD        ?C?LLDXDATA0

  -------         MODULE        ?C?LLDCODE0
  C:152DH         PUBLIC        ?C?LLDCODE0
  -------         ENDMOD        ?C?LLDCODE0

  -------         MODULE        ?C?LSTXDATA
  C:153DH         PUBLIC        ?C?LSTXDATA
  -------         ENDMOD        ?C?LSTXDATA

  -------         MODULE        ?C?LSTKXDATA
  C:1549H         PUBLIC        ?C?LSTKXDATA
  -------         ENDMOD        ?C?LSTKXDATA

  -------         MODULE        ?C?PLDIXDATA
  C:157AH         PUBLIC        ?C?PLDIXDATA
  -------         ENDMOD        ?C?PLDIXDATA

  -------         MODULE        ?C?PSTXDATA
  C:1591H         PUBLIC        ?C?PSTXDATA
  -------         ENDMOD        ?C?PSTXDATA

  -------         MODULE        ?C?CCASE
  C:159AH         PUBLIC        ?C?CCASE
  -------         ENDMOD        ?C?CCASE

  -------         MODULE        STRCAT
  X:0050H         PUBLIC        ?_strcat?BYTE
  C:509BH         PUBLIC        _strcat
  -------         ENDMOD        STRCAT

  -------         MODULE        STRNCAT
  X:003DH         PUBLIC        ?_strncat?BYTE
  C:3D59H         PUBLIC        _strncat
  -------         ENDMOD        STRNCAT

  -------         MODULE        ?C?STRCMP
  C:173EH         PUBLIC        ?C?STRCMP
  -------         ENDMOD        ?C?STRCMP

  -------         MODULE        ?C?STRCPY
  C:1827H         PUBLIC        ?C?STRCPY
  -------         ENDMOD        ?C?STRCPY

  -------         MODULE        STRNCPY
  X:0014H         PUBLIC        ?_strncpy?BYTE
BL51 BANKED LINKER/LOCATER V6.22.2.0                                                  10/25/2021  16:12:58  PAGE 72


  C:5106H         PUBLIC        _strncpy
  -------         ENDMOD        STRNCPY

  -------         MODULE        STRLEN
  C:000EH         PUBLIC        _STRLEN
  -------         ENDMOD        STRLEN

  -------         MODULE        STRSTR
  X:0014H         PUBLIC        ?_strstr?BYTE
  C:3EE2H         PUBLIC        _strstr
  -------         ENDMOD        STRSTR

  -------         MODULE        STRTOK
  X:004AH         PUBLIC        ?_strtok?BYTE
  C:39FEH         PUBLIC        _strtok
  -------         ENDMOD        STRTOK

  -------         MODULE        ATOI
  C:3AE2H         PUBLIC        _atoi
  -------         ENDMOD        ATOI

  -------         MODULE        ?C?ILDIX
  C:1844H         PUBLIC        ?C?ILDIX
  -------         ENDMOD        ?C?ILDIX

  -------         MODULE        ISDIGIT
  C:5DFFH         PUBLIC        _isdigit
  -------         ENDMOD        ISDIGIT

  -------         MODULE        ISSPACE
  C:5D3FH         PUBLIC        _isspace
  -------         ENDMOD        ISSPACE

  -------         MODULE        STRSPN
  X:0050H         PUBLIC        ?_strspn?BYTE
  C:4DC6H         PUBLIC        _strspn
  -------         ENDMOD        STRSPN

  -------         MODULE        STRPBRK
  X:0050H         PUBLIC        ?_strpbrk?BYTE
  C:4E4AH         PUBLIC        _strpbrk
  -------         ENDMOD        STRPBRK

*** WARNING L16: UNCALLED SEGMENT, IGNORED FOR OVERLAY PROCESS
    SEGMENT: ?PR?_CHECK_FECHAOUT_2?VERPRINT

Program Size: data=158.4 xdata=398 code=24204
LINK/LOCATE RUN COMPLETE.  1 WARNING(S),  0 ERROR(S)
