BL51 BANKED LINKER/LOCATER V6.22.2.0                                                    10/20/2021  12:17:09  PAGE 1


BL51 BANKED LINKER/LOCATER V6.22.2.0, INVOKED BY:
C:\KEIL_V5\C51\BIN\BL51.EXE .\Objects\main.obj, .\Objects\Clock.obj, .\Objects\delay.obj, .\Objects\eeprom.obj, .\Object
>> s\io_sensores.obj, .\Objects\monitor.obj, .\Objects\num_serie.obj, .\Objects\pantallas.obj, .\Objects\prog.obj, .\Obj
>> ects\pto_paralelo.obj, .\Objects\tibbo.obj, .\Objects\uart.obj, .\Objects\Accescan.obj, .\Objects\verprint.obj TO .\O
>> bjects\VRFCDOR_PRINT_100 PRINT (.\Listings\VRFCDOR_PRINT_100.m51) RAMSIZE (256)


MEMORY MODEL: LARGE WITH FLOATING POINT ARITHMETIC


INPUT MODULES INCLUDED:
  .\Objects\main.obj (MAIN)
  .\Objects\Clock.obj (CLOCK)
  .\Objects\delay.obj (DELAY)
  .\Objects\eeprom.obj (EEPROM)
  .\Objects\io_sensores.obj (IO_SENSORES)
  .\Objects\monitor.obj (MONITOR)
  .\Objects\num_serie.obj (NUM_SERIE)
  .\Objects\pantallas.obj (PANTALLAS)
  .\Objects\prog.obj (PROG)
  .\Objects\pto_paralelo.obj (PTO_PARALELO)
  .\Objects\tibbo.obj (TIBBO)
  .\Objects\uart.obj (UART)
  .\Objects\Accescan.obj (ACCESCAN)
  .\Objects\verprint.obj (VERPRINT)
  C:\KEIL_V5\C51\LIB\C51FPL.LIB (?C?FPADD)
  C:\KEIL_V5\C51\LIB\C51FPL.LIB (?C?FPMUL)
  C:\KEIL_V5\C51\LIB\C51FPL.LIB (?C?FCAST)
  C:\KEIL_V5\C51\LIB\C51FPL.LIB (?C?CASTF)
  C:\KEIL_V5\C51\LIB\C51FPL.LIB (PRINTF)
  C:\KEIL_V5\C51\LIB\C51FPL.LIB (POW)
  C:\KEIL_V5\C51\LIB\C51FPL.LIB (?C?FPGETOPN)
  C:\KEIL_V5\C51\LIB\C51FPL.LIB (?C?CHKFLOAT)
  C:\KEIL_V5\C51\LIB\C51FPL.LIB (?C?FPCMP)
  C:\KEIL_V5\C51\LIB\C51FPL.LIB (?C?FPNEG)
  C:\KEIL_V5\C51\LIB\C51FPL.LIB (?C?FPROUND)
  C:\KEIL_V5\C51\LIB\C51FPL.LIB (?C?FPCONVERT)
  C:\KEIL_V5\C51\LIB\C51FPL.LIB (EXP)
  C:\KEIL_V5\C51\LIB\C51FPL.LIB (LOG)
  C:\KEIL_V5\C51\LIB\C51FPL.LIB (?C?FPDIV)
  C:\KEIL_V5\C51\LIB\C51FPL.LIB (?C?FTNPWR)
  C:\KEIL_V5\C51\LIB\C51FPL.LIB (?C?FPSERIES)
  C:\KEIL_V5\C51\LIB\C51L.LIB (?C_STARTUP)
  C:\KEIL_V5\C51\LIB\C51L.LIB (?C?COPY)
  C:\KEIL_V5\C51\LIB\C51L.LIB (?C?CLDPTR)
  C:\KEIL_V5\C51\LIB\C51L.LIB (?C?CLDOPTR)
  C:\KEIL_V5\C51\LIB\C51L.LIB (?C?CSTPTR)
  C:\KEIL_V5\C51\LIB\C51L.LIB (?C?CSTOPTR)
  C:\KEIL_V5\C51\LIB\C51L.LIB (?C?IILDX)
  C:\KEIL_V5\C51\LIB\C51L.LIB (?C?LNEG)
  C:\KEIL_V5\C51\LIB\C51L.LIB (?C?LLDCODE)
  C:\KEIL_V5\C51\LIB\C51L.LIB (?C?LLDXDATA0)
  C:\KEIL_V5\C51\LIB\C51L.LIB (?C?LLDCODE0)
  C:\KEIL_V5\C51\LIB\C51L.LIB (?C?LSTXDATA)
  C:\KEIL_V5\C51\LIB\C51L.LIB (?C?LSTKXDATA)
  C:\KEIL_V5\C51\LIB\C51L.LIB (?C?PLDIXDATA)
  C:\KEIL_V5\C51\LIB\C51L.LIB (?C?PSTXDATA)
  C:\KEIL_V5\C51\LIB\C51L.LIB (?C?CCASE)
BL51 BANKED LINKER/LOCATER V6.22.2.0                                                  10/20/2021  12:17:09  PAGE 2


  C:\KEIL_V5\C51\LIB\C51L.LIB (STRCAT)
  C:\KEIL_V5\C51\LIB\C51L.LIB (STRNCAT)
  C:\KEIL_V5\C51\LIB\C51L.LIB (?C?STRCMP)
  C:\KEIL_V5\C51\LIB\C51L.LIB (?C?STRCPY)
  C:\KEIL_V5\C51\LIB\C51L.LIB (STRNCPY)
  C:\KEIL_V5\C51\LIB\C51L.LIB (STRLEN)
  C:\KEIL_V5\C51\LIB\C51L.LIB (STRSTR)
  C:\KEIL_V5\C51\LIB\C51L.LIB (STRTOK)
  C:\KEIL_V5\C51\LIB\C51L.LIB (ATOI)
  C:\KEIL_V5\C51\LIB\C51L.LIB (?C_INIT)
  C:\KEIL_V5\C51\LIB\C51L.LIB (?C?IMUL)
  C:\KEIL_V5\C51\LIB\C51L.LIB (?C?ILDIX)
  C:\KEIL_V5\C51\LIB\C51L.LIB (ISDIGIT)
  C:\KEIL_V5\C51\LIB\C51L.LIB (ISSPACE)
  C:\KEIL_V5\C51\LIB\C51L.LIB (STRSPN)
  C:\KEIL_V5\C51\LIB\C51L.LIB (STRPBRK)


LINK MAP OF MODULE:  .\Objects\VRFCDOR_PRINT_100 (MAIN)


            TYPE    BASE      LENGTH    RELOCATION   SEGMENT NAME
            -----------------------------------------------------

            * * * * * * *   D A T A   M E M O R Y   * * * * * * *
            REG     0000H     0008H     ABSOLUTE     "REG BANK 0"
            DATA    0008H     0005H     UNIT         ?DT?UART
            DATA    000DH     0005H     UNIT         _DATA_GROUP_
                    0012H     000EH                  *** GAP ***
            BIT     0020H.0   0001H.1   UNIT         _BIT_GROUP_
            BIT     0021H.1   0000H.1   UNIT         ?BI?MAIN
            BIT     0021H.2   0000H.1   UNIT         ?BI?EEPROM
            BIT     0021H.3   0000H.1   UNIT         ?BI?UART
                    0021H.4   0000H.4                *** GAP ***
            IDATA   0022H     008AH     UNIT         ?ID?MAIN
            IDATA   00ACH     0001H     UNIT         ?STACK

            * * * * * * *  X D A T A   M E M O R Y  * * * * * * *
            XDATA   0000H     00B5H     UNIT         _XDATA_GROUP_
            XDATA   00B5H     005FH     UNIT         ?XD?PROG
            XDATA   0114H     0048H     UNIT         ?XD?MAIN
            XDATA   015CH     000BH     UNIT         ?XD?VERPRINT
            XDATA   0167H     0003H     UNIT         ?XD?EEPROM
            XDATA   016AH     0003H     UNIT         ?XD?STRTOK
            XDATA   016DH     0001H     UNIT         ?XD?CLOCK

            * * * * * * *   C O D E   M E M O R Y   * * * * * * *
            CODE    0000H     0003H     ABSOLUTE     
            CODE    0003H     0008H     UNIT         ?PR?P_CK?CLOCK
            CODE    000BH     0003H     ABSOLUTE     
            CODE    000EH     0015H     UNIT         ?PR?_STRLEN?STRLEN
            CODE    0023H     0003H     ABSOLUTE     
            CODE    0026H     0D34H     UNIT         ?CO?PROG
            CODE    0D5AH     0AEFH     UNIT         ?C?LIB_CODE
            CODE    1849H     0483H     UNIT         ?PR?PRINTF?PRINTF
            CODE    1CCCH     03A7H     UNIT         ?PR?_VALIDA_TRAMA_PTO?ACCESCAN
            CODE    2073H     02F0H     UNIT         ?PR?LEE_TICKET?VERPRINT
BL51 BANKED LINKER/LOCATER V6.22.2.0                                                  10/20/2021  12:17:09  PAGE 3


            CODE    2363H     02D0H     UNIT         ?PR?_TWO_BYTEHEX_DECIMAL?CLOCK
            CODE    2633H     023AH     UNIT         ?PR?MENU?PROG
            CODE    286DH     01D8H     UNIT         ?PR?_BLOCK_READ_CLOCK_ASCII?CLOCK
            CODE    2A45H     0166H     UNIT         ?PR?_POW?POW
            CODE    2BABH     0148H     UNIT         ?PR?_TRAMA_PRINT_COD_BARRAS?PTO_PARALELO
            CODE    2CF3H     013EH     UNIT         ?PR?PROG_SIN_COBRO?PROG
            CODE    2E31H     012EH     UNIT         ?PR?_PANTALLALCD_LINEA_2?PANTALLAS
            CODE    2F5FH     012BH     UNIT         ?CO?VERPRINT
            CODE    308AH     0129H     UNIT         ?PR?LOG?LOG
            CODE    31B3H     0110H     UNIT         ?PR?LOAD_AND_SEND_ID_COD?PTO_PARALELO
            CODE    32C3H     00FCH     UNIT         ?PR?PROG_DEBUG?PROG
            CODE    33BFH     00FCH     UNIT         ?PR?PROG_USE_LPR?PROG
            CODE    34BBH     00FCH     UNIT         ?PR?TIPO_PANTALLA?PROG
            CODE    35B7H     00FCH     UNIT         ?PR?PROG_COMPARACION_ACTIVA?PROG
            CODE    36B3H     00FCH     UNIT         ?PR?PROG_QR_BARRAS?PROG
            CODE    37AFH     00FBH     UNIT         ?CO?PANTALLAS
            CODE    38AAH     00E7H     UNIT         ?PR?_CMD_LPR_SALIDA_PRINT?MONITOR
            CODE    3991H     00E4H     UNIT         ?PR?_STRTOK?STRTOK
            CODE    3A75H     00DBH     UNIT         ?PR?_ATOI?ATOI
            CODE    3B50H     00D6H     UNIT         ?PR?_CMD_LPR_SALIDA_WIEGAND?MONITOR
            CODE    3C26H     00C6H     UNIT         ?PR?SHOW?PROG
            CODE    3CECH     00C5H     UNIT         ?PR?_STRNCAT?STRNCAT
            CODE    3DB1H     00C4H     UNIT         ?PR?_BLOCK_READ_CLOCK?CLOCK
            CODE    3E75H     00BFH     UNIT         ?PR?_STRSTR?STRSTR
            CODE    3F34H     00BDH     UNIT         ?PR?PROG_COD_PARK?PROG
            CODE    3FF1H     00BDH     UNIT         ?PR?PROG_TIEMPO_GRACIA?PROG
            CODE    40AEH     00B9H     UNIT         ?PR?MAIN?MAIN
            CODE    4167H     00B6H     UNIT         ?PR?PROG_ID_CLIENTE?PROG
            CODE    421DH     00B4H     UNIT         ?PR?_SEND_PORT?PTO_PARALELO
            CODE    42D1H     00B2H     UNIT         ?C_INITSEG
            CODE    4383H     00A0H     UNIT         ?CO?IO_SENSORES
            CODE    4423H     009BH     UNIT         ?PR?_VALIDA_TRAMA_MONITOR?MONITOR
            CODE    44BEH     009AH     UNIT         ?PR?EXP?EXP
            CODE    4558H     0097H     UNIT         ?PR?_RECIBE_PORT?PTO_PARALELO
            CODE    45EFH     0095H     UNIT         ?PR?_RECIBE_CMD_MONITOR?MONITOR
            CODE    4684H     0090H     UNIT         ?PR?_LEE_CLK?CLOCK
            CODE    4714H     0090H     UNIT         ?PR?_PANTALLALCD?PANTALLAS
            CODE    47A4H     0090H     UNIT         ?PR?_GETOPTION?PROG
            CODE    4834H     008FH     UNIT         ?PR?_BLOCK_WRITE_CLOCK_ASCII?CLOCK
            CODE    48C3H     008CH     UNIT         ?C_C51STARTUP
            CODE    494FH     008AH     UNIT         ?PR?VARIABLE_INICIO?MAIN
            CODE    49D9H     008AH     UNIT         ?PR?_ESCRIBIRMEMORIA?EEPROM
            CODE    4A63H     0088H     UNIT         ?PR?_SEND_PORTERR?PTO_PARALELO
            CODE    4AEBH     0088H     UNIT         ?PR?RX_DATA?TIBBO
            CODE    4B73H     0085H     UNIT         ?PR?COM_ISR?UART
            CODE    4BF8H     0084H     UNIT         ?PR?_STRSPN?STRSPN
            CODE    4C7CH     0081H     UNIT         ?PR?_STRPBRK?STRPBRK
            CODE    4CFDH     0080H     UNIT         ?PR?_INGRESADATO?PROG
            CODE    4D7DH     0073H     UNIT         ?PR?MSJ_LCD_INFORMATIVO?IO_SENSORES
            CODE    4DF0H     006FH     UNIT         ?PR?VALIDASENSORESPASO?IO_SENSORES
            CODE    4E5FH     006EH     UNIT         ?PR?_DEBUGBUFFERMF?TIBBO
            CODE    4ECDH     006BH     UNIT         ?PR?_STRCAT?STRCAT
            CODE    4F38H     0068H     UNIT         ?PR?_STRNCPY?STRNCPY
            CODE    4FA0H     0062H     UNIT         ?PR?_LISTACOMANDOS?PROG
            CODE    5002H     005EH     UNIT         ?PR?_RASPBERRY_DATA?PANTALLAS
            CODE    5060H     0058H     UNIT         ?PR?_LEERMEMORIA?EEPROM
            CODE    50B8H     0057H     UNIT         ?CO?TIBBO
BL51 BANKED LINKER/LOCATER V6.22.2.0                                                  10/20/2021  12:17:09  PAGE 4


            CODE    510FH     0053H     UNIT         ?PR?_BYTEHEX_DECIMAL?CLOCK
            CODE    5162H     004DH     UNIT         ?PR?L_D_M?EEPROM
            CODE    51AFH     0048H     UNIT         ?PR?_TX_AUX?TIBBO
            CODE    51F7H     0047H     UNIT         ?PR?PROG_CLIENTE?PROG
            CODE    523EH     0047H     UNIT         ?PR?PROG_NIT?PROG
            CODE    5285H     0047H     UNIT         ?PR?PROG_NOM_PARQ?PROG
            CODE    52CCH     0047H     UNIT         ?PR?PROG_DIRECCION?PROG
            CODE    5313H     0047H     UNIT         ?PR?PROG_MSJ1?PROG
            CODE    535AH     0047H     UNIT         ?PR?PROG_MSJ2?PROG
            CODE    53A1H     0047H     UNIT         ?PR?PROG_MSJ3?PROG
            CODE    53E8H     0047H     UNIT         ?PR?PROG_MSJ4?PROG
            CODE    542FH     0047H     UNIT         ?PR?PROG_MSJ5?PROG
            CODE    5476H     0047H     UNIT         ?PR?PROG_MSJ6?PROG
            CODE    54BDH     0047H     UNIT         ?PR?PROG_MSJ7?PROG
            CODE    5504H     0047H     UNIT         ?PR?_DEBUG_CHR_TIBBO?TIBBO
            CODE    554BH     0046H     UNIT         ?PR?_LCD_TXT_NUM_CHAR?PANTALLAS
            CODE    5591H     0045H     UNIT         ?PR?_VALIDARCLAVE?PROG
            CODE    55D6H     0041H     UNIT         ?PR?_TWO_ONE?CLOCK
            CODE    5617H     0041H     UNIT         ?PR?_MONITOR_CHR?MONITOR
            CODE    5658H     0040H     UNIT         ?PR?_GETCMD?PROG
            CODE    5698H     003FH     UNIT         ?PR?_EB_CLK?CLOCK
            CODE    56D7H     003FH     UNIT         ?PR?_WR_EEPROM?EEPROM
            CODE    5716H     003FH     UNIT         ?PR?FORMATO_EEPROM?EEPROM
            CODE    5755H     003EH     UNIT         ?PR?_PUTCHAR?MAIN
            CODE    5793H     003EH     UNIT         ?PR?_DEBUG_TXT_TIBBO?TIBBO
            CODE    57D1H     003EH     UNIT         ?PR?COM_BAUDRATE?UART
            CODE    580FH     003CH     UNIT         ?PR?CONFIRMACION?EEPROM
            CODE    584BH     003CH     UNIT         ?PR?_LCD_TXT?PANTALLAS
            CODE    5887H     003BH     UNIT         ?PR?_COM_PUTCHAR?UART
            CODE    58C2H     0039H     UNIT         ?PR?_RD_EEPROM?EEPROM
            CODE    58FBH     0035H     UNIT         ?PR?RELOJ_PANTALLA_LCD?PANTALLAS
            CODE    5930H     002CH     UNIT         ?PR?LOAD_AND_SEND_INFO_RELOJ?PTO_PARALELO
            CODE    595CH     002AH     UNIT         ?PR?COM_INITIALIZE?UART
            CODE    5986H     0028H     UNIT         ?PR?_WR_CLK?CLOCK
            CODE    59AEH     0026H     UNIT         ?PR?COM_GETCHAR?UART
            CODE    59D4H     0024H     UNIT         ?PR?_NUM_NUM?VERPRINT
            CODE    59F8H     0022H     UNIT         ?PR?_E_D_M?EEPROM
            CODE    5A1AH     0020H     UNIT         ?PR?ACKD?EEPROM
            CODE    5A3AH     0020H     UNIT         ?PR?ACK_LECT?EEPROM
            CODE    5A5AH     0020H     UNIT         ?PR?TIME_BIT?TIBBO
            CODE    5A7AH     001FH     UNIT         ?PR?VALIDASENSOR?IO_SENSORES
            CODE    5A99H     001EH     UNIT         ?PR?_BCD_HEX?CLOCK
            CODE    5AB7H     001EH     UNIT         ?PR?_TX_CHRLCD?PANTALLAS
            CODE    5AD5H     001BH     UNIT         ?PR?_DELAY_1MS?DELAY
            CODE    5AF0H     001AH     UNIT         ?PR?TIME_MBIT?TIBBO
            CODE    5B0AH     0019H     UNIT         ?PR?TIMER0_INT?MAIN
            CODE    5B23H     0018H     UNIT         ?CO?ACCESCAN
            CODE    5B3BH     0017H     UNIT         ?PR?DISPLAYCURSOR?PROG
            CODE    5B52H     0014H     UNIT         ?PR?_ISSPACE?ISSPACE
            CODE    5B66H     0013H     UNIT         ?PR?_NUM_CHAR?VERPRINT
            CODE    5B79H     0012H     UNIT         ?PR?_DELAY_20US?DELAY
            CODE    5B8BH     0012H     UNIT         ?PR?START?EEPROM
            CODE    5B9DH     0012H     UNIT         ?PR?DIR_BOARD?IO_SENSORES
            CODE    5BAFH     0012H     UNIT         ?PR?PULSO_BUS?PTO_PARALELO
            CODE    5BC1H     0012H     UNIT         ?PR?COM_RBUFLEN?UART
            CODE    5BD3H     0012H     UNIT         ?PR?COM_TBUFLEN?UART
            CODE    5BE5H     0010H     UNIT         ?PR?INI_TIMER?MAIN
BL51 BANKED LINKER/LOCATER V6.22.2.0                                                  10/20/2021  12:17:09  PAGE 5


            CODE    5BF5H     0010H     UNIT         ?PR?INICIA_BOARD?MAIN
            CODE    5C05H     0010H     UNIT         ?PR?_GRABA_SERIE_ASCII_HEX?NUM_SERIE
            CODE    5C15H     0010H     UNIT         ?CO?PTO_PARALELO
            CODE    5C25H     000FH     UNIT         ?PR?_ISDIGIT?ISDIGIT
            CODE    5C34H     000EH     UNIT         ?PR?CLEAR_BUFFER?UART
            CODE    5C42H     000CH     UNIT         ?PR?_GETKEY?MAIN
            CODE    5C4EH     000AH     UNIT         ?PR?COND_INI_PTO?PTO_PARALELO
            CODE    5C58H     0009H     UNIT         ?PR?STOP?EEPROM
            CODE    5C61H     0009H     UNIT         ?PR?DEBUG_DIVIDIR_TEXTO?TIBBO
            CODE    5C6AH     0007H     UNIT         ?PR?COND_INI_CLOCK?CLOCK
            CODE    5C71H     0007H     UNIT         ?PR?SEL_FUNCION?IO_SENSORES
            CODE    5C78H     0007H     UNIT         ?PR?SEL_AUTO?IO_SENSORES
            CODE    5C7FH     0007H     UNIT         ?PR?SEL_SENSOR2?IO_SENSORES
            CODE    5C86H     0007H     UNIT         ?PR?SEL_SENSOR1?IO_SENSORES
            CODE    5C8DH     0007H     UNIT         ?PR?SEL_DIR1?IO_SENSORES
            CODE    5C94H     0007H     UNIT         ?PR?SEL_DIR2?IO_SENSORES
            CODE    5C9BH     0006H     UNIT         ?PR?P_ME?EEPROM
            CODE    5CA1H     0005H     UNIT         ?PR?ON_TIMER0_INTERRUP?MAIN
            CODE    5CA6H     0005H     UNIT         ?PR?COND_INI_TIBBO?TIBBO
            CODE    5CABH     0003H     UNIT         ?PR?OFF_TIMER0_INTERRUP?MAIN
            CODE    5CAEH     0003H     UNIT         ?CO?MAIN
            CODE    5CB1H     0001H     UNIT         ?PR?DELAY?DELAY



OVERLAY MAP OF MODULE:   .\Objects\VRFCDOR_PRINT_100 (MAIN)


SEGMENT                                             BIT_GROUP          DATA_GROUP          XDATA_GROUP
  +--> CALLED SEGMENT                            START    LENGTH     START    LENGTH     START    LENGTH
--------------------------------------------------------------------------------------------------------
?C_C51STARTUP                                    -----    -----      -----    -----      -----    -----
  +--> ?PR?MAIN?MAIN
  +--> ?C_INITSEG

?PR?MAIN?MAIN                                    -----    -----      -----    -----      0000H    000EH
  +--> ?PR?INI_TIMER?MAIN
  +--> ?PR?ON_TIMER0_INTERRUP?MAIN
  +--> ?PR?COM_INITIALIZE?UART
  +--> ?PR?COM_BAUDRATE?UART
  +--> ?PR?INICIA_BOARD?MAIN
  +--> ?PR?TIME_BIT?TIBBO
  +--> ?PR?TIME_MBIT?TIBBO
  +--> ?PR?_TX_AUX?TIBBO
  +--> ?PR?SEL_FUNCION?IO_SENSORES
  +--> ?PR?MENU?PROG
  +--> ?PR?VARIABLE_INICIO?MAIN
  +--> ?PR?_RECIBE_CMD_MONITOR?MONITOR
  +--> ?PR?DEBUG_DIVIDIR_TEXTO?TIBBO
  +--> ?PR?_VALIDA_TRAMA_MONITOR?MONITOR
  +--> ?PR?_DEBUGBUFFERMF?TIBBO
  +--> ?PR?_DEBUG_TXT_TIBBO?TIBBO
  +--> ?PR?LEE_TICKET?VERPRINT
  +--> ?PR?_RECIBE_PORT?PTO_PARALELO
  +--> ?PR?_DEBUG_CHR_TIBBO?TIBBO
  +--> ?CO?MAIN
  +--> ?PR?_VALIDA_TRAMA_PTO?ACCESCAN
BL51 BANKED LINKER/LOCATER V6.22.2.0                                                  10/20/2021  12:17:09  PAGE 6


  +--> ?PR?MSJ_LCD_INFORMATIVO?IO_SENSORES

?PR?COM_INITIALIZE?UART                          -----    -----      -----    -----      -----    -----
  +--> ?PR?COM_BAUDRATE?UART

?PR?COM_BAUDRATE?UART                            -----    -----      -----    -----      -----    -----
  +--> ?PR?_RD_EEPROM?EEPROM

?PR?_RD_EEPROM?EEPROM                            -----    -----      -----    -----      -----    -----
  +--> ?PR?START?EEPROM
  +--> ?PR?ACK_LECT?EEPROM
  +--> ?PR?_E_D_M?EEPROM
  +--> ?PR?ACKD?EEPROM
  +--> ?PR?L_D_M?EEPROM
  +--> ?PR?STOP?EEPROM

?PR?ACK_LECT?EEPROM                              -----    -----      -----    -----      -----    -----
  +--> ?PR?_E_D_M?EEPROM

?PR?_E_D_M?EEPROM                                -----    -----      -----    -----      -----    -----
  +--> ?PR?P_ME?EEPROM

?PR?ACKD?EEPROM                                  -----    -----      -----    -----      -----    -----
  +--> ?PR?_E_D_M?EEPROM

?PR?INICIA_BOARD?MAIN                            -----    -----      -----    -----      -----    -----
  +--> ?PR?COND_INI_TIBBO?TIBBO
  +--> ?PR?COND_INI_CLOCK?CLOCK
  +--> ?PR?COND_INI_PTO?PTO_PARALELO

?PR?_TX_AUX?TIBBO                                -----    -----      -----    -----      -----    -----
  +--> ?PR?TIME_BIT?TIBBO

?PR?MENU?PROG                                    -----    -----      -----    -----      000EH    0031H
  +--> ?CO?PROG
  +--> ?PR?PRINTF?PRINTF
  +--> ?PR?CLEAR_BUFFER?UART
  +--> ?PR?_INGRESADATO?PROG
  +--> ?PR?_GETCMD?PROG
  +--> ?PR?_VALIDARCLAVE?PROG
  +--> ?PR?DISPLAYCURSOR?PROG
  +--> ?PR?_STRLEN?STRLEN
  +--> ?PR?_GETOPTION?PROG
  +--> ?PR?_STRCAT?STRCAT
  +--> ?PR?_LISTACOMANDOS?PROG
  +--> ?PR?PROG_ID_CLIENTE?PROG
  +--> ?PR?PROG_COD_PARK?PROG
  +--> ?PR?PROG_TIEMPO_GRACIA?PROG
  +--> ?PR?PROG_SIN_COBRO?PROG
  +--> ?PR?PROG_DEBUG?PROG
  +--> ?PR?PROG_USE_LPR?PROG
  +--> ?PR?TIPO_PANTALLA?PROG
  +--> ?PR?PROG_COMPARACION_ACTIVA?PROG
  +--> ?PR?PROG_QR_BARRAS?PROG
  +--> ?PR?PROG_CLIENTE?PROG
  +--> ?PR?PROG_NIT?PROG
  +--> ?PR?PROG_NOM_PARQ?PROG
BL51 BANKED LINKER/LOCATER V6.22.2.0                                                  10/20/2021  12:17:09  PAGE 7


  +--> ?PR?PROG_DIRECCION?PROG
  +--> ?PR?PROG_MSJ1?PROG
  +--> ?PR?PROG_MSJ2?PROG
  +--> ?PR?PROG_MSJ3?PROG
  +--> ?PR?PROG_MSJ4?PROG
  +--> ?PR?PROG_MSJ5?PROG
  +--> ?PR?PROG_MSJ6?PROG
  +--> ?PR?PROG_MSJ7?PROG
  +--> ?PR?SHOW?PROG

?PR?PRINTF?PRINTF                                0020H.0  0001H.1    000DH    0005H      0081H    0030H
  +--> ?PR?_PUTCHAR?MAIN

?PR?_PUTCHAR?MAIN                                -----    -----      -----    -----      00B1H    0003H
  +--> ?PR?_COM_PUTCHAR?UART

?PR?_COM_PUTCHAR?UART                            -----    -----      -----    -----      00B4H    0001H
  +--> ?PR?COM_TBUFLEN?UART

?PR?_INGRESADATO?PROG                            -----    -----      -----    -----      007DH    0004H
  +--> ?PR?_GETKEY?MAIN
  +--> ?CO?PROG
  +--> ?PR?PRINTF?PRINTF
  +--> ?PR?_PUTCHAR?MAIN

?PR?_GETKEY?MAIN                                 -----    -----      -----    -----      -----    -----
  +--> ?PR?COM_GETCHAR?UART

?PR?COM_GETCHAR?UART                             -----    -----      -----    -----      -----    -----
  +--> ?PR?COM_RBUFLEN?UART

?PR?_GETCMD?PROG                                 -----    -----      -----    -----      003FH    0007H
  +--> ?CO?PROG
  +--> ?PR?_STRTOK?STRTOK

?PR?_STRTOK?STRTOK                               -----    -----      -----    -----      004AH    0006H
  +--> ?PR?_STRSPN?STRSPN
  +--> ?PR?_STRPBRK?STRPBRK

?PR?_STRSPN?STRSPN                               -----    -----      -----    -----      0050H    0008H

?PR?_STRPBRK?STRPBRK                             -----    -----      -----    -----      0050H    0009H

?PR?_VALIDARCLAVE?PROG                           -----    -----      -----    -----      003FH    000AH

?PR?DISPLAYCURSOR?PROG                           -----    -----      -----    -----      -----    -----
  +--> ?CO?PROG
  +--> ?PR?PRINTF?PRINTF

?PR?_GETOPTION?PROG                              -----    -----      -----    -----      003FH    000BH
  +--> ?CO?PROG
  +--> ?PR?_STRTOK?STRTOK

?PR?_STRCAT?STRCAT                               -----    -----      -----    -----      0050H    0009H

?PR?_LISTACOMANDOS?PROG                          -----    -----      -----    -----      003FH    0007H

BL51 BANKED LINKER/LOCATER V6.22.2.0                                                  10/20/2021  12:17:09  PAGE 8


?PR?PROG_ID_CLIENTE?PROG                         -----    -----      -----    -----      003FH    000CH
  +--> ?PR?_RD_EEPROM?EEPROM
  +--> ?CO?PROG
  +--> ?PR?PRINTF?PRINTF
  +--> ?PR?_INGRESADATO?PROG
  +--> ?PR?_ATOI?ATOI
  +--> ?PR?_WR_EEPROM?EEPROM

?PR?_ATOI?ATOI                                   0020H.0  0000H.1    -----    -----      004BH    0005H
  +--> ?PR?_ISSPACE?ISSPACE
  +--> ?PR?_ISDIGIT?ISDIGIT

?PR?_WR_EEPROM?EEPROM                            -----    -----      -----    -----      -----    -----
  +--> ?PR?START?EEPROM
  +--> ?PR?ACKD?EEPROM
  +--> ?PR?_E_D_M?EEPROM
  +--> ?PR?STOP?EEPROM
  +--> ?PR?_DELAY_1MS?DELAY
  +--> ?PR?_DELAY_20US?DELAY

?PR?_DELAY_1MS?DELAY                             -----    -----      -----    -----      -----    -----
  +--> ?PR?_DELAY_20US?DELAY

?PR?PROG_COD_PARK?PROG                           -----    -----      -----    -----      003FH    000CH
  +--> ?PR?_RD_EEPROM?EEPROM
  +--> ?CO?PROG
  +--> ?PR?PRINTF?PRINTF
  +--> ?PR?_INGRESADATO?PROG
  +--> ?PR?_ATOI?ATOI
  +--> ?PR?_WR_EEPROM?EEPROM

?PR?PROG_TIEMPO_GRACIA?PROG                      -----    -----      -----    -----      003FH    000CH
  +--> ?PR?_RD_EEPROM?EEPROM
  +--> ?CO?PROG
  +--> ?PR?PRINTF?PRINTF
  +--> ?PR?_INGRESADATO?PROG
  +--> ?PR?_ATOI?ATOI
  +--> ?PR?_WR_EEPROM?EEPROM

?PR?PROG_SIN_COBRO?PROG                          -----    -----      -----    -----      003FH    000CH
  +--> ?PR?_RD_EEPROM?EEPROM
  +--> ?CO?PROG
  +--> ?PR?PRINTF?PRINTF
  +--> ?PR?_INGRESADATO?PROG
  +--> ?PR?_ATOI?ATOI
  +--> ?PR?_WR_EEPROM?EEPROM

?PR?PROG_DEBUG?PROG                              -----    -----      -----    -----      003FH    000CH
  +--> ?PR?_RD_EEPROM?EEPROM
  +--> ?CO?PROG
  +--> ?PR?PRINTF?PRINTF
  +--> ?PR?_INGRESADATO?PROG
  +--> ?PR?_ATOI?ATOI
  +--> ?PR?_WR_EEPROM?EEPROM

?PR?PROG_USE_LPR?PROG                            -----    -----      -----    -----      003FH    000CH
  +--> ?PR?_RD_EEPROM?EEPROM
BL51 BANKED LINKER/LOCATER V6.22.2.0                                                  10/20/2021  12:17:09  PAGE 9


  +--> ?CO?PROG
  +--> ?PR?PRINTF?PRINTF
  +--> ?PR?_INGRESADATO?PROG
  +--> ?PR?_ATOI?ATOI
  +--> ?PR?_WR_EEPROM?EEPROM

?PR?TIPO_PANTALLA?PROG                           -----    -----      -----    -----      003FH    000CH
  +--> ?PR?_RD_EEPROM?EEPROM
  +--> ?CO?PROG
  +--> ?PR?PRINTF?PRINTF
  +--> ?PR?_INGRESADATO?PROG
  +--> ?PR?_ATOI?ATOI
  +--> ?PR?_WR_EEPROM?EEPROM

?PR?PROG_COMPARACION_ACTIVA?PROG                 -----    -----      -----    -----      003FH    000CH
  +--> ?PR?_RD_EEPROM?EEPROM
  +--> ?CO?PROG
  +--> ?PR?PRINTF?PRINTF
  +--> ?PR?_INGRESADATO?PROG
  +--> ?PR?_ATOI?ATOI
  +--> ?PR?_WR_EEPROM?EEPROM

?PR?PROG_QR_BARRAS?PROG                          -----    -----      -----    -----      003FH    000CH
  +--> ?PR?_RD_EEPROM?EEPROM
  +--> ?CO?PROG
  +--> ?PR?PRINTF?PRINTF
  +--> ?PR?_INGRESADATO?PROG
  +--> ?PR?_ATOI?ATOI
  +--> ?PR?_WR_EEPROM?EEPROM

?PR?PROG_CLIENTE?PROG                            -----    -----      -----    -----      003FH    0030H
  +--> ?CO?PROG
  +--> ?PR?PRINTF?PRINTF
  +--> ?PR?_INGRESADATO?PROG
  +--> ?PR?_ESCRIBIRMEMORIA?EEPROM
  +--> ?PR?_LEERMEMORIA?EEPROM

?PR?_ESCRIBIRMEMORIA?EEPROM                      -----    -----      -----    -----      007DH    0006H
  +--> ?PR?_WR_EEPROM?EEPROM

?PR?_LEERMEMORIA?EEPROM                          -----    -----      -----    -----      007DH    0005H
  +--> ?PR?_RD_EEPROM?EEPROM

?PR?PROG_NIT?PROG                                -----    -----      -----    -----      003FH    0010H
  +--> ?CO?PROG
  +--> ?PR?PRINTF?PRINTF
  +--> ?PR?_INGRESADATO?PROG
  +--> ?PR?_ESCRIBIRMEMORIA?EEPROM
  +--> ?PR?_LEERMEMORIA?EEPROM

?PR?PROG_NOM_PARQ?PROG                           -----    -----      -----    -----      003FH    0030H
  +--> ?CO?PROG
  +--> ?PR?PRINTF?PRINTF
  +--> ?PR?_INGRESADATO?PROG
  +--> ?PR?_ESCRIBIRMEMORIA?EEPROM
  +--> ?PR?_LEERMEMORIA?EEPROM

BL51 BANKED LINKER/LOCATER V6.22.2.0                                                  10/20/2021  12:17:09  PAGE 10


?PR?PROG_DIRECCION?PROG                          -----    -----      -----    -----      003FH    0030H
  +--> ?CO?PROG
  +--> ?PR?PRINTF?PRINTF
  +--> ?PR?_INGRESADATO?PROG
  +--> ?PR?_ESCRIBIRMEMORIA?EEPROM
  +--> ?PR?_LEERMEMORIA?EEPROM

?PR?PROG_MSJ1?PROG                               -----    -----      -----    -----      003FH    003EH
  +--> ?CO?PROG
  +--> ?PR?PRINTF?PRINTF
  +--> ?PR?_INGRESADATO?PROG
  +--> ?PR?_ESCRIBIRMEMORIA?EEPROM
  +--> ?PR?_LEERMEMORIA?EEPROM

?PR?PROG_MSJ2?PROG                               -----    -----      -----    -----      003FH    003EH
  +--> ?CO?PROG
  +--> ?PR?PRINTF?PRINTF
  +--> ?PR?_INGRESADATO?PROG
  +--> ?PR?_ESCRIBIRMEMORIA?EEPROM
  +--> ?PR?_LEERMEMORIA?EEPROM

?PR?PROG_MSJ3?PROG                               -----    -----      -----    -----      003FH    003EH
  +--> ?CO?PROG
  +--> ?PR?PRINTF?PRINTF
  +--> ?PR?_INGRESADATO?PROG
  +--> ?PR?_ESCRIBIRMEMORIA?EEPROM
  +--> ?PR?_LEERMEMORIA?EEPROM

?PR?PROG_MSJ4?PROG                               -----    -----      -----    -----      003FH    003EH
  +--> ?CO?PROG
  +--> ?PR?PRINTF?PRINTF
  +--> ?PR?_INGRESADATO?PROG
  +--> ?PR?_ESCRIBIRMEMORIA?EEPROM
  +--> ?PR?_LEERMEMORIA?EEPROM

?PR?PROG_MSJ5?PROG                               -----    -----      -----    -----      003FH    003EH
  +--> ?CO?PROG
  +--> ?PR?PRINTF?PRINTF
  +--> ?PR?_INGRESADATO?PROG
  +--> ?PR?_ESCRIBIRMEMORIA?EEPROM
  +--> ?PR?_LEERMEMORIA?EEPROM

?PR?PROG_MSJ6?PROG                               -----    -----      -----    -----      003FH    003EH
  +--> ?CO?PROG
  +--> ?PR?PRINTF?PRINTF
  +--> ?PR?_INGRESADATO?PROG
  +--> ?PR?_ESCRIBIRMEMORIA?EEPROM
  +--> ?PR?_LEERMEMORIA?EEPROM

?PR?PROG_MSJ7?PROG                               -----    -----      -----    -----      003FH    003EH
  +--> ?CO?PROG
  +--> ?PR?PRINTF?PRINTF
  +--> ?PR?_INGRESADATO?PROG
  +--> ?PR?_ESCRIBIRMEMORIA?EEPROM
  +--> ?PR?_LEERMEMORIA?EEPROM

?PR?SHOW?PROG                                    -----    -----      -----    -----      -----    -----
BL51 BANKED LINKER/LOCATER V6.22.2.0                                                  10/20/2021  12:17:09  PAGE 11


  +--> ?CO?PROG
  +--> ?PR?PRINTF?PRINTF

?PR?VARIABLE_INICIO?MAIN                         -----    -----      -----    -----      -----    -----
  +--> ?PR?_RD_EEPROM?EEPROM

?PR?_RECIBE_CMD_MONITOR?MONITOR                  -----    -----      -----    -----      000EH    0006H
  +--> ?PR?RX_DATA?TIBBO

?PR?RX_DATA?TIBBO                                -----    -----      -----    -----      -----    -----
  +--> ?PR?TIME_MBIT?TIBBO
  +--> ?PR?TIME_BIT?TIBBO

?PR?DEBUG_DIVIDIR_TEXTO?TIBBO                    -----    -----      -----    -----      -----    -----
  +--> ?CO?TIBBO
  +--> ?PR?_DEBUG_TXT_TIBBO?TIBBO

?PR?_DEBUG_TXT_TIBBO?TIBBO                       -----    -----      -----    -----      0043H    0004H
  +--> ?PR?_TX_AUX?TIBBO

?PR?_VALIDA_TRAMA_MONITOR?MONITOR                -----    -----      -----    -----      000EH    0003H

?PR?_DEBUGBUFFERMF?TIBBO                         -----    -----      -----    -----      003DH    0006H
  +--> ?CO?TIBBO
  +--> ?PR?_DEBUG_TXT_TIBBO?TIBBO
  +--> ?PR?_DEBUG_CHR_TIBBO?TIBBO
  +--> ?PR?_TX_AUX?TIBBO

?PR?_DEBUG_CHR_TIBBO?TIBBO                       -----    -----      -----    -----      -----    -----
  +--> ?PR?_TX_AUX?TIBBO

?PR?LEE_TICKET?VERPRINT                          -----    -----      -----    -----      000EH    0006H
  +--> ?PR?VALIDASENSORESPASO?IO_SENSORES
  +--> ?CO?VERPRINT
  +--> ?PR?_DEBUG_TXT_TIBBO?TIBBO
  +--> ?PR?_PANTALLALCD?PANTALLAS
  +--> ?PR?_SEND_PORTERR?PTO_PARALELO
  +--> ?PR?_STRLEN?STRLEN
  +--> ?PR?CLEAR_BUFFER?UART
  +--> ?PR?_TRAMA_PRINT_COD_BARRAS?PTO_PARALELO
  +--> ?PR?_CMD_LPR_SALIDA_PRINT?MONITOR
  +--> ?PR?_NUM_NUM?VERPRINT
  +--> ?PR?_NUM_CHAR?VERPRINT
  +--> ?PR?_STRSTR?STRSTR
  +--> ?PR?_DEBUG_CHR_TIBBO?TIBBO
  +--> ?PR?_STRNCPY?STRNCPY

?PR?VALIDASENSORESPASO?IO_SENSORES               -----    -----      -----    -----      -----    -----
  +--> ?PR?SEL_SENSOR2?IO_SENSORES
  +--> ?PR?VALIDASENSOR?IO_SENSORES
  +--> ?PR?SEL_SENSOR1?IO_SENSORES
  +--> ?PR?SEL_AUTO?IO_SENSORES
  +--> ?CO?IO_SENSORES
  +--> ?PR?_DEBUG_TXT_TIBBO?TIBBO

?PR?_PANTALLALCD?PANTALLAS                       -----    -----      -----    -----      001DH    0028H
  +--> ?CO?PANTALLAS
BL51 BANKED LINKER/LOCATER V6.22.2.0                                                  10/20/2021  12:17:09  PAGE 12


  +--> ?PR?_RASPBERRY_DATA?PANTALLAS

?PR?_RASPBERRY_DATA?PANTALLAS                    -----    -----      -----    -----      0050H    0005H
  +--> ?PR?_STRLEN?STRLEN
  +--> ?PR?_PUTCHAR?MAIN

?PR?_SEND_PORTERR?PTO_PARALELO                   -----    -----      -----    -----      001DH    0006H
  +--> ?PR?PULSO_BUS?PTO_PARALELO
  +--> ?PR?_DELAY_20US?DELAY

?PR?PULSO_BUS?PTO_PARALELO                       -----    -----      -----    -----      -----    -----
  +--> ?PR?_DELAY_20US?DELAY

?PR?_TRAMA_PRINT_COD_BARRAS?PTO_PARALELO         -----    -----      -----    -----      0014H    0029H
  +--> ?PR?_STRLEN?STRLEN
  +--> ?PR?_STRNCAT?STRNCAT
  +--> ?CO?PTO_PARALELO
  +--> ?PR?_STRCAT?STRCAT
  +--> ?PR?_LEE_CLK?CLOCK
  +--> ?PR?_BCD_HEX?CLOCK
  +--> ?PR?_SEND_PORT?PTO_PARALELO
  +--> ?PR?DEBUG_DIVIDIR_TEXTO?TIBBO
  +--> ?PR?_DEBUGBUFFERMF?TIBBO

?PR?_STRNCAT?STRNCAT                             -----    -----      -----    -----      003DH    000AH

?PR?_LEE_CLK?CLOCK                               -----    -----      -----    -----      0042H    0003H
  +--> ?PR?_DELAY_20US?DELAY
  +--> ?PR?_EB_CLK?CLOCK
  +--> ?PR?P_CK?CLOCK

?PR?_EB_CLK?CLOCK                                -----    -----      -----    -----      0045H    0003H
  +--> ?PR?P_CK?CLOCK

?PR?P_CK?CLOCK                                   -----    -----      -----    -----      -----    -----
  +--> ?PR?DELAY?DELAY

?PR?_SEND_PORT?PTO_PARALELO                      -----    -----      -----    -----      003DH    000AH
  +--> ?PR?PULSO_BUS?PTO_PARALELO
  +--> ?PR?_DELAY_20US?DELAY

?PR?_CMD_LPR_SALIDA_PRINT?MONITOR                -----    -----      -----    -----      0014H    0027H
  +--> ?PR?DIR_BOARD?IO_SENSORES
  +--> ?PR?_STRCAT?STRCAT
  +--> ?PR?_STRLEN?STRLEN
  +--> ?PR?_BLOCK_READ_CLOCK_ASCII?CLOCK
  +--> ?PR?_MONITOR_CHR?MONITOR

?PR?DIR_BOARD?IO_SENSORES                        -----    -----      -----    -----      -----    -----
  +--> ?PR?SEL_DIR1?IO_SENSORES
  +--> ?PR?SEL_DIR2?IO_SENSORES

?PR?_BLOCK_READ_CLOCK_ASCII?CLOCK                -----    -----      -----    -----      003FH    0003H
  +--> ?PR?_LEE_CLK?CLOCK

?PR?_MONITOR_CHR?MONITOR                         -----    -----      -----    -----      003FH    0005H
  +--> ?PR?_TX_AUX?TIBBO
BL51 BANKED LINKER/LOCATER V6.22.2.0                                                  10/20/2021  12:17:09  PAGE 13



?PR?_STRSTR?STRSTR                               -----    -----      -----    -----      0014H    000CH

?PR?_STRNCPY?STRNCPY                             -----    -----      -----    -----      0014H    000AH

?PR?_RECIBE_PORT?PTO_PARALELO                    -----    -----      -----    -----      000EH    0007H
  +--> ?PR?OFF_TIMER0_INTERRUP?MAIN
  +--> ?PR?ON_TIMER0_INTERRUP?MAIN

?PR?_VALIDA_TRAMA_PTO?ACCESCAN                   -----    -----      -----    -----      000EH    000FH
  +--> ?PR?_BLOCK_WRITE_CLOCK_ASCII?CLOCK
  +--> ?PR?RELOJ_PANTALLA_LCD?PANTALLAS
  +--> ?PR?_PANTALLALCD?PANTALLAS
  +--> ?CO?ACCESCAN
  +--> ?PR?_DEBUG_TXT_TIBBO?TIBBO
  +--> ?PR?CONFIRMACION?EEPROM
  +--> ?PR?_PANTALLALCD_LINEA_2?PANTALLAS
  +--> ?PR?_SEND_PORTERR?PTO_PARALELO
  +--> ?PR?_BYTEHEX_DECIMAL?CLOCK
  +--> ?PR?_TWO_BYTEHEX_DECIMAL?CLOCK
  +--> ?PR?VALIDASENSORESPASO?IO_SENSORES
  +--> ?PR?_CMD_LPR_SALIDA_WIEGAND?MONITOR
  +--> ?PR?_GRABA_SERIE_ASCII_HEX?NUM_SERIE
  +--> ?PR?_DEBUGBUFFERMF?TIBBO

?PR?_BLOCK_WRITE_CLOCK_ASCII?CLOCK               -----    -----      -----    -----      001DH    0003H
  +--> ?PR?_TWO_ONE?CLOCK
  +--> ?PR?_WR_CLK?CLOCK

?PR?_WR_CLK?CLOCK                                -----    -----      -----    -----      0020H    0002H
  +--> ?PR?_DELAY_20US?DELAY
  +--> ?PR?_EB_CLK?CLOCK

?PR?RELOJ_PANTALLA_LCD?PANTALLAS                 -----    -----      -----    -----      001DH    000DH
  +--> ?CO?PANTALLAS
  +--> ?PR?_BLOCK_READ_CLOCK?CLOCK
  +--> ?PR?_LCD_TXT_NUM_CHAR?PANTALLAS

?PR?_BLOCK_READ_CLOCK?CLOCK                      -----    -----      -----    -----      002AH    0003H
  +--> ?PR?_LEE_CLK?CLOCK

?PR?_LCD_TXT_NUM_CHAR?PANTALLAS                  -----    -----      -----    -----      002AH    0006H
  +--> ?PR?_TX_CHRLCD?PANTALLAS

?PR?_TX_CHRLCD?PANTALLAS                         -----    -----      -----    -----      0055H    0002H
  +--> ?PR?_PUTCHAR?MAIN

?PR?CONFIRMACION?EEPROM                          -----    -----      -----    -----      001DH    000BH
  +--> ?PR?_BLOCK_READ_CLOCK_ASCII?CLOCK
  +--> ?PR?FORMATO_EEPROM?EEPROM

?PR?FORMATO_EEPROM?EEPROM                        -----    -----      -----    -----      0028H    0003H
  +--> ?PR?_WR_EEPROM?EEPROM

?PR?_PANTALLALCD_LINEA_2?PANTALLAS               -----    -----      -----    -----      001DH    0033H
  +--> ?CO?PANTALLAS
  +--> ?PR?_LCD_TXT?PANTALLAS
BL51 BANKED LINKER/LOCATER V6.22.2.0                                                  10/20/2021  12:17:09  PAGE 14


  +--> ?PR?_STRLEN?STRLEN
  +--> ?PR?_TX_CHRLCD?PANTALLAS
  +--> ?PR?_STRCAT?STRCAT
  +--> ?PR?_RASPBERRY_DATA?PANTALLAS

?PR?_LCD_TXT?PANTALLAS                           -----    -----      -----    -----      0050H    0005H
  +--> ?PR?_TX_CHRLCD?PANTALLAS

?PR?_BYTEHEX_DECIMAL?CLOCK                       -----    -----      -----    -----      001DH    0001H

?PR?_TWO_BYTEHEX_DECIMAL?CLOCK                   -----    -----      -----    -----      001DH    000CH
  +--> ?PR?_POW?POW

?PR?_POW?POW                                     -----    -----      -----    -----      0029H    000AH
  +--> ?PR?LOG?LOG
  +--> ?PR?EXP?EXP

?PR?LOG?LOG                                      0020H.0  0000H.1    -----    -----      0033H    0004H

?PR?_CMD_LPR_SALIDA_WIEGAND?MONITOR              -----    -----      -----    -----      001DH    0022H
  +--> ?PR?DIR_BOARD?IO_SENSORES
  +--> ?PR?_BLOCK_READ_CLOCK_ASCII?CLOCK
  +--> ?PR?_MONITOR_CHR?MONITOR

?PR?_GRABA_SERIE_ASCII_HEX?NUM_SERIE             -----    -----      -----    -----      -----    -----
  +--> ?PR?_ESCRIBIRMEMORIA?EEPROM

?PR?MSJ_LCD_INFORMATIVO?IO_SENSORES              -----    -----      -----    -----      000EH    0002H
  +--> ?PR?SEL_FUNCION?IO_SENSORES
  +--> ?PR?LOAD_AND_SEND_INFO_RELOJ?PTO_PARA...
  +--> ?PR?LOAD_AND_SEND_ID_COD?PTO_PARALELO
  +--> ?PR?_RD_EEPROM?EEPROM
  +--> ?PR?_SEND_PORTERR?PTO_PARALELO

?PR?LOAD_AND_SEND_INFO_RELOJ?PTO_PARA...         -----    -----      -----    -----      0010H    000BH
  +--> ?PR?_BLOCK_READ_CLOCK?CLOCK
  +--> ?PR?_LEE_CLK?CLOCK
  +--> ?PR?_SEND_PORT?PTO_PARALELO

?PR?LOAD_AND_SEND_ID_COD?PTO_PARALELO            -----    -----      -----    -----      0010H    0011H
  +--> ?CO?PTO_PARALELO
  +--> ?PR?PRINTF?PRINTF
  +--> ?PR?_SEND_PORT?PTO_PARALELO



SYMBOL TABLE OF MODULE:  .\Objects\VRFCDOR_PRINT_100 (MAIN)

  VALUE           TYPE          NAME
  ----------------------------------

  -------         MODULE        MAIN
  C:0000H         SYMBOL        _ICE_DUMMY_
  D:0080H         PUBLIC        P0
  D:0090H         PUBLIC        P1
  C:5B0AH         PUBLIC        timer0_int
  D:00B0H         PUBLIC        P3
BL51 BANKED LINKER/LOCATER V6.22.2.0                                                  10/20/2021  12:17:09  PAGE 15


  X:013CH         PUBLIC        placa
  B:00A8H.7       PUBLIC        EA
  C:5CABH         PUBLIC        off_Timer0_Interrup
  X:0145H         PUBLIC        ValTimeOutCom
  X:0146H         PUBLIC        Timer_wait
  X:0147H         PUBLIC        g_cContByteRx
  B:0080H.0       PUBLIC        rx_ip
  B:0080H.3       PUBLIC        Atascado
  C:40AEH         PUBLIC        main
  C:494FH         PUBLIC        variable_inicio
  B:0090H.7       PUBLIC        lock
  I:0022H         PUBLIC        rbuf
  C:5CA1H         PUBLIC        on_Timer0_Interrup
  I:00A2H         PUBLIC        tbuf
  B:0090H.1       PUBLIC        DataIn
  D:0089H         PUBLIC        TMOD
  X:0148H         PUBLIC        USE_LPR
  X:0149H         PUBLIC        Debug_Tibbo
  X:014AH         PUBLIC        Raspberry
  X:014BH         PUBLIC        QR_BARRAS
  X:014CH         PUBLIC        SIN_COBRO
  X:014EH         PUBLIC        Tipo_Vehiculo
  B:00B0H.3       PUBLIC        busy
  C:5BE5H         PUBLIC        ini_timer
  B:00A8H.1       PUBLIC        ET0
  B:0088H.5       PUBLIC        TF0
  X:014FH         PUBLIC        COMPARACION_ACTIVA
  X:0150H         PUBLIC        g_cEstadoImpresion
  D:008CH         PUBLIC        TH0
  X:0151H         PUBLIC        ACK
  X:0152H         PUBLIC        g_cEstadoComSoft
  D:008AH         PUBLIC        TL0
  B:0088H.4       PUBLIC        TR0
  C:5BF5H         PUBLIC        inicia_board
  X:0153H         PUBLIC        T_GRACIA
  X:0155H         PUBLIC        COD_PARK
  B:0080H.7       PUBLIC        sel_com
  X:0157H         PUBLIC        STX_LINTECH
  C:5C42H         PUBLIC        _getkey
  X:0158H         PUBLIC        ETX
  X:0159H         PUBLIC        ID_CLIENTE
  X:015BH         PUBLIC        buffer_ready
  C:5755H         PUBLIC        _putchar
  B:0021H.1       PUBLIC        placa_ready
  -------         PROC          TIMER0_INT
  C:5B0AH         LINE#         13
  C:5B10H         LINE#         16
  C:5B16H         LINE#         17
  C:5B1AH         LINE#         18
  C:5B1CH         LINE#         20
  -------         ENDPROC       TIMER0_INT
  -------         PROC          INI_TIMER
  C:5BE5H         LINE#         23
  C:5BE5H         LINE#         24
  C:5BE5H         LINE#         26
  C:5BEDH         LINE#         28
  C:5BF0H         LINE#         29
BL51 BANKED LINKER/LOCATER V6.22.2.0                                                  10/20/2021  12:17:09  PAGE 16


  C:5BF2H         LINE#         30
  C:5BF4H         LINE#         32
  -------         ENDPROC       INI_TIMER
  -------         PROC          ON_TIMER0_INTERRUP
  C:5CA1H         LINE#         35
  C:5CA1H         LINE#         36
  C:5CA1H         LINE#         37
  C:5CA3H         LINE#         38
  C:5CA5H         LINE#         40
  -------         ENDPROC       ON_TIMER0_INTERRUP
  -------         PROC          OFF_TIMER0_INTERRUP
  C:5CABH         LINE#         43
  C:5CABH         LINE#         44
  C:5CABH         LINE#         45
  C:5CADH         LINE#         47
  -------         ENDPROC       OFF_TIMER0_INTERRUP
  -------         PROC          _GETKEY
  -------         DO            
  D:0006H         SYMBOL        k
  -------         ENDDO         
  C:5C42H         LINE#         55
  C:5C42H         LINE#         56
  C:5C42H         LINE#         60
  C:5C42H         LINE#         61
  C:5C45H         LINE#         62
  C:5C45H         LINE#         63
  C:5C4DH         LINE#         65
  C:5C4DH         LINE#         66
  -------         ENDPROC       _GETKEY
  -------         PROC          _PUTCHAR
  X:00B1H         SYMBOL        c
  -------         DO            
  X:00B2H         SYMBOL        i
  -------         ENDDO         
  C:5755H         LINE#         70
  C:575AH         LINE#         71
  C:575AH         LINE#         74
  C:5769H         LINE#         75
  C:5769H         LINE#         76
  C:577FH         LINE#         77
  C:577FH         LINE#         79
  C:578DH         LINE#         80
  C:578DH         LINE#         82
  C:5792H         LINE#         83
  -------         ENDPROC       _PUTCHAR
  -------         PROC          INICIA_BOARD
  C:5BF5H         LINE#         101
  C:5BF5H         LINE#         102
  C:5BF5H         LINE#         103
  C:5BF8H         LINE#         104
  C:5BFBH         LINE#         105
  C:5BFEH         LINE#         106
  C:5C00H         LINE#         107
  C:5C02H         LINE#         108
  C:5C04H         LINE#         110
  -------         ENDPROC       INICIA_BOARD
  -------         PROC          VARIABLE_INICIO
BL51 BANKED LINKER/LOCATER V6.22.2.0                                                  10/20/2021  12:17:09  PAGE 17


  C:494FH         LINE#         114
  C:494FH         LINE#         115
  C:494FH         LINE#         117
  C:495FH         LINE#         118
  C:4970H         LINE#         119
  C:4981H         LINE#         120
  C:4992H         LINE#         121
  C:49A0H         LINE#         122
  C:49AEH         LINE#         123
  C:49BCH         LINE#         124
  C:49CAH         LINE#         125
  C:49D8H         LINE#         126
  -------         ENDPROC       VARIABLE_INICIO
  -------         PROC          MAIN
  -------         DO            
  X:0114H         SYMBOL        buffer
  X:0000H         SYMBOL        buffer1
  X:000DH         SYMBOL        Length_trama
  -------         ENDDO         
  C:40AEH         LINE#         134
  C:40AEH         LINE#         135
  C:40AEH         LINE#         142
  C:40B1H         LINE#         143
  C:40B4H         LINE#         144
  C:40B7H         LINE#         145
  C:40BAH         LINE#         146
  C:40BDH         LINE#         147
  C:40BFH         LINE#         149
  C:40C2H         LINE#         151
  C:40C5H         LINE#         152
  C:40CAH         LINE#         154
  C:40CDH         LINE#         155
  C:40D0H         LINE#         156
  C:40D0H         LINE#         157
  C:40D3H         LINE#         158
  C:40D3H         LINE#         159
  C:40D6H         LINE#         161
  C:40DCH         LINE#         163
  C:40DCH         LINE#         164
  C:40DCH         LINE#         167
  C:40DFH         LINE#         168
  C:40DFH         LINE#         170
  C:40EDH         LINE#         171
  C:40F0H         LINE#         172
  C:40FEH         LINE#         173
  C:4112H         LINE#         174
  C:411BH         LINE#         175
  C:411EH         LINE#         176
  C:411EH         LINE#         178
  C:4121H         LINE#         184
  C:4124H         LINE#         185
  C:4124H         LINE#         187
  C:4133H         LINE#         191
  C:4142H         LINE#         194
  C:414AH         LINE#         195
  C:4153H         LINE#         198
  C:4161H         LINE#         200
BL51 BANKED LINKER/LOCATER V6.22.2.0                                                  10/20/2021  12:17:09  PAGE 18


  C:4161H         LINE#         201
  C:4164H         LINE#         204
  -------         ENDPROC       MAIN
  -------         ENDMOD        MAIN

  -------         MODULE        CLOCK
  C:0000H         SYMBOL        _ICE_DUMMY_
  C:560AH         PUBLIC        _two_one
  D:0090H         PUBLIC        P1
  C:5986H         PUBLIC        _wr_clk
  B:00D0H.7       PUBLIC        CY
  C:0003H         PUBLIC        p_ck
  X:016DH         PUBLIC        data_clk
  C:5C6AH         PUBLIC        cond_ini_clock
  C:3DB1H         PUBLIC        _Block_read_Clock
  B:0090H.4       PUBLIC        sck
  C:286DH         PUBLIC        _Block_read_clock_ascii
  C:5A99H         PUBLIC        _bcd_hex
  C:510FH         PUBLIC        _ByteHex_Decimal
  C:468EH         PUBLIC        _lee_clk
  B:0090H.5       PUBLIC        io
  C:4834H         PUBLIC        _Block_write_clock_ascii
  B:0090H.6       PUBLIC        rst
  C:5698H         PUBLIC        _eb_clk
  C:2363H         PUBLIC        _Two_ByteHex_Decimal
  -------         PROC          P_CK
  C:0003H         LINE#         37
  C:0003H         LINE#         38
  C:0003H         LINE#         39
  C:0005H         LINE#         40
  C:0008H         LINE#         41
  C:000AH         LINE#         42
  -------         ENDPROC       P_CK
  -------         PROC          _EB_CLK
  X:0045H         SYMBOL        dir_clk
  -------         DO            
  X:0046H         SYMBOL        nbits
  -------         ENDDO         
  C:5698H         LINE#         44
  C:569DH         LINE#         46
  C:56A2H         LINE#         47
  C:56A2H         LINE#         48
  C:56ABH         LINE#         49
  C:56AEH         LINE#         50
  C:56AEH         LINE#         51
  C:56B0H         LINE#         52
  C:56B2H         LINE#         54
  C:56B2H         LINE#         55
  C:56B4H         LINE#         56
  C:56B4H         LINE#         57
  C:56B7H         LINE#         58
  C:56D6H         LINE#         59
  -------         ENDPROC       _EB_CLK
  -------         PROC          L?0046
  -------         ENDPROC       L?0046
  -------         PROC          _LEE_CLK
  X:0042H         SYMBOL        dir_clk
BL51 BANKED LINKER/LOCATER V6.22.2.0                                                  10/20/2021  12:17:09  PAGE 19


  -------         DO            
  X:0043H         SYMBOL        nbits
  -------         ENDDO         
  C:468EH         LINE#         61
  C:4693H         LINE#         63
  C:4695H         LINE#         64
  C:469CH         LINE#         65
  C:46A4H         LINE#         66
  C:46BDH         LINE#         67
  C:46BDH         LINE#         68
  C:46C0H         LINE#         69
  C:46C0H         LINE#         70
  C:46C7H         LINE#         71
  C:46D1H         LINE#         72
  C:46D6H         LINE#         73
  C:46D6H         LINE#         74
  C:46D6H         LINE#         75
  C:46D9H         LINE#         76
  C:46D9H         LINE#         77
  C:46E0H         LINE#         78
  C:46F1H         LINE#         79
  C:46F1H         LINE#         80
  C:46F9H         LINE#         81
  C:46F9H         LINE#         82
  C:46F9H         LINE#         83
  C:46FCH         LINE#         84
  C:470CH         LINE#         85
  C:470EH         LINE#         86
  C:4713H         LINE#         87
  -------         ENDPROC       _LEE_CLK
  -------         PROC          _WR_CLK
  X:0020H         SYMBOL        dir_clk
  X:0021H         SYMBOL        byte
  C:5986H         LINE#         89
  C:598EH         LINE#         90
  C:5990H         LINE#         91
  C:5997H         LINE#         92
  C:599FH         LINE#         93
  C:59A8H         LINE#         94
  C:59ABH         LINE#         95
  C:59ADH         LINE#         97
  -------         ENDPROC       _WR_CLK
  C:55D6H         SYMBOL        L?0044
  C:55F4H         SYMBOL        L?0045
  -------         PROC          L?0043
  -------         ENDPROC       L?0043
  C:55D6H         SYMBOL        L?0044
  C:55F4H         SYMBOL        L?0045
  -------         PROC          _TWO_ONE
  D:0007H         SYMBOL        byte_h
  D:0005H         SYMBOL        byte_l
  -------         DO            
  D:0007H         SYMBOL        byte_out
  -------         ENDDO         
  C:560AH         LINE#         99
  C:560AH         LINE#         100
  C:560AH         LINE#         102
BL51 BANKED LINKER/LOCATER V6.22.2.0                                                  10/20/2021  12:17:09  PAGE 20


  C:560DH         LINE#         103
  C:5611H         LINE#         104
  C:5614H         LINE#         105
  C:5616H         LINE#         106
  C:5616H         LINE#         107
  -------         ENDPROC       _TWO_ONE
  -------         PROC          _BLOCK_WRITE_CLOCK_ASCII
  X:001DH         SYMBOL        datos_clock
  C:4834H         LINE#         112
  C:483FH         LINE#         114
  C:483FH         LINE#         118
  C:4849H         LINE#         119
  C:4849H         LINE#         120
  C:4849H         LINE#         121
  C:4849H         LINE#         123
  C:4853H         LINE#         124
  C:485DH         LINE#         125
  C:4867H         LINE#         126
  C:4867H         LINE#         127
  C:4867H         LINE#         128
  C:4867H         LINE#         130
  C:4871H         LINE#         131
  C:4871H         LINE#         132
  C:4871H         LINE#         133
  C:4871H         LINE#         135
  C:487BH         LINE#         136
  C:487BH         LINE#         137
  C:487BH         LINE#         138
  C:487BH         LINE#         140
  C:4885H         LINE#         141
  C:4885H         LINE#         142
  C:4885H         LINE#         143
  C:4885H         LINE#         145
  C:488FH         LINE#         146
  C:4899H         LINE#         147
  C:48A3H         LINE#         148
  C:48ADH         LINE#         150
  -------         ENDPROC       _BLOCK_WRITE_CLOCK_ASCII
  -------         PROC          _BCD_HEX
  D:0007H         SYMBOL        l_data
  -------         DO            
  D:0006H         SYMBOL        temp
  D:0005H         SYMBOL        j
  -------         ENDDO         
  C:5A99H         LINE#         156
  C:5A99H         LINE#         157
  C:5A99H         LINE#         159
  C:5A9BH         LINE#         160
  C:5A9FH         LINE#         161
  C:5AA2H         LINE#         162
  C:5AA4H         LINE#         163
  C:5AA4H         LINE#         164
  C:5AA8H         LINE#         165
  C:5AAFH         LINE#         166
  C:5AAFH         LINE#         167
  C:5AB3H         LINE#         168
  C:5AB6H         LINE#         169
BL51 BANKED LINKER/LOCATER V6.22.2.0                                                  10/20/2021  12:17:09  PAGE 21


  C:5AB6H         LINE#         170
  C:5AB6H         LINE#         171
  -------         ENDPROC       _BCD_HEX
  -------         PROC          _BYTEHEX_DECIMAL
  D:0001H         SYMBOL        buffer
  D:0005H         SYMBOL        valorhex
  -------         DO            
  X:001DH         SYMBOL        numero
  D:0007H         SYMBOL        centena
  D:0006H         SYMBOL        decena
  -------         ENDDO         
  C:510FH         LINE#         207
  C:510FH         LINE#         208
  C:510FH         LINE#         211
  C:5111H         LINE#         212
  C:5112H         LINE#         213
  C:5117H         LINE#         215
  C:5124H         LINE#         216
  C:5124H         LINE#         217
  C:5128H         LINE#         218
  C:5129H         LINE#         219
  C:512BH         LINE#         220
  C:5131H         LINE#         221
  C:5138H         LINE#         222
  C:5145H         LINE#         223
  C:5145H         LINE#         224
  C:5149H         LINE#         225
  C:514AH         LINE#         226
  C:514CH         LINE#         227
  C:5152H         LINE#         228
  C:5159H         LINE#         229
  -------         ENDPROC       _BYTEHEX_DECIMAL
  -------         PROC          _TWO_BYTEHEX_DECIMAL
  X:001DH         SYMBOL        buffer
  X:0020H         SYMBOL        id_h
  X:0021H         SYMBOL        id_l
  -------         DO            
  X:0022H         SYMBOL        valor
  D:0006H         SYMBOL        numero
  X:0024H         SYMBOL        temp
  X:0025H         SYMBOL        dmil
  X:0026H         SYMBOL        mil
  X:0027H         SYMBOL        centena
  X:0028H         SYMBOL        decena
  -------         ENDDO         
  C:2363H         LINE#         237
  C:2371H         LINE#         238
  C:2371H         LINE#         242
  C:2378H         LINE#         243
  C:237CH         LINE#         244
  C:237EH         LINE#         245
  C:2380H         LINE#         246
  C:2382H         LINE#         249
  C:2387H         LINE#         250
  C:238AH         LINE#         251
  C:2390H         LINE#         253
  C:23EBH         LINE#         254
BL51 BANKED LINKER/LOCATER V6.22.2.0                                                  10/20/2021  12:17:09  PAGE 22


  C:23F3H         LINE#         255
  C:23F6H         LINE#         256
  C:2451H         LINE#         258
  C:2459H         LINE#         259
  C:245CH         LINE#         260
  C:2462H         LINE#         261
  C:24BDH         LINE#         262
  C:24C5H         LINE#         263
  C:24C8H         LINE#         264
  C:2523H         LINE#         265
  C:2523H         LINE#         267
  C:252CH         LINE#         268
  C:252CH         LINE#         269
  C:2534H         LINE#         270
  C:253AH         LINE#         271
  C:253CH         LINE#         272
  C:2552H         LINE#         273
  C:255CH         LINE#         274
  C:2565H         LINE#         275
  C:2565H         LINE#         276
  C:256DH         LINE#         277
  C:2573H         LINE#         278
  C:2575H         LINE#         279
  C:258BH         LINE#         280
  C:2595H         LINE#         281
  C:259EH         LINE#         282
  C:259EH         LINE#         283
  C:25A6H         LINE#         284
  C:25ACH         LINE#         285
  C:25AEH         LINE#         286
  C:25C4H         LINE#         287
  C:25CEH         LINE#         288
  C:25D7H         LINE#         289
  C:25D7H         LINE#         290
  C:25DFH         LINE#         291
  C:25E5H         LINE#         292
  C:25E7H         LINE#         293
  C:25FDH         LINE#         294
  C:2607H         LINE#         295
  C:261AH         LINE#         296
  C:2624H         LINE#         297
  -------         ENDPROC       _TWO_BYTEHEX_DECIMAL
  -------         PROC          _BLOCK_READ_CLOCK_ASCII
  X:003FH         SYMBOL        datos_clock
  -------         DO            
  D:0007H         SYMBOL        dato
  -------         ENDDO         
  C:286DH         LINE#         303
  C:2870H         LINE#         304
  C:2870H         LINE#         310
  C:2873H         LINE#         311
  C:288BH         LINE#         312
  C:2895H         LINE#         313
  C:28AAH         LINE#         314
  C:28B4H         LINE#         317
  C:28B9H         LINE#         318
  C:28D1H         LINE#         319
BL51 BANKED LINKER/LOCATER V6.22.2.0                                                  10/20/2021  12:17:09  PAGE 23


  C:28DBH         LINE#         320
  C:28F0H         LINE#         321
  C:28FAH         LINE#         324
  C:28FFH         LINE#         325
  C:2917H         LINE#         326
  C:2921H         LINE#         327
  C:2936H         LINE#         328
  C:2940H         LINE#         332
  C:2945H         LINE#         333
  C:295DH         LINE#         334
  C:2967H         LINE#         335
  C:297CH         LINE#         336
  C:2986H         LINE#         339
  C:298BH         LINE#         340
  C:29A3H         LINE#         341
  C:29ADH         LINE#         342
  C:29C2H         LINE#         343
  C:29CCH         LINE#         346
  C:29D1H         LINE#         347
  C:29E9H         LINE#         348
  C:29F3H         LINE#         349
  C:2A08H         LINE#         350
  C:2A12H         LINE#         353
  C:2A17H         LINE#         354
  C:2A2CH         LINE#         355
  C:2A36H         LINE#         356
  -------         ENDPROC       _BLOCK_READ_CLOCK_ASCII
  -------         PROC          _BLOCK_READ_CLOCK
  X:002AH         SYMBOL        datos_clock
  C:3DB1H         LINE#         404
  C:3DB4H         LINE#         405
  C:3DB4H         LINE#         407
  C:3DC6H         LINE#         408
  C:3DD0H         LINE#         410
  C:3DE4H         LINE#         411
  C:3DEEH         LINE#         413
  C:3E02H         LINE#         414
  C:3E0CH         LINE#         416
  C:3E20H         LINE#         417
  C:3E2AH         LINE#         419
  C:3E3EH         LINE#         420
  C:3E48H         LINE#         422
  C:3E5CH         LINE#         423
  C:3E66H         LINE#         424
  -------         ENDPROC       _BLOCK_READ_CLOCK
  -------         PROC          COND_INI_CLOCK
  C:5C6AH         LINE#         427
  C:5C6AH         LINE#         428
  C:5C6AH         LINE#         429
  C:5C6CH         LINE#         430
  C:5C6EH         LINE#         431
  C:5C70H         LINE#         432
  -------         ENDPROC       COND_INI_CLOCK
  -------         ENDMOD        CLOCK

  -------         MODULE        DELAY
  C:0000H         SYMBOL        _ICE_DUMMY_
BL51 BANKED LINKER/LOCATER V6.22.2.0                                                  10/20/2021  12:17:09  PAGE 24


  C:5B79H         PUBLIC        _Delay_20us
  C:5AD5H         PUBLIC        _Delay_1ms
  C:5CB1H         PUBLIC        Delay
  -------         PROC          _DELAY_20US
  D:0006H         SYMBOL        cnt
  -------         DO            
  D:0004H         SYMBOL        i
  -------         ENDDO         
  C:5B79H         LINE#         20
  C:5B79H         LINE#         21
  C:5B79H         LINE#         24
  C:5B83H         LINE#         26
  C:5B8AH         LINE#         27
  -------         ENDPROC       _DELAY_20US
  -------         PROC          _DELAY_1MS
  D:0002H         SYMBOL        cnt
  -------         DO            
  D:0082H         SYMBOL        i
  -------         ENDDO         
  C:5AD5H         LINE#         38
  C:5AD9H         LINE#         39
  C:5AD9H         LINE#         41
  C:5AEFH         LINE#         42
  -------         ENDPROC       _DELAY_1MS
  -------         PROC          DELAY
  C:5CB1H         LINE#         60
  C:5CB1H         LINE#         62
  -------         ENDPROC       DELAY
  -------         ENDMOD        DELAY

  -------         MODULE        EEPROM
  C:0000H         SYMBOL        _ICE_DUMMY_
  C:580FH         PUBLIC        confirmacion
  D:0090H         PUBLIC        P1
  C:49D9H         PUBLIC        _EscribirMemoria
  X:0167H         PUBLIC        l_chr
  C:5A1DH         PUBLIC        ackd
  B:0021H.2       PUBLIC        memory_flag
  B:00D0H.7       PUBLIC        CY
  C:5C9BH         PUBLIC        p_me
  C:5B93H         PUBLIC        start
  B:0090H.2       PUBLIC        sda
  C:5A3DH         PUBLIC        ack_lect
  B:0090H.3       PUBLIC        scl
  C:58C2H         PUBLIC        _rd_eeprom
  C:5C58H         PUBLIC        stop
  C:5716H         PUBLIC        Formato_eeprom
  X:0168H         PUBLIC        l_data_eeprom
  C:56D7H         PUBLIC        _wr_eeprom
  C:5060H         PUBLIC        _LeerMemoria
  X:0169H         PUBLIC        byte_rd
  C:59F8H         PUBLIC        _e_d_m
  C:5162H         PUBLIC        l_d_m
  -------         PROC          L?0055
  -------         ENDPROC       L?0055
  -------         PROC          ACKD
  -------         DO            
BL51 BANKED LINKER/LOCATER V6.22.2.0                                                  10/20/2021  12:17:09  PAGE 25


  D:0006H         SYMBOL        i
  -------         ENDDO         
  C:5A1DH         LINE#         40
  C:5A1DH         LINE#         41
  C:5A1DH         LINE#         43
  C:5A1FH         LINE#         44
  C:5A21H         LINE#         45
  C:5A23H         LINE#         46
  C:5A26H         LINE#         47
  C:5A26H         LINE#         48
  C:5A29H         LINE#         49
  C:5A29H         LINE#         50
  C:5A2BH         LINE#         51
  C:5A2DH         LINE#         53
  C:5A2EH         LINE#         54
  C:5A2EH         LINE#         55
  C:5A39H         LINE#         57
  C:5A39H         LINE#         58
  C:5A39H         LINE#         60
  C:5A39H         LINE#         61
  -------         ENDPROC       ACKD
  -------         PROC          L?0057
  -------         ENDPROC       L?0057
  -------         PROC          ACK_LECT
  -------         DO            
  D:0006H         SYMBOL        i
  -------         ENDDO         
  C:5A3DH         LINE#         64
  C:5A3DH         LINE#         65
  C:5A3DH         LINE#         67
  C:5A3FH         LINE#         68
  C:5A41H         LINE#         69
  C:5A43H         LINE#         70
  C:5A46H         LINE#         71
  C:5A46H         LINE#         72
  C:5A49H         LINE#         73
  C:5A49H         LINE#         74
  C:5A4BH         LINE#         75
  C:5A4DH         LINE#         76
  C:5A4EH         LINE#         77
  C:5A4EH         LINE#         78
  C:5A59H         LINE#         79
  -------         ENDPROC       ACK_LECT
  -------         PROC          P_ME
  C:5C9BH         LINE#         81
  C:5C9BH         LINE#         82
  C:5C9BH         LINE#         83
  C:5C9DH         LINE#         84
  C:5C9EH         LINE#         85
  C:5CA0H         LINE#         86
  -------         ENDPROC       P_ME
  -------         PROC          _E_D_M
  D:0007H         SYMBOL        a_serial_eeprom
  -------         DO            
  D:0006H         SYMBOL        nbits
  -------         ENDDO         
  C:59F8H         LINE#         88
BL51 BANKED LINKER/LOCATER V6.22.2.0                                                  10/20/2021  12:17:09  PAGE 26


  C:59F8H         LINE#         89
  C:59F8H         LINE#         91
  C:5A04H         LINE#         92
  C:5A04H         LINE#         93
  C:5A08H         LINE#         94
  C:5A0BH         LINE#         95
  C:5A0BH         LINE#         96
  C:5A0DH         LINE#         97
  C:5A0FH         LINE#         99
  C:5A0FH         LINE#         100
  C:5A11H         LINE#         101
  C:5A11H         LINE#         102
  C:5A13H         LINE#         103
  C:5A16H         LINE#         104
  C:5A19H         LINE#         106
  -------         ENDPROC       _E_D_M
  -------         PROC          L?0056
  -------         ENDPROC       L?0056
  -------         PROC          START
  C:5B93H         LINE#         108
  C:5B93H         LINE#         109
  C:5B93H         LINE#         110
  C:5B95H         LINE#         111
  C:5B97H         LINE#         112
  C:5B98H         LINE#         113
  C:5B9AH         LINE#         114
  C:5B9CH         LINE#         116
  -------         ENDPROC       START
  -------         PROC          STOP
  C:5C58H         LINE#         118
  C:5C58H         LINE#         119
  C:5C58H         LINE#         120
  C:5C5AH         LINE#         121
  C:5C5CH         LINE#         122
  C:5C5EH         LINE#         123
  C:5C60H         LINE#         125
  -------         ENDPROC       STOP
  -------         PROC          L_D_M
  -------         DO            
  D:0003H         SYMBOL        nbits
  -------         ENDDO         
  C:5162H         LINE#         127
  C:5162H         LINE#         128
  C:5162H         LINE#         130
  C:516FH         LINE#         131
  C:516FH         LINE#         132
  C:5171H         LINE#         133
  C:5174H         LINE#         134
  C:5174H         LINE#         135
  C:517BH         LINE#         136
  C:5184H         LINE#         137
  C:5184H         LINE#         138
  C:5188H         LINE#         139
  C:518AH         LINE#         140
  C:518AH         LINE#         141
  C:518AH         LINE#         142
  C:518DH         LINE#         143
BL51 BANKED LINKER/LOCATER V6.22.2.0                                                  10/20/2021  12:17:09  PAGE 27


  C:518DH         LINE#         144
  C:5194H         LINE#         145
  C:519EH         LINE#         146
  C:519EH         LINE#         147
  C:51A2H         LINE#         148
  C:51A4H         LINE#         149
  C:51A4H         LINE#         150
  C:51A4H         LINE#         151
  C:51A7H         LINE#         152
  C:51A9H         LINE#         153
  C:51AEH         LINE#         154
  -------         ENDPROC       L_D_M
  -------         PROC          _WR_EEPROM
  D:0002H         SYMBOL        control
  D:0004H         SYMBOL        Dir
  D:0003H         SYMBOL        data_eeprom
  -------         DO            
  D:0005H         SYMBOL        dir_h
  D:0001H         SYMBOL        dir_l
  -------         ENDDO         
  C:56D7H         LINE#         160
  C:56D9H         LINE#         161
  C:56D9H         LINE#         163
  C:56DDH         LINE#         164
  C:56DDH         LINE#         165
  C:56DDH         LINE#         168
  C:56DDH         LINE#         169
  C:56DDH         LINE#         171
  C:56E0H         LINE#         172
  C:56E2H         LINE#         173
  C:56E5H         LINE#         174
  C:56E7H         LINE#         175
  C:56EAH         LINE#         176
  C:56EFH         LINE#         177
  C:56F2H         LINE#         178
  C:56F7H         LINE#         179
  C:56FAH         LINE#         180
  C:56FDH         LINE#         181
  C:5704H         LINE#         183
  C:5706H         LINE#         184
  C:5708H         LINE#         185
  C:570FH         LINE#         186
  -------         ENDPROC       _WR_EEPROM
  -------         PROC          _RD_EEPROM
  D:0003H         SYMBOL        control
  D:0004H         SYMBOL        Dir
  -------         DO            
  D:0005H         SYMBOL        dir_h
  D:0002H         SYMBOL        dir_l
  -------         ENDDO         
  C:58C2H         LINE#         236
  C:58C4H         LINE#         237
  C:58C4H         LINE#         240
  C:58C8H         LINE#         241
  C:58C8H         LINE#         242
  C:58C8H         LINE#         244
  C:58C8H         LINE#         245
BL51 BANKED LINKER/LOCATER V6.22.2.0                                                  10/20/2021  12:17:09  PAGE 28


  C:58C8H         LINE#         247
  C:58CBH         LINE#         248
  C:58CDH         LINE#         249
  C:58D0H         LINE#         250
  C:58D2H         LINE#         251
  C:58D5H         LINE#         252
  C:58DAH         LINE#         253
  C:58DDH         LINE#         254
  C:58E0H         LINE#         255
  C:58E6H         LINE#         256
  C:58E9H         LINE#         257
  C:58EBH         LINE#         258
  C:58EEH         LINE#         259
  C:58F1H         LINE#         260
  C:58F3H         LINE#         261
  C:58F5H         LINE#         262
  C:58FAH         LINE#         263
  -------         ENDPROC       _RD_EEPROM
  -------         PROC          _LEERMEMORIA
  X:007DH         SYMBOL        addres
  X:007FH         SYMBOL        res
  -------         DO            
  D:0007H         SYMBOL        i
  -------         ENDDO         
  C:5060H         LINE#         268
  C:5071H         LINE#         269
  C:5071H         LINE#         274
  C:5071H         LINE#         275
  C:508DH         LINE#         276
  C:509CH         LINE#         277
  C:50AAH         LINE#         278
  C:50B4H         LINE#         279
  C:50B4H         LINE#         280
  C:50B7H         LINE#         282
  -------         ENDPROC       _LEERMEMORIA
  -------         PROC          _ESCRIBIRMEMORIA
  X:007DH         SYMBOL        control
  X:007EH         SYMBOL        addres
  X:0080H         SYMBOL        res
  C:49D9H         LINE#         288
  C:49EDH         LINE#         289
  C:49EDH         LINE#         291
  C:49FDH         LINE#         292
  C:49FDH         LINE#         293
  C:4A00H         LINE#         294
  C:4A00H         LINE#         296
  C:4A04H         LINE#         297
  C:4A04H         LINE#         298
  C:4A1FH         LINE#         299
  C:4A2DH         LINE#         300
  C:4A37H         LINE#         301
  C:4A39H         LINE#         302
  C:4A48H         LINE#         303
  -------         ENDPROC       _ESCRIBIRMEMORIA
  -------         PROC          CONFIRMACION
  -------         DO            
  X:001DH         SYMBOL        hora
BL51 BANKED LINKER/LOCATER V6.22.2.0                                                  10/20/2021  12:17:09  PAGE 29


  D:0007H         SYMBOL        temp
  -------         ENDDO         
  C:580FH         LINE#         305
  C:580FH         LINE#         306
  C:580FH         LINE#         308
  C:5811H         LINE#         309
  C:581AH         LINE#         311
  C:5820H         LINE#         312
  C:5824H         LINE#         313
  C:5824H         LINE#         315
  C:5828H         LINE#         316
  C:5831H         LINE#         317
  C:5831H         LINE#         319
  C:5836H         LINE#         320
  C:5838H         LINE#         321
  C:5838H         LINE#         323
  C:583CH         LINE#         324
  C:5845H         LINE#         325
  C:5845H         LINE#         326
  C:5845H         LINE#         327
  C:5845H         LINE#         328
  C:5847H         LINE#         330
  C:5847H         LINE#         331
  C:584AH         LINE#         332
  C:584AH         LINE#         333
  C:584AH         LINE#         334
  C:584AH         LINE#         337
  -------         ENDPROC       CONFIRMACION
  -------         PROC          FORMATO_EEPROM
  -------         DO            
  X:0028H         SYMBOL        dato
  X:0029H         SYMBOL        i
  -------         ENDDO         
  C:5716H         LINE#         338
  C:5716H         LINE#         339
  C:5716H         LINE#         340
  C:571CH         LINE#         343
  C:5731H         LINE#         344
  C:5731H         LINE#         345
  C:573BH         LINE#         346
  C:574BH         LINE#         347
  -------         ENDPROC       FORMATO_EEPROM
  -------         ENDMOD        EEPROM

  -------         MODULE        IO_SENSORES
  C:0000H         SYMBOL        _ICE_DUMMY_
  D:0090H         PUBLIC        P1
  D:00B0H         PUBLIC        P3
  C:5B9DH         PUBLIC        Dir_board
  B:0090H.1       PUBLIC        DataIn
  C:5C78H         PUBLIC        sel_Auto
  C:4DF0H         PUBLIC        ValidaSensoresPaso
  B:00B0H.3       PUBLIC        busy
  C:5A7AH         PUBLIC        ValidaSensor
  C:5C86H         PUBLIC        sel_Sensor1
  C:5C7FH         PUBLIC        sel_Sensor2
  B:00B0H.5       PUBLIC        sel_A
BL51 BANKED LINKER/LOCATER V6.22.2.0                                                  10/20/2021  12:17:09  PAGE 30


  B:00B0H.6       PUBLIC        sel_B
  B:00B0H.7       PUBLIC        sel_C
  C:4D7DH         PUBLIC        msj_lcd_informativo
  C:5C8DH         PUBLIC        sel_Dir1
  C:5C94H         PUBLIC        sel_Dir2
  C:5C71H         PUBLIC        sel_Funcion
  -------         PROC          SEL_FUNCION
  C:5C71H         LINE#         26
  C:5C71H         LINE#         27
  C:5C71H         LINE#         28
  C:5C73H         LINE#         29
  C:5C75H         LINE#         30
  C:5C77H         LINE#         31
  -------         ENDPROC       SEL_FUNCION
  -------         PROC          SEL_AUTO
  C:5C78H         LINE#         33
  C:5C78H         LINE#         34
  C:5C78H         LINE#         35
  C:5C7AH         LINE#         36
  C:5C7CH         LINE#         37
  C:5C7EH         LINE#         38
  -------         ENDPROC       SEL_AUTO
  -------         PROC          SEL_SENSOR2
  C:5C7FH         LINE#         49
  C:5C7FH         LINE#         50
  C:5C7FH         LINE#         51
  C:5C81H         LINE#         52
  C:5C83H         LINE#         53
  C:5C85H         LINE#         54
  -------         ENDPROC       SEL_SENSOR2
  -------         PROC          SEL_SENSOR1
  C:5C86H         LINE#         56
  C:5C86H         LINE#         57
  C:5C86H         LINE#         58
  C:5C88H         LINE#         59
  C:5C8AH         LINE#         60
  C:5C8CH         LINE#         61
  -------         ENDPROC       SEL_SENSOR1
  -------         PROC          SEL_DIR1
  C:5C8DH         LINE#         63
  C:5C8DH         LINE#         64
  C:5C8DH         LINE#         65
  C:5C8FH         LINE#         66
  C:5C91H         LINE#         67
  C:5C93H         LINE#         68
  -------         ENDPROC       SEL_DIR1
  -------         PROC          SEL_DIR2
  C:5C94H         LINE#         70
  C:5C94H         LINE#         71
  C:5C94H         LINE#         72
  C:5C96H         LINE#         73
  C:5C98H         LINE#         74
  C:5C9AH         LINE#         75
  -------         ENDPROC       SEL_DIR2
  -------         PROC          VALIDASENSOR
  -------         DO            
  D:0007H         SYMBOL        Valido
BL51 BANKED LINKER/LOCATER V6.22.2.0                                                  10/20/2021  12:17:09  PAGE 31


  D:0004H         SYMBOL        Tmin
  -------         ENDDO         
  C:5A7AH         LINE#         77
  C:5A7AH         LINE#         78
  C:5A7AH         LINE#         80
  C:5A7CH         LINE#         81
  C:5A80H         LINE#         82
  C:5A8BH         LINE#         83
  C:5A8BH         LINE#         84
  C:5A90H         LINE#         85
  C:5A94H         LINE#         86
  C:5A94H         LINE#         87
  C:5A96H         LINE#         88
  C:5A96H         LINE#         89
  C:5A98H         LINE#         90
  C:5A98H         LINE#         91
  -------         ENDPROC       VALIDASENSOR
  -------         PROC          DIR_BOARD
  -------         DO            
  D:0007H         SYMBOL        Board
  -------         ENDDO         
  C:5B9DH         LINE#         95
  C:5B9DH         LINE#         96
  C:5B9DH         LINE#         97
  C:5B9FH         LINE#         99
  C:5BA2H         LINE#         100
  C:5BA5H         LINE#         101
  C:5BA5H         LINE#         102
  C:5BA6H         LINE#         103
  C:5BA6H         LINE#         104
  C:5BA9H         LINE#         105
  C:5BACH         LINE#         106
  C:5BACH         LINE#         107
  C:5BAEH         LINE#         108
  C:5BAEH         LINE#         109
  C:5BAEH         LINE#         110
  -------         ENDPROC       DIR_BOARD
  -------         PROC          VALIDASENSORESPASO
  C:4DF0H         LINE#         115
  C:4DF0H         LINE#         116
  C:4DF0H         LINE#         118
  C:4DF3H         LINE#         119
  C:4DF6H         LINE#         120
  C:4DF6H         LINE#         121
  C:4E04H         LINE#         122
  C:4E04H         LINE#         123
  C:4E07H         LINE#         124
  C:4E0AH         LINE#         125
  C:4E0DH         LINE#         126
  C:4E12H         LINE#         127
  C:4E12H         LINE#         128
  C:4E19H         LINE#         129
  C:4E1DH         LINE#         130
  C:4E1FH         LINE#         132
  C:4E1FH         LINE#         134
  C:4E1FH         LINE#         135
  C:4E26H         LINE#         136
BL51 BANKED LINKER/LOCATER V6.22.2.0                                                  10/20/2021  12:17:09  PAGE 32


  C:4E2BH         LINE#         137
  C:4E2DH         LINE#         138
  C:4E2DH         LINE#         141
  C:4E2DH         LINE#         143
  C:4E30H         LINE#         144
  C:4E35H         LINE#         145
  C:4E35H         LINE#         147
  C:4E3CH         LINE#         148
  C:4E42H         LINE#         149
  C:4E45H         LINE#         150
  C:4E45H         LINE#         152
  C:4E45H         LINE#         153
  C:4E49H         LINE#         154
  C:4E4BH         LINE#         155
  C:4E4BH         LINE#         158
  C:4E4BH         LINE#         159
  C:4E4BH         LINE#         161
  C:4E4BH         LINE#         162
  C:4E51H         LINE#         163
  C:4E53H         LINE#         164
  C:4E53H         LINE#         165
  C:4E53H         LINE#         166
  C:4E53H         LINE#         167
  C:4E5CH         LINE#         168
  C:4E5EH         LINE#         169
  C:4E5EH         LINE#         171
  -------         ENDPROC       VALIDASENSORESPASO
  -------         PROC          MSJ_LCD_INFORMATIVO
  -------         DO            
  X:000EH         SYMBOL        toggle
  X:000FH         SYMBOL        info
  -------         ENDDO         
  C:4D7DH         LINE#         180
  C:4D7DH         LINE#         181
  C:4D7DH         LINE#         185
  C:4D80H         LINE#         186
  C:4D83H         LINE#         187
  C:4D83H         LINE#         188
  C:4D8DH         LINE#         189
  C:4D8DH         LINE#         190
  C:4D90H         LINE#         191
  C:4D90H         LINE#         192
  C:4D92H         LINE#         193
  C:4D95H         LINE#         194
  C:4D9BH         LINE#         195
  C:4D9BH         LINE#         196
  C:4D9DH         LINE#         197
  C:4DA9H         LINE#         198
  C:4DA9H         LINE#         199
  C:4DACH         LINE#         200
  C:4DACH         LINE#         201
  C:4DAEH         LINE#         202
  C:4DB1H         LINE#         203
  C:4DB7H         LINE#         204
  C:4DB7H         LINE#         205
  C:4DB9H         LINE#         206
  C:4DC5H         LINE#         207
BL51 BANKED LINKER/LOCATER V6.22.2.0                                                  10/20/2021  12:17:09  PAGE 33


  C:4DC5H         LINE#         208
  C:4DC8H         LINE#         209
  C:4DC8H         LINE#         210
  C:4DCAH         LINE#         211
  C:4DD6H         LINE#         212
  C:4DD6H         LINE#         213
  C:4DD8H         LINE#         214
  C:4DDFH         LINE#         216
  C:4DE4H         LINE#         217
  C:4DE4H         LINE#         219
  C:4DE4H         LINE#         221
  C:4DE4H         LINE#         223
  C:4DE7H         LINE#         224
  C:4DEAH         LINE#         225
  C:4DEAH         LINE#         226
  C:4DEFH         LINE#         227
  C:4DEFH         LINE#         229
  -------         ENDPROC       MSJ_LCD_INFORMATIVO
  -------         ENDMOD        IO_SENSORES

  -------         MODULE        MONITOR
  C:0000H         SYMBOL        _ICE_DUMMY_
  D:0080H         PUBLIC        P0
  D:0090H         PUBLIC        P1
  C:5617H         PUBLIC        _Monitor_chr
  B:0080H.0       PUBLIC        rx_ip
  C:38AAH         PUBLIC        _Cmd_LPR_Salida_print
  B:0090H.7       PUBLIC        lock
  C:45EFH         PUBLIC        _recibe_cmd_Monitor
  C:3B50H         PUBLIC        _Cmd_LPR_Salida_wiegand
  C:4423H         PUBLIC        _Valida_Trama_Monitor
  -------         PROC          _RECIBE_CMD_MONITOR
  X:000EH         SYMBOL        buffer
  -------         DO            
  X:0011H         SYMBOL        j
  X:0012H         SYMBOL        NumDatos
  D:0005H         SYMBOL        time_out
  X:0013H         SYMBOL        MaxChrRx
  D:0006H         SYMBOL        contador
  -------         ENDDO         
  C:45EFH         LINE#         40
  C:45FAH         LINE#         41
  C:45FAH         LINE#         45
  C:45FFH         LINE#         46
  C:4603H         LINE#         48
  C:460BH         LINE#         49
  C:460BH         LINE#         50
  C:461CH         LINE#         51
  C:461CH         LINE#         52
  C:461FH         LINE#         53
  C:4620H         LINE#         54
  C:4626H         LINE#         55
  C:4626H         LINE#         56
  C:462BH         LINE#         57
[...]
  C:5C37H         LINE#         436
  C:5C39H         LINE#         438
  C:5C3BH         LINE#         439
  C:5C3DH         LINE#         440
  C:5C3FH         LINE#         441
  C:5C41H         LINE#         442
  -------         ENDPROC       CLEAR_BUFFER
  -------         ENDMOD        UART

  -------         MODULE        ACCESCAN
  C:0000H         SYMBOL        _ICE_DUMMY_
  D:0080H         PUBLIC        P0
  D:0090H         PUBLIC        P1
  B:0080H.2       PUBLIC        led_err_imp
  B:0080H.3       PUBLIC        Atascado
  B:0090H.7       PUBLIC        lock
  C:1CCCH         PUBLIC        _Valida_Trama_Pto
  -------         PROC          _VALIDA_TRAMA_PTO
  X:000EH         SYMBOL        buffer
  X:0011H         SYMBOL        length_trama
  -------         DO            
  X:0012H         SYMBOL        buff
  -------         ENDDO         
  C:1CCCH         LINE#         84
  C:1CDAH         LINE#         85
  C:1CDAH         LINE#         88
  C:1D10H         LINE#         89
  C:1D10H         LINE#         91
  C:1D1FH         LINE#         93
  C:1D22H         LINE#         95
  C:1D22H         LINE#         97
  C:1D34H         LINE#         98
  C:1D34H         LINE#         99
  C:1D41H         LINE#         100
  C:1D41H         LINE#         101
  C:1D46H         LINE#         102
  C:1D48H         LINE#         103
  C:1D4DH         LINE#         104
  C:1D4FH         LINE#         105
  C:1D51H         LINE#         107
  C:1D51H         LINE#         108
  C:1D65H         LINE#         109
  C:1D65H         LINE#         110
  C:1D65H         LINE#         111
  C:1D65H         LINE#         113
  C:1D65H         LINE#         114
BL51 BANKED LINKER/LOCATER V6.22.2.0                                                  10/20/2021  12:17:09  PAGE 63


  C:1D65H         LINE#         115
  C:1D67H         LINE#         117
  C:1D79H         LINE#         118
  C:1D79H         LINE#         120
  C:1D89H         LINE#         121
  C:1D89H         LINE#         122
  C:1D8BH         LINE#         123
  C:1D8DH         LINE#         124
  C:1D8FH         LINE#         125
  C:1D91H         LINE#         127
  C:1DA5H         LINE#         128
  C:1DA5H         LINE#         129
  C:1DAAH         LINE#         130
  C:1DB3H         LINE#         132
  C:1DB8H         LINE#         133
  C:1DB8H         LINE#         134
  C:1DB8H         LINE#         136
  C:1DB9H         LINE#         139
  C:1DD3H         LINE#         140
  C:1DD3H         LINE#         141
  C:1DD5H         LINE#         142
  C:1DD8H         LINE#         145
  C:1DF2H         LINE#         146
  C:1DF2H         LINE#         147
  C:1DF4H         LINE#         148
  C:1DF7H         LINE#         150
  C:1E11H         LINE#         151
  C:1E11H         LINE#         152
  C:1E13H         LINE#         153
  C:1E16H         LINE#         155
  C:1E30H         LINE#         156
  C:1E30H         LINE#         157
  C:1E32H         LINE#         158
  C:1E35H         LINE#         160
  C:1E4FH         LINE#         161
  C:1E4FH         LINE#         162
  C:1E51H         LINE#         163
  C:1E54H         LINE#         165
  C:1E6EH         LINE#         166
  C:1E6EH         LINE#         167
  C:1E70H         LINE#         168
  C:1E72H         LINE#         170
  C:1EA2H         LINE#         171
  C:1EA2H         LINE#         172
  C:1EA5H         LINE#         173
  C:1EA5H         LINE#         175
  C:1EDCH         LINE#         176
  C:1EDCH         LINE#         177
  C:1EE1H         LINE#         178
  C:1EE1H         LINE#         180
  C:1F19H         LINE#         181
  C:1F19H         LINE#         183
  C:1F21H         LINE#         184
  C:1F2DH         LINE#         187
  C:1F32H         LINE#         188
  C:1F34H         LINE#         189
  C:1F3AH         LINE#         190
BL51 BANKED LINKER/LOCATER V6.22.2.0                                                  10/20/2021  12:17:09  PAGE 64


  C:1F3FH         LINE#         191
  C:1F3FH         LINE#         192
  C:1F3FH         LINE#         196
  C:1F42H         LINE#         200
  C:1F82H         LINE#         201
  C:1F82H         LINE#         203
  C:1F97H         LINE#         204
  C:1F9DH         LINE#         205
  C:1FC7H         LINE#         207
  C:1FCFH         LINE#         208
  C:1FCFH         LINE#         210
  C:1FD6H         LINE#         211
  C:1FD6H         LINE#         212
  C:1FDBH         LINE#         213
  C:1FDBH         LINE#         214
  C:1FDDH         LINE#         216
  C:1FDDH         LINE#         217
  C:1FE6H         LINE#         218
  C:1FE6H         LINE#         219
  C:1FE6H         LINE#         221
  C:1FE8H         LINE#         224
  C:1FE8H         LINE#         227
  C:1FF3H         LINE#         231
  C:1FF3H         LINE#         232
  C:1FF3H         LINE#         233
  C:2020H         LINE#         234
  C:2020H         LINE#         235
  C:202FH         LINE#         238
  C:2038H         LINE#         239
  C:204FH         LINE#         242
  C:204FH         LINE#         244
  C:2061H         LINE#         245
  C:2061H         LINE#         246
  C:2066H         LINE#         247
  C:206CH         LINE#         248
  C:2072H         LINE#         250
  C:2072H         LINE#         252
  -------         ENDPROC       _VALIDA_TRAMA_PTO
  -------         ENDMOD        ACCESCAN

  -------         MODULE        VERPRINT
  C:0000H         SYMBOL        _ICE_DUMMY_
  C:2073H         PUBLIC        Lee_ticket
  D:0090H         PUBLIC        P1
  C:59D4H         PUBLIC        _num_num
  B:00A8H.4       PUBLIC        ES
  B:0090H.7       PUBLIC        lock
  C:5B66H         PUBLIC        _num_char
  -------         PROC          _NUM_NUM
  D:0001H         SYMBOL        p
  -------         DO            
  D:0007H         SYMBOL        contador
  -------         ENDDO         
  C:59D4H         LINE#         64
  C:59D4H         LINE#         65
  C:59D4H         LINE#         66
  C:59D6H         LINE#         67
BL51 BANKED LINKER/LOCATER V6.22.2.0                                                  10/20/2021  12:17:09  PAGE 65


  C:59EDH         LINE#         68
  C:59EDH         LINE#         70
  C:59F4H         LINE#         71
  C:59F5H         LINE#         72
  C:59F7H         LINE#         73
  C:59F7H         LINE#         74
  -------         ENDPROC       _NUM_NUM
  -------         PROC          _NUM_CHAR
  D:0001H         SYMBOL        p
  D:0005H         SYMBOL        chr
  -------         DO            
  D:0007H         SYMBOL        contador
  -------         ENDDO         
  C:5B66H         LINE#         78
  C:5B66H         LINE#         79
  C:5B66H         LINE#         80
  C:5B68H         LINE#         81
  C:5B6EH         LINE#         82
  C:5B6EH         LINE#         84
  C:5B75H         LINE#         85
  C:5B76H         LINE#         86
  C:5B78H         LINE#         87
  C:5B78H         LINE#         88
  -------         ENDPROC       _NUM_CHAR
  -------         PROC          LEE_TICKET
  -------         DO            
  X:015CH         SYMBOL        paso_una_vez
  X:015DH         SYMBOL        Ticket
  X:000EH         SYMBOL        temp
  X:000FH         SYMBOL        temp2
  X:0010H         SYMBOL        vehiculo
  X:0011H         SYMBOL        tipo_vehiculo
  -------         ENDDO         
  C:2073H         LINE#         95
  C:2073H         LINE#         96
  C:2073H         LINE#         101
  C:2099H         LINE#         102
  C:2099H         LINE#         103
  C:2099H         LINE#         106
  C:20A4H         LINE#         107
  C:20A4H         LINE#         108
  C:20A6H         LINE#         110
  C:20ACH         LINE#         111
  C:20ACH         LINE#         112
  C:20B5H         LINE#         113
  C:20BAH         LINE#         114
  C:20C0H         LINE#         115
  C:20C0H         LINE#         116
  C:20C5H         LINE#         117
  C:20CBH         LINE#         118
  C:20CBH         LINE#         119
  C:20CBH         LINE#         120
  C:20CBH         LINE#         124
  C:20CEH         LINE#         126
  C:20CEH         LINE#         127
  C:20D7H         LINE#         128
  C:20DCH         LINE#         129
BL51 BANKED LINKER/LOCATER V6.22.2.0                                                  10/20/2021  12:17:09  PAGE 66


  C:20DCH         LINE#         130
  C:20DCH         LINE#         132
  C:20DCH         LINE#         133
  C:20DCH         LINE#         134
  C:20DFH         LINE#         139
  C:20DFH         LINE#         140
  C:20F0H         LINE#         141
  C:20F0H         LINE#         142
  C:20F8H         LINE#         143
  C:20F8H         LINE#         145
  C:2101H         LINE#         146
  C:210AH         LINE#         147
  C:2113H         LINE#         148
  C:2119H         LINE#         149
  C:211FH         LINE#         152
  C:2120H         LINE#         153
  C:2128H         LINE#         154
  C:2128H         LINE#         156
  C:2136H         LINE#         157
  C:2144H         LINE#         158
  C:2151H         LINE#         159
  C:215BH         LINE#         160
  C:215BH         LINE#         161
  C:215EH         LINE#         162
  C:2163H         LINE#         163
  C:2163H         LINE#         164
  C:2163H         LINE#         165
  C:2166H         LINE#         166
  C:2166H         LINE#         168
  C:216FH         LINE#         169
  C:2178H         LINE#         170
  C:2181H         LINE#         175
  C:2187H         LINE#         176
  C:2188H         LINE#         178
  C:2188H         LINE#         180
  C:218BH         LINE#         181
  C:2190H         LINE#         182
  C:2194H         LINE#         183
  C:219DH         LINE#         184
  C:21A3H         LINE#         185
  C:21A3H         LINE#         186
  C:21A3H         LINE#         190
  C:21A3H         LINE#         191
  C:21A6H         LINE#         192
  C:21A6H         LINE#         195
  C:21AFH         LINE#         196
  C:21B4H         LINE#         197
  C:21BAH         LINE#         198
  C:21C4H         LINE#         200
  C:21CAH         LINE#         201
  C:21CAH         LINE#         202
  C:21D8H         LINE#         203
  C:21D8H         LINE#         204
  C:21D8H         LINE#         205
  C:21D8H         LINE#         208
  C:21DBH         LINE#         210
  C:21DBH         LINE#         213
BL51 BANKED LINKER/LOCATER V6.22.2.0                                                  10/20/2021  12:17:09  PAGE 67


  C:21E6H         LINE#         214
  C:21E6H         LINE#         216
  C:21EFH         LINE#         218
  C:21F4H         LINE#         220
  C:2201H         LINE#         221
  C:2210H         LINE#         222
  C:2236H         LINE#         223
  C:2236H         LINE#         224
  C:2239H         LINE#         225
  C:223BH         LINE#         227
  C:223BH         LINE#         228
  C:223EH         LINE#         229
  C:223EH         LINE#         230
  C:2247H         LINE#         231
  C:224FH         LINE#         232
  C:2258H         LINE#         234
  C:2261H         LINE#         235
  C:2269H         LINE#         236
  C:2272H         LINE#         237
  C:227AH         LINE#         238
  C:2283H         LINE#         240
  C:2288H         LINE#         241
  C:2291H         LINE#         242
  C:2291H         LINE#         243
  C:22B7H         LINE#         244
  C:22C6H         LINE#         246
  C:22CFH         LINE#         247
  C:22D8H         LINE#         251
  C:22E6H         LINE#         254
  C:22ECH         LINE#         255
  C:22ECH         LINE#         256
  C:22FAH         LINE#         257
  C:22FAH         LINE#         258
  C:22FAH         LINE#         259
  C:22FAH         LINE#         260
  C:22FCH         LINE#         261
  C:22FCH         LINE#         263
  C:22FCH         LINE#         264
  C:22FEH         LINE#         265
  C:2301H         LINE#         268
  C:2307H         LINE#         269
  C:230DH         LINE#         271
  C:230DH         LINE#         272
  C:230DH         LINE#         273
  C:230EH         LINE#         274
  C:230EH         LINE#         275
  C:2316H         LINE#         276
  C:2316H         LINE#         277
  C:2318H         LINE#         278
  C:2321H         LINE#         280
  C:2327H         LINE#         281
  C:232AH         LINE#         282
  C:232FH         LINE#         283
  C:232FH         LINE#         284
  C:232FH         LINE#         285
  C:2331H         LINE#         286
  C:2331H         LINE#         287
BL51 BANKED LINKER/LOCATER V6.22.2.0                                                  10/20/2021  12:17:09  PAGE 68


  C:2336H         LINE#         288
  C:2337H         LINE#         290
  C:2337H         LINE#         291
  C:233FH         LINE#         292
  C:233FH         LINE#         293
  C:2348H         LINE#         295
  C:2356H         LINE#         296
  C:235CH         LINE#         297
  C:2362H         LINE#         298
  C:2362H         LINE#         299
  C:2362H         LINE#         300
  C:2362H         LINE#         301
  -------         ENDPROC       LEE_TICKET
  -------         ENDMOD        VERPRINT

  -------         MODULE        ?C?FPADD
  C:0D61H         PUBLIC        ?C?FPADD
  C:0D5DH         PUBLIC        ?C?FPSUB
  -------         ENDMOD        ?C?FPADD

  -------         MODULE        ?C?FPMUL
  C:0E52H         PUBLIC        ?C?FPMUL
  -------         ENDMOD        ?C?FPMUL

  -------         MODULE        ?C?FCAST
  C:0F62H         PUBLIC        ?C?FCASTC
  C:0F5DH         PUBLIC        ?C?FCASTI
  C:0F58H         PUBLIC        ?C?FCASTL
  -------         ENDMOD        ?C?FCAST

  -------         MODULE        ?C?CASTF
  C:0F96H         PUBLIC        ?C?CASTF
  -------         ENDMOD        ?C?CASTF

  -------         MODULE        PRINTF
  X:0081H         PUBLIC        ?_PRINTF?BYTE
  X:0081H         PUBLIC        ?_SPRINTF?BYTE
  C:18B4H         PUBLIC        _PRINTF
  C:18AEH         PUBLIC        _SPRINTF
  -------         ENDMOD        PRINTF

  -------         MODULE        POW
  X:0029H         PUBLIC        ?_pow?BYTE
  C:2A45H         PUBLIC        _pow
  -------         ENDMOD        POW

  -------         MODULE        ?C?CHKFLOAT
  C:1017H         PUBLIC        ?C?CHKFLOAT
  -------         ENDMOD        ?C?CHKFLOAT

  -------         MODULE        ?C?FPCMP
  C:1033H         PUBLIC        ?C?FPCMP
  C:1031H         PUBLIC        ?C?FPCMP3
  -------         ENDMOD        ?C?FPCMP

  -------         MODULE        ?C?FPNEG
  C:10AAH         PUBLIC        ?C?FPNEG
BL51 BANKED LINKER/LOCATER V6.22.2.0                                                  10/20/2021  12:17:09  PAGE 69


  -------         ENDMOD        ?C?FPNEG

  -------         MODULE        ?C?FPROUND
  C:10BBH         PUBLIC        ?C?FPROUND
  -------         ENDMOD        ?C?FPROUND

  -------         MODULE        ?C?FPCONVERT
  C:10F8H         PUBLIC        ?C?FPCONVERT
  -------         ENDMOD        ?C?FPCONVERT

  -------         MODULE        EXP
  C:44F6H         PUBLIC        _EXP
  -------         ENDMOD        EXP

  -------         MODULE        LOG
  C:30BEH         PUBLIC        _LOG
  C:30BAH         PUBLIC        _LOG10
  -------         ENDMOD        LOG

  -------         MODULE        ?C?FPDIV
  C:1200H         PUBLIC        ?C?FPDIV
  -------         ENDMOD        ?C?FPDIV

  -------         MODULE        ?C?FTNPWR
  C:12CDH         PUBLIC        ?C?FTNPWR
  -------         ENDMOD        ?C?FTNPWR

  -------         MODULE        ?C?COPY
  C:142AH         PUBLIC        ?C?COPY
  -------         ENDMOD        ?C?COPY

  -------         MODULE        ?C?CLDPTR
  C:1450H         PUBLIC        ?C?CLDPTR
  -------         ENDMOD        ?C?CLDPTR

  -------         MODULE        ?C?CLDOPTR
  C:1469H         PUBLIC        ?C?CLDOPTR
  -------         ENDMOD        ?C?CLDOPTR

  -------         MODULE        ?C?CSTPTR
  C:1496H         PUBLIC        ?C?CSTPTR
  -------         ENDMOD        ?C?CSTPTR

  -------         MODULE        ?C?CSTOPTR
  C:14A8H         PUBLIC        ?C?CSTOPTR
  -------         ENDMOD        ?C?CSTOPTR

  -------         MODULE        ?C?IILDX
  C:14CAH         PUBLIC        ?C?IILDX
  -------         ENDMOD        ?C?IILDX

  -------         MODULE        ?C?LNEG
  C:14E0H         PUBLIC        ?C?LNEG
  -------         ENDMOD        ?C?LNEG

  -------         MODULE        ?C?LLDCODE
  C:14EEH         PUBLIC        ?C?LLDCODE
BL51 BANKED LINKER/LOCATER V6.22.2.0                                                  10/20/2021  12:17:09  PAGE 70


  -------         ENDMOD        ?C?LLDCODE

  -------         MODULE        ?C?LLDXDATA0
  C:14FEH         PUBLIC        ?C?LLDXDATA0
  -------         ENDMOD        ?C?LLDXDATA0

  -------         MODULE        ?C?LLDCODE0
  C:150AH         PUBLIC        ?C?LLDCODE0
  -------         ENDMOD        ?C?LLDCODE0

  -------         MODULE        ?C?LSTXDATA
  C:151AH         PUBLIC        ?C?LSTXDATA
  -------         ENDMOD        ?C?LSTXDATA

  -------         MODULE        ?C?LSTKXDATA
  C:1526H         PUBLIC        ?C?LSTKXDATA
  -------         ENDMOD        ?C?LSTKXDATA

  -------         MODULE        ?C?PLDIXDATA
  C:1557H         PUBLIC        ?C?PLDIXDATA
  -------         ENDMOD        ?C?PLDIXDATA

  -------         MODULE        ?C?PSTXDATA
  C:156EH         PUBLIC        ?C?PSTXDATA
  -------         ENDMOD        ?C?PSTXDATA

  -------         MODULE        ?C?CCASE
  C:1577H         PUBLIC        ?C?CCASE
  -------         ENDMOD        ?C?CCASE

  -------         MODULE        STRCAT
  X:0050H         PUBLIC        ?_strcat?BYTE
  C:4ECDH         PUBLIC        _strcat
  -------         ENDMOD        STRCAT

  -------         MODULE        STRNCAT
  X:003DH         PUBLIC        ?_strncat?BYTE
  C:3CECH         PUBLIC        _strncat
  -------         ENDMOD        STRNCAT

  -------         MODULE        ?C?STRCMP
  C:171BH         PUBLIC        ?C?STRCMP
  -------         ENDMOD        ?C?STRCMP

  -------         MODULE        ?C?STRCPY
  C:1804H         PUBLIC        ?C?STRCPY
  -------         ENDMOD        ?C?STRCPY

  -------         MODULE        STRNCPY
  X:0014H         PUBLIC        ?_strncpy?BYTE
  C:4F38H         PUBLIC        _strncpy
  -------         ENDMOD        STRNCPY

  -------         MODULE        STRLEN
  C:000EH         PUBLIC        _STRLEN
  -------         ENDMOD        STRLEN

BL51 BANKED LINKER/LOCATER V6.22.2.0                                                  10/20/2021  12:17:09  PAGE 71


  -------         MODULE        STRSTR
  X:0014H         PUBLIC        ?_strstr?BYTE
  C:3E75H         PUBLIC        _strstr
  -------         ENDMOD        STRSTR

  -------         MODULE        STRTOK
  X:004AH         PUBLIC        ?_strtok?BYTE
  C:3991H         PUBLIC        _strtok
  -------         ENDMOD        STRTOK

  -------         MODULE        ATOI
  C:3A75H         PUBLIC        _atoi
  -------         ENDMOD        ATOI

  -------         MODULE        ?C?IMUL
  C:1821H         PUBLIC        ?C?IMUL
  -------         ENDMOD        ?C?IMUL

  -------         MODULE        ?C?ILDIX
  C:1833H         PUBLIC        ?C?ILDIX
  -------         ENDMOD        ?C?ILDIX

  -------         MODULE        ISDIGIT
  C:5C25H         PUBLIC        _isdigit
  -------         ENDMOD        ISDIGIT

  -------         MODULE        ISSPACE
  C:5B52H         PUBLIC        _isspace
  -------         ENDMOD        ISSPACE

  -------         MODULE        STRSPN
  X:0050H         PUBLIC        ?_strspn?BYTE
  C:4BF8H         PUBLIC        _strspn
  -------         ENDMOD        STRSPN

  -------         MODULE        STRPBRK
  X:0050H         PUBLIC        ?_strpbrk?BYTE
  C:4C7CH         PUBLIC        _strpbrk
  -------         ENDMOD        STRPBRK

Program Size: data=158.4 xdata=366 code=23730
LINK/LOCATE RUN COMPLETE.  0 WARNING(S),  0 ERROR(S)
