BL51 BANKED LINKER/LOCATER V6.22.2.0                                                    10/07/2021  16:30:37  PAGE 1


BL51 BANKED LINKER/LOCATER V6.22.2.0, INVOKED BY:
C:\KEIL_V5\C51\BIN\BL51.EXE .\Objects\main.obj, .\Objects\Clock.obj, .\Objects\delay.obj, .\Objects\eeprom.obj, .\Object
>> s\io_sensores.obj, .\Objects\monitor.obj, .\Objects\num_serie.obj, .\Objects\pantallas.obj, .\Objects\prog.obj, .\Obj
>> ects\pto_paralelo.obj, .\Objects\tibbo.obj, .\Objects\uart.obj, .\Objects\Accescan.obj, .\Objects\verprint.obj TO .\O
>> bjects\VRFCDOR_PRINT_100 PRINT (.\Listings\VRFCDOR_PRINT_100.m51) RAMSIZE (256)


MEMORY MODEL: LARGE WITH FLOATING POINT ARITHMETIC


INPUT MODULES INCLUDED:
  .\Objects\main.obj (MAIN)
  .\Objects\Clock.obj (CLOCK)
  .\Objects\delay.obj (DELAY)
  .\Objects\eeprom.obj (EEPROM)
  .\Objects\io_sensores.obj (IO_SENSORES)
  .\Objects\monitor.obj (MONITOR)
  .\Objects\num_serie.obj (NUM_SERIE)
  .\Objects\pantallas.obj (PANTALLAS)
  .\Objects\prog.obj (PROG)
  .\Objects\pto_paralelo.obj (PTO_PARALELO)
  .\Objects\tibbo.obj (TIBBO)
  .\Objects\uart.obj (UART)
  .\Objects\Accescan.obj (ACCESCAN)
  .\Objects\verprint.obj (VERPRINT)
  C:\KEIL_V5\C51\LIB\C51FPL.LIB (?C?FPADD)
  C:\KEIL_V5\C51\LIB\C51FPL.LIB (?C?FPMUL)
  C:\KEIL_V5\C51\LIB\C51FPL.LIB (?C?FCAST)
  C:\KEIL_V5\C51\LIB\C51FPL.LIB (?C?CASTF)
  C:\KEIL_V5\C51\LIB\C51FPL.LIB (PRINTF)
  C:\KEIL_V5\C51\LIB\C51FPL.LIB (POW)
  C:\KEIL_V5\C51\LIB\C51FPL.LIB (?C?FPGETOPN)
  C:\KEIL_V5\C51\LIB\C51FPL.LIB (?C?CHKFLOAT)
  C:\KEIL_V5\C51\LIB\C51FPL.LIB (?C?FPCMP)
  C:\KEIL_V5\C51\LIB\C51FPL.LIB (?C?FPNEG)
  C:\KEIL_V5\C51\LIB\C51FPL.LIB (?C?FPROUND)
  C:\KEIL_V5\C51\LIB\C51FPL.LIB (?C?FPCONVERT)
  C:\KEIL_V5\C51\LIB\C51FPL.LIB (EXP)
  C:\KEIL_V5\C51\LIB\C51FPL.LIB (LOG)
  C:\KEIL_V5\C51\LIB\C51FPL.LIB (?C?FPDIV)
  C:\KEIL_V5\C51\LIB\C51FPL.LIB (?C?FTNPWR)
  C:\KEIL_V5\C51\LIB\C51FPL.LIB (?C?FPSERIES)
  C:\KEIL_V5\C51\LIB\C51L.LIB (?C_STARTUP)
  C:\KEIL_V5\C51\LIB\C51L.LIB (?C?COPY)
  C:\KEIL_V5\C51\LIB\C51L.LIB (?C?CLDPTR)
  C:\KEIL_V5\C51\LIB\C51L.LIB (?C?CLDOPTR)
  C:\KEIL_V5\C51\LIB\C51L.LIB (?C?CSTPTR)
  C:\KEIL_V5\C51\LIB\C51L.LIB (?C?CSTOPTR)
  C:\KEIL_V5\C51\LIB\C51L.LIB (?C?IILDX)
  C:\KEIL_V5\C51\LIB\C51L.LIB (?C?LNEG)
  C:\KEIL_V5\C51\LIB\C51L.LIB (?C?LLDCODE)
  C:\KEIL_V5\C51\LIB\C51L.LIB (?C?LLDXDATA0)
  C:\KEIL_V5\C51\LIB\C51L.LIB (?C?LLDCODE0)
  C:\KEIL_V5\C51\LIB\C51L.LIB (?C?LSTXDATA)
  C:\KEIL_V5\C51\LIB\C51L.LIB (?C?LSTKXDATA)
  C:\KEIL_V5\C51\LIB\C51L.LIB (?C?PLDIXDATA)
  C:\KEIL_V5\C51\LIB\C51L.LIB (?C?PSTXDATA)
  C:\KEIL_V5\C51\LIB\C51L.LIB (?C?CCASE)
BL51 BANKED LINKER/LOCATER V6.22.2.0                                                  10/07/2021  16:30:37  PAGE 2


  C:\KEIL_V5\C51\LIB\C51L.LIB (STRCAT)
  C:\KEIL_V5\C51\LIB\C51L.LIB (STRNCAT)
  C:\KEIL_V5\C51\LIB\C51L.LIB (?C?STRCMP)
  C:\KEIL_V5\C51\LIB\C51L.LIB (?C?STRCPY)
  C:\KEIL_V5\C51\LIB\C51L.LIB (STRNCPY)
  C:\KEIL_V5\C51\LIB\C51L.LIB (STRLEN)
  C:\KEIL_V5\C51\LIB\C51L.LIB (STRSTR)
  C:\KEIL_V5\C51\LIB\C51L.LIB (STRTOK)
  C:\KEIL_V5\C51\LIB\C51L.LIB (ATOL)
  C:\KEIL_V5\C51\LIB\C51L.LIB (ATOI)
  C:\KEIL_V5\C51\LIB\C51L.LIB (?C_INIT)
  C:\KEIL_V5\C51\LIB\C51L.LIB (?C?IMUL)
  C:\KEIL_V5\C51\LIB\C51L.LIB (?C?ILDIX)
  C:\KEIL_V5\C51\LIB\C51L.LIB (?C?LMUL)
  C:\KEIL_V5\C51\LIB\C51L.LIB (ISDIGIT)
  C:\KEIL_V5\C51\LIB\C51L.LIB (ISSPACE)
  C:\KEIL_V5\C51\LIB\C51L.LIB (STRSPN)
  C:\KEIL_V5\C51\LIB\C51L.LIB (STRPBRK)


LINK MAP OF MODULE:  .\Objects\VRFCDOR_PRINT_100 (MAIN)


            TYPE    BASE      LENGTH    RELOCATION   SEGMENT NAME
            -----------------------------------------------------

            * * * * * * *   D A T A   M E M O R Y   * * * * * * *
            REG     0000H     0008H     ABSOLUTE     "REG BANK 0"
            DATA    0008H     0005H     UNIT         ?DT?UART
            DATA    000DH     0005H     UNIT         _DATA_GROUP_
                    0012H     000EH                  *** GAP ***
            BIT     0020H.0   0001H.1   UNIT         _BIT_GROUP_
            BIT     0021H.1   0000H.1   UNIT         ?BI?MAIN
            BIT     0021H.2   0000H.1   UNIT         ?BI?EEPROM
            BIT     0021H.3   0000H.1   UNIT         ?BI?UART
                    0021H.4   0000H.4                *** GAP ***
            IDATA   0022H     008AH     UNIT         ?ID?MAIN
            IDATA   00ACH     0001H     UNIT         ?STACK

            * * * * * * *  X D A T A   M E M O R Y  * * * * * * *
            XDATA   0000H     00B5H     UNIT         _XDATA_GROUP_
            XDATA   00B5H     005FH     UNIT         ?XD?PROG
            XDATA   0114H     0048H     UNIT         ?XD?MAIN
            XDATA   015CH     000BH     UNIT         ?XD?VERPRINT
            XDATA   0167H     0003H     UNIT         ?XD?EEPROM
            XDATA   016AH     0003H     UNIT         ?XD?STRTOK
            XDATA   016DH     0001H     UNIT         ?XD?CLOCK

            * * * * * * *   C O D E   M E M O R Y   * * * * * * *
            CODE    0000H     0003H     ABSOLUTE     
            CODE    0003H     0008H     UNIT         ?PR?P_CK?CLOCK
            CODE    000BH     0003H     ABSOLUTE     
            CODE    000EH     0015H     UNIT         ?PR?_STRLEN?STRLEN
            CODE    0023H     0003H     ABSOLUTE     
            CODE    0026H     0D34H     UNIT         ?CO?PROG
            CODE    0D5AH     0B3EH     UNIT         ?C?LIB_CODE
            CODE    1898H     0483H     UNIT         ?PR?PRINTF?PRINTF
BL51 BANKED LINKER/LOCATER V6.22.2.0                                                  10/07/2021  16:30:37  PAGE 3


            CODE    1D1BH     0317H     UNIT         ?PR?_VALIDA_TRAMA_PTO?ACCESCAN
            CODE    2032H     02FCH     UNIT         ?PR?LEE_TICKET?VERPRINT
            CODE    232EH     02D0H     UNIT         ?PR?_TWO_BYTEHEX_DECIMAL?CLOCK
            CODE    25FEH     0276H     UNIT         ?PR?_PANTALLALCD?PANTALLAS
            CODE    2874H     023AH     UNIT         ?PR?MENU?PROG
            CODE    2AAEH     01D8H     UNIT         ?PR?_BLOCK_READ_CLOCK_ASCII?CLOCK
            CODE    2C86H     0176H     UNIT         ?CO?PANTALLAS
            CODE    2DFCH     0166H     UNIT         ?PR?_POW?POW
            CODE    2F62H     0148H     UNIT         ?PR?_TRAMA_PRINT_COD_BARRAS?PTO_PARALELO
            CODE    30AAH     013EH     UNIT         ?PR?PROG_SIN_COBRO?PROG
            CODE    31E8H     012BH     UNIT         ?CO?VERPRINT
            CODE    3313H     0129H     UNIT         ?PR?LOG?LOG
            CODE    343CH     0110H     UNIT         ?PR?LOAD_AND_SEND_ID_COD?PTO_PARALELO
            CODE    354CH     010CH     UNIT         ?PR?_ATOL?ATOL
            CODE    3658H     00FCH     UNIT         ?PR?PROG_DEBUG?PROG
            CODE    3754H     00FCH     UNIT         ?PR?PROG_USE_LPR?PROG
            CODE    3850H     00FCH     UNIT         ?PR?TIPO_PANTALLA?PROG
            CODE    394CH     00FCH     UNIT         ?PR?PROG_COMPARACION_ACTIVA?PROG
            CODE    3A48H     00FCH     UNIT         ?PR?PROG_QR_BARRAS?PROG
            CODE    3B44H     00E7H     UNIT         ?PR?_CMD_LPR_SALIDA_PRINT?MONITOR
            CODE    3C2BH     00E4H     UNIT         ?PR?_STRTOK?STRTOK
            CODE    3D0FH     00DBH     UNIT         ?PR?_ATOI?ATOI
            CODE    3DEAH     00D8H     UNIT         ?PR?MAIN?MAIN
            CODE    3EC2H     00D6H     UNIT         ?PR?_CMD_LPR_SALIDA_WIEGAND?MONITOR
            CODE    3F98H     00C6H     UNIT         ?PR?SHOW?PROG
            CODE    405EH     00C5H     UNIT         ?PR?_STRNCAT?STRNCAT
            CODE    4123H     00C4H     UNIT         ?PR?_BLOCK_READ_CLOCK?CLOCK
            CODE    41E7H     00BFH     UNIT         ?PR?_STRSTR?STRSTR
            CODE    42A6H     00BDH     UNIT         ?PR?PROG_COD_PARK?PROG
            CODE    4363H     00BDH     UNIT         ?PR?PROG_TIEMPO_GRACIA?PROG
            CODE    4420H     00B6H     UNIT         ?PR?PROG_ID_CLIENTE?PROG
            CODE    44D6H     00B4H     UNIT         ?PR?_SEND_PORT?PTO_PARALELO
            CODE    458AH     00B2H     UNIT         ?C_INITSEG
            CODE    463CH     00A0H     UNIT         ?CO?IO_SENSORES
            CODE    46DCH     009BH     UNIT         ?PR?_VALIDA_TRAMA_MONITOR?MONITOR
            CODE    4777H     009AH     UNIT         ?PR?EXP?EXP
            CODE    4811H     0097H     UNIT         ?PR?_RECIBE_PORT?PTO_PARALELO
            CODE    48A8H     0095H     UNIT         ?PR?_RECIBE_CMD_MONITOR?MONITOR
            CODE    493DH     0090H     UNIT         ?PR?_LEE_CLK?CLOCK
            CODE    49CDH     0090H     UNIT         ?PR?_GETOPTION?PROG
            CODE    4A5DH     008FH     UNIT         ?PR?_BLOCK_WRITE_CLOCK_ASCII?CLOCK
            CODE    4AECH     008CH     UNIT         ?C_C51STARTUP
            CODE    4B78H     008AH     UNIT         ?PR?VARIABLE_INICIO?MAIN
            CODE    4C02H     008AH     UNIT         ?PR?_ESCRIBIRMEMORIA?EEPROM
            CODE    4C8CH     0088H     UNIT         ?PR?_SEND_PORTERR?PTO_PARALELO
            CODE    4D14H     0088H     UNIT         ?PR?RX_DATA?TIBBO
            CODE    4D9CH     0085H     UNIT         ?PR?COM_ISR?UART
            CODE    4E21H     0084H     UNIT         ?PR?_STRSPN?STRSPN
            CODE    4EA5H     0083H     UNIT         ?PR?_PANTALLALCD_LINEA_2?PANTALLAS
            CODE    4F28H     0081H     UNIT         ?PR?_STRPBRK?STRPBRK
            CODE    4FA9H     0080H     UNIT         ?PR?_INGRESADATO?PROG
            CODE    5029H     007AH     UNIT         ?PR?_RASPBERRY_DATA?PANTALLAS
            CODE    50A3H     0073H     UNIT         ?PR?MSJ_LCD_INFORMATIVO?IO_SENSORES
            CODE    5116H     0073H     UNIT         ?PR?_DEBUGBUFFERMF?TIBBO
            CODE    5189H     006FH     UNIT         ?PR?VALIDASENSORESPASO?IO_SENSORES
            CODE    51F8H     006BH     UNIT         ?PR?_STRCAT?STRCAT
            CODE    5263H     0068H     UNIT         ?PR?_STRNCPY?STRNCPY
BL51 BANKED LINKER/LOCATER V6.22.2.0                                                  10/07/2021  16:30:37  PAGE 4


            CODE    52CBH     0062H     UNIT         ?PR?_LISTACOMANDOS?PROG
            CODE    532DH     0058H     UNIT         ?PR?_LEERMEMORIA?EEPROM
            CODE    5385H     0057H     UNIT         ?CO?TIBBO
            CODE    53DCH     0053H     UNIT         ?PR?_BYTEHEX_DECIMAL?CLOCK
            CODE    542FH     004DH     UNIT         ?PR?L_D_M?EEPROM
            CODE    547CH     0048H     UNIT         ?PR?_TX_AUX?TIBBO
            CODE    54C4H     0047H     UNIT         ?PR?PROG_CLIENTE?PROG
            CODE    550BH     0047H     UNIT         ?PR?PROG_NIT?PROG
            CODE    5552H     0047H     UNIT         ?PR?PROG_NOM_PARQ?PROG
            CODE    5599H     0047H     UNIT         ?PR?PROG_DIRECCION?PROG
            CODE    55E0H     0047H     UNIT         ?PR?PROG_MSJ1?PROG
            CODE    5627H     0047H     UNIT         ?PR?PROG_MSJ2?PROG
            CODE    566EH     0047H     UNIT         ?PR?PROG_MSJ3?PROG
            CODE    56B5H     0047H     UNIT         ?PR?PROG_MSJ4?PROG
            CODE    56FCH     0047H     UNIT         ?PR?PROG_MSJ5?PROG
            CODE    5743H     0047H     UNIT         ?PR?PROG_MSJ6?PROG
            CODE    578AH     0047H     UNIT         ?PR?PROG_MSJ7?PROG
            CODE    57D1H     0047H     UNIT         ?PR?_DEBUG_CHR_TIBBO?TIBBO
            CODE    5818H     0046H     UNIT         ?PR?_LCD_TXT_NUM_CHAR?PANTALLAS
            CODE    585EH     0045H     UNIT         ?PR?_VALIDARCLAVE?PROG
            CODE    58A3H     0041H     UNIT         ?PR?_TWO_ONE?CLOCK
            CODE    58E4H     0041H     UNIT         ?PR?_MONITOR_CHR?MONITOR
            CODE    5925H     0040H     UNIT         ?PR?_GETCMD?PROG
            CODE    5965H     003FH     UNIT         ?PR?_EB_CLK?CLOCK
            CODE    59A4H     003FH     UNIT         ?PR?_WR_EEPROM?EEPROM
            CODE    59E3H     003EH     UNIT         ?PR?_PUTCHAR?MAIN
            CODE    5A21H     003EH     UNIT         ?PR?_DEBUG_TXT_TIBBO?TIBBO
            CODE    5A5FH     003DH     UNIT         ?PR?_CEROS_IZQ?NUM_SERIE
            CODE    5A9CH     003CH     UNIT         ?PR?_SERIE_ASCII_SICEROS_L?NUM_SERIE
            CODE    5AD8H     003CH     UNIT         ?PR?_LCD_TXT?PANTALLAS
            CODE    5B14H     003BH     UNIT         ?PR?_COM_PUTCHAR?UART
            CODE    5B4FH     0039H     UNIT         ?PR?_RD_EEPROM?EEPROM
            CODE    5B88H     0035H     UNIT         ?PR?RELOJ_PANTALLA_LCD?PANTALLAS
            CODE    5BBDH     002CH     UNIT         ?CO?MAIN
            CODE    5BE9H     002CH     UNIT         ?PR?LOAD_AND_SEND_INFO_RELOJ?PTO_PARALELO
            CODE    5C15H     002AH     UNIT         ?PR?COM_INITIALIZE?UART
            CODE    5C3FH     0028H     UNIT         ?PR?_WR_CLK?CLOCK
            CODE    5C67H     0028H     UNIT         ?PR?COM_BAUDRATE?UART
            CODE    5C8FH     0027H     UNIT         ?PR?_TX_CHRLCD?PANTALLAS
            CODE    5CB6H     0027H     UNIT         ?CO?ACCESCAN
            CODE    5CDDH     0026H     UNIT         ?PR?COM_GETCHAR?UART
            CODE    5D03H     0024H     UNIT         ?PR?_NUM_NUM?VERPRINT
            CODE    5D27H     0022H     UNIT         ?PR?_E_D_M?EEPROM
            CODE    5D49H     0020H     UNIT         ?PR?ACKD?EEPROM
            CODE    5D69H     0020H     UNIT         ?PR?ACK_LECT?EEPROM
            CODE    5D89H     0020H     UNIT         ?PR?TIME_BIT?TIBBO
            CODE    5DA9H     001FH     UNIT         ?PR?VALIDASENSOR?IO_SENSORES
            CODE    5DC8H     001EH     UNIT         ?PR?_BCD_HEX?CLOCK
            CODE    5DE6H     001CH     UNIT         ?PR?LEER_SERIE?NUM_SERIE
            CODE    5E02H     001BH     UNIT         ?PR?_DELAY_1MS?DELAY
            CODE    5E1DH     001AH     UNIT         ?PR?TIME_MBIT?TIBBO
            CODE    5E37H     0019H     UNIT         ?PR?TIMER0_INT?MAIN
            CODE    5E50H     0017H     UNIT         ?PR?DISPLAYCURSOR?PROG
            CODE    5E67H     0014H     UNIT         ?PR?_ISSPACE?ISSPACE
            CODE    5E7BH     0013H     UNIT         ?PR?_NUM_CHAR?VERPRINT
            CODE    5E8EH     0012H     UNIT         ?PR?_DELAY_20US?DELAY
            CODE    5EA0H     0012H     UNIT         ?PR?START?EEPROM
BL51 BANKED LINKER/LOCATER V6.22.2.0                                                  10/07/2021  16:30:37  PAGE 5


            CODE    5EB2H     0012H     UNIT         ?PR?DIR_BOARD?IO_SENSORES
            CODE    5EC4H     0012H     UNIT         ?PR?PULSO_BUS?PTO_PARALELO
            CODE    5ED6H     0012H     UNIT         ?PR?COM_RBUFLEN?UART
            CODE    5EE8H     0012H     UNIT         ?PR?COM_TBUFLEN?UART
            CODE    5EFAH     0010H     UNIT         ?PR?INI_TIMER?MAIN
            CODE    5F0AH     0010H     UNIT         ?PR?INICIA_BOARD?MAIN
            CODE    5F1AH     0010H     UNIT         ?PR?_GRABA_SERIE_ASCII_HEX?NUM_SERIE
            CODE    5F2AH     0010H     UNIT         ?CO?PTO_PARALELO
            CODE    5F3AH     000FH     UNIT         ?PR?_ISDIGIT?ISDIGIT
            CODE    5F49H     000EH     UNIT         ?PR?CLEAR_BUFFER?UART
            CODE    5F57H     000CH     UNIT         ?PR?_GETKEY?MAIN
            CODE    5F63H     000AH     UNIT         ?PR?COND_INI_PTO?PTO_PARALELO
            CODE    5F6DH     0009H     UNIT         ?PR?STOP?EEPROM
            CODE    5F76H     0009H     UNIT         ?PR?DEBUG_DIVIDIR_TEXTO?TIBBO
            CODE    5F7FH     0007H     UNIT         ?PR?COND_INI_CLOCK?CLOCK
            CODE    5F86H     0007H     UNIT         ?PR?SEL_FUNCION?IO_SENSORES
            CODE    5F8DH     0007H     UNIT         ?PR?SEL_AUTO?IO_SENSORES
            CODE    5F94H     0007H     UNIT         ?PR?SEL_SENSOR2?IO_SENSORES
            CODE    5F9BH     0007H     UNIT         ?PR?SEL_SENSOR1?IO_SENSORES
            CODE    5FA2H     0007H     UNIT         ?PR?SEL_DIR1?IO_SENSORES
            CODE    5FA9H     0007H     UNIT         ?PR?SEL_DIR2?IO_SENSORES
            CODE    5FB0H     0006H     UNIT         ?PR?P_ME?EEPROM
            CODE    5FB6H     0005H     UNIT         ?PR?ON_TIMER0_INTERRUP?MAIN
            CODE    5FBBH     0005H     UNIT         ?PR?COND_INI_TIBBO?TIBBO
            CODE    5FC0H     0004H     UNIT         ?CO?NUM_SERIE
            CODE    5FC4H     0003H     UNIT         ?PR?OFF_TIMER0_INTERRUP?MAIN
            CODE    5FC7H     0001H     UNIT         ?PR?DELAY?DELAY



OVERLAY MAP OF MODULE:   .\Objects\VRFCDOR_PRINT_100 (MAIN)


SEGMENT                                             BIT_GROUP          DATA_GROUP          XDATA_GROUP
  +--> CALLED SEGMENT                            START    LENGTH     START    LENGTH     START    LENGTH
--------------------------------------------------------------------------------------------------------
?C_C51STARTUP                                    -----    -----      -----    -----      -----    -----
  +--> ?PR?MAIN?MAIN
  +--> ?C_INITSEG

?PR?MAIN?MAIN                                    -----    -----      -----    -----      0000H    000EH
  +--> ?PR?INI_TIMER?MAIN
  +--> ?PR?ON_TIMER0_INTERRUP?MAIN
  +--> ?PR?COM_INITIALIZE?UART
  +--> ?PR?COM_BAUDRATE?UART
  +--> ?PR?INICIA_BOARD?MAIN
  +--> ?PR?TIME_BIT?TIBBO
  +--> ?PR?TIME_MBIT?TIBBO
  +--> ?PR?_TX_AUX?TIBBO
  +--> ?PR?SEL_FUNCION?IO_SENSORES
  +--> ?PR?MENU?PROG
  +--> ?PR?VARIABLE_INICIO?MAIN
  +--> ?PR?_RECIBE_CMD_MONITOR?MONITOR
  +--> ?PR?DEBUG_DIVIDIR_TEXTO?TIBBO
  +--> ?PR?_VALIDA_TRAMA_MONITOR?MONITOR
  +--> ?PR?_DEBUGBUFFERMF?TIBBO
  +--> ?PR?_DEBUG_TXT_TIBBO?TIBBO
BL51 BANKED LINKER/LOCATER V6.22.2.0                                                  10/07/2021  16:30:37  PAGE 6


  +--> ?PR?LEE_TICKET?VERPRINT
  +--> ?PR?_RECIBE_PORT?PTO_PARALELO
  +--> ?CO?MAIN
  +--> ?PR?_DEBUG_CHR_TIBBO?TIBBO
  +--> ?PR?_VALIDA_TRAMA_PTO?ACCESCAN
  +--> ?PR?MSJ_LCD_INFORMATIVO?IO_SENSORES

?PR?COM_INITIALIZE?UART                          -----    -----      -----    -----      -----    -----
  +--> ?PR?COM_BAUDRATE?UART

?PR?INICIA_BOARD?MAIN                            -----    -----      -----    -----      -----    -----
  +--> ?PR?COND_INI_TIBBO?TIBBO
  +--> ?PR?COND_INI_CLOCK?CLOCK
  +--> ?PR?COND_INI_PTO?PTO_PARALELO

?PR?_TX_AUX?TIBBO                                -----    -----      -----    -----      -----    -----
  +--> ?PR?TIME_BIT?TIBBO

?PR?MENU?PROG                                    -----    -----      -----    -----      000EH    0031H
  +--> ?CO?PROG
  +--> ?PR?PRINTF?PRINTF
  +--> ?PR?CLEAR_BUFFER?UART
  +--> ?PR?_INGRESADATO?PROG
  +--> ?PR?_GETCMD?PROG
  +--> ?PR?_VALIDARCLAVE?PROG
  +--> ?PR?DISPLAYCURSOR?PROG
  +--> ?PR?_STRLEN?STRLEN
  +--> ?PR?_GETOPTION?PROG
  +--> ?PR?_STRCAT?STRCAT
  +--> ?PR?_LISTACOMANDOS?PROG
  +--> ?PR?PROG_ID_CLIENTE?PROG
  +--> ?PR?PROG_COD_PARK?PROG
  +--> ?PR?PROG_TIEMPO_GRACIA?PROG
  +--> ?PR?PROG_SIN_COBRO?PROG
  +--> ?PR?PROG_DEBUG?PROG
  +--> ?PR?PROG_USE_LPR?PROG
  +--> ?PR?TIPO_PANTALLA?PROG
  +--> ?PR?PROG_COMPARACION_ACTIVA?PROG
  +--> ?PR?PROG_QR_BARRAS?PROG
  +--> ?PR?PROG_CLIENTE?PROG
  +--> ?PR?PROG_NIT?PROG
  +--> ?PR?PROG_NOM_PARQ?PROG
  +--> ?PR?PROG_DIRECCION?PROG
  +--> ?PR?PROG_MSJ1?PROG
  +--> ?PR?PROG_MSJ2?PROG
  +--> ?PR?PROG_MSJ3?PROG
  +--> ?PR?PROG_MSJ4?PROG
  +--> ?PR?PROG_MSJ5?PROG
  +--> ?PR?PROG_MSJ6?PROG
  +--> ?PR?PROG_MSJ7?PROG
  +--> ?PR?SHOW?PROG

?PR?PRINTF?PRINTF                                0020H.0  0001H.1    000DH    0005H      0081H    0030H
  +--> ?PR?_PUTCHAR?MAIN

?PR?_PUTCHAR?MAIN                                -----    -----      -----    -----      00B1H    0003H
  +--> ?PR?_COM_PUTCHAR?UART
BL51 BANKED LINKER/LOCATER V6.22.2.0                                                  10/07/2021  16:30:37  PAGE 7



?PR?_COM_PUTCHAR?UART                            -----    -----      -----    -----      00B4H    0001H
  +--> ?PR?COM_TBUFLEN?UART

?PR?_INGRESADATO?PROG                            -----    -----      -----    -----      007DH    0004H
  +--> ?PR?_GETKEY?MAIN
  +--> ?CO?PROG
  +--> ?PR?PRINTF?PRINTF
  +--> ?PR?_PUTCHAR?MAIN

?PR?_GETKEY?MAIN                                 -----    -----      -----    -----      -----    -----
  +--> ?PR?COM_GETCHAR?UART

?PR?COM_GETCHAR?UART                             -----    -----      -----    -----      -----    -----
  +--> ?PR?COM_RBUFLEN?UART

?PR?_GETCMD?PROG                                 -----    -----      -----    -----      003FH    0007H
  +--> ?CO?PROG
  +--> ?PR?_STRTOK?STRTOK

?PR?_STRTOK?STRTOK                               -----    -----      -----    -----      004AH    0006H
  +--> ?PR?_STRSPN?STRSPN
  +--> ?PR?_STRPBRK?STRPBRK

?PR?_STRSPN?STRSPN                               -----    -----      -----    -----      0050H    0008H

?PR?_STRPBRK?STRPBRK                             -----    -----      -----    -----      0050H    0009H

?PR?_VALIDARCLAVE?PROG                           -----    -----      -----    -----      003FH    000AH

?PR?DISPLAYCURSOR?PROG                           -----    -----      -----    -----      -----    -----
  +--> ?CO?PROG
  +--> ?PR?PRINTF?PRINTF

?PR?_GETOPTION?PROG                              -----    -----      -----    -----      003FH    000BH
  +--> ?CO?PROG
  +--> ?PR?_STRTOK?STRTOK

?PR?_STRCAT?STRCAT                               -----    -----      -----    -----      0062H    0009H

?PR?_LISTACOMANDOS?PROG                          -----    -----      -----    -----      003FH    0007H

?PR?PROG_ID_CLIENTE?PROG                         -----    -----      -----    -----      003FH    000CH
  +--> ?PR?_RD_EEPROM?EEPROM
  +--> ?CO?PROG
  +--> ?PR?PRINTF?PRINTF
  +--> ?PR?_INGRESADATO?PROG
  +--> ?PR?_ATOI?ATOI
  +--> ?PR?_WR_EEPROM?EEPROM

?PR?_RD_EEPROM?EEPROM                            -----    -----      -----    -----      -----    -----
  +--> ?PR?START?EEPROM
  +--> ?PR?ACK_LECT?EEPROM
  +--> ?PR?_E_D_M?EEPROM
  +--> ?PR?ACKD?EEPROM
  +--> ?PR?L_D_M?EEPROM
  +--> ?PR?STOP?EEPROM
BL51 BANKED LINKER/LOCATER V6.22.2.0                                                  10/07/2021  16:30:37  PAGE 8



?PR?ACK_LECT?EEPROM                              -----    -----      -----    -----      -----    -----
  +--> ?PR?_E_D_M?EEPROM

?PR?_E_D_M?EEPROM                                -----    -----      -----    -----      -----    -----
  +--> ?PR?P_ME?EEPROM

?PR?ACKD?EEPROM                                  -----    -----      -----    -----      -----    -----
  +--> ?PR?_E_D_M?EEPROM

?PR?_ATOI?ATOI                                   0020H.0  0000H.1    -----    -----      004BH    0005H
  +--> ?PR?_ISSPACE?ISSPACE
  +--> ?PR?_ISDIGIT?ISDIGIT

?PR?_WR_EEPROM?EEPROM                            -----    -----      -----    -----      -----    -----
  +--> ?PR?START?EEPROM
  +--> ?PR?ACKD?EEPROM
  +--> ?PR?_E_D_M?EEPROM
  +--> ?PR?STOP?EEPROM
  +--> ?PR?_DELAY_1MS?DELAY
  +--> ?PR?_DELAY_20US?DELAY

?PR?_DELAY_1MS?DELAY                             -----    -----      -----    -----      -----    -----
  +--> ?PR?_DELAY_20US?DELAY

?PR?PROG_COD_PARK?PROG                           -----    -----      -----    -----      003FH    000CH
  +--> ?PR?_RD_EEPROM?EEPROM
  +--> ?CO?PROG
  +--> ?PR?PRINTF?PRINTF
  +--> ?PR?_INGRESADATO?PROG
  +--> ?PR?_ATOI?ATOI
  +--> ?PR?_WR_EEPROM?EEPROM

?PR?PROG_TIEMPO_GRACIA?PROG                      -----    -----      -----    -----      003FH    000CH
  +--> ?PR?_RD_EEPROM?EEPROM
  +--> ?CO?PROG
  +--> ?PR?PRINTF?PRINTF
  +--> ?PR?_INGRESADATO?PROG
  +--> ?PR?_ATOI?ATOI
  +--> ?PR?_WR_EEPROM?EEPROM

?PR?PROG_SIN_COBRO?PROG                          -----    -----      -----    -----      003FH    000CH
  +--> ?PR?_RD_EEPROM?EEPROM
  +--> ?CO?PROG
  +--> ?PR?PRINTF?PRINTF
  +--> ?PR?_INGRESADATO?PROG
  +--> ?PR?_ATOI?ATOI
  +--> ?PR?_WR_EEPROM?EEPROM

?PR?PROG_DEBUG?PROG                              -----    -----      -----    -----      003FH    000CH
  +--> ?PR?_RD_EEPROM?EEPROM
  +--> ?CO?PROG
  +--> ?PR?PRINTF?PRINTF
  +--> ?PR?_INGRESADATO?PROG
  +--> ?PR?_ATOI?ATOI
  +--> ?PR?_WR_EEPROM?EEPROM

BL51 BANKED LINKER/LOCATER V6.22.2.0                                                  10/07/2021  16:30:37  PAGE 9


?PR?PROG_USE_LPR?PROG                            -----    -----      -----    -----      003FH    000CH
  +--> ?PR?_RD_EEPROM?EEPROM
  +--> ?CO?PROG
  +--> ?PR?PRINTF?PRINTF
  +--> ?PR?_INGRESADATO?PROG
  +--> ?PR?_ATOI?ATOI
  +--> ?PR?_WR_EEPROM?EEPROM

?PR?TIPO_PANTALLA?PROG                           -----    -----      -----    -----      003FH    000CH
  +--> ?PR?_RD_EEPROM?EEPROM
  +--> ?CO?PROG
  +--> ?PR?PRINTF?PRINTF
  +--> ?PR?_INGRESADATO?PROG
  +--> ?PR?_ATOI?ATOI
  +--> ?PR?_WR_EEPROM?EEPROM

?PR?PROG_COMPARACION_ACTIVA?PROG                 -----    -----      -----    -----      003FH    000CH
  +--> ?PR?_RD_EEPROM?EEPROM
  +--> ?CO?PROG
  +--> ?PR?PRINTF?PRINTF
  +--> ?PR?_INGRESADATO?PROG
  +--> ?PR?_ATOI?ATOI
  +--> ?PR?_WR_EEPROM?EEPROM

?PR?PROG_QR_BARRAS?PROG                          -----    -----      -----    -----      003FH    000CH
  +--> ?PR?_RD_EEPROM?EEPROM
  +--> ?CO?PROG
  +--> ?PR?PRINTF?PRINTF
  +--> ?PR?_INGRESADATO?PROG
  +--> ?PR?_ATOI?ATOI
  +--> ?PR?_WR_EEPROM?EEPROM

?PR?PROG_CLIENTE?PROG                            -----    -----      -----    -----      003FH    0030H
  +--> ?CO?PROG
  +--> ?PR?PRINTF?PRINTF
  +--> ?PR?_INGRESADATO?PROG
  +--> ?PR?_ESCRIBIRMEMORIA?EEPROM
  +--> ?PR?_LEERMEMORIA?EEPROM

?PR?_ESCRIBIRMEMORIA?EEPROM                      -----    -----      -----    -----      007DH    0006H
  +--> ?PR?_WR_EEPROM?EEPROM

?PR?_LEERMEMORIA?EEPROM                          -----    -----      -----    -----      007DH    0005H
  +--> ?PR?_RD_EEPROM?EEPROM

?PR?PROG_NIT?PROG                                -----    -----      -----    -----      003FH    0010H
  +--> ?CO?PROG
  +--> ?PR?PRINTF?PRINTF
  +--> ?PR?_INGRESADATO?PROG
  +--> ?PR?_ESCRIBIRMEMORIA?EEPROM
  +--> ?PR?_LEERMEMORIA?EEPROM

?PR?PROG_NOM_PARQ?PROG                           -----    -----      -----    -----      003FH    0030H
  +--> ?CO?PROG
  +--> ?PR?PRINTF?PRINTF
  +--> ?PR?_INGRESADATO?PROG
  +--> ?PR?_ESCRIBIRMEMORIA?EEPROM
BL51 BANKED LINKER/LOCATER V6.22.2.0                                                  10/07/2021  16:30:37  PAGE 10


  +--> ?PR?_LEERMEMORIA?EEPROM

?PR?PROG_DIRECCION?PROG                          -----    -----      -----    -----      003FH    0030H
  +--> ?CO?PROG
  +--> ?PR?PRINTF?PRINTF
  +--> ?PR?_INGRESADATO?PROG
  +--> ?PR?_ESCRIBIRMEMORIA?EEPROM
  +--> ?PR?_LEERMEMORIA?EEPROM

?PR?PROG_MSJ1?PROG                               -----    -----      -----    -----      003FH    003EH
  +--> ?CO?PROG
  +--> ?PR?PRINTF?PRINTF
  +--> ?PR?_INGRESADATO?PROG
  +--> ?PR?_ESCRIBIRMEMORIA?EEPROM
  +--> ?PR?_LEERMEMORIA?EEPROM

?PR?PROG_MSJ2?PROG                               -----    -----      -----    -----      003FH    003EH
  +--> ?CO?PROG
  +--> ?PR?PRINTF?PRINTF
  +--> ?PR?_INGRESADATO?PROG
  +--> ?PR?_ESCRIBIRMEMORIA?EEPROM
  +--> ?PR?_LEERMEMORIA?EEPROM

?PR?PROG_MSJ3?PROG                               -----    -----      -----    -----      003FH    003EH
  +--> ?CO?PROG
  +--> ?PR?PRINTF?PRINTF
  +--> ?PR?_INGRESADATO?PROG
  +--> ?PR?_ESCRIBIRMEMORIA?EEPROM
  +--> ?PR?_LEERMEMORIA?EEPROM

?PR?PROG_MSJ4?PROG                               -----    -----      -----    -----      003FH    003EH
  +--> ?CO?PROG
  +--> ?PR?PRINTF?PRINTF
  +--> ?PR?_INGRESADATO?PROG
  +--> ?PR?_ESCRIBIRMEMORIA?EEPROM
  +--> ?PR?_LEERMEMORIA?EEPROM

?PR?PROG_MSJ5?PROG                               -----    -----      -----    -----      003FH    003EH
  +--> ?CO?PROG
  +--> ?PR?PRINTF?PRINTF
  +--> ?PR?_INGRESADATO?PROG
  +--> ?PR?_ESCRIBIRMEMORIA?EEPROM
  +--> ?PR?_LEERMEMORIA?EEPROM

?PR?PROG_MSJ6?PROG                               -----    -----      -----    -----      003FH    003EH
  +--> ?CO?PROG
  +--> ?PR?PRINTF?PRINTF
  +--> ?PR?_INGRESADATO?PROG
  +--> ?PR?_ESCRIBIRMEMORIA?EEPROM
  +--> ?PR?_LEERMEMORIA?EEPROM

?PR?PROG_MSJ7?PROG                               -----    -----      -----    -----      003FH    003EH
  +--> ?CO?PROG
  +--> ?PR?PRINTF?PRINTF
  +--> ?PR?_INGRESADATO?PROG
  +--> ?PR?_ESCRIBIRMEMORIA?EEPROM
  +--> ?PR?_LEERMEMORIA?EEPROM
BL51 BANKED LINKER/LOCATER V6.22.2.0                                                  10/07/2021  16:30:37  PAGE 11



?PR?SHOW?PROG                                    -----    -----      -----    -----      -----    -----
  +--> ?CO?PROG
  +--> ?PR?PRINTF?PRINTF

?PR?VARIABLE_INICIO?MAIN                         -----    -----      -----    -----      -----    -----
  +--> ?PR?_RD_EEPROM?EEPROM

?PR?_RECIBE_CMD_MONITOR?MONITOR                  -----    -----      -----    -----      000EH    0006H
  +--> ?PR?RX_DATA?TIBBO

?PR?RX_DATA?TIBBO                                -----    -----      -----    -----      -----    -----
  +--> ?PR?TIME_MBIT?TIBBO
  +--> ?PR?TIME_BIT?TIBBO

?PR?DEBUG_DIVIDIR_TEXTO?TIBBO                    -----    -----      -----    -----      -----    -----
  +--> ?CO?TIBBO
  +--> ?PR?_DEBUG_TXT_TIBBO?TIBBO

?PR?_DEBUG_TXT_TIBBO?TIBBO                       -----    -----      -----    -----      0043H    0004H
  +--> ?PR?_TX_AUX?TIBBO

?PR?_VALIDA_TRAMA_MONITOR?MONITOR                -----    -----      -----    -----      000EH    0003H

?PR?_DEBUGBUFFERMF?TIBBO                         -----    -----      -----    -----      003DH    0006H
  +--> ?CO?TIBBO
  +--> ?PR?_DEBUG_TXT_TIBBO?TIBBO
  +--> ?PR?_DEBUG_CHR_TIBBO?TIBBO
  +--> ?PR?_TX_AUX?TIBBO

?PR?_DEBUG_CHR_TIBBO?TIBBO                       -----    -----      -----    -----      -----    -----
  +--> ?PR?_TX_AUX?TIBBO

?PR?LEE_TICKET?VERPRINT                          -----    -----      -----    -----      000EH    0006H
  +--> ?PR?VALIDASENSORESPASO?IO_SENSORES
  +--> ?CO?VERPRINT
  +--> ?PR?_DEBUG_TXT_TIBBO?TIBBO
  +--> ?PR?_PANTALLALCD?PANTALLAS
  +--> ?PR?_SEND_PORTERR?PTO_PARALELO
  +--> ?PR?_STRLEN?STRLEN
  +--> ?PR?CLEAR_BUFFER?UART
  +--> ?PR?_TRAMA_PRINT_COD_BARRAS?PTO_PARALELO
  +--> ?PR?_CMD_LPR_SALIDA_PRINT?MONITOR
  +--> ?PR?_NUM_NUM?VERPRINT
  +--> ?PR?_NUM_CHAR?VERPRINT
  +--> ?PR?_STRSTR?STRSTR
  +--> ?PR?_DEBUG_CHR_TIBBO?TIBBO
  +--> ?PR?_STRNCPY?STRNCPY

?PR?VALIDASENSORESPASO?IO_SENSORES               -----    -----      -----    -----      -----    -----
  +--> ?PR?SEL_SENSOR2?IO_SENSORES
  +--> ?PR?VALIDASENSOR?IO_SENSORES
  +--> ?PR?SEL_SENSOR1?IO_SENSORES
  +--> ?PR?SEL_AUTO?IO_SENSORES
  +--> ?CO?IO_SENSORES
  +--> ?PR?_DEBUG_TXT_TIBBO?TIBBO

BL51 BANKED LINKER/LOCATER V6.22.2.0                                                  10/07/2021  16:30:37  PAGE 12


?PR?_PANTALLALCD?PANTALLAS                       -----    -----      -----    -----      001DH    0045H
  +--> ?CO?PANTALLAS
  +--> ?PR?_LCD_TXT?PANTALLAS
  +--> ?PR?_STRLEN?STRLEN
  +--> ?PR?_TX_CHRLCD?PANTALLAS
  +--> ?PR?_SERIE_ASCII_SICEROS_L?NUM_SERIE
  +--> ?PR?_STRCAT?STRCAT
  +--> ?PR?_LCD_TXT_NUM_CHAR?PANTALLAS
  +--> ?PR?_RASPBERRY_DATA?PANTALLAS

?PR?_LCD_TXT?PANTALLAS                           -----    -----      -----    -----      0062H    0005H
  +--> ?PR?_TX_CHRLCD?PANTALLAS

?PR?_TX_CHRLCD?PANTALLAS                         -----    -----      -----    -----      0068H    0002H
  +--> ?PR?_PUTCHAR?MAIN

?PR?_SERIE_ASCII_SICEROS_L?NUM_SERIE             -----    -----      -----    -----      0062H    0003H
  +--> ?PR?LEER_SERIE?NUM_SERIE
  +--> ?CO?NUM_SERIE
  +--> ?PR?PRINTF?PRINTF
  +--> ?PR?_CEROS_IZQ?NUM_SERIE

?PR?LEER_SERIE?NUM_SERIE                         -----    -----      -----    -----      0065H    000EH
  +--> ?PR?_LEERMEMORIA?EEPROM
  +--> ?PR?_ATOL?ATOL

?PR?_ATOL?ATOL                                   0020H.0  0000H.1    -----    -----      0073H    0007H
  +--> ?PR?_ISSPACE?ISSPACE
  +--> ?PR?_ISDIGIT?ISDIGIT

?PR?_CEROS_IZQ?NUM_SERIE                         -----    -----      -----    -----      0065H    0002H

?PR?_LCD_TXT_NUM_CHAR?PANTALLAS                  -----    -----      -----    -----      0062H    0006H
  +--> ?PR?_TX_CHRLCD?PANTALLAS

?PR?_RASPBERRY_DATA?PANTALLAS                    -----    -----      -----    -----      0062H    0006H
  +--> ?PR?_STRLEN?STRLEN
  +--> ?PR?_PUTCHAR?MAIN

?PR?_SEND_PORTERR?PTO_PARALELO                   -----    -----      -----    -----      001DH    0006H
  +--> ?PR?PULSO_BUS?PTO_PARALELO
  +--> ?PR?_DELAY_20US?DELAY

?PR?PULSO_BUS?PTO_PARALELO                       -----    -----      -----    -----      -----    -----
  +--> ?PR?_DELAY_20US?DELAY

?PR?_TRAMA_PRINT_COD_BARRAS?PTO_PARALELO         -----    -----      -----    -----      0014H    0029H
  +--> ?PR?_STRLEN?STRLEN
  +--> ?PR?_STRNCAT?STRNCAT
  +--> ?CO?PTO_PARALELO
  +--> ?PR?_STRCAT?STRCAT
  +--> ?PR?_LEE_CLK?CLOCK
  +--> ?PR?_BCD_HEX?CLOCK
  +--> ?PR?_SEND_PORT?PTO_PARALELO
  +--> ?PR?DEBUG_DIVIDIR_TEXTO?TIBBO
  +--> ?PR?_DEBUGBUFFERMF?TIBBO

BL51 BANKED LINKER/LOCATER V6.22.2.0                                                  10/07/2021  16:30:37  PAGE 13


?PR?_STRNCAT?STRNCAT                             -----    -----      -----    -----      003DH    000AH

?PR?_LEE_CLK?CLOCK                               -----    -----      -----    -----      0042H    0003H
  +--> ?PR?_DELAY_20US?DELAY
  +--> ?PR?_EB_CLK?CLOCK
  +--> ?PR?P_CK?CLOCK

?PR?_EB_CLK?CLOCK                                -----    -----      -----    -----      0045H    0003H
  +--> ?PR?P_CK?CLOCK

?PR?P_CK?CLOCK                                   -----    -----      -----    -----      -----    -----
  +--> ?PR?DELAY?DELAY

?PR?_SEND_PORT?PTO_PARALELO                      -----    -----      -----    -----      003DH    000AH
  +--> ?PR?PULSO_BUS?PTO_PARALELO
  +--> ?PR?_DELAY_20US?DELAY

?PR?_CMD_LPR_SALIDA_PRINT?MONITOR                -----    -----      -----    -----      0014H    0027H
  +--> ?PR?DIR_BOARD?IO_SENSORES
  +--> ?PR?_STRCAT?STRCAT
  +--> ?PR?_STRLEN?STRLEN
  +--> ?PR?_BLOCK_READ_CLOCK_ASCII?CLOCK
  +--> ?PR?_MONITOR_CHR?MONITOR

?PR?DIR_BOARD?IO_SENSORES                        -----    -----      -----    -----      -----    -----
  +--> ?PR?SEL_DIR1?IO_SENSORES
  +--> ?PR?SEL_DIR2?IO_SENSORES

?PR?_BLOCK_READ_CLOCK_ASCII?CLOCK                -----    -----      -----    -----      003FH    0003H
  +--> ?PR?_LEE_CLK?CLOCK

?PR?_MONITOR_CHR?MONITOR                         -----    -----      -----    -----      003FH    0005H
  +--> ?PR?_TX_AUX?TIBBO

?PR?_STRSTR?STRSTR                               -----    -----      -----    -----      0014H    000CH

?PR?_STRNCPY?STRNCPY                             -----    -----      -----    -----      0014H    000AH

?PR?_RECIBE_PORT?PTO_PARALELO                    -----    -----      -----    -----      000EH    0007H
  +--> ?PR?OFF_TIMER0_INTERRUP?MAIN
  +--> ?PR?ON_TIMER0_INTERRUP?MAIN

?PR?_VALIDA_TRAMA_PTO?ACCESCAN                   -----    -----      -----    -----      000EH    000FH
  +--> ?PR?_BLOCK_WRITE_CLOCK_ASCII?CLOCK
  +--> ?PR?RELOJ_PANTALLA_LCD?PANTALLAS
  +--> ?PR?_PANTALLALCD?PANTALLAS
  +--> ?CO?ACCESCAN
  +--> ?PR?_DEBUG_TXT_TIBBO?TIBBO
  +--> ?PR?_SEND_PORTERR?PTO_PARALELO
  +--> ?PR?_BYTEHEX_DECIMAL?CLOCK
  +--> ?PR?_TWO_BYTEHEX_DECIMAL?CLOCK
  +--> ?PR?_PANTALLALCD_LINEA_2?PANTALLAS
  +--> ?PR?VALIDASENSORESPASO?IO_SENSORES
  +--> ?PR?_CMD_LPR_SALIDA_WIEGAND?MONITOR
  +--> ?PR?_GRABA_SERIE_ASCII_HEX?NUM_SERIE
  +--> ?PR?_DEBUGBUFFERMF?TIBBO

BL51 BANKED LINKER/LOCATER V6.22.2.0                                                  10/07/2021  16:30:37  PAGE 14


?PR?_BLOCK_WRITE_CLOCK_ASCII?CLOCK               -----    -----      -----    -----      001DH    0003H
  +--> ?PR?_TWO_ONE?CLOCK
  +--> ?PR?_WR_CLK?CLOCK

?PR?_WR_CLK?CLOCK                                -----    -----      -----    -----      0020H    0002H
  +--> ?PR?_DELAY_20US?DELAY
  +--> ?PR?_EB_CLK?CLOCK

?PR?RELOJ_PANTALLA_LCD?PANTALLAS                 -----    -----      -----    -----      001DH    000DH
  +--> ?CO?PANTALLAS
  +--> ?PR?_BLOCK_READ_CLOCK?CLOCK
  +--> ?PR?_LCD_TXT_NUM_CHAR?PANTALLAS

?PR?_BLOCK_READ_CLOCK?CLOCK                      -----    -----      -----    -----      002AH    0003H
  +--> ?PR?_LEE_CLK?CLOCK

?PR?_BYTEHEX_DECIMAL?CLOCK                       -----    -----      -----    -----      001DH    0001H

?PR?_TWO_BYTEHEX_DECIMAL?CLOCK                   -----    -----      -----    -----      001DH    000CH
  +--> ?PR?_POW?POW

?PR?_POW?POW                                     -----    -----      -----    -----      0029H    000AH
  +--> ?PR?LOG?LOG
  +--> ?PR?EXP?EXP

?PR?LOG?LOG                                      0020H.0  0000H.1    -----    -----      0033H    0004H

?PR?_PANTALLALCD_LINEA_2?PANTALLAS               -----    -----      -----    -----      001DH    000BH
  +--> ?CO?PANTALLAS
  +--> ?PR?_LCD_TXT?PANTALLAS
  +--> ?PR?_STRLEN?STRLEN
  +--> ?PR?_TX_CHRLCD?PANTALLAS

?PR?_CMD_LPR_SALIDA_WIEGAND?MONITOR              -----    -----      -----    -----      001DH    0022H
  +--> ?PR?DIR_BOARD?IO_SENSORES
  +--> ?PR?_BLOCK_READ_CLOCK_ASCII?CLOCK
  +--> ?PR?_MONITOR_CHR?MONITOR

?PR?_GRABA_SERIE_ASCII_HEX?NUM_SERIE             -----    -----      -----    -----      -----    -----
  +--> ?PR?_ESCRIBIRMEMORIA?EEPROM

?PR?MSJ_LCD_INFORMATIVO?IO_SENSORES              -----    -----      -----    -----      000EH    0002H
  +--> ?PR?SEL_FUNCION?IO_SENSORES
  +--> ?PR?LOAD_AND_SEND_INFO_RELOJ?PTO_PARA...
  +--> ?PR?LOAD_AND_SEND_ID_COD?PTO_PARALELO
  +--> ?PR?_RD_EEPROM?EEPROM
  +--> ?PR?_SEND_PORTERR?PTO_PARALELO

?PR?LOAD_AND_SEND_INFO_RELOJ?PTO_PARA...         -----    -----      -----    -----      0010H    000BH
  +--> ?PR?_BLOCK_READ_CLOCK?CLOCK
  +--> ?PR?_LEE_CLK?CLOCK
  +--> ?PR?_SEND_PORT?PTO_PARALELO

?PR?LOAD_AND_SEND_ID_COD?PTO_PARALELO            -----    -----      -----    -----      0010H    0011H
  +--> ?CO?PTO_PARALELO
  +--> ?PR?PRINTF?PRINTF
  +--> ?PR?_SEND_PORT?PTO_PARALELO
BL51 BANKED LINKER/LOCATER V6.22.2.0                                                  10/07/2021  16:30:37  PAGE 15





SYMBOL TABLE OF MODULE:  .\Objects\VRFCDOR_PRINT_100 (MAIN)

  VALUE           TYPE          NAME
  ----------------------------------

  -------         MODULE        MAIN
  C:0000H         SYMBOL        _ICE_DUMMY_
  D:0080H         PUBLIC        P0
  D:0090H         PUBLIC        P1
  C:5E37H         PUBLIC        timer0_int
  D:00B0H         PUBLIC        P3
  X:013CH         PUBLIC        placa
  B:00A8H.7       PUBLIC        EA
  C:5FC4H         PUBLIC        off_Timer0_Interrup
  X:0145H         PUBLIC        ValTimeOutCom
  X:0146H         PUBLIC        Timer_wait
  X:0147H         PUBLIC        g_cContByteRx
  B:0080H.0       PUBLIC        rx_ip
  B:0080H.3       PUBLIC        Atascado
  C:3DEAH         PUBLIC        main
  C:4B78H         PUBLIC        variable_inicio
  B:0090H.7       PUBLIC        lock
  I:0022H         PUBLIC        rbuf
  C:5FB6H         PUBLIC        on_Timer0_Interrup
  I:00A2H         PUBLIC        tbuf
  B:0090H.1       PUBLIC        DataIn
  D:0089H         PUBLIC        TMOD
  X:0148H         PUBLIC        USE_LPR
  X:0149H         PUBLIC        Debug_Tibbo
  X:014AH         PUBLIC        Raspberry
  X:014BH         PUBLIC        QR_BARRAS
  X:014CH         PUBLIC        SIN_COBRO
  X:014EH         PUBLIC        Tipo_Vehiculo
  B:00B0H.3       PUBLIC        busy
  C:5EFAH         PUBLIC        ini_timer
  B:00A8H.1       PUBLIC        ET0
  B:0088H.5       PUBLIC        TF0
  X:014FH         PUBLIC        COMPARACION_ACTIVA
  X:0150H         PUBLIC        g_cEstadoImpresion
  D:008CH         PUBLIC        TH0
  X:0151H         PUBLIC        ACK
  X:0152H         PUBLIC        g_cEstadoComSoft
  D:008AH         PUBLIC        TL0
  B:0088H.4       PUBLIC        TR0
  C:5F0AH         PUBLIC        inicia_board
  X:0153H         PUBLIC        T_GRACIA
  X:0155H         PUBLIC        COD_PARK
  B:0080H.7       PUBLIC        sel_com
  X:0157H         PUBLIC        STX_LINTECH
  C:5F57H         PUBLIC        _getkey
  X:0158H         PUBLIC        ETX
  X:0159H         PUBLIC        ID_CLIENTE
  X:015BH         PUBLIC        buffer_ready
  C:59E3H         PUBLIC        _putchar
BL51 BANKED LINKER/LOCATER V6.22.2.0                                                  10/07/2021  16:30:37  PAGE 16


  B:0021H.1       PUBLIC        placa_ready
  -------         PROC          TIMER0_INT
  C:5E37H         LINE#         13
  C:5E3DH         LINE#         16
  C:5E43H         LINE#         17
  C:5E47H         LINE#         18
  C:5E49H         LINE#         20
  -------         ENDPROC       TIMER0_INT
  -------         PROC          INI_TIMER
  C:5EFAH         LINE#         23
  C:5EFAH         LINE#         24
  C:5EFAH         LINE#         26
  C:5F02H         LINE#         28
  C:5F05H         LINE#         29
  C:5F07H         LINE#         30
  C:5F09H         LINE#         32
  -------         ENDPROC       INI_TIMER
  -------         PROC          ON_TIMER0_INTERRUP
  C:5FB6H         LINE#         35
  C:5FB6H         LINE#         36
  C:5FB6H         LINE#         37
  C:5FB8H         LINE#         38
  C:5FBAH         LINE#         40
  -------         ENDPROC       ON_TIMER0_INTERRUP
  -------         PROC          OFF_TIMER0_INTERRUP
  C:5FC4H         LINE#         43
  C:5FC4H         LINE#         44
  C:5FC4H         LINE#         45
  C:5FC6H         LINE#         47
  -------         ENDPROC       OFF_TIMER0_INTERRUP
  -------         PROC          _GETKEY
  -------         DO            
  D:0006H         SYMBOL        k
  -------         ENDDO         
  C:5F57H         LINE#         55
  C:5F57H         LINE#         56
  C:5F57H         LINE#         60
  C:5F57H         LINE#         61
  C:5F5AH         LINE#         62
  C:5F5AH         LINE#         63
  C:5F62H         LINE#         65
  C:5F62H         LINE#         66
  -------         ENDPROC       _GETKEY
  -------         PROC          _PUTCHAR
  X:00B1H         SYMBOL        c
  -------         DO            
  X:00B2H         SYMBOL        i
  -------         ENDDO         
  C:59E3H         LINE#         70
  C:59E8H         LINE#         71
  C:59E8H         LINE#         74
  C:59F7H         LINE#         75
  C:59F7H         LINE#         76
  C:5A0DH         LINE#         77
  C:5A0DH         LINE#         79
  C:5A1BH         LINE#         80
  C:5A1BH         LINE#         82
BL51 BANKED LINKER/LOCATER V6.22.2.0                                                  10/07/2021  16:30:37  PAGE 17


  C:5A20H         LINE#         83
  -------         ENDPROC       _PUTCHAR
  -------         PROC          INICIA_BOARD
  C:5F0AH         LINE#         101
  C:5F0AH         LINE#         102
  C:5F0AH         LINE#         103
  C:5F0DH         LINE#         104
  C:5F10H         LINE#         105
  C:5F13H         LINE#         106
  C:5F15H         LINE#         107
  C:5F17H         LINE#         108
  C:5F19H         LINE#         110
  -------         ENDPROC       INICIA_BOARD
  -------         PROC          VARIABLE_INICIO
  C:4B78H         LINE#         114
  C:4B78H         LINE#         115
  C:4B78H         LINE#         117
  C:4B88H         LINE#         118
  C:4B99H         LINE#         119
  C:4BAAH         LINE#         120
  C:4BBBH         LINE#         121
  C:4BC9H         LINE#         122
  C:4BD7H         LINE#         123
  C:4BE5H         LINE#         124
  C:4BF3H         LINE#         125
  C:4C01H         LINE#         126
  -------         ENDPROC       VARIABLE_INICIO
  -------         PROC          MAIN
  -------         DO            
  X:0114H         SYMBOL        buffer
  X:0000H         SYMBOL        buffer1
  X:000DH         SYMBOL        Length_trama
  -------         ENDDO         
  C:3DEAH         LINE#         134
  C:3DEAH         LINE#         135
  C:3DEAH         LINE#         142
  C:3DEDH         LINE#         143
  C:3DF0H         LINE#         144
  C:3DF3H         LINE#         145
  C:3DF6H         LINE#         146
  C:3DF9H         LINE#         147
  C:3DFBH         LINE#         149
  C:3DFEH         LINE#         151
  C:3E01H         LINE#         152
  C:3E06H         LINE#         154
  C:3E09H         LINE#         155
  C:3E0CH         LINE#         156
  C:3E0CH         LINE#         157
  C:3E0FH         LINE#         158
  C:3E0FH         LINE#         159
  C:3E12H         LINE#         161
  C:3E18H         LINE#         163
  C:3E18H         LINE#         164
  C:3E18H         LINE#         167
  C:3E1BH         LINE#         168
  C:3E1BH         LINE#         170
  C:3E29H         LINE#         171
BL51 BANKED LINKER/LOCATER V6.22.2.0                                                  10/07/2021  16:30:37  PAGE 18


  C:3E2CH         LINE#         172
  C:3E3AH         LINE#         173
  C:3E4EH         LINE#         174
  C:3E57H         LINE#         175
  C:3E5AH         LINE#         176
  C:3E5AH         LINE#         178
  C:3E5DH         LINE#         184
  C:3E60H         LINE#         185
  C:3E60H         LINE#         187
  C:3E6EH         LINE#         190
  C:3E77H         LINE#         191
  C:3E8BH         LINE#         192
  C:3E94H         LINE#         193
  C:3E9DH         LINE#         194
  C:3EA5H         LINE#         195
  C:3EAEH         LINE#         198
  C:3EBCH         LINE#         200
  C:3EBCH         LINE#         201
  C:3EBFH         LINE#         204
  -------         ENDPROC       MAIN
  -------         ENDMOD        MAIN

  -------         MODULE        CLOCK
  C:0000H         SYMBOL        _ICE_DUMMY_
  C:58D7H         PUBLIC        _two_one
  D:0090H         PUBLIC        P1
  C:5C3FH         PUBLIC        _wr_clk
  B:00D0H.7       PUBLIC        CY
  C:0003H         PUBLIC        p_ck
  X:016DH         PUBLIC        data_clk
  C:5F7FH         PUBLIC        cond_ini_clock
  C:4123H         PUBLIC        _Block_read_Clock
  B:0090H.4       PUBLIC        sck
  C:2AAEH         PUBLIC        _Block_read_clock_ascii
  C:5DC8H         PUBLIC        _bcd_hex
  C:53DCH         PUBLIC        _ByteHex_Decimal
  C:4947H         PUBLIC        _lee_clk
  B:0090H.5       PUBLIC        io
  C:4A5DH         PUBLIC        _Block_write_clock_ascii
  B:0090H.6       PUBLIC        rst
  C:5965H         PUBLIC        _eb_clk
  C:232EH         PUBLIC        _Two_ByteHex_Decimal
  -------         PROC          P_CK
  C:0003H         LINE#         37
  C:0003H         LINE#         38
  C:0003H         LINE#         39
  C:0005H         LINE#         40
  C:0008H         LINE#         41
  C:000AH         LINE#         42
  -------         ENDPROC       P_CK
  -------         PROC          _EB_CLK
  X:0045H         SYMBOL        dir_clk
  -------         DO            
  X:0046H         SYMBOL        nbits
  -------         ENDDO         
  C:5965H         LINE#         44
  C:596AH         LINE#         46
BL51 BANKED LINKER/LOCATER V6.22.2.0                                                  10/07/2021  16:30:37  PAGE 19


  C:596FH         LINE#         47
  C:596FH         LINE#         48
  C:5978H         LINE#         49
  C:597BH         LINE#         50
  C:597BH         LINE#         51
  C:597DH         LINE#         52
  C:597FH         LINE#         54
  C:597FH         LINE#         55
  C:5981H         LINE#         56
  C:5981H         LINE#         57
  C:5984H         LINE#         58
  C:59A3H         LINE#         59
  -------         ENDPROC       _EB_CLK
  -------         PROC          L?0046
  -------         ENDPROC       L?0046
  -------         PROC          _LEE_CLK
  X:0042H         SYMBOL        dir_clk
  -------         DO            
  X:0043H         SYMBOL        nbits
  -------         ENDDO         
  C:4947H         LINE#         61
  C:494CH         LINE#         63
  C:494EH         LINE#         64
  C:4955H         LINE#         65
  C:495DH         LINE#         66
  C:4976H         LINE#         67
  C:4976H         LINE#         68
  C:4979H         LINE#         69
  C:4979H         LINE#         70
  C:4980H         LINE#         71
  C:498AH         LINE#         72
  C:498FH         LINE#         73
  C:498FH         LINE#         74
  C:498FH         LINE#         75
  C:4992H         LINE#         76
  C:4992H         LINE#         77
  C:4999H         LINE#         78
  C:49AAH         LINE#         79
  C:49AAH         LINE#         80
  C:49B2H         LINE#         81
  C:49B2H         LINE#         82
  C:49B2H         LINE#         83
  C:49B5H         LINE#         84
  C:49C5H         LINE#         85
  C:49C7H         LINE#         86
  C:49CCH         LINE#         87
  -------         ENDPROC       _LEE_CLK
  -------         PROC          _WR_CLK
  X:0020H         SYMBOL        dir_clk
  X:0021H         SYMBOL        byte
  C:5C3FH         LINE#         89
  C:5C47H         LINE#         90
  C:5C49H         LINE#         91
  C:5C50H         LINE#         92
  C:5C58H         LINE#         93
  C:5C61H         LINE#         94
  C:5C64H         LINE#         95
BL51 BANKED LINKER/LOCATER V6.22.2.0                                                  10/07/2021  16:30:37  PAGE 20


  C:5C66H         LINE#         97
  -------         ENDPROC       _WR_CLK
  C:58A3H         SYMBOL        L?0044
  C:58C1H         SYMBOL        L?0045
  -------         PROC          L?0043
  -------         ENDPROC       L?0043
  C:58A3H         SYMBOL        L?0044
  C:58C1H         SYMBOL        L?0045
  -------         PROC          _TWO_ONE
  D:0007H         SYMBOL        byte_h
  D:0005H         SYMBOL        byte_l
  -------         DO            
  D:0007H         SYMBOL        byte_out
  -------         ENDDO         
  C:58D7H         LINE#         99
  C:58D7H         LINE#         100
  C:58D7H         LINE#         102
  C:58DAH         LINE#         103
  C:58DEH         LINE#         104
  C:58E1H         LINE#         105
  C:58E3H         LINE#         106
  C:58E3H         LINE#         107
  -------         ENDPROC       _TWO_ONE
  -------         PROC          _BLOCK_WRITE_CLOCK_ASCII
  X:001DH         SYMBOL        datos_clock
  C:4A5DH         LINE#         112
  C:4A68H         LINE#         114
  C:4A68H         LINE#         118
  C:4A72H         LINE#         119
  C:4A72H         LINE#         120
  C:4A72H         LINE#         121
  C:4A72H         LINE#         123
  C:4A7CH         LINE#         124
  C:4A86H         LINE#         125
  C:4A90H         LINE#         126
  C:4A90H         LINE#         127
  C:4A90H         LINE#         128
  C:4A90H         LINE#         130
  C:4A9AH         LINE#         131
  C:4A9AH         LINE#         132
  C:4A9AH         LINE#         133
  C:4A9AH         LINE#         135
  C:4AA4H         LINE#         136
  C:4AA4H         LINE#         137
  C:4AA4H         LINE#         138
  C:4AA4H         LINE#         140
  C:4AAEH         LINE#         141
  C:4AAEH         LINE#         142
  C:4AAEH         LINE#         143
  C:4AAEH         LINE#         145
  C:4AB8H         LINE#         146
  C:4AC2H         LINE#         147
  C:4ACCH         LINE#         148
  C:4AD6H         LINE#         150
  -------         ENDPROC       _BLOCK_WRITE_CLOCK_ASCII
  -------         PROC          _BCD_HEX
  D:0007H         SYMBOL        l_data
BL51 BANKED LINKER/LOCATER V6.22.2.0                                                  10/07/2021  16:30:37  PAGE 21


  -------         DO            
  D:0006H         SYMBOL        temp
  D:0005H         SYMBOL        j
  -------         ENDDO         
  C:5DC8H         LINE#         156
  C:5DC8H         LINE#         157
  C:5DC8H         LINE#         159
  C:5DCAH         LINE#         160
  C:5DCEH         LINE#         161
  C:5DD1H         LINE#         162
  C:5DD3H         LINE#         163
  C:5DD3H         LINE#         164
  C:5DD7H         LINE#         165
  C:5DDEH         LINE#         166
  C:5DDEH         LINE#         167
  C:5DE2H         LINE#         168
  C:5DE5H         LINE#         169
  C:5DE5H         LINE#         170
  C:5DE5H         LINE#         171
  -------         ENDPROC       _BCD_HEX
  -------         PROC          _BYTEHEX_DECIMAL
  D:0001H         SYMBOL        buffer
  D:0005H         SYMBOL        valorhex
  -------         DO            
  X:001DH         SYMBOL        numero
  D:0007H         SYMBOL        centena
  D:0006H         SYMBOL        decena
  -------         ENDDO         
  C:53DCH         LINE#         207
  C:53DCH         LINE#         208
  C:53DCH         LINE#         211
  C:53DEH         LINE#         212
  C:53DFH         LINE#         213
  C:53E4H         LINE#         215
  C:53F1H         LINE#         216
  C:53F1H         LINE#         217
  C:53F5H         LINE#         218
  C:53F6H         LINE#         219
  C:53F8H         LINE#         220
  C:53FEH         LINE#         221
  C:5405H         LINE#         222
  C:5412H         LINE#         223
  C:5412H         LINE#         224
  C:5416H         LINE#         225
  C:5417H         LINE#         226
  C:5419H         LINE#         227
  C:541FH         LINE#         228
  C:5426H         LINE#         229
  -------         ENDPROC       _BYTEHEX_DECIMAL
  -------         PROC          _TWO_BYTEHEX_DECIMAL
  X:001DH         SYMBOL        buffer
  X:0020H         SYMBOL        id_h
  X:0021H         SYMBOL        id_l
  -------         DO            
  X:0022H         SYMBOL        valor
  D:0006H         SYMBOL        numero
  X:0024H         SYMBOL        temp
BL51 BANKED LINKER/LOCATER V6.22.2.0                                                  10/07/2021  16:30:37  PAGE 22


  X:0025H         SYMBOL        dmil
  X:0026H         SYMBOL        mil
  X:0027H         SYMBOL        centena
  X:0028H         SYMBOL        decena
  -------         ENDDO         
  C:232EH         LINE#         237
  C:233CH         LINE#         238
  C:233CH         LINE#         242
  C:2343H         LINE#         243
  C:2347H         LINE#         244
  C:2349H         LINE#         245
  C:234BH         LINE#         246
  C:234DH         LINE#         249
  C:2352H         LINE#         250
  C:2355H         LINE#         251
  C:235BH         LINE#         253
  C:23B6H         LINE#         254
  C:23BEH         LINE#         255
  C:23C1H         LINE#         256
  C:241CH         LINE#         258
  C:2424H         LINE#         259
  C:2427H         LINE#         260
  C:242DH         LINE#         261
  C:2488H         LINE#         262
  C:2490H         LINE#         263
  C:2493H         LINE#         264
  C:24EEH         LINE#         265
  C:24EEH         LINE#         267
  C:24F7H         LINE#         268
  C:24F7H         LINE#         269
  C:24FFH         LINE#         270
  C:2505H         LINE#         271
  C:2507H         LINE#         272
  C:251DH         LINE#         273
  C:2527H         LINE#         274
  C:2530H         LINE#         275
  C:2530H         LINE#         276
  C:2538H         LINE#         277
  C:253EH         LINE#         278
  C:2540H         LINE#         279
  C:2556H         LINE#         280
  C:2560H         LINE#         281
  C:2569H         LINE#         282
  C:2569H         LINE#         283
  C:2571H         LINE#         284
  C:2577H         LINE#         285
  C:2579H         LINE#         286
  C:258FH         LINE#         287
  C:2599H         LINE#         288
  C:25A2H         LINE#         289
  C:25A2H         LINE#         290
  C:25AAH         LINE#         291
  C:25B0H         LINE#         292
  C:25B2H         LINE#         293
  C:25C8H         LINE#         294
  C:25D2H         LINE#         295
  C:25E5H         LINE#         296
BL51 BANKED LINKER/LOCATER V6.22.2.0                                                  10/07/2021  16:30:37  PAGE 23


  C:25EFH         LINE#         297
  -------         ENDPROC       _TWO_BYTEHEX_DECIMAL
  -------         PROC          _BLOCK_READ_CLOCK_ASCII
  X:003FH         SYMBOL        datos_clock
  -------         DO            
  D:0007H         SYMBOL        dato
  -------         ENDDO         
  C:2AAEH         LINE#         303
  C:2AB1H         LINE#         304
  C:2AB1H         LINE#         310
  C:2AB4H         LINE#         311
  C:2ACCH         LINE#         312
  C:2AD6H         LINE#         313
  C:2AEBH         LINE#         314
  C:2AF5H         LINE#         317
  C:2AFAH         LINE#         318
  C:2B12H         LINE#         319
  C:2B1CH         LINE#         320
  C:2B31H         LINE#         321
  C:2B3BH         LINE#         324
  C:2B40H         LINE#         325
  C:2B58H         LINE#         326
  C:2B62H         LINE#         327
  C:2B77H         LINE#         328
  C:2B81H         LINE#         332
  C:2B86H         LINE#         333
  C:2B9EH         LINE#         334
  C:2BA8H         LINE#         335
  C:2BBDH         LINE#         336
  C:2BC7H         LINE#         339
  C:2BCCH         LINE#         340
  C:2BE4H         LINE#         341
  C:2BEEH         LINE#         342
  C:2C03H         LINE#         343
  C:2C0DH         LINE#         346
  C:2C12H         LINE#         347
  C:2C2AH         LINE#         348
  C:2C34H         LINE#         349
  C:2C49H         LINE#         350
  C:2C53H         LINE#         353
  C:2C58H         LINE#         354
  C:2C6DH         LINE#         355
  C:2C77H         LINE#         356
  -------         ENDPROC       _BLOCK_READ_CLOCK_ASCII
  -------         PROC          _BLOCK_READ_CLOCK
  X:002AH         SYMBOL        datos_clock
  C:4123H         LINE#         404
  C:4126H         LINE#         405
  C:4126H         LINE#         407
  C:4138H         LINE#         408
  C:4142H         LINE#         410
  C:4156H         LINE#         411
  C:4160H         LINE#         413
  C:4174H         LINE#         414
  C:417EH         LINE#         416
  C:4192H         LINE#         417
  C:419CH         LINE#         419
BL51 BANKED LINKER/LOCATER V6.22.2.0                                                  10/07/2021  16:30:37  PAGE 24


  C:41B0H         LINE#         420
  C:41BAH         LINE#         422
  C:41CEH         LINE#         423
  C:41D8H         LINE#         424
  -------         ENDPROC       _BLOCK_READ_CLOCK
  -------         PROC          COND_INI_CLOCK
  C:5F7FH         LINE#         427
  C:5F7FH         LINE#         428
  C:5F7FH         LINE#         429
  C:5F81H         LINE#         430
  C:5F83H         LINE#         431
  C:5F85H         LINE#         432
  -------         ENDPROC       COND_INI_CLOCK
  -------         ENDMOD        CLOCK

  -------         MODULE        DELAY
  C:0000H         SYMBOL        _ICE_DUMMY_
  C:5E8EH         PUBLIC        _Delay_20us
  C:5E02H         PUBLIC        _Delay_1ms
  C:5FC7H         PUBLIC        Delay
  -------         PROC          _DELAY_20US
  D:0006H         SYMBOL        cnt
  -------         DO            
  D:0004H         SYMBOL        i
  -------         ENDDO         
  C:5E8EH         LINE#         20
  C:5E8EH         LINE#         21
  C:5E8EH         LINE#         24
  C:5E98H         LINE#         26
  C:5E9FH         LINE#         27
  -------         ENDPROC       _DELAY_20US
  -------         PROC          _DELAY_1MS
  D:0002H         SYMBOL        cnt
  -------         DO            
  D:0082H         SYMBOL        i
  -------         ENDDO         
  C:5E02H         LINE#         38
  C:5E06H         LINE#         39
  C:5E06H         LINE#         41
  C:5E1CH         LINE#         42
  -------         ENDPROC       _DELAY_1MS
  -------         PROC          DELAY
  C:5FC7H         LINE#         60
  C:5FC7H         LINE#         62
  -------         ENDPROC       DELAY
  -------         ENDMOD        DELAY

  -------         MODULE        EEPROM
  C:0000H         SYMBOL        _ICE_DUMMY_
  D:0090H         PUBLIC        P1
  C:4C02H         PUBLIC        _EscribirMemoria
  X:0167H         PUBLIC        l_chr
  C:5D4CH         PUBLIC        ackd
  B:0021H.2       PUBLIC        memory_flag
  B:00D0H.7       PUBLIC        CY
  C:5FB0H         PUBLIC        p_me
  C:5EA8H         PUBLIC        start
BL51 BANKED LINKER/LOCATER V6.22.2.0                                                  10/07/2021  16:30:37  PAGE 25


  B:0090H.2       PUBLIC        sda
  C:5D6CH         PUBLIC        ack_lect
  B:0090H.3       PUBLIC        scl
  C:5B4FH         PUBLIC        _rd_eeprom
  C:5F6DH         PUBLIC        stop
  X:0168H         PUBLIC        l_data_eeprom
  C:59A4H         PUBLIC        _wr_eeprom
  C:532DH         PUBLIC        _LeerMemoria
  X:0169H         PUBLIC        byte_rd
  C:5D27H         PUBLIC        _e_d_m
  C:542FH         PUBLIC        l_d_m
  -------         PROC          L?0043
  -------         ENDPROC       L?0043
  -------         PROC          ACKD
  -------         DO            
  D:0006H         SYMBOL        i
  -------         ENDDO         
  C:5D4CH         LINE#         32
  C:5D4CH         LINE#         33
  C:5D4CH         LINE#         35
  C:5D4EH         LINE#         36
  C:5D50H         LINE#         37
  C:5D52H         LINE#         38
  C:5D55H         LINE#         39
  C:5D55H         LINE#         40
  C:5D58H         LINE#         41
  C:5D58H         LINE#         42
  C:5D5AH         LINE#         43
  C:5D5CH         LINE#         45
  C:5D5DH         LINE#         46
  C:5D5DH         LINE#         47
  C:5D68H         LINE#         49
  C:5D68H         LINE#         50
  C:5D68H         LINE#         52
  C:5D68H         LINE#         53
  -------         ENDPROC       ACKD
  -------         PROC          L?0045
  -------         ENDPROC       L?0045
  -------         PROC          ACK_LECT
  -------         DO            
  D:0006H         SYMBOL        i
  -------         ENDDO         
  C:5D6CH         LINE#         56
  C:5D6CH         LINE#         57
  C:5D6CH         LINE#         59
  C:5D6EH         LINE#         60
  C:5D70H         LINE#         61
  C:5D72H         LINE#         62
  C:5D75H         LINE#         63
  C:5D75H         LINE#         64
  C:5D78H         LINE#         65
  C:5D78H         LINE#         66
  C:5D7AH         LINE#         67
  C:5D7CH         LINE#         68
  C:5D7DH         LINE#         69
  C:5D7DH         LINE#         70
  C:5D88H         LINE#         71
BL51 BANKED LINKER/LOCATER V6.22.2.0                                                  10/07/2021  16:30:37  PAGE 26


  -------         ENDPROC       ACK_LECT
  -------         PROC          P_ME
  C:5FB0H         LINE#         73
  C:5FB0H         LINE#         74
  C:5FB0H         LINE#         75
  C:5FB2H         LINE#         76
  C:5FB3H         LINE#         77
  C:5FB5H         LINE#         78
  -------         ENDPROC       P_ME
  -------         PROC          _E_D_M
  D:0007H         SYMBOL        a_serial_eeprom
  -------         DO            
  D:0006H         SYMBOL        nbits
  -------         ENDDO         
  C:5D27H         LINE#         80
  C:5D27H         LINE#         81
  C:5D27H         LINE#         83
  C:5D33H         LINE#         84
  C:5D33H         LINE#         85
  C:5D37H         LINE#         86
  C:5D3AH         LINE#         87
  C:5D3AH         LINE#         88
  C:5D3CH         LINE#         89
  C:5D3EH         LINE#         91
  C:5D3EH         LINE#         92
  C:5D40H         LINE#         93
  C:5D40H         LINE#         94
  C:5D42H         LINE#         95
  C:5D45H         LINE#         96
  C:5D48H         LINE#         98
  -------         ENDPROC       _E_D_M
  -------         PROC          L?0044
  -------         ENDPROC       L?0044
  -------         PROC          START
  C:5EA8H         LINE#         100
  C:5EA8H         LINE#         101
  C:5EA8H         LINE#         102
  C:5EAAH         LINE#         103
  C:5EACH         LINE#         104
  C:5EADH         LINE#         105
  C:5EAFH         LINE#         106
  C:5EB1H         LINE#         108
  -------         ENDPROC       START
  -------         PROC          STOP
  C:5F6DH         LINE#         110
  C:5F6DH         LINE#         111
  C:5F6DH         LINE#         112
  C:5F6FH         LINE#         113
  C:5F71H         LINE#         114
  C:5F73H         LINE#         115
  C:5F75H         LINE#         117
  -------         ENDPROC       STOP
  -------         PROC          L_D_M
  -------         DO            
  D:0003H         SYMBOL        nbits
  -------         ENDDO         
  C:542FH         LINE#         119
BL51 BANKED LINKER/LOCATER V6.22.2.0                                                  10/07/2021  16:30:37  PAGE 27


  C:542FH         LINE#         120
  C:542FH         LINE#         122
  C:543CH         LINE#         123
  C:543CH         LINE#         124
  C:543EH         LINE#         125
  C:5441H         LINE#         126
  C:5441H         LINE#         127
  C:5448H         LINE#         128
  C:5451H         LINE#         129
  C:5451H         LINE#         130
  C:5455H         LINE#         131
  C:5457H         LINE#         132
  C:5457H         LINE#         133
  C:5457H         LINE#         134
  C:545AH         LINE#         135
  C:545AH         LINE#         136
  C:5461H         LINE#         137
  C:546BH         LINE#         138
  C:546BH         LINE#         139
  C:546FH         LINE#         140
  C:5471H         LINE#         141
  C:5471H         LINE#         142
  C:5471H         LINE#         143
  C:5474H         LINE#         144
  C:5476H         LINE#         145
  C:547BH         LINE#         146
  -------         ENDPROC       L_D_M
  -------         PROC          _WR_EEPROM
  D:0002H         SYMBOL        control
  D:0004H         SYMBOL        Dir
  D:0003H         SYMBOL        data_eeprom
  -------         DO            
  D:0005H         SYMBOL        dir_h
  D:0001H         SYMBOL        dir_l
  -------         ENDDO         
  C:59A4H         LINE#         152
  C:59A6H         LINE#         153
  C:59A6H         LINE#         155
  C:59AAH         LINE#         156
  C:59AAH         LINE#         157
  C:59AAH         LINE#         160
  C:59AAH         LINE#         161
  C:59AAH         LINE#         163
  C:59ADH         LINE#         164
  C:59AFH         LINE#         165
  C:59B2H         LINE#         166
  C:59B4H         LINE#         167
  C:59B7H         LINE#         168
  C:59BCH         LINE#         169
  C:59BFH         LINE#         170
  C:59C4H         LINE#         171
  C:59C7H         LINE#         172
  C:59CAH         LINE#         173
  C:59D1H         LINE#         175
  C:59D3H         LINE#         176
  C:59D5H         LINE#         177
  C:59DCH         LINE#         178
BL51 BANKED LINKER/LOCATER V6.22.2.0                                                  10/07/2021  16:30:37  PAGE 28


  -------         ENDPROC       _WR_EEPROM
  -------         PROC          _RD_EEPROM
  D:0003H         SYMBOL        control
  D:0004H         SYMBOL        Dir
  -------         DO            
  D:0005H         SYMBOL        dir_h
  D:0002H         SYMBOL        dir_l
  -------         ENDDO         
  C:5B4FH         LINE#         228
  C:5B51H         LINE#         229
  C:5B51H         LINE#         232
  C:5B55H         LINE#         233
  C:5B55H         LINE#         234
  C:5B55H         LINE#         236
  C:5B55H         LINE#         237
  C:5B55H         LINE#         239
  C:5B58H         LINE#         240
  C:5B5AH         LINE#         241
  C:5B5DH         LINE#         242
  C:5B5FH         LINE#         243
  C:5B62H         LINE#         244
  C:5B67H         LINE#         245
  C:5B6AH         LINE#         246
  C:5B6DH         LINE#         247
  C:5B73H         LINE#         248
  C:5B76H         LINE#         249
  C:5B78H         LINE#         250
  C:5B7BH         LINE#         251
  C:5B7EH         LINE#         252
  C:5B80H         LINE#         253
  C:5B82H         LINE#         254
  C:5B87H         LINE#         255
  -------         ENDPROC       _RD_EEPROM
  -------         PROC          _LEERMEMORIA
  X:007DH         SYMBOL        addres
  X:007FH         SYMBOL        res
  -------         DO            
  D:0007H         SYMBOL        i
  -------         ENDDO         
  C:532DH         LINE#         260
  C:533EH         LINE#         261
  C:533EH         LINE#         266
  C:533EH         LINE#         267
  C:535AH         LINE#         268
  C:5369H         LINE#         269
  C:5377H         LINE#         270
  C:5381H         LINE#         271
  C:5381H         LINE#         272
  C:5384H         LINE#         274
  -------         ENDPROC       _LEERMEMORIA
  -------         PROC          _ESCRIBIRMEMORIA
  X:007DH         SYMBOL        control
  X:007EH         SYMBOL        addres
  X:0080H         SYMBOL        res
  C:4C02H         LINE#         280
  C:4C16H         LINE#         281
  C:4C16H         LINE#         283
BL51 BANKED LINKER/LOCATER V6.22.2.0                                                  10/07/2021  16:30:37  PAGE 29


  C:4C26H         LINE#         284
  C:4C26H         LINE#         285
  C:4C29H         LINE#         286
  C:4C29H         LINE#         288
  C:4C2DH         LINE#         289
  C:4C2DH         LINE#         290
  C:4C48H         LINE#         291
  C:4C56H         LINE#         292
  C:4C60H         LINE#         293
  C:4C62H         LINE#         294
  C:4C71H         LINE#         295
  -------         ENDPROC       _ESCRIBIRMEMORIA
  -------         ENDMOD        EEPROM

  -------         MODULE        IO_SENSORES
  C:0000H         SYMBOL        _ICE_DUMMY_
  D:0090H         PUBLIC        P1
  D:00B0H         PUBLIC        P3
  C:5EB2H         PUBLIC        Dir_board
  B:0090H.1       PUBLIC        DataIn
  C:5F8DH         PUBLIC        sel_Auto
  C:5189H         PUBLIC        ValidaSensoresPaso
  B:00B0H.3       PUBLIC        busy
  C:5DA9H         PUBLIC        ValidaSensor
  C:5F9BH         PUBLIC        sel_Sensor1
  C:5F94H         PUBLIC        sel_Sensor2
  B:00B0H.5       PUBLIC        sel_A
  B:00B0H.6       PUBLIC        sel_B
  B:00B0H.7       PUBLIC        sel_C
  C:50A3H         PUBLIC        msj_lcd_informativo
  C:5FA2H         PUBLIC        sel_Dir1
  C:5FA9H         PUBLIC        sel_Dir2
  C:5F86H         PUBLIC        sel_Funcion
  -------         PROC          SEL_FUNCION
  C:5F86H         LINE#         26
  C:5F86H         LINE#         27
  C:5F86H         LINE#         28
  C:5F88H         LINE#         29
  C:5F8AH         LINE#         30
  C:5F8CH         LINE#         31
  -------         ENDPROC       SEL_FUNCION
  -------         PROC          SEL_AUTO
  C:5F8DH         LINE#         33
  C:5F8DH         LINE#         34
  C:5F8DH         LINE#         35
  C:5F8FH         LINE#         36
  C:5F91H         LINE#         37
  C:5F93H         LINE#         38
  -------         ENDPROC       SEL_AUTO
  -------         PROC          SEL_SENSOR2
  C:5F94H         LINE#         49
  C:5F94H         LINE#         50
  C:5F94H         LINE#         51
  C:5F96H         LINE#         52
  C:5F98H         LINE#         53
  C:5F9AH         LINE#         54
  -------         ENDPROC       SEL_SENSOR2
BL51 BANKED LINKER/LOCATER V6.22.2.0                                                  10/07/2021  16:30:37  PAGE 30


  -------         PROC          SEL_SENSOR1
  C:5F9BH         LINE#         56
  C:5F9BH         LINE#         57
  C:5F9BH         LINE#         58
  C:5F9DH         LINE#         59
  C:5F9FH         LINE#         60
  C:5FA1H         LINE#         61
  -------         ENDPROC       SEL_SENSOR1
  -------         PROC          SEL_DIR1
  C:5FA2H         LINE#         63
  C:5FA2H         LINE#         64
  C:5FA2H         LINE#         65
  C:5FA4H         LINE#         66
  C:5FA6H         LINE#         67
  C:5FA8H         LINE#         68
  -------         ENDPROC       SEL_DIR1
  -------         PROC          SEL_DIR2
  C:5FA9H         LINE#         70
  C:5FA9H         LINE#         71
  C:5FA9H         LINE#         72
  C:5FABH         LINE#         73
  C:5FADH         LINE#         74
  C:5FAFH         LINE#         75
  -------         ENDPROC       SEL_DIR2
  -------         PROC          VALIDASENSOR
  -------         DO            
  D:0007H         SYMBOL        Valido
  D:0004H         SYMBOL        Tmin
  -------         ENDDO         
  C:5DA9H         LINE#         77
  C:5DA9H         LINE#         78
  C:5DA9H         LINE#         80
  C:5DABH         LINE#         81
  C:5DAFH         LINE#         82
  C:5DBAH         LINE#         83
  C:5DBAH         LINE#         84
  C:5DBFH         LINE#         85
  C:5DC3H         LINE#         86
  C:5DC3H         LINE#         87
  C:5DC5H         LINE#         88
  C:5DC5H         LINE#         89
  C:5DC7H         LINE#         90
  C:5DC7H         LINE#         91
  -------         ENDPROC       VALIDASENSOR
  -------         PROC          DIR_BOARD
  -------         DO            
  D:0007H         SYMBOL        Board
  -------         ENDDO         
  C:5EB2H         LINE#         95
  C:5EB2H         LINE#         96
  C:5EB2H         LINE#         97
  C:5EB4H         LINE#         99
  C:5EB7H         LINE#         100
  C:5EBAH         LINE#         101
  C:5EBAH         LINE#         102
  C:5EBBH         LINE#         103
  C:5EBBH         LINE#         104
BL51 BANKED LINKER/LOCATER V6.22.2.0                                                  10/07/2021  16:30:37  PAGE 31


  C:5EBEH         LINE#         105
  C:5EC1H         LINE#         106
  C:5EC1H         LINE#         107
  C:5EC3H         LINE#         108
  C:5EC3H         LINE#         109
  C:5EC3H         LINE#         110
  -------         ENDPROC       DIR_BOARD
  -------         PROC          VALIDASENSORESPASO
  C:5189H         LINE#         115
  C:5189H         LINE#         116
  C:5189H         LINE#         118
  C:518CH         LINE#         119
  C:518FH         LINE#         120
  C:518FH         LINE#         121
  C:519DH         LINE#         122
  C:519DH         LINE#         123
  C:51A0H         LINE#         124
  C:51A3H         LINE#         125
  C:51A6H         LINE#         126
  C:51ABH         LINE#         127
  C:51ABH         LINE#         128
  C:51B2H         LINE#         129
  C:51B6H         LINE#         130
  C:51B8H         LINE#         132
  C:51B8H         LINE#         134
  C:51B8H         LINE#         135
  C:51BFH         LINE#         136
  C:51C4H         LINE#         137
  C:51C6H         LINE#         138
  C:51C6H         LINE#         141
  C:51C6H         LINE#         143
  C:51C9H         LINE#         144
  C:51CEH         LINE#         145
  C:51CEH         LINE#         147
  C:51D5H         LINE#         148
  C:51DBH         LINE#         149
  C:51DEH         LINE#         150
  C:51DEH         LINE#         152
  C:51DEH         LINE#         153
  C:51E2H         LINE#         154
  C:51E4H         LINE#         155
  C:51E4H         LINE#         158
  C:51E4H         LINE#         159
  C:51E4H         LINE#         161
  C:51E4H         LINE#         162
  C:51EAH         LINE#         163
  C:51ECH         LINE#         164
  C:51ECH         LINE#         165
  C:51ECH         LINE#         166
  C:51ECH         LINE#         167
  C:51F5H         LINE#         168
  C:51F7H         LINE#         169
  C:51F7H         LINE#         171
  -------         ENDPROC       VALIDASENSORESPASO
  -------         PROC          MSJ_LCD_INFORMATIVO
  -------         DO            
  X:000EH         SYMBOL        toggle
BL51 BANKED LINKER/LOCATER V6.22.2.0                                                  10/07/2021  16:30:37  PAGE 32


  X:000FH         SYMBOL        info
  -------         ENDDO         
  C:50A3H         LINE#         180
  C:50A3H         LINE#         181
  C:50A3H         LINE#         185
  C:50A6H         LINE#         186
  C:50A9H         LINE#         187
  C:50A9H         LINE#         188
  C:50B3H         LINE#         189
  C:50B3H         LINE#         190
  C:50B6H         LINE#         191
  C:50B6H         LINE#         192
  C:50B8H         LINE#         193
  C:50BBH         LINE#         194
  C:50C1H         LINE#         195
  C:50C1H         LINE#         196
  C:50C3H         LINE#         197
  C:50CFH         LINE#         198
  C:50CFH         LINE#         199
  C:50D2H         LINE#         200
  C:50D2H         LINE#         201
  C:50D4H         LINE#         202
  C:50D7H         LINE#         203
  C:50DDH         LINE#         204
  C:50DDH         LINE#         205
  C:50DFH         LINE#         206
  C:50EBH         LINE#         207
  C:50EBH         LINE#         208
  C:50EEH         LINE#         209
  C:50EEH         LINE#         210
  C:50F0H         LINE#         211
  C:50FCH         LINE#         212
  C:50FCH         LINE#         213
  C:50FEH         LINE#         214
  C:5105H         LINE#         216
  C:510AH         LINE#         217
  C:510AH         LINE#         219
  C:510AH         LINE#         221
  C:510AH         LINE#         223
  C:510DH         LINE#         224
  C:5110H         LINE#         225
  C:5110H         LINE#         226
  C:5115H         LINE#         227
  C:5115H         LINE#         229
  -------         ENDPROC       MSJ_LCD_INFORMATIVO
  -------         ENDMOD        IO_SENSORES

  -------         MODULE        MONITOR
  C:0000H         SYMBOL        _ICE_DUMMY_
  D:0080H         PUBLIC        P0
  D:0090H         PUBLIC        P1
  C:58E4H         PUBLIC        _Monitor_chr
  B:0080H.0       PUBLIC        rx_ip
  C:3B44H         PUBLIC        _Cmd_LPR_Salida_print
  B:0090H.7       PUBLIC        lock
  C:48A8H         PUBLIC        _recibe_cmd_Monitor
  C:3EC2H         PUBLIC        _Cmd_LPR_Salida_wiegand
BL51 BANKED LINKER/LOCATER V6.22.2.0                                                  10/07/2021  16:30:37  PAGE 33


  C:46DCH         PUBLIC        _Valida_Trama_Monitor
  -------         PROC          _RECIBE_CMD_MONITOR
  X:000EH         SYMBOL        buffer
  -------         DO            
  X:0011H         SYMBOL        j
  X:0012H         SYMBOL        NumDatos
  D:0005H         SYMBOL        time_out
  X:0013H         SYMBOL        MaxChrRx
  D:0006H         SYMBOL        contador
  -------         ENDDO         
  C:48A8H         LINE#         40
  C:48B3H         LINE#         41
  C:48B3H         LINE#         45
  C:48B8H         LINE#         46
  C:48BCH         LINE#         48
  C:48C4H         LINE#         49
  C:48C4H         LINE#         50
  C:48D5H         LINE#         51
  C:48D5H         LINE#         52
  C:48D8H         LINE#         53
  C:48D9H         LINE#         54
  C:48DFH         LINE#         55
  C:48DFH         LINE#         56
  C:48E4H         LINE#         57
  C:48EDH         LINE#         58
  C:48EDH         LINE#         59
  C:48EFH         LINE#         60
  C:48F7H         LINE#         61
  C:48F7H         LINE#         62
  C:48F9H         LINE#         63
  C:48FEH         LINE#         65
  C:4910H         LINE#         66
  C:491AH         LINE#         67
  C:4920H         LINE#         68
  C:4928H         LINE#         70
  C:4937H         LINE#         71
  C:4937H         LINE#         72
  C:493CH         LINE#         73
  -------         ENDPROC       _RECIBE_CMD_MONITOR
  -------         PROC          _VALIDA_TRAMA_MONITOR
  X:000EH         SYMBOL        buffer
  D:0005H         SYMBOL        length_trama
  -------         DO            
  D:0007H         SYMBOL        j
  D:0006H         SYMBOL        p
  -------         ENDDO         
  C:46DCH         LINE#         79
  C:46E7H         LINE#         80
  C:46E7H         LINE#         81
  C:46E9H         LINE#         82
  C:46EBH         LINE#         83
  C:46EBH         LINE#         84
  C:4709H         LINE#         85
[...]
  C:5ED6H         LINE#         406
  C:5EDDH         LINE#         407
  C:5EDDH         LINE#         408
  C:5EE3H         LINE#         409
BL51 BANKED LINKER/LOCATER V6.22.2.0                                                  10/07/2021  16:30:37  PAGE 63


  -------         ENDPROC       COM_RBUFLEN
  -------         PROC          COM_TBUFLEN
  C:5EE8H         LINE#         415
  C:5EEFH         LINE#         416
  C:5EEFH         LINE#         417
  C:5EF5H         LINE#         418
  -------         ENDPROC       COM_TBUFLEN
  -------         PROC          CLEAR_BUFFER
  C:5F49H         LINE#         419
  C:5F49H         LINE#         420
  C:5F49H         LINE#         421
  C:5F4CH         LINE#         422
  C:5F4EH         LINE#         424
  C:5F50H         LINE#         425
  C:5F52H         LINE#         426
  C:5F54H         LINE#         427
  C:5F56H         LINE#         428
  -------         ENDPROC       CLEAR_BUFFER
  -------         ENDMOD        UART

  -------         MODULE        ACCESCAN
  C:0000H         SYMBOL        _ICE_DUMMY_
  D:0080H         PUBLIC        P0
  D:0090H         PUBLIC        P1
  B:0080H.2       PUBLIC        led_err_imp
  B:0080H.3       PUBLIC        Atascado
  B:0090H.7       PUBLIC        lock
  C:1D1BH         PUBLIC        _Valida_Trama_Pto
  -------         PROC          _VALIDA_TRAMA_PTO
  X:000EH         SYMBOL        buffer
  X:0011H         SYMBOL        length_trama
  -------         DO            
  X:0012H         SYMBOL        buff
  -------         ENDDO         
  C:1D1BH         LINE#         72
  C:1D29H         LINE#         73
  C:1D29H         LINE#         76
  C:1D5FH         LINE#         77
  C:1D5FH         LINE#         79
  C:1D6EH         LINE#         81
  C:1D71H         LINE#         83
  C:1D71H         LINE#         85
  C:1D83H         LINE#         86
  C:1D83H         LINE#         87
  C:1D90H         LINE#         88
  C:1D90H         LINE#         89
  C:1D95H         LINE#         90
  C:1D97H         LINE#         91
  C:1D9CH         LINE#         92
  C:1D9EH         LINE#         93
  C:1DA0H         LINE#         95
  C:1DA0H         LINE#         96
  C:1DB4H         LINE#         97
  C:1DB4H         LINE#         98
  C:1DB4H         LINE#         99
  C:1DB4H         LINE#         101
  C:1DB4H         LINE#         102
BL51 BANKED LINKER/LOCATER V6.22.2.0                                                  10/07/2021  16:30:37  PAGE 64


  C:1DB4H         LINE#         103
  C:1DB6H         LINE#         105
  C:1DC8H         LINE#         106
  C:1DC8H         LINE#         108
  C:1DD8H         LINE#         109
  C:1DD8H         LINE#         110
  C:1DDAH         LINE#         111
  C:1DDCH         LINE#         112
  C:1DDEH         LINE#         113
  C:1DE0H         LINE#         115
  C:1DF4H         LINE#         116
  C:1DF4H         LINE#         117
  C:1DF9H         LINE#         118
  C:1E02H         LINE#         120
  C:1E07H         LINE#         121
  C:1E07H         LINE#         122
  C:1E07H         LINE#         124
  C:1E08H         LINE#         126
  C:1E3FH         LINE#         127
  C:1E3FH         LINE#         128
  C:1E41H         LINE#         129
  C:1E43H         LINE#         131
  C:1E7AH         LINE#         132
  C:1E7AH         LINE#         133
  C:1E83H         LINE#         134
  C:1E88H         LINE#         135
  C:1E8AH         LINE#         136
  C:1E90H         LINE#         137
  C:1E95H         LINE#         138
  C:1E95H         LINE#         139
  C:1E95H         LINE#         143
  C:1E98H         LINE#         145
  C:1EB2H         LINE#         146
  C:1EB2H         LINE#         147
  C:1EB7H         LINE#         148
  C:1EB7H         LINE#         150
  C:1EFAH         LINE#         151
  C:1EFAH         LINE#         152
  C:1F02H         LINE#         153
  C:1F02H         LINE#         155
  C:1F17H         LINE#         156
  C:1F1DH         LINE#         157
  C:1F47H         LINE#         159
  C:1F52H         LINE#         163
  C:1F58H         LINE#         165
  C:1F61H         LINE#         166
  C:1F61H         LINE#         169
  C:1F61H         LINE#         171
  C:1F7CH         LINE#         172
  C:1F82H         LINE#         173
  C:1FACH         LINE#         174
  C:1FB7H         LINE#         178
  C:1FB7H         LINE#         179
  C:1FB7H         LINE#         180
  C:1FE4H         LINE#         181
  C:1FE4H         LINE#         182
  C:1FF3H         LINE#         185
BL51 BANKED LINKER/LOCATER V6.22.2.0                                                  10/07/2021  16:30:37  PAGE 65


  C:1FFCH         LINE#         186
  C:2013H         LINE#         189
  C:2013H         LINE#         190
  C:2025H         LINE#         191
  C:2025H         LINE#         192
  C:202BH         LINE#         193
  C:2031H         LINE#         195
  C:2031H         LINE#         197
  -------         ENDPROC       _VALIDA_TRAMA_PTO
  -------         ENDMOD        ACCESCAN

  -------         MODULE        VERPRINT
  C:0000H         SYMBOL        _ICE_DUMMY_
  C:2032H         PUBLIC        Lee_ticket
  D:0090H         PUBLIC        P1
  C:5D03H         PUBLIC        _num_num
  B:00A8H.4       PUBLIC        ES
  B:0090H.7       PUBLIC        lock
  C:5E7BH         PUBLIC        _num_char
  -------         PROC          _NUM_NUM
  D:0001H         SYMBOL        p
  -------         DO            
  D:0007H         SYMBOL        contador
  -------         ENDDO         
  C:5D03H         LINE#         64
  C:5D03H         LINE#         65
  C:5D03H         LINE#         66
  C:5D05H         LINE#         67
  C:5D1CH         LINE#         68
  C:5D1CH         LINE#         70
  C:5D23H         LINE#         71
  C:5D24H         LINE#         72
  C:5D26H         LINE#         73
  C:5D26H         LINE#         74
  -------         ENDPROC       _NUM_NUM
  -------         PROC          _NUM_CHAR
  D:0001H         SYMBOL        p
  D:0005H         SYMBOL        chr
  -------         DO            
  D:0007H         SYMBOL        contador
  -------         ENDDO         
  C:5E7BH         LINE#         78
  C:5E7BH         LINE#         79
  C:5E7BH         LINE#         80
  C:5E7DH         LINE#         81
  C:5E83H         LINE#         82
  C:5E83H         LINE#         84
  C:5E8AH         LINE#         85
  C:5E8BH         LINE#         86
  C:5E8DH         LINE#         87
  C:5E8DH         LINE#         88
  -------         ENDPROC       _NUM_CHAR
  -------         PROC          LEE_TICKET
  -------         DO            
  X:015CH         SYMBOL        paso_una_vez
  X:015DH         SYMBOL        Ticket
  X:000EH         SYMBOL        temp
BL51 BANKED LINKER/LOCATER V6.22.2.0                                                  10/07/2021  16:30:37  PAGE 66


  X:000FH         SYMBOL        temp2
  X:0010H         SYMBOL        vehiculo
  X:0011H         SYMBOL        tipo_vehiculo
  -------         ENDDO         
  C:2032H         LINE#         95
  C:2032H         LINE#         96
  C:2032H         LINE#         101
  C:2058H         LINE#         102
  C:2058H         LINE#         103
  C:2058H         LINE#         106
  C:2063H         LINE#         107
  C:2063H         LINE#         108
  C:2065H         LINE#         110
  C:206BH         LINE#         111
  C:206BH         LINE#         112
  C:2074H         LINE#         113
  C:2079H         LINE#         114
  C:207FH         LINE#         115
  C:207FH         LINE#         116
  C:2084H         LINE#         117
  C:208AH         LINE#         118
  C:208AH         LINE#         119
  C:208AH         LINE#         120
  C:208AH         LINE#         124
  C:208DH         LINE#         126
  C:208DH         LINE#         127
  C:2096H         LINE#         128
  C:209BH         LINE#         129
  C:209BH         LINE#         130
  C:209BH         LINE#         132
  C:209BH         LINE#         133
  C:209BH         LINE#         134
  C:209EH         LINE#         139
  C:209EH         LINE#         140
  C:20AFH         LINE#         141
  C:20AFH         LINE#         142
  C:20B7H         LINE#         143
  C:20B7H         LINE#         145
  C:20C0H         LINE#         146
  C:20C9H         LINE#         147
  C:20D2H         LINE#         148
  C:20D8H         LINE#         149
  C:20DEH         LINE#         152
  C:20DFH         LINE#         153
  C:20E7H         LINE#         154
  C:20E7H         LINE#         156
  C:20F5H         LINE#         157
  C:2103H         LINE#         158
  C:2110H         LINE#         159
  C:211AH         LINE#         160
  C:211AH         LINE#         161
  C:211DH         LINE#         162
  C:2122H         LINE#         163
  C:2122H         LINE#         164
  C:2122H         LINE#         165
  C:2125H         LINE#         166
  C:2125H         LINE#         168
BL51 BANKED LINKER/LOCATER V6.22.2.0                                                  10/07/2021  16:30:37  PAGE 67


  C:212EH         LINE#         169
  C:2137H         LINE#         170
  C:2140H         LINE#         175
  C:2146H         LINE#         176
  C:2147H         LINE#         178
  C:2147H         LINE#         180
  C:214AH         LINE#         181
  C:214FH         LINE#         182
  C:2153H         LINE#         183
  C:215CH         LINE#         184
  C:2162H         LINE#         185
  C:2162H         LINE#         186
  C:2162H         LINE#         190
  C:2162H         LINE#         191
  C:2165H         LINE#         192
  C:2165H         LINE#         195
  C:216EH         LINE#         196
  C:2173H         LINE#         197
  C:2179H         LINE#         198
  C:2183H         LINE#         200
  C:2189H         LINE#         201
  C:2189H         LINE#         202
  C:2197H         LINE#         203
  C:2197H         LINE#         204
  C:2197H         LINE#         205
  C:2197H         LINE#         208
  C:219AH         LINE#         210
  C:219AH         LINE#         212
  C:219CH         LINE#         213
  C:21A7H         LINE#         214
  C:21A7H         LINE#         216
  C:21B0H         LINE#         218
  C:21B5H         LINE#         220
  C:21C2H         LINE#         221
  C:21D1H         LINE#         222
  C:21F7H         LINE#         223
  C:21F7H         LINE#         224
  C:21FAH         LINE#         225
  C:21FCH         LINE#         227
  C:21FCH         LINE#         228
  C:21FFH         LINE#         229
  C:21FFH         LINE#         230
  C:2208H         LINE#         231
  C:2210H         LINE#         232
  C:2219H         LINE#         234
  C:2222H         LINE#         235
  C:222AH         LINE#         236
  C:2233H         LINE#         237
  C:223BH         LINE#         238
  C:2244H         LINE#         240
  C:2249H         LINE#         241
  C:2252H         LINE#         242
  C:2252H         LINE#         243
  C:2278H         LINE#         244
  C:2287H         LINE#         246
  C:2290H         LINE#         247
  C:2299H         LINE#         251
BL51 BANKED LINKER/LOCATER V6.22.2.0                                                  10/07/2021  16:30:37  PAGE 68


  C:22A7H         LINE#         254
  C:22ADH         LINE#         255
  C:22ADH         LINE#         256
  C:22BBH         LINE#         257
  C:22BBH         LINE#         258
  C:22BBH         LINE#         259
  C:22BBH         LINE#         260
  C:22BDH         LINE#         261
  C:22BDH         LINE#         263
  C:22BDH         LINE#         264
  C:22BFH         LINE#         265
  C:22C2H         LINE#         266
  C:22C7H         LINE#         268
  C:22CDH         LINE#         269
  C:22D3H         LINE#         271
  C:22D3H         LINE#         272
  C:22D3H         LINE#         273
  C:22D4H         LINE#         274
  C:22D4H         LINE#         275
  C:22DCH         LINE#         276
  C:22DCH         LINE#         277
  C:22DEH         LINE#         278
  C:22E7H         LINE#         279
  C:22ECH         LINE#         280
  C:22F2H         LINE#         281
  C:22F5H         LINE#         282
  C:22FAH         LINE#         283
  C:22FAH         LINE#         284
  C:22FAH         LINE#         285
  C:22FCH         LINE#         286
  C:22FCH         LINE#         287
  C:2301H         LINE#         288
  C:2302H         LINE#         290
  C:2302H         LINE#         291
  C:230AH         LINE#         292
  C:230AH         LINE#         293
  C:2313H         LINE#         295
  C:2321H         LINE#         296
  C:2327H         LINE#         297
  C:232DH         LINE#         298
  C:232DH         LINE#         299
  C:232DH         LINE#         300
  C:232DH         LINE#         301
  -------         ENDPROC       LEE_TICKET
  -------         ENDMOD        VERPRINT

  -------         MODULE        ?C?FPADD
  C:0D61H         PUBLIC        ?C?FPADD
  C:0D5DH         PUBLIC        ?C?FPSUB
  -------         ENDMOD        ?C?FPADD

  -------         MODULE        ?C?FPMUL
  C:0E52H         PUBLIC        ?C?FPMUL
  -------         ENDMOD        ?C?FPMUL

  -------         MODULE        ?C?FCAST
  C:0F62H         PUBLIC        ?C?FCASTC
BL51 BANKED LINKER/LOCATER V6.22.2.0                                                  10/07/2021  16:30:37  PAGE 69


  C:0F5DH         PUBLIC        ?C?FCASTI
  C:0F58H         PUBLIC        ?C?FCASTL
  -------         ENDMOD        ?C?FCAST

  -------         MODULE        ?C?CASTF
  C:0F96H         PUBLIC        ?C?CASTF
  -------         ENDMOD        ?C?CASTF

  -------         MODULE        PRINTF
  X:0081H         PUBLIC        ?_PRINTF?BYTE
  X:0081H         PUBLIC        ?_SPRINTF?BYTE
  C:1903H         PUBLIC        _PRINTF
  C:18FDH         PUBLIC        _SPRINTF
  -------         ENDMOD        PRINTF

  -------         MODULE        POW
  X:0029H         PUBLIC        ?_pow?BYTE
  C:2DFCH         PUBLIC        _pow
  -------         ENDMOD        POW

  -------         MODULE        ?C?CHKFLOAT
  C:1017H         PUBLIC        ?C?CHKFLOAT
  -------         ENDMOD        ?C?CHKFLOAT

  -------         MODULE        ?C?FPCMP
  C:1033H         PUBLIC        ?C?FPCMP
  C:1031H         PUBLIC        ?C?FPCMP3
  -------         ENDMOD        ?C?FPCMP

  -------         MODULE        ?C?FPNEG
  C:10AAH         PUBLIC        ?C?FPNEG
  -------         ENDMOD        ?C?FPNEG

  -------         MODULE        ?C?FPROUND
  C:10BBH         PUBLIC        ?C?FPROUND
  -------         ENDMOD        ?C?FPROUND

  -------         MODULE        ?C?FPCONVERT
  C:10F8H         PUBLIC        ?C?FPCONVERT
  -------         ENDMOD        ?C?FPCONVERT

  -------         MODULE        EXP
  C:47AFH         PUBLIC        _EXP
  -------         ENDMOD        EXP

  -------         MODULE        LOG
  C:3347H         PUBLIC        _LOG
  C:3343H         PUBLIC        _LOG10
  -------         ENDMOD        LOG

  -------         MODULE        ?C?FPDIV
  C:1200H         PUBLIC        ?C?FPDIV
  -------         ENDMOD        ?C?FPDIV

  -------         MODULE        ?C?FTNPWR
  C:12CDH         PUBLIC        ?C?FTNPWR
  -------         ENDMOD        ?C?FTNPWR
BL51 BANKED LINKER/LOCATER V6.22.2.0                                                  10/07/2021  16:30:37  PAGE 70



  -------         MODULE        ?C?COPY
  C:142AH         PUBLIC        ?C?COPY
  -------         ENDMOD        ?C?COPY

  -------         MODULE        ?C?CLDPTR
  C:1450H         PUBLIC        ?C?CLDPTR
  -------         ENDMOD        ?C?CLDPTR

  -------         MODULE        ?C?CLDOPTR
  C:1469H         PUBLIC        ?C?CLDOPTR
  -------         ENDMOD        ?C?CLDOPTR

  -------         MODULE        ?C?CSTPTR
  C:1496H         PUBLIC        ?C?CSTPTR
  -------         ENDMOD        ?C?CSTPTR

  -------         MODULE        ?C?CSTOPTR
  C:14A8H         PUBLIC        ?C?CSTOPTR
  -------         ENDMOD        ?C?CSTOPTR

  -------         MODULE        ?C?IILDX
  C:14CAH         PUBLIC        ?C?IILDX
  -------         ENDMOD        ?C?IILDX

  -------         MODULE        ?C?LNEG
  C:14E0H         PUBLIC        ?C?LNEG
  -------         ENDMOD        ?C?LNEG

  -------         MODULE        ?C?LLDCODE
  C:14EEH         PUBLIC        ?C?LLDCODE
  -------         ENDMOD        ?C?LLDCODE

  -------         MODULE        ?C?LLDXDATA0
  C:14FEH         PUBLIC        ?C?LLDXDATA0
  -------         ENDMOD        ?C?LLDXDATA0

  -------         MODULE        ?C?LLDCODE0
  C:150AH         PUBLIC        ?C?LLDCODE0
  -------         ENDMOD        ?C?LLDCODE0

  -------         MODULE        ?C?LSTXDATA
  C:151AH         PUBLIC        ?C?LSTXDATA
  -------         ENDMOD        ?C?LSTXDATA

  -------         MODULE        ?C?LSTKXDATA
  C:1526H         PUBLIC        ?C?LSTKXDATA
  -------         ENDMOD        ?C?LSTKXDATA

  -------         MODULE        ?C?PLDIXDATA
  C:1557H         PUBLIC        ?C?PLDIXDATA
  -------         ENDMOD        ?C?PLDIXDATA

  -------         MODULE        ?C?PSTXDATA
  C:156EH         PUBLIC        ?C?PSTXDATA
  -------         ENDMOD        ?C?PSTXDATA

BL51 BANKED LINKER/LOCATER V6.22.2.0                                                  10/07/2021  16:30:37  PAGE 71


  -------         MODULE        ?C?CCASE
  C:1577H         PUBLIC        ?C?CCASE
  -------         ENDMOD        ?C?CCASE

  -------         MODULE        STRCAT
  X:0062H         PUBLIC        ?_strcat?BYTE
  C:51F8H         PUBLIC        _strcat
  -------         ENDMOD        STRCAT

  -------         MODULE        STRNCAT
  X:003DH         PUBLIC        ?_strncat?BYTE
  C:405EH         PUBLIC        _strncat
  -------         ENDMOD        STRNCAT

  -------         MODULE        ?C?STRCMP
  C:171BH         PUBLIC        ?C?STRCMP
  -------         ENDMOD        ?C?STRCMP

  -------         MODULE        ?C?STRCPY
  C:1804H         PUBLIC        ?C?STRCPY
  -------         ENDMOD        ?C?STRCPY

  -------         MODULE        STRNCPY
  X:0014H         PUBLIC        ?_strncpy?BYTE
  C:5263H         PUBLIC        _strncpy
  -------         ENDMOD        STRNCPY

  -------         MODULE        STRLEN
  C:000EH         PUBLIC        _STRLEN
  -------         ENDMOD        STRLEN

  -------         MODULE        STRSTR
  X:0014H         PUBLIC        ?_strstr?BYTE
  C:41E7H         PUBLIC        _strstr
  -------         ENDMOD        STRSTR

  -------         MODULE        STRTOK
  X:004AH         PUBLIC        ?_strtok?BYTE
  C:3C2BH         PUBLIC        _strtok
  -------         ENDMOD        STRTOK

  -------         MODULE        ATOL
  C:354CH         PUBLIC        _atol
  -------         ENDMOD        ATOL

  -------         MODULE        ATOI
  C:3D0FH         PUBLIC        _atoi
  -------         ENDMOD        ATOI

  -------         MODULE        ?C?IMUL
  C:1821H         PUBLIC        ?C?IMUL
  -------         ENDMOD        ?C?IMUL

  -------         MODULE        ?C?ILDIX
  C:1833H         PUBLIC        ?C?ILDIX
  -------         ENDMOD        ?C?ILDIX

BL51 BANKED LINKER/LOCATER V6.22.2.0                                                  10/07/2021  16:30:37  PAGE 72


  -------         MODULE        ?C?LMUL
  C:1849H         PUBLIC        ?C?LMUL
  -------         ENDMOD        ?C?LMUL

  -------         MODULE        ISDIGIT
  C:5F3AH         PUBLIC        _isdigit
  -------         ENDMOD        ISDIGIT

  -------         MODULE        ISSPACE
  C:5E67H         PUBLIC        _isspace
  -------         ENDMOD        ISSPACE

  -------         MODULE        STRSPN
  X:0050H         PUBLIC        ?_strspn?BYTE
  C:4E21H         PUBLIC        _strspn
  -------         ENDMOD        STRSPN

  -------         MODULE        STRPBRK
  X:0050H         PUBLIC        ?_strpbrk?BYTE
  C:4F28H         PUBLIC        _strpbrk
  -------         ENDMOD        STRPBRK

Program Size: data=158.4 xdata=366 code=24520
LINK/LOCATE RUN COMPLETE.  0 WARNING(S),  0 ERROR(S)
