BL51 BANKED LINKER/LOCATER V6.22.2.0                                                    10/15/2021  16:07:49  PAGE 1


BL51 BANKED LINKER/LOCATER V6.22.2.0, INVOKED BY:
C:\KEIL_V5\C51\BIN\BL51.EXE .\Objects\main.obj, .\Objects\Clock.obj, .\Objects\delay.obj, .\Objects\eeprom.obj, .\Object
>> s\io_sensores.obj, .\Objects\monitor.obj, .\Objects\num_serie.obj, .\Objects\pantallas.obj, .\Objects\prog.obj, .\Obj
>> ects\pto_paralelo.obj, .\Objects\tibbo.obj, .\Objects\uart.obj, .\Objects\Accescan.obj, .\Objects\verprint.obj TO .\O
>> bjects\VRFCDOR_PRINT_100 PRINT (.\Listings\VRFCDOR_PRINT_100.m51) RAMSIZE (256)


MEMORY MODEL: LARGE WITH FLOATING POINT ARITHMETIC


INPUT MODULES INCLUDED:
  .\Objects\main.obj (MAIN)
  .\Objects\Clock.obj (CLOCK)
  .\Objects\delay.obj (DELAY)
  .\Objects\eeprom.obj (EEPROM)
  .\Objects\io_sensores.obj (IO_SENSORES)
  .\Objects\monitor.obj (MONITOR)
  .\Objects\num_serie.obj (NUM_SERIE)
  .\Objects\pantallas.obj (PANTALLAS)
  .\Objects\prog.obj (PROG)
  .\Objects\pto_paralelo.obj (PTO_PARALELO)
  .\Objects\tibbo.obj (TIBBO)
  .\Objects\uart.obj (UART)
  .\Objects\Accescan.obj (ACCESCAN)
  .\Objects\verprint.obj (VERPRINT)
  C:\KEIL_V5\C51\LIB\C51FPL.LIB (?C?FPADD)
  C:\KEIL_V5\C51\LIB\C51FPL.LIB (?C?FPMUL)
  C:\KEIL_V5\C51\LIB\C51FPL.LIB (?C?FCAST)
  C:\KEIL_V5\C51\LIB\C51FPL.LIB (?C?CASTF)
  C:\KEIL_V5\C51\LIB\C51FPL.LIB (PRINTF)
  C:\KEIL_V5\C51\LIB\C51FPL.LIB (POW)
  C:\KEIL_V5\C51\LIB\C51FPL.LIB (?C?FPGETOPN)
  C:\KEIL_V5\C51\LIB\C51FPL.LIB (?C?CHKFLOAT)
  C:\KEIL_V5\C51\LIB\C51FPL.LIB (?C?FPCMP)
  C:\KEIL_V5\C51\LIB\C51FPL.LIB (?C?FPNEG)
  C:\KEIL_V5\C51\LIB\C51FPL.LIB (?C?FPROUND)
  C:\KEIL_V5\C51\LIB\C51FPL.LIB (?C?FPCONVERT)
  C:\KEIL_V5\C51\LIB\C51FPL.LIB (EXP)
  C:\KEIL_V5\C51\LIB\C51FPL.LIB (LOG)
  C:\KEIL_V5\C51\LIB\C51FPL.LIB (?C?FPDIV)
  C:\KEIL_V5\C51\LIB\C51FPL.LIB (?C?FTNPWR)
  C:\KEIL_V5\C51\LIB\C51FPL.LIB (?C?FPSERIES)
  C:\KEIL_V5\C51\LIB\C51L.LIB (?C_STARTUP)
  C:\KEIL_V5\C51\LIB\C51L.LIB (?C?COPY)
  C:\KEIL_V5\C51\LIB\C51L.LIB (?C?CLDPTR)
  C:\KEIL_V5\C51\LIB\C51L.LIB (?C?CLDOPTR)
  C:\KEIL_V5\C51\LIB\C51L.LIB (?C?CSTPTR)
  C:\KEIL_V5\C51\LIB\C51L.LIB (?C?CSTOPTR)
  C:\KEIL_V5\C51\LIB\C51L.LIB (?C?IILDX)
  C:\KEIL_V5\C51\LIB\C51L.LIB (?C?LNEG)
  C:\KEIL_V5\C51\LIB\C51L.LIB (?C?LLDCODE)
  C:\KEIL_V5\C51\LIB\C51L.LIB (?C?LLDXDATA0)
  C:\KEIL_V5\C51\LIB\C51L.LIB (?C?LLDCODE0)
  C:\KEIL_V5\C51\LIB\C51L.LIB (?C?LSTXDATA)
  C:\KEIL_V5\C51\LIB\C51L.LIB (?C?LSTKXDATA)
  C:\KEIL_V5\C51\LIB\C51L.LIB (?C?PLDIXDATA)
  C:\KEIL_V5\C51\LIB\C51L.LIB (?C?PSTXDATA)
  C:\KEIL_V5\C51\LIB\C51L.LIB (?C?CCASE)
BL51 BANKED LINKER/LOCATER V6.22.2.0                                                  10/15/2021  16:07:49  PAGE 2


  C:\KEIL_V5\C51\LIB\C51L.LIB (STRCAT)
  C:\KEIL_V5\C51\LIB\C51L.LIB (STRNCAT)
  C:\KEIL_V5\C51\LIB\C51L.LIB (?C?STRCMP)
  C:\KEIL_V5\C51\LIB\C51L.LIB (?C?STRCPY)
  C:\KEIL_V5\C51\LIB\C51L.LIB (STRNCPY)
  C:\KEIL_V5\C51\LIB\C51L.LIB (STRLEN)
  C:\KEIL_V5\C51\LIB\C51L.LIB (STRSTR)
  C:\KEIL_V5\C51\LIB\C51L.LIB (STRTOK)
  C:\KEIL_V5\C51\LIB\C51L.LIB (ATOL)
  C:\KEIL_V5\C51\LIB\C51L.LIB (ATOI)
  C:\KEIL_V5\C51\LIB\C51L.LIB (?C_INIT)
  C:\KEIL_V5\C51\LIB\C51L.LIB (?C?IMUL)
  C:\KEIL_V5\C51\LIB\C51L.LIB (?C?ILDIX)
  C:\KEIL_V5\C51\LIB\C51L.LIB (?C?LMUL)
  C:\KEIL_V5\C51\LIB\C51L.LIB (ISDIGIT)
  C:\KEIL_V5\C51\LIB\C51L.LIB (ISSPACE)
  C:\KEIL_V5\C51\LIB\C51L.LIB (STRSPN)
  C:\KEIL_V5\C51\LIB\C51L.LIB (STRPBRK)


LINK MAP OF MODULE:  .\Objects\VRFCDOR_PRINT_100 (MAIN)


            TYPE    BASE      LENGTH    RELOCATION   SEGMENT NAME
            -----------------------------------------------------

            * * * * * * *   D A T A   M E M O R Y   * * * * * * *
            REG     0000H     0008H     ABSOLUTE     "REG BANK 0"
            DATA    0008H     0005H     UNIT         ?DT?UART
            DATA    000DH     0005H     UNIT         _DATA_GROUP_
                    0012H     000EH                  *** GAP ***
            BIT     0020H.0   0001H.1   UNIT         _BIT_GROUP_
            BIT     0021H.1   0000H.1   UNIT         ?BI?MAIN
            BIT     0021H.2   0000H.1   UNIT         ?BI?EEPROM
            BIT     0021H.3   0000H.1   UNIT         ?BI?UART
            BIT     0021H.4   0000H.1   UNIT         ?BI?_ATOL?ATOL
                    0021H.5   0000H.3                *** GAP ***
            IDATA   0022H     008AH     UNIT         ?ID?MAIN
            IDATA   00ACH     0001H     UNIT         ?STACK

            * * * * * * *  X D A T A   M E M O R Y  * * * * * * *
            XDATA   0000H     00B5H     UNIT         _XDATA_GROUP_
            XDATA   00B5H     005FH     UNIT         ?XD?PROG
            XDATA   0114H     0048H     UNIT         ?XD?MAIN
            XDATA   015CH     000EH     UNIT         ?XD?LEER_SERIE?NUM_SERIE
            XDATA   016AH     000BH     UNIT         ?XD?VERPRINT
            XDATA   0175H     0007H     UNIT         ?XD?_ATOL?ATOL
            XDATA   017CH     0003H     UNIT         ?XD?EEPROM
            XDATA   017FH     0003H     UNIT         ?XD?_SERIE_ASCII_SICEROS_L?NUM_SERIE
            XDATA   0182H     0003H     UNIT         ?XD?STRTOK
            XDATA   0185H     0002H     UNIT         ?XD?_CEROS_IZQ?NUM_SERIE
            XDATA   0187H     0001H     UNIT         ?XD?CLOCK

            * * * * * * *   C O D E   M E M O R Y   * * * * * * *
            CODE    0000H     0003H     ABSOLUTE     
            CODE    0003H     0008H     UNIT         ?PR?P_CK?CLOCK
            CODE    000BH     0003H     ABSOLUTE     
BL51 BANKED LINKER/LOCATER V6.22.2.0                                                  10/15/2021  16:07:49  PAGE 3


            CODE    000EH     0015H     UNIT         ?PR?_STRLEN?STRLEN
            CODE    0023H     0003H     ABSOLUTE     
            CODE    0026H     0D34H     UNIT         ?CO?PROG
            CODE    0D5AH     0B3EH     UNIT         ?C?LIB_CODE
            CODE    1898H     0483H     UNIT         ?PR?PRINTF?PRINTF
            CODE    1D1BH     0372H     UNIT         ?PR?_VALIDA_TRAMA_PTO?ACCESCAN
            CODE    208DH     02F0H     UNIT         ?PR?LEE_TICKET?VERPRINT
            CODE    237DH     02D0H     UNIT         ?PR?_TWO_BYTEHEX_DECIMAL?CLOCK
            CODE    264DH     023AH     UNIT         ?PR?MENU?PROG
            CODE    2887H     01D8H     UNIT         ?PR?_BLOCK_READ_CLOCK_ASCII?CLOCK
            CODE    2A5FH     0166H     UNIT         ?PR?_POW?POW
            CODE    2BC5H     0148H     UNIT         ?PR?_TRAMA_PRINT_COD_BARRAS?PTO_PARALELO
            CODE    2D0DH     013EH     UNIT         ?PR?PROG_SIN_COBRO?PROG
            CODE    2E4BH     012EH     UNIT         ?PR?_PANTALLALCD_LINEA_2?PANTALLAS
            CODE    2F79H     012BH     UNIT         ?CO?VERPRINT
            CODE    30A4H     0129H     UNIT         ?PR?LOG?LOG
            CODE    31CDH     0110H     UNIT         ?PR?LOAD_AND_SEND_ID_COD?PTO_PARALELO
            CODE    32DDH     010CH     UNIT         ?PR?_ATOL?ATOL
            CODE    33E9H     00FCH     UNIT         ?PR?PROG_DEBUG?PROG
            CODE    34E5H     00FCH     UNIT         ?PR?PROG_USE_LPR?PROG
            CODE    35E1H     00FCH     UNIT         ?PR?TIPO_PANTALLA?PROG
            CODE    36DDH     00FCH     UNIT         ?PR?PROG_COMPARACION_ACTIVA?PROG
            CODE    37D9H     00FCH     UNIT         ?PR?PROG_QR_BARRAS?PROG
            CODE    38D5H     00FBH     UNIT         ?CO?PANTALLAS
            CODE    39D0H     00E7H     UNIT         ?PR?_CMD_LPR_SALIDA_PRINT?MONITOR
            CODE    3AB7H     00E4H     UNIT         ?PR?_STRTOK?STRTOK
            CODE    3B9BH     00DBH     UNIT         ?PR?_ATOI?ATOI
            CODE    3C76H     00D6H     UNIT         ?PR?_CMD_LPR_SALIDA_WIEGAND?MONITOR
            CODE    3D4CH     00C6H     UNIT         ?PR?SHOW?PROG
            CODE    3E12H     00C5H     UNIT         ?PR?_STRNCAT?STRNCAT
            CODE    3ED7H     00C4H     UNIT         ?PR?_BLOCK_READ_CLOCK?CLOCK
            CODE    3F9BH     00BFH     UNIT         ?PR?_STRSTR?STRSTR
            CODE    405AH     00BDH     UNIT         ?PR?PROG_COD_PARK?PROG
            CODE    4117H     00BDH     UNIT         ?PR?PROG_TIEMPO_GRACIA?PROG
            CODE    41D4H     00B9H     UNIT         ?PR?MAIN?MAIN
            CODE    428DH     00B6H     UNIT         ?PR?PROG_ID_CLIENTE?PROG
            CODE    4343H     00B4H     UNIT         ?PR?_SEND_PORT?PTO_PARALELO
            CODE    43F7H     00B2H     UNIT         ?C_INITSEG
            CODE    44A9H     00A0H     UNIT         ?CO?IO_SENSORES
            CODE    4549H     009BH     UNIT         ?PR?_VALIDA_TRAMA_MONITOR?MONITOR
            CODE    45E4H     009AH     UNIT         ?PR?EXP?EXP
            CODE    467EH     0097H     UNIT         ?PR?_RECIBE_PORT?PTO_PARALELO
            CODE    4715H     0095H     UNIT         ?PR?_RECIBE_CMD_MONITOR?MONITOR
            CODE    47AAH     0090H     UNIT         ?PR?_LEE_CLK?CLOCK
            CODE    483AH     0090H     UNIT         ?PR?_PANTALLALCD?PANTALLAS
            CODE    48CAH     0090H     UNIT         ?PR?_GETOPTION?PROG
            CODE    495AH     008FH     UNIT         ?PR?_BLOCK_WRITE_CLOCK_ASCII?CLOCK
            CODE    49E9H     008CH     UNIT         ?C_C51STARTUP
            CODE    4A75H     008AH     UNIT         ?PR?VARIABLE_INICIO?MAIN
            CODE    4AFFH     008AH     UNIT         ?PR?_ESCRIBIRMEMORIA?EEPROM
            CODE    4B89H     0088H     UNIT         ?PR?_SEND_PORTERR?PTO_PARALELO
            CODE    4C11H     0088H     UNIT         ?PR?RX_DATA?TIBBO
            CODE    4C99H     0085H     UNIT         ?PR?COM_ISR?UART
            CODE    4D1EH     0084H     UNIT         ?PR?_STRSPN?STRSPN
            CODE    4DA2H     0081H     UNIT         ?PR?_STRPBRK?STRPBRK
            CODE    4E23H     0080H     UNIT         ?PR?_INGRESADATO?PROG
            CODE    4EA3H     0073H     UNIT         ?PR?MSJ_LCD_INFORMATIVO?IO_SENSORES
BL51 BANKED LINKER/LOCATER V6.22.2.0                                                  10/15/2021  16:07:49  PAGE 4


            CODE    4F16H     006FH     UNIT         ?PR?VALIDASENSORESPASO?IO_SENSORES
            CODE    4F85H     006EH     UNIT         ?PR?_DEBUGBUFFERMF?TIBBO
            CODE    4FF3H     006BH     UNIT         ?PR?_STRCAT?STRCAT
            CODE    505EH     0068H     UNIT         ?PR?_STRNCPY?STRNCPY
            CODE    50C6H     0062H     UNIT         ?PR?_LISTACOMANDOS?PROG
            CODE    5128H     005EH     UNIT         ?PR?_RASPBERRY_DATA?PANTALLAS
            CODE    5186H     0058H     UNIT         ?PR?_LEERMEMORIA?EEPROM
            CODE    51DEH     0057H     UNIT         ?CO?TIBBO
            CODE    5235H     0053H     UNIT         ?PR?_BYTEHEX_DECIMAL?CLOCK
            CODE    5288H     004DH     UNIT         ?PR?L_D_M?EEPROM
            CODE    52D5H     0048H     UNIT         ?PR?_TX_AUX?TIBBO
            CODE    531DH     0047H     UNIT         ?PR?PROG_CLIENTE?PROG
            CODE    5364H     0047H     UNIT         ?PR?PROG_NIT?PROG
            CODE    53ABH     0047H     UNIT         ?PR?PROG_NOM_PARQ?PROG
            CODE    53F2H     0047H     UNIT         ?PR?PROG_DIRECCION?PROG
            CODE    5439H     0047H     UNIT         ?PR?PROG_MSJ1?PROG
            CODE    5480H     0047H     UNIT         ?PR?PROG_MSJ2?PROG
            CODE    54C7H     0047H     UNIT         ?PR?PROG_MSJ3?PROG
            CODE    550EH     0047H     UNIT         ?PR?PROG_MSJ4?PROG
            CODE    5555H     0047H     UNIT         ?PR?PROG_MSJ5?PROG
            CODE    559CH     0047H     UNIT         ?PR?PROG_MSJ6?PROG
            CODE    55E3H     0047H     UNIT         ?PR?PROG_MSJ7?PROG
            CODE    562AH     0047H     UNIT         ?PR?_DEBUG_CHR_TIBBO?TIBBO
            CODE    5671H     0046H     UNIT         ?PR?_LCD_TXT_NUM_CHAR?PANTALLAS
            CODE    56B7H     0045H     UNIT         ?PR?_VALIDARCLAVE?PROG
            CODE    56FCH     0041H     UNIT         ?PR?_TWO_ONE?CLOCK
            CODE    573DH     0041H     UNIT         ?PR?_MONITOR_CHR?MONITOR
            CODE    577EH     0040H     UNIT         ?PR?_GETCMD?PROG
            CODE    57BEH     003FH     UNIT         ?PR?_EB_CLK?CLOCK
            CODE    57FDH     003FH     UNIT         ?PR?_WR_EEPROM?EEPROM
            CODE    583CH     003EH     UNIT         ?PR?_PUTCHAR?MAIN
            CODE    587AH     003EH     UNIT         ?PR?_DEBUG_TXT_TIBBO?TIBBO
            CODE    58B8H     003DH     UNIT         ?PR?_CEROS_IZQ?NUM_SERIE
            CODE    58F5H     003CH     UNIT         ?PR?_SERIE_ASCII_SICEROS_L?NUM_SERIE
            CODE    5931H     003CH     UNIT         ?PR?_LCD_TXT?PANTALLAS
            CODE    596DH     003BH     UNIT         ?PR?_COM_PUTCHAR?UART
            CODE    59A8H     0039H     UNIT         ?PR?_RD_EEPROM?EEPROM
            CODE    59E1H     0035H     UNIT         ?PR?RELOJ_PANTALLA_LCD?PANTALLAS
            CODE    5A16H     002CH     UNIT         ?PR?LOAD_AND_SEND_INFO_RELOJ?PTO_PARALELO
            CODE    5A42H     002AH     UNIT         ?PR?COM_INITIALIZE?UART
            CODE    5A6CH     0028H     UNIT         ?PR?_WR_CLK?CLOCK
            CODE    5A94H     0028H     UNIT         ?PR?COM_BAUDRATE?UART
            CODE    5ABCH     0026H     UNIT         ?PR?COM_GETCHAR?UART
            CODE    5AE2H     0024H     UNIT         ?PR?_NUM_NUM?VERPRINT
            CODE    5B06H     0022H     UNIT         ?PR?_E_D_M?EEPROM
            CODE    5B28H     0020H     UNIT         ?PR?ACKD?EEPROM
            CODE    5B48H     0020H     UNIT         ?PR?ACK_LECT?EEPROM
            CODE    5B68H     0020H     UNIT         ?PR?TIME_BIT?TIBBO
            CODE    5B88H     001FH     UNIT         ?PR?VALIDASENSOR?IO_SENSORES
            CODE    5BA7H     001EH     UNIT         ?PR?_BCD_HEX?CLOCK
            CODE    5BC5H     001EH     UNIT         ?PR?_TX_CHRLCD?PANTALLAS
            CODE    5BE3H     001CH     UNIT         ?PR?LEER_SERIE?NUM_SERIE
            CODE    5BFFH     001BH     UNIT         ?PR?_DELAY_1MS?DELAY
            CODE    5C1AH     001AH     UNIT         ?PR?TIME_MBIT?TIBBO
            CODE    5C34H     0019H     UNIT         ?PR?TIMER0_INT?MAIN
            CODE    5C4DH     0018H     UNIT         ?CO?ACCESCAN
            CODE    5C65H     0017H     UNIT         ?PR?DISPLAYCURSOR?PROG
BL51 BANKED LINKER/LOCATER V6.22.2.0                                                  10/15/2021  16:07:49  PAGE 5


            CODE    5C7CH     0014H     UNIT         ?PR?_ISSPACE?ISSPACE
            CODE    5C90H     0013H     UNIT         ?PR?_NUM_CHAR?VERPRINT
            CODE    5CA3H     0012H     UNIT         ?PR?_DELAY_20US?DELAY
            CODE    5CB5H     0012H     UNIT         ?PR?START?EEPROM
            CODE    5CC7H     0012H     UNIT         ?PR?DIR_BOARD?IO_SENSORES
            CODE    5CD9H     0012H     UNIT         ?PR?PULSO_BUS?PTO_PARALELO
            CODE    5CEBH     0012H     UNIT         ?PR?COM_RBUFLEN?UART
            CODE    5CFDH     0012H     UNIT         ?PR?COM_TBUFLEN?UART
            CODE    5D0FH     0010H     UNIT         ?PR?INI_TIMER?MAIN
            CODE    5D1FH     0010H     UNIT         ?PR?INICIA_BOARD?MAIN
            CODE    5D2FH     0010H     UNIT         ?PR?_GRABA_SERIE_ASCII_HEX?NUM_SERIE
            CODE    5D3FH     0010H     UNIT         ?CO?PTO_PARALELO
            CODE    5D4FH     000FH     UNIT         ?PR?_ISDIGIT?ISDIGIT
            CODE    5D5EH     000EH     UNIT         ?PR?CLEAR_BUFFER?UART
            CODE    5D6CH     000CH     UNIT         ?PR?_GETKEY?MAIN
            CODE    5D78H     000AH     UNIT         ?PR?COND_INI_PTO?PTO_PARALELO
            CODE    5D82H     0009H     UNIT         ?PR?STOP?EEPROM
            CODE    5D8BH     0009H     UNIT         ?PR?DEBUG_DIVIDIR_TEXTO?TIBBO
            CODE    5D94H     0007H     UNIT         ?PR?COND_INI_CLOCK?CLOCK
            CODE    5D9BH     0007H     UNIT         ?PR?SEL_FUNCION?IO_SENSORES
            CODE    5DA2H     0007H     UNIT         ?PR?SEL_AUTO?IO_SENSORES
            CODE    5DA9H     0007H     UNIT         ?PR?SEL_SENSOR2?IO_SENSORES
            CODE    5DB0H     0007H     UNIT         ?PR?SEL_SENSOR1?IO_SENSORES
            CODE    5DB7H     0007H     UNIT         ?PR?SEL_DIR1?IO_SENSORES
            CODE    5DBEH     0007H     UNIT         ?PR?SEL_DIR2?IO_SENSORES
            CODE    5DC5H     0006H     UNIT         ?PR?P_ME?EEPROM
            CODE    5DCBH     0005H     UNIT         ?PR?ON_TIMER0_INTERRUP?MAIN
            CODE    5DD0H     0005H     UNIT         ?PR?COND_INI_TIBBO?TIBBO
            CODE    5DD5H     0004H     UNIT         ?CO?NUM_SERIE
            CODE    5DD9H     0003H     UNIT         ?PR?OFF_TIMER0_INTERRUP?MAIN
            CODE    5DDCH     0003H     UNIT         ?CO?MAIN
            CODE    5DDFH     0001H     UNIT         ?PR?DELAY?DELAY



OVERLAY MAP OF MODULE:   .\Objects\VRFCDOR_PRINT_100 (MAIN)


SEGMENT                                             BIT_GROUP          DATA_GROUP          XDATA_GROUP
  +--> CALLED SEGMENT                            START    LENGTH     START    LENGTH     START    LENGTH
--------------------------------------------------------------------------------------------------------
?C_C51STARTUP                                    -----    -----      -----    -----      -----    -----
  +--> ?PR?MAIN?MAIN
  +--> ?C_INITSEG

?PR?MAIN?MAIN                                    -----    -----      -----    -----      0000H    000EH
  +--> ?PR?INI_TIMER?MAIN
  +--> ?PR?ON_TIMER0_INTERRUP?MAIN
  +--> ?PR?COM_INITIALIZE?UART
  +--> ?PR?COM_BAUDRATE?UART
  +--> ?PR?INICIA_BOARD?MAIN
  +--> ?PR?TIME_BIT?TIBBO
  +--> ?PR?TIME_MBIT?TIBBO
  +--> ?PR?_TX_AUX?TIBBO
  +--> ?PR?SEL_FUNCION?IO_SENSORES
  +--> ?PR?MENU?PROG
  +--> ?PR?VARIABLE_INICIO?MAIN
BL51 BANKED LINKER/LOCATER V6.22.2.0                                                  10/15/2021  16:07:49  PAGE 6


  +--> ?PR?_RECIBE_CMD_MONITOR?MONITOR
  +--> ?PR?DEBUG_DIVIDIR_TEXTO?TIBBO
  +--> ?PR?_VALIDA_TRAMA_MONITOR?MONITOR
  +--> ?PR?_DEBUGBUFFERMF?TIBBO
  +--> ?PR?_DEBUG_TXT_TIBBO?TIBBO
  +--> ?PR?LEE_TICKET?VERPRINT
  +--> ?PR?_RECIBE_PORT?PTO_PARALELO
  +--> ?PR?_DEBUG_CHR_TIBBO?TIBBO
  +--> ?CO?MAIN
  +--> ?PR?_VALIDA_TRAMA_PTO?ACCESCAN
  +--> ?PR?MSJ_LCD_INFORMATIVO?IO_SENSORES

?PR?COM_INITIALIZE?UART                          -----    -----      -----    -----      -----    -----
  +--> ?PR?COM_BAUDRATE?UART

?PR?INICIA_BOARD?MAIN                            -----    -----      -----    -----      -----    -----
  +--> ?PR?COND_INI_TIBBO?TIBBO
  +--> ?PR?COND_INI_CLOCK?CLOCK
  +--> ?PR?COND_INI_PTO?PTO_PARALELO

?PR?_TX_AUX?TIBBO                                -----    -----      -----    -----      -----    -----
  +--> ?PR?TIME_BIT?TIBBO

?PR?MENU?PROG                                    -----    -----      -----    -----      000EH    0031H
  +--> ?CO?PROG
  +--> ?PR?PRINTF?PRINTF
  +--> ?PR?CLEAR_BUFFER?UART
  +--> ?PR?_INGRESADATO?PROG
  +--> ?PR?_GETCMD?PROG
  +--> ?PR?_VALIDARCLAVE?PROG
  +--> ?PR?DISPLAYCURSOR?PROG
  +--> ?PR?_STRLEN?STRLEN
  +--> ?PR?_GETOPTION?PROG
  +--> ?PR?_STRCAT?STRCAT
  +--> ?PR?_LISTACOMANDOS?PROG
  +--> ?PR?PROG_ID_CLIENTE?PROG
  +--> ?PR?PROG_COD_PARK?PROG
  +--> ?PR?PROG_TIEMPO_GRACIA?PROG
  +--> ?PR?PROG_SIN_COBRO?PROG
  +--> ?PR?PROG_DEBUG?PROG
  +--> ?PR?PROG_USE_LPR?PROG
  +--> ?PR?TIPO_PANTALLA?PROG
  +--> ?PR?PROG_COMPARACION_ACTIVA?PROG
  +--> ?PR?PROG_QR_BARRAS?PROG
  +--> ?PR?PROG_CLIENTE?PROG
  +--> ?PR?PROG_NIT?PROG
  +--> ?PR?PROG_NOM_PARQ?PROG
  +--> ?PR?PROG_DIRECCION?PROG
  +--> ?PR?PROG_MSJ1?PROG
  +--> ?PR?PROG_MSJ2?PROG
  +--> ?PR?PROG_MSJ3?PROG
  +--> ?PR?PROG_MSJ4?PROG
  +--> ?PR?PROG_MSJ5?PROG
  +--> ?PR?PROG_MSJ6?PROG
  +--> ?PR?PROG_MSJ7?PROG
  +--> ?PR?SHOW?PROG

BL51 BANKED LINKER/LOCATER V6.22.2.0                                                  10/15/2021  16:07:49  PAGE 7


?PR?PRINTF?PRINTF                                0020H.0  0001H.1    000DH    0005H      0081H    0030H
  +--> ?PR?_PUTCHAR?MAIN

?PR?_PUTCHAR?MAIN                                -----    -----      -----    -----      00B1H    0003H
  +--> ?PR?_COM_PUTCHAR?UART

?PR?_COM_PUTCHAR?UART                            -----    -----      -----    -----      00B4H    0001H
  +--> ?PR?COM_TBUFLEN?UART

?PR?_INGRESADATO?PROG                            -----    -----      -----    -----      007DH    0004H
  +--> ?PR?_GETKEY?MAIN
  +--> ?CO?PROG
  +--> ?PR?PRINTF?PRINTF
  +--> ?PR?_PUTCHAR?MAIN

?PR?_GETKEY?MAIN                                 -----    -----      -----    -----      -----    -----
  +--> ?PR?COM_GETCHAR?UART

?PR?COM_GETCHAR?UART                             -----    -----      -----    -----      -----    -----
  +--> ?PR?COM_RBUFLEN?UART

?PR?_GETCMD?PROG                                 -----    -----      -----    -----      003FH    0007H
  +--> ?CO?PROG
  +--> ?PR?_STRTOK?STRTOK

?PR?_STRTOK?STRTOK                               -----    -----      -----    -----      004AH    0006H
  +--> ?PR?_STRSPN?STRSPN
  +--> ?PR?_STRPBRK?STRPBRK

?PR?_STRSPN?STRSPN                               -----    -----      -----    -----      0050H    0008H

?PR?_STRPBRK?STRPBRK                             -----    -----      -----    -----      0050H    0009H

?PR?_VALIDARCLAVE?PROG                           -----    -----      -----    -----      003FH    000AH

?PR?DISPLAYCURSOR?PROG                           -----    -----      -----    -----      -----    -----
  +--> ?CO?PROG
  +--> ?PR?PRINTF?PRINTF

?PR?_GETOPTION?PROG                              -----    -----      -----    -----      003FH    000BH
  +--> ?CO?PROG
  +--> ?PR?_STRTOK?STRTOK

?PR?_STRCAT?STRCAT                               -----    -----      -----    -----      0050H    0009H

?PR?_LISTACOMANDOS?PROG                          -----    -----      -----    -----      003FH    0007H

?PR?PROG_ID_CLIENTE?PROG                         -----    -----      -----    -----      003FH    000CH
  +--> ?PR?_RD_EEPROM?EEPROM
  +--> ?CO?PROG
  +--> ?PR?PRINTF?PRINTF
  +--> ?PR?_INGRESADATO?PROG
  +--> ?PR?_ATOI?ATOI
  +--> ?PR?_WR_EEPROM?EEPROM

?PR?_RD_EEPROM?EEPROM                            -----    -----      -----    -----      -----    -----
  +--> ?PR?START?EEPROM
BL51 BANKED LINKER/LOCATER V6.22.2.0                                                  10/15/2021  16:07:49  PAGE 8


  +--> ?PR?ACK_LECT?EEPROM
  +--> ?PR?_E_D_M?EEPROM
  +--> ?PR?ACKD?EEPROM
  +--> ?PR?L_D_M?EEPROM
  +--> ?PR?STOP?EEPROM

?PR?ACK_LECT?EEPROM                              -----    -----      -----    -----      -----    -----
  +--> ?PR?_E_D_M?EEPROM

?PR?_E_D_M?EEPROM                                -----    -----      -----    -----      -----    -----
  +--> ?PR?P_ME?EEPROM

?PR?ACKD?EEPROM                                  -----    -----      -----    -----      -----    -----
  +--> ?PR?_E_D_M?EEPROM

?PR?_ATOI?ATOI                                   0020H.0  0000H.1    -----    -----      004BH    0005H
  +--> ?PR?_ISSPACE?ISSPACE
  +--> ?PR?_ISDIGIT?ISDIGIT

?PR?_WR_EEPROM?EEPROM                            -----    -----      -----    -----      -----    -----
  +--> ?PR?START?EEPROM
  +--> ?PR?ACKD?EEPROM
  +--> ?PR?_E_D_M?EEPROM
  +--> ?PR?STOP?EEPROM
  +--> ?PR?_DELAY_1MS?DELAY
  +--> ?PR?_DELAY_20US?DELAY

?PR?_DELAY_1MS?DELAY                             -----    -----      -----    -----      -----    -----
  +--> ?PR?_DELAY_20US?DELAY

?PR?PROG_COD_PARK?PROG                           -----    -----      -----    -----      003FH    000CH
  +--> ?PR?_RD_EEPROM?EEPROM
  +--> ?CO?PROG
  +--> ?PR?PRINTF?PRINTF
  +--> ?PR?_INGRESADATO?PROG
  +--> ?PR?_ATOI?ATOI
  +--> ?PR?_WR_EEPROM?EEPROM

?PR?PROG_TIEMPO_GRACIA?PROG                      -----    -----      -----    -----      003FH    000CH
  +--> ?PR?_RD_EEPROM?EEPROM
  +--> ?CO?PROG
  +--> ?PR?PRINTF?PRINTF
  +--> ?PR?_INGRESADATO?PROG
  +--> ?PR?_ATOI?ATOI
  +--> ?PR?_WR_EEPROM?EEPROM

?PR?PROG_SIN_COBRO?PROG                          -----    -----      -----    -----      003FH    000CH
  +--> ?PR?_RD_EEPROM?EEPROM
  +--> ?CO?PROG
  +--> ?PR?PRINTF?PRINTF
  +--> ?PR?_INGRESADATO?PROG
  +--> ?PR?_ATOI?ATOI
  +--> ?PR?_WR_EEPROM?EEPROM

?PR?PROG_DEBUG?PROG                              -----    -----      -----    -----      003FH    000CH
  +--> ?PR?_RD_EEPROM?EEPROM
  +--> ?CO?PROG
BL51 BANKED LINKER/LOCATER V6.22.2.0                                                  10/15/2021  16:07:49  PAGE 9


  +--> ?PR?PRINTF?PRINTF
  +--> ?PR?_INGRESADATO?PROG
  +--> ?PR?_ATOI?ATOI
  +--> ?PR?_WR_EEPROM?EEPROM

?PR?PROG_USE_LPR?PROG                            -----    -----      -----    -----      003FH    000CH
  +--> ?PR?_RD_EEPROM?EEPROM
  +--> ?CO?PROG
  +--> ?PR?PRINTF?PRINTF
  +--> ?PR?_INGRESADATO?PROG
  +--> ?PR?_ATOI?ATOI
  +--> ?PR?_WR_EEPROM?EEPROM

?PR?TIPO_PANTALLA?PROG                           -----    -----      -----    -----      003FH    000CH
  +--> ?PR?_RD_EEPROM?EEPROM
  +--> ?CO?PROG
  +--> ?PR?PRINTF?PRINTF
  +--> ?PR?_INGRESADATO?PROG
  +--> ?PR?_ATOI?ATOI
  +--> ?PR?_WR_EEPROM?EEPROM

?PR?PROG_COMPARACION_ACTIVA?PROG                 -----    -----      -----    -----      003FH    000CH
  +--> ?PR?_RD_EEPROM?EEPROM
  +--> ?CO?PROG
  +--> ?PR?PRINTF?PRINTF
  +--> ?PR?_INGRESADATO?PROG
  +--> ?PR?_ATOI?ATOI
  +--> ?PR?_WR_EEPROM?EEPROM

?PR?PROG_QR_BARRAS?PROG                          -----    -----      -----    -----      003FH    000CH
  +--> ?PR?_RD_EEPROM?EEPROM
  +--> ?CO?PROG
  +--> ?PR?PRINTF?PRINTF
  +--> ?PR?_INGRESADATO?PROG
  +--> ?PR?_ATOI?ATOI
  +--> ?PR?_WR_EEPROM?EEPROM

?PR?PROG_CLIENTE?PROG                            -----    -----      -----    -----      003FH    0030H
  +--> ?CO?PROG
  +--> ?PR?PRINTF?PRINTF
  +--> ?PR?_INGRESADATO?PROG
  +--> ?PR?_ESCRIBIRMEMORIA?EEPROM
  +--> ?PR?_LEERMEMORIA?EEPROM

?PR?_ESCRIBIRMEMORIA?EEPROM                      -----    -----      -----    -----      007DH    0006H
  +--> ?PR?_WR_EEPROM?EEPROM

?PR?_LEERMEMORIA?EEPROM                          -----    -----      -----    -----      007DH    0005H
  +--> ?PR?_RD_EEPROM?EEPROM

?PR?PROG_NIT?PROG                                -----    -----      -----    -----      003FH    0010H
  +--> ?CO?PROG
  +--> ?PR?PRINTF?PRINTF
  +--> ?PR?_INGRESADATO?PROG
  +--> ?PR?_ESCRIBIRMEMORIA?EEPROM
  +--> ?PR?_LEERMEMORIA?EEPROM

BL51 BANKED LINKER/LOCATER V6.22.2.0                                                  10/15/2021  16:07:49  PAGE 10


?PR?PROG_NOM_PARQ?PROG                           -----    -----      -----    -----      003FH    0030H
  +--> ?CO?PROG
  +--> ?PR?PRINTF?PRINTF
  +--> ?PR?_INGRESADATO?PROG
  +--> ?PR?_ESCRIBIRMEMORIA?EEPROM
  +--> ?PR?_LEERMEMORIA?EEPROM

?PR?PROG_DIRECCION?PROG                          -----    -----      -----    -----      003FH    0030H
  +--> ?CO?PROG
  +--> ?PR?PRINTF?PRINTF
  +--> ?PR?_INGRESADATO?PROG
  +--> ?PR?_ESCRIBIRMEMORIA?EEPROM
  +--> ?PR?_LEERMEMORIA?EEPROM

?PR?PROG_MSJ1?PROG                               -----    -----      -----    -----      003FH    003EH
  +--> ?CO?PROG
  +--> ?PR?PRINTF?PRINTF
  +--> ?PR?_INGRESADATO?PROG
  +--> ?PR?_ESCRIBIRMEMORIA?EEPROM
  +--> ?PR?_LEERMEMORIA?EEPROM

?PR?PROG_MSJ2?PROG                               -----    -----      -----    -----      003FH    003EH
  +--> ?CO?PROG
  +--> ?PR?PRINTF?PRINTF
  +--> ?PR?_INGRESADATO?PROG
  +--> ?PR?_ESCRIBIRMEMORIA?EEPROM
  +--> ?PR?_LEERMEMORIA?EEPROM

?PR?PROG_MSJ3?PROG                               -----    -----      -----    -----      003FH    003EH
  +--> ?CO?PROG
  +--> ?PR?PRINTF?PRINTF
  +--> ?PR?_INGRESADATO?PROG
  +--> ?PR?_ESCRIBIRMEMORIA?EEPROM
  +--> ?PR?_LEERMEMORIA?EEPROM

?PR?PROG_MSJ4?PROG                               -----    -----      -----    -----      003FH    003EH
  +--> ?CO?PROG
  +--> ?PR?PRINTF?PRINTF
  +--> ?PR?_INGRESADATO?PROG
  +--> ?PR?_ESCRIBIRMEMORIA?EEPROM
  +--> ?PR?_LEERMEMORIA?EEPROM

?PR?PROG_MSJ5?PROG                               -----    -----      -----    -----      003FH    003EH
  +--> ?CO?PROG
  +--> ?PR?PRINTF?PRINTF
  +--> ?PR?_INGRESADATO?PROG
  +--> ?PR?_ESCRIBIRMEMORIA?EEPROM
  +--> ?PR?_LEERMEMORIA?EEPROM

?PR?PROG_MSJ6?PROG                               -----    -----      -----    -----      003FH    003EH
  +--> ?CO?PROG
  +--> ?PR?PRINTF?PRINTF
  +--> ?PR?_INGRESADATO?PROG
  +--> ?PR?_ESCRIBIRMEMORIA?EEPROM
  +--> ?PR?_LEERMEMORIA?EEPROM

?PR?PROG_MSJ7?PROG                               -----    -----      -----    -----      003FH    003EH
BL51 BANKED LINKER/LOCATER V6.22.2.0                                                  10/15/2021  16:07:49  PAGE 11


  +--> ?CO?PROG
  +--> ?PR?PRINTF?PRINTF
  +--> ?PR?_INGRESADATO?PROG
  +--> ?PR?_ESCRIBIRMEMORIA?EEPROM
  +--> ?PR?_LEERMEMORIA?EEPROM

?PR?SHOW?PROG                                    -----    -----      -----    -----      -----    -----
  +--> ?CO?PROG
  +--> ?PR?PRINTF?PRINTF

?PR?VARIABLE_INICIO?MAIN                         -----    -----      -----    -----      -----    -----
  +--> ?PR?_RD_EEPROM?EEPROM

?PR?_RECIBE_CMD_MONITOR?MONITOR                  -----    -----      -----    -----      000EH    0006H
  +--> ?PR?RX_DATA?TIBBO

?PR?RX_DATA?TIBBO                                -----    -----      -----    -----      -----    -----
  +--> ?PR?TIME_MBIT?TIBBO
  +--> ?PR?TIME_BIT?TIBBO

?PR?DEBUG_DIVIDIR_TEXTO?TIBBO                    -----    -----      -----    -----      -----    -----
  +--> ?CO?TIBBO
  +--> ?PR?_DEBUG_TXT_TIBBO?TIBBO

?PR?_DEBUG_TXT_TIBBO?TIBBO                       -----    -----      -----    -----      0043H    0004H
  +--> ?PR?_TX_AUX?TIBBO

?PR?_VALIDA_TRAMA_MONITOR?MONITOR                -----    -----      -----    -----      000EH    0003H

?PR?_DEBUGBUFFERMF?TIBBO                         -----    -----      -----    -----      003DH    0006H
  +--> ?CO?TIBBO
  +--> ?PR?_DEBUG_TXT_TIBBO?TIBBO
  +--> ?PR?_DEBUG_CHR_TIBBO?TIBBO
  +--> ?PR?_TX_AUX?TIBBO

?PR?_DEBUG_CHR_TIBBO?TIBBO                       -----    -----      -----    -----      -----    -----
  +--> ?PR?_TX_AUX?TIBBO

?PR?LEE_TICKET?VERPRINT                          -----    -----      -----    -----      000EH    0006H
  +--> ?PR?VALIDASENSORESPASO?IO_SENSORES
  +--> ?CO?VERPRINT
  +--> ?PR?_DEBUG_TXT_TIBBO?TIBBO
  +--> ?PR?_PANTALLALCD?PANTALLAS
  +--> ?PR?_SEND_PORTERR?PTO_PARALELO
  +--> ?PR?_STRLEN?STRLEN
  +--> ?PR?CLEAR_BUFFER?UART
  +--> ?PR?_TRAMA_PRINT_COD_BARRAS?PTO_PARALELO
  +--> ?PR?_CMD_LPR_SALIDA_PRINT?MONITOR
  +--> ?PR?_NUM_NUM?VERPRINT
  +--> ?PR?_NUM_CHAR?VERPRINT
  +--> ?PR?_STRSTR?STRSTR
  +--> ?PR?_DEBUG_CHR_TIBBO?TIBBO
  +--> ?PR?_STRNCPY?STRNCPY

?PR?VALIDASENSORESPASO?IO_SENSORES               -----    -----      -----    -----      -----    -----
  +--> ?PR?SEL_SENSOR2?IO_SENSORES
  +--> ?PR?VALIDASENSOR?IO_SENSORES
BL51 BANKED LINKER/LOCATER V6.22.2.0                                                  10/15/2021  16:07:49  PAGE 12


  +--> ?PR?SEL_SENSOR1?IO_SENSORES
  +--> ?PR?SEL_AUTO?IO_SENSORES
  +--> ?CO?IO_SENSORES
  +--> ?PR?_DEBUG_TXT_TIBBO?TIBBO

?PR?_PANTALLALCD?PANTALLAS                       -----    -----      -----    -----      001DH    0028H
  +--> ?CO?PANTALLAS
  +--> ?PR?_RASPBERRY_DATA?PANTALLAS

?PR?_RASPBERRY_DATA?PANTALLAS                    -----    -----      -----    -----      0050H    0005H
  +--> ?PR?_STRLEN?STRLEN
  +--> ?PR?_PUTCHAR?MAIN

?PR?_SEND_PORTERR?PTO_PARALELO                   -----    -----      -----    -----      001DH    0006H
  +--> ?PR?PULSO_BUS?PTO_PARALELO
  +--> ?PR?_DELAY_20US?DELAY

?PR?PULSO_BUS?PTO_PARALELO                       -----    -----      -----    -----      -----    -----
  +--> ?PR?_DELAY_20US?DELAY

?PR?_TRAMA_PRINT_COD_BARRAS?PTO_PARALELO         -----    -----      -----    -----      0014H    0029H
  +--> ?PR?_STRLEN?STRLEN
  +--> ?PR?_STRNCAT?STRNCAT
  +--> ?CO?PTO_PARALELO
  +--> ?PR?_STRCAT?STRCAT
  +--> ?PR?_LEE_CLK?CLOCK
  +--> ?PR?_BCD_HEX?CLOCK
  +--> ?PR?_SEND_PORT?PTO_PARALELO
  +--> ?PR?DEBUG_DIVIDIR_TEXTO?TIBBO
  +--> ?PR?_DEBUGBUFFERMF?TIBBO

?PR?_STRNCAT?STRNCAT                             -----    -----      -----    -----      003DH    000AH

?PR?_LEE_CLK?CLOCK                               -----    -----      -----    -----      0042H    0003H
  +--> ?PR?_DELAY_20US?DELAY
  +--> ?PR?_EB_CLK?CLOCK
  +--> ?PR?P_CK?CLOCK

?PR?_EB_CLK?CLOCK                                -----    -----      -----    -----      0045H    0003H
  +--> ?PR?P_CK?CLOCK

?PR?P_CK?CLOCK                                   -----    -----      -----    -----      -----    -----
  +--> ?PR?DELAY?DELAY

?PR?_SEND_PORT?PTO_PARALELO                      -----    -----      -----    -----      003DH    000AH
  +--> ?PR?PULSO_BUS?PTO_PARALELO
  +--> ?PR?_DELAY_20US?DELAY

?PR?_CMD_LPR_SALIDA_PRINT?MONITOR                -----    -----      -----    -----      0014H    0027H
  +--> ?PR?DIR_BOARD?IO_SENSORES
  +--> ?PR?_STRCAT?STRCAT
  +--> ?PR?_STRLEN?STRLEN
  +--> ?PR?_BLOCK_READ_CLOCK_ASCII?CLOCK
  +--> ?PR?_MONITOR_CHR?MONITOR

?PR?DIR_BOARD?IO_SENSORES                        -----    -----      -----    -----      -----    -----
  +--> ?PR?SEL_DIR1?IO_SENSORES
BL51 BANKED LINKER/LOCATER V6.22.2.0                                                  10/15/2021  16:07:49  PAGE 13


  +--> ?PR?SEL_DIR2?IO_SENSORES

?PR?_BLOCK_READ_CLOCK_ASCII?CLOCK                -----    -----      -----    -----      003FH    0003H
  +--> ?PR?_LEE_CLK?CLOCK

?PR?_MONITOR_CHR?MONITOR                         -----    -----      -----    -----      003FH    0005H
  +--> ?PR?_TX_AUX?TIBBO

?PR?_STRSTR?STRSTR                               -----    -----      -----    -----      0014H    000CH

?PR?_STRNCPY?STRNCPY                             -----    -----      -----    -----      0014H    000AH

?PR?_RECIBE_PORT?PTO_PARALELO                    -----    -----      -----    -----      000EH    0007H
  +--> ?PR?OFF_TIMER0_INTERRUP?MAIN
  +--> ?PR?ON_TIMER0_INTERRUP?MAIN

?PR?_VALIDA_TRAMA_PTO?ACCESCAN                   -----    -----      -----    -----      000EH    000FH
  +--> ?PR?_BLOCK_WRITE_CLOCK_ASCII?CLOCK
  +--> ?PR?RELOJ_PANTALLA_LCD?PANTALLAS
  +--> ?PR?_PANTALLALCD?PANTALLAS
  +--> ?CO?ACCESCAN
  +--> ?PR?_DEBUG_TXT_TIBBO?TIBBO
  +--> ?PR?_PANTALLALCD_LINEA_2?PANTALLAS
  +--> ?PR?_SEND_PORTERR?PTO_PARALELO
  +--> ?PR?_BYTEHEX_DECIMAL?CLOCK
  +--> ?PR?_TWO_BYTEHEX_DECIMAL?CLOCK
  +--> ?PR?VALIDASENSORESPASO?IO_SENSORES
  +--> ?PR?_CMD_LPR_SALIDA_WIEGAND?MONITOR
  +--> ?PR?_GRABA_SERIE_ASCII_HEX?NUM_SERIE
  +--> ?PR?_DEBUGBUFFERMF?TIBBO

?PR?_BLOCK_WRITE_CLOCK_ASCII?CLOCK               -----    -----      -----    -----      001DH    0003H
  +--> ?PR?_TWO_ONE?CLOCK
  +--> ?PR?_WR_CLK?CLOCK

?PR?_WR_CLK?CLOCK                                -----    -----      -----    -----      0020H    0002H
  +--> ?PR?_DELAY_20US?DELAY
  +--> ?PR?_EB_CLK?CLOCK

?PR?RELOJ_PANTALLA_LCD?PANTALLAS                 -----    -----      -----    -----      001DH    000DH
  +--> ?CO?PANTALLAS
  +--> ?PR?_BLOCK_READ_CLOCK?CLOCK
  +--> ?PR?_LCD_TXT_NUM_CHAR?PANTALLAS

?PR?_BLOCK_READ_CLOCK?CLOCK                      -----    -----      -----    -----      002AH    0003H
  +--> ?PR?_LEE_CLK?CLOCK

?PR?_LCD_TXT_NUM_CHAR?PANTALLAS                  -----    -----      -----    -----      002AH    0006H
  +--> ?PR?_TX_CHRLCD?PANTALLAS

?PR?_TX_CHRLCD?PANTALLAS                         -----    -----      -----    -----      0055H    0002H
  +--> ?PR?_PUTCHAR?MAIN

?PR?_PANTALLALCD_LINEA_2?PANTALLAS               -----    -----      -----    -----      001DH    0033H
  +--> ?CO?PANTALLAS
  +--> ?PR?_LCD_TXT?PANTALLAS
  +--> ?PR?_STRLEN?STRLEN
BL51 BANKED LINKER/LOCATER V6.22.2.0                                                  10/15/2021  16:07:49  PAGE 14


  +--> ?PR?_TX_CHRLCD?PANTALLAS
  +--> ?PR?_STRCAT?STRCAT
  +--> ?PR?_RASPBERRY_DATA?PANTALLAS

?PR?_LCD_TXT?PANTALLAS                           -----    -----      -----    -----      0050H    0005H
  +--> ?PR?_TX_CHRLCD?PANTALLAS

?PR?_BYTEHEX_DECIMAL?CLOCK                       -----    -----      -----    -----      001DH    0001H

?PR?_TWO_BYTEHEX_DECIMAL?CLOCK                   -----    -----      -----    -----      001DH    000CH
  +--> ?PR?_POW?POW

?PR?_POW?POW                                     -----    -----      -----    -----      0029H    000AH
  +--> ?PR?LOG?LOG
  +--> ?PR?EXP?EXP

?PR?LOG?LOG                                      0020H.0  0000H.1    -----    -----      0033H    0004H

?PR?_CMD_LPR_SALIDA_WIEGAND?MONITOR              -----    -----      -----    -----      001DH    0022H
  +--> ?PR?DIR_BOARD?IO_SENSORES
  +--> ?PR?_BLOCK_READ_CLOCK_ASCII?CLOCK
  +--> ?PR?_MONITOR_CHR?MONITOR

?PR?_GRABA_SERIE_ASCII_HEX?NUM_SERIE             -----    -----      -----    -----      -----    -----
  +--> ?PR?_ESCRIBIRMEMORIA?EEPROM

?PR?MSJ_LCD_INFORMATIVO?IO_SENSORES              -----    -----      -----    -----      000EH    0002H
  +--> ?PR?SEL_FUNCION?IO_SENSORES
  +--> ?PR?LOAD_AND_SEND_INFO_RELOJ?PTO_PARA...
  +--> ?PR?LOAD_AND_SEND_ID_COD?PTO_PARALELO
  +--> ?PR?_RD_EEPROM?EEPROM
  +--> ?PR?_SEND_PORTERR?PTO_PARALELO

?PR?LOAD_AND_SEND_INFO_RELOJ?PTO_PARA...         -----    -----      -----    -----      0010H    000BH
  +--> ?PR?_BLOCK_READ_CLOCK?CLOCK
  +--> ?PR?_LEE_CLK?CLOCK
  +--> ?PR?_SEND_PORT?PTO_PARALELO

?PR?LOAD_AND_SEND_ID_COD?PTO_PARALELO            -----    -----      -----    -----      0010H    0011H
  +--> ?CO?PTO_PARALELO
  +--> ?PR?PRINTF?PRINTF
  +--> ?PR?_SEND_PORT?PTO_PARALELO



SYMBOL TABLE OF MODULE:  .\Objects\VRFCDOR_PRINT_100 (MAIN)

  VALUE           TYPE          NAME
  ----------------------------------

  -------         MODULE        MAIN
  C:0000H         SYMBOL        _ICE_DUMMY_
  D:0080H         PUBLIC        P0
  D:0090H         PUBLIC        P1
  C:5C34H         PUBLIC        timer0_int
  D:00B0H         PUBLIC        P3
  X:013CH         PUBLIC        placa
BL51 BANKED LINKER/LOCATER V6.22.2.0                                                  10/15/2021  16:07:49  PAGE 15


  B:00A8H.7       PUBLIC        EA
  C:5DD9H         PUBLIC        off_Timer0_Interrup
  X:0145H         PUBLIC        ValTimeOutCom
  X:0146H         PUBLIC        Timer_wait
  X:0147H         PUBLIC        g_cContByteRx
  B:0080H.0       PUBLIC        rx_ip
  B:0080H.3       PUBLIC        Atascado
  C:41D4H         PUBLIC        main
  C:4A75H         PUBLIC        variable_inicio
  B:0090H.7       PUBLIC        lock
  I:0022H         PUBLIC        rbuf
  C:5DCBH         PUBLIC        on_Timer0_Interrup
  I:00A2H         PUBLIC        tbuf
  B:0090H.1       PUBLIC        DataIn
  D:0089H         PUBLIC        TMOD
  X:0148H         PUBLIC        USE_LPR
  X:0149H         PUBLIC        Debug_Tibbo
  X:014AH         PUBLIC        Raspberry
  X:014BH         PUBLIC        QR_BARRAS
  X:014CH         PUBLIC        SIN_COBRO
  X:014EH         PUBLIC        Tipo_Vehiculo
  B:00B0H.3       PUBLIC        busy
  C:5D0FH         PUBLIC        ini_timer
  B:00A8H.1       PUBLIC        ET0
  B:0088H.5       PUBLIC        TF0
  X:014FH         PUBLIC        COMPARACION_ACTIVA
  X:0150H         PUBLIC        g_cEstadoImpresion
  D:008CH         PUBLIC        TH0
  X:0151H         PUBLIC        ACK
  X:0152H         PUBLIC        g_cEstadoComSoft
  D:008AH         PUBLIC        TL0
  B:0088H.4       PUBLIC        TR0
  C:5D1FH         PUBLIC        inicia_board
  X:0153H         PUBLIC        T_GRACIA
  X:0155H         PUBLIC        COD_PARK
  B:0080H.7       PUBLIC        sel_com
  X:0157H         PUBLIC        STX_LINTECH
  C:5D6CH         PUBLIC        _getkey
  X:0158H         PUBLIC        ETX
  X:0159H         PUBLIC        ID_CLIENTE
  X:015BH         PUBLIC        buffer_ready
  C:583CH         PUBLIC        _putchar
  B:0021H.1       PUBLIC        placa_ready
  -------         PROC          TIMER0_INT
  C:5C34H         LINE#         13
  C:5C3AH         LINE#         16
  C:5C40H         LINE#         17
  C:5C44H         LINE#         18
  C:5C46H         LINE#         20
  -------         ENDPROC       TIMER0_INT
  -------         PROC          INI_TIMER
  C:5D0FH         LINE#         23
  C:5D0FH         LINE#         24
  C:5D0FH         LINE#         26
  C:5D17H         LINE#         28
  C:5D1AH         LINE#         29
  C:5D1CH         LINE#         30
BL51 BANKED LINKER/LOCATER V6.22.2.0                                                  10/15/2021  16:07:49  PAGE 16


  C:5D1EH         LINE#         32
  -------         ENDPROC       INI_TIMER
  -------         PROC          ON_TIMER0_INTERRUP
  C:5DCBH         LINE#         35
  C:5DCBH         LINE#         36
  C:5DCBH         LINE#         37
  C:5DCDH         LINE#         38
  C:5DCFH         LINE#         40
  -------         ENDPROC       ON_TIMER0_INTERRUP
  -------         PROC          OFF_TIMER0_INTERRUP
  C:5DD9H         LINE#         43
  C:5DD9H         LINE#         44
  C:5DD9H         LINE#         45
  C:5DDBH         LINE#         47
  -------         ENDPROC       OFF_TIMER0_INTERRUP
  -------         PROC          _GETKEY
  -------         DO            
  D:0006H         SYMBOL        k
  -------         ENDDO         
  C:5D6CH         LINE#         55
  C:5D6CH         LINE#         56
  C:5D6CH         LINE#         60
  C:5D6CH         LINE#         61
  C:5D6FH         LINE#         62
  C:5D6FH         LINE#         63
  C:5D77H         LINE#         65
  C:5D77H         LINE#         66
  -------         ENDPROC       _GETKEY
  -------         PROC          _PUTCHAR
  X:00B1H         SYMBOL        c
  -------         DO            
  X:00B2H         SYMBOL        i
  -------         ENDDO         
  C:583CH         LINE#         70
  C:5841H         LINE#         71
  C:5841H         LINE#         74
  C:5850H         LINE#         75
  C:5850H         LINE#         76
  C:5866H         LINE#         77
  C:5866H         LINE#         79
  C:5874H         LINE#         80
  C:5874H         LINE#         82
  C:5879H         LINE#         83
  -------         ENDPROC       _PUTCHAR
  -------         PROC          INICIA_BOARD
  C:5D1FH         LINE#         101
  C:5D1FH         LINE#         102
  C:5D1FH         LINE#         103
  C:5D22H         LINE#         104
  C:5D25H         LINE#         105
  C:5D28H         LINE#         106
  C:5D2AH         LINE#         107
  C:5D2CH         LINE#         108
  C:5D2EH         LINE#         110
  -------         ENDPROC       INICIA_BOARD
  -------         PROC          VARIABLE_INICIO
  C:4A75H         LINE#         114
BL51 BANKED LINKER/LOCATER V6.22.2.0                                                  10/15/2021  16:07:49  PAGE 17


  C:4A75H         LINE#         115
  C:4A75H         LINE#         117
  C:4A85H         LINE#         118
  C:4A96H         LINE#         119
  C:4AA7H         LINE#         120
  C:4AB8H         LINE#         121
  C:4AC6H         LINE#         122
  C:4AD4H         LINE#         123
  C:4AE2H         LINE#         124
  C:4AF0H         LINE#         125
  C:4AFEH         LINE#         126
  -------         ENDPROC       VARIABLE_INICIO
  -------         PROC          MAIN
  -------         DO            
  X:0114H         SYMBOL        buffer
  X:0000H         SYMBOL        buffer1
  X:000DH         SYMBOL        Length_trama
  -------         ENDDO         
  C:41D4H         LINE#         134
  C:41D4H         LINE#         135
  C:41D4H         LINE#         142
  C:41D7H         LINE#         143
  C:41DAH         LINE#         144
  C:41DDH         LINE#         145
  C:41E0H         LINE#         146
  C:41E3H         LINE#         147
  C:41E5H         LINE#         149
  C:41E8H         LINE#         151
  C:41EBH         LINE#         152
  C:41F0H         LINE#         154
  C:41F3H         LINE#         155
  C:41F6H         LINE#         156
  C:41F6H         LINE#         157
  C:41F9H         LINE#         158
  C:41F9H         LINE#         159
  C:41FCH         LINE#         161
  C:4202H         LINE#         163
  C:4202H         LINE#         164
  C:4202H         LINE#         167
  C:4205H         LINE#         168
  C:4205H         LINE#         170
  C:4213H         LINE#         171
  C:4216H         LINE#         172
  C:4224H         LINE#         173
  C:4238H         LINE#         174
  C:4241H         LINE#         175
  C:4244H         LINE#         176
  C:4244H         LINE#         178
  C:4247H         LINE#         184
  C:424AH         LINE#         185
  C:424AH         LINE#         187
  C:4259H         LINE#         191
  C:4268H         LINE#         194
  C:4270H         LINE#         195
  C:4279H         LINE#         198
  C:4287H         LINE#         200
  C:4287H         LINE#         201
BL51 BANKED LINKER/LOCATER V6.22.2.0                                                  10/15/2021  16:07:49  PAGE 18


  C:428AH         LINE#         204
  -------         ENDPROC       MAIN
  -------         ENDMOD        MAIN

  -------         MODULE        CLOCK
  C:0000H         SYMBOL        _ICE_DUMMY_
  C:5730H         PUBLIC        _two_one
  D:0090H         PUBLIC        P1
  C:5A6CH         PUBLIC        _wr_clk
  B:00D0H.7       PUBLIC        CY
  C:0003H         PUBLIC        p_ck
  X:0187H         PUBLIC        data_clk
  C:5D94H         PUBLIC        cond_ini_clock
  C:3ED7H         PUBLIC        _Block_read_Clock
  B:0090H.4       PUBLIC        sck
  C:2887H         PUBLIC        _Block_read_clock_ascii
  C:5BA7H         PUBLIC        _bcd_hex
  C:5235H         PUBLIC        _ByteHex_Decimal
  C:47B4H         PUBLIC        _lee_clk
  B:0090H.5       PUBLIC        io
  C:495AH         PUBLIC        _Block_write_clock_ascii
  B:0090H.6       PUBLIC        rst
  C:57BEH         PUBLIC        _eb_clk
  C:237DH         PUBLIC        _Two_ByteHex_Decimal
  -------         PROC          P_CK
  C:0003H         LINE#         37
  C:0003H         LINE#         38
  C:0003H         LINE#         39
  C:0005H         LINE#         40
  C:0008H         LINE#         41
  C:000AH         LINE#         42
  -------         ENDPROC       P_CK
  -------         PROC          _EB_CLK
  X:0045H         SYMBOL        dir_clk
  -------         DO            
  X:0046H         SYMBOL        nbits
  -------         ENDDO         
  C:57BEH         LINE#         44
  C:57C3H         LINE#         46
  C:57C8H         LINE#         47
  C:57C8H         LINE#         48
  C:57D1H         LINE#         49
  C:57D4H         LINE#         50
  C:57D4H         LINE#         51
  C:57D6H         LINE#         52
  C:57D8H         LINE#         54
  C:57D8H         LINE#         55
  C:57DAH         LINE#         56
  C:57DAH         LINE#         57
  C:57DDH         LINE#         58
  C:57FCH         LINE#         59
  -------         ENDPROC       _EB_CLK
  -------         PROC          L?0046
  -------         ENDPROC       L?0046
  -------         PROC          _LEE_CLK
  X:0042H         SYMBOL        dir_clk
  -------         DO            
BL51 BANKED LINKER/LOCATER V6.22.2.0                                                  10/15/2021  16:07:49  PAGE 19


  X:0043H         SYMBOL        nbits
  -------         ENDDO         
  C:47B4H         LINE#         61
  C:47B9H         LINE#         63
  C:47BBH         LINE#         64
  C:47C2H         LINE#         65
  C:47CAH         LINE#         66
  C:47E3H         LINE#         67
  C:47E3H         LINE#         68
  C:47E6H         LINE#         69
  C:47E6H         LINE#         70
  C:47EDH         LINE#         71
  C:47F7H         LINE#         72
  C:47FCH         LINE#         73
  C:47FCH         LINE#         74
  C:47FCH         LINE#         75
  C:47FFH         LINE#         76
  C:47FFH         LINE#         77
  C:4806H         LINE#         78
  C:4817H         LINE#         79
  C:4817H         LINE#         80
  C:481FH         LINE#         81
  C:481FH         LINE#         82
  C:481FH         LINE#         83
  C:4822H         LINE#         84
  C:4832H         LINE#         85
  C:4834H         LINE#         86
  C:4839H         LINE#         87
  -------         ENDPROC       _LEE_CLK
  -------         PROC          _WR_CLK
  X:0020H         SYMBOL        dir_clk
  X:0021H         SYMBOL        byte
  C:5A6CH         LINE#         89
  C:5A74H         LINE#         90
  C:5A76H         LINE#         91
  C:5A7DH         LINE#         92
  C:5A85H         LINE#         93
  C:5A8EH         LINE#         94
  C:5A91H         LINE#         95
  C:5A93H         LINE#         97
  -------         ENDPROC       _WR_CLK
  C:56FCH         SYMBOL        L?0044
  C:571AH         SYMBOL        L?0045
  -------         PROC          L?0043
  -------         ENDPROC       L?0043
  C:56FCH         SYMBOL        L?0044
  C:571AH         SYMBOL        L?0045
  -------         PROC          _TWO_ONE
  D:0007H         SYMBOL        byte_h
  D:0005H         SYMBOL        byte_l
  -------         DO            
  D:0007H         SYMBOL        byte_out
  -------         ENDDO         
  C:5730H         LINE#         99
  C:5730H         LINE#         100
  C:5730H         LINE#         102
  C:5733H         LINE#         103
BL51 BANKED LINKER/LOCATER V6.22.2.0                                                  10/15/2021  16:07:49  PAGE 20


  C:5737H         LINE#         104
  C:573AH         LINE#         105
  C:573CH         LINE#         106
  C:573CH         LINE#         107
  -------         ENDPROC       _TWO_ONE
  -------         PROC          _BLOCK_WRITE_CLOCK_ASCII
  X:001DH         SYMBOL        datos_clock
  C:495AH         LINE#         112
  C:4965H         LINE#         114
  C:4965H         LINE#         118
  C:496FH         LINE#         119
  C:496FH         LINE#         120
  C:496FH         LINE#         121
  C:496FH         LINE#         123
  C:4979H         LINE#         124
  C:4983H         LINE#         125
  C:498DH         LINE#         126
  C:498DH         LINE#         127
  C:498DH         LINE#         128
  C:498DH         LINE#         130
  C:4997H         LINE#         131
  C:4997H         LINE#         132
  C:4997H         LINE#         133
  C:4997H         LINE#         135
  C:49A1H         LINE#         136
  C:49A1H         LINE#         137
  C:49A1H         LINE#         138
  C:49A1H         LINE#         140
  C:49ABH         LINE#         141
  C:49ABH         LINE#         142
  C:49ABH         LINE#         143
  C:49ABH         LINE#         145
  C:49B5H         LINE#         146
  C:49BFH         LINE#         147
  C:49C9H         LINE#         148
  C:49D3H         LINE#         150
  -------         ENDPROC       _BLOCK_WRITE_CLOCK_ASCII
  -------         PROC          _BCD_HEX
  D:0007H         SYMBOL        l_data
  -------         DO            
  D:0006H         SYMBOL        temp
  D:0005H         SYMBOL        j
  -------         ENDDO         
  C:5BA7H         LINE#         156
  C:5BA7H         LINE#         157
  C:5BA7H         LINE#         159
  C:5BA9H         LINE#         160
  C:5BADH         LINE#         161
  C:5BB0H         LINE#         162
  C:5BB2H         LINE#         163
  C:5BB2H         LINE#         164
  C:5BB6H         LINE#         165
  C:5BBDH         LINE#         166
  C:5BBDH         LINE#         167
  C:5BC1H         LINE#         168
  C:5BC4H         LINE#         169
  C:5BC4H         LINE#         170
BL51 BANKED LINKER/LOCATER V6.22.2.0                                                  10/15/2021  16:07:49  PAGE 21


  C:5BC4H         LINE#         171
  -------         ENDPROC       _BCD_HEX
  -------         PROC          _BYTEHEX_DECIMAL
  D:0001H         SYMBOL        buffer
  D:0005H         SYMBOL        valorhex
  -------         DO            
  X:001DH         SYMBOL        numero
  D:0007H         SYMBOL        centena
  D:0006H         SYMBOL        decena
  -------         ENDDO         
  C:5235H         LINE#         207
  C:5235H         LINE#         208
  C:5235H         LINE#         211
  C:5237H         LINE#         212
  C:5238H         LINE#         213
  C:523DH         LINE#         215
  C:524AH         LINE#         216
  C:524AH         LINE#         217
  C:524EH         LINE#         218
  C:524FH         LINE#         219
  C:5251H         LINE#         220
  C:5257H         LINE#         221
  C:525EH         LINE#         222
  C:526BH         LINE#         223
  C:526BH         LINE#         224
  C:526FH         LINE#         225
  C:5270H         LINE#         226
  C:5272H         LINE#         227
  C:5278H         LINE#         228
  C:527FH         LINE#         229
  -------         ENDPROC       _BYTEHEX_DECIMAL
  -------         PROC          _TWO_BYTEHEX_DECIMAL
  X:001DH         SYMBOL        buffer
  X:0020H         SYMBOL        id_h
  X:0021H         SYMBOL        id_l
  -------         DO            
  X:0022H         SYMBOL        valor
  D:0006H         SYMBOL        numero
  X:0024H         SYMBOL        temp
  X:0025H         SYMBOL        dmil
  X:0026H         SYMBOL        mil
  X:0027H         SYMBOL        centena
  X:0028H         SYMBOL        decena
  -------         ENDDO         
  C:237DH         LINE#         237
  C:238BH         LINE#         238
  C:238BH         LINE#         242
  C:2392H         LINE#         243
  C:2396H         LINE#         244
  C:2398H         LINE#         245
  C:239AH         LINE#         246
  C:239CH         LINE#         249
  C:23A1H         LINE#         250
  C:23A4H         LINE#         251
  C:23AAH         LINE#         253
  C:2405H         LINE#         254
  C:240DH         LINE#         255
BL51 BANKED LINKER/LOCATER V6.22.2.0                                                  10/15/2021  16:07:49  PAGE 22


  C:2410H         LINE#         256
  C:246BH         LINE#         258
  C:2473H         LINE#         259
  C:2476H         LINE#         260
  C:247CH         LINE#         261
  C:24D7H         LINE#         262
  C:24DFH         LINE#         263
  C:24E2H         LINE#         264
  C:253DH         LINE#         265
  C:253DH         LINE#         267
  C:2546H         LINE#         268
  C:2546H         LINE#         269
  C:254EH         LINE#         270
  C:2554H         LINE#         271
  C:2556H         LINE#         272
  C:256CH         LINE#         273
  C:2576H         LINE#         274
  C:257FH         LINE#         275
  C:257FH         LINE#         276
  C:2587H         LINE#         277
  C:258DH         LINE#         278
  C:258FH         LINE#         279
  C:25A5H         LINE#         280
  C:25AFH         LINE#         281
  C:25B8H         LINE#         282
  C:25B8H         LINE#         283
  C:25C0H         LINE#         284
  C:25C6H         LINE#         285
  C:25C8H         LINE#         286
  C:25DEH         LINE#         287
  C:25E8H         LINE#         288
  C:25F1H         LINE#         289
  C:25F1H         LINE#         290
  C:25F9H         LINE#         291
  C:25FFH         LINE#         292
  C:2601H         LINE#         293
  C:2617H         LINE#         294
  C:2621H         LINE#         295
  C:2634H         LINE#         296
  C:263EH         LINE#         297
  -------         ENDPROC       _TWO_BYTEHEX_DECIMAL
  -------         PROC          _BLOCK_READ_CLOCK_ASCII
  X:003FH         SYMBOL        datos_clock
  -------         DO            
  D:0007H         SYMBOL        dato
  -------         ENDDO         
  C:2887H         LINE#         303
  C:288AH         LINE#         304
  C:288AH         LINE#         310
  C:288DH         LINE#         311
  C:28A5H         LINE#         312
  C:28AFH         LINE#         313
  C:28C4H         LINE#         314
  C:28CEH         LINE#         317
  C:28D3H         LINE#         318
  C:28EBH         LINE#         319
  C:28F5H         LINE#         320
BL51 BANKED LINKER/LOCATER V6.22.2.0                                                  10/15/2021  16:07:49  PAGE 23


  C:290AH         LINE#         321
  C:2914H         LINE#         324
  C:2919H         LINE#         325
  C:2931H         LINE#         326
  C:293BH         LINE#         327
  C:2950H         LINE#         328
  C:295AH         LINE#         332
  C:295FH         LINE#         333
  C:2977H         LINE#         334
  C:2981H         LINE#         335
  C:2996H         LINE#         336
  C:29A0H         LINE#         339
  C:29A5H         LINE#         340
  C:29BDH         LINE#         341
  C:29C7H         LINE#         342
  C:29DCH         LINE#         343
  C:29E6H         LINE#         346
  C:29EBH         LINE#         347
  C:2A03H         LINE#         348
  C:2A0DH         LINE#         349
  C:2A22H         LINE#         350
  C:2A2CH         LINE#         353
  C:2A31H         LINE#         354
  C:2A46H         LINE#         355
  C:2A50H         LINE#         356
  -------         ENDPROC       _BLOCK_READ_CLOCK_ASCII
  -------         PROC          _BLOCK_READ_CLOCK
  X:002AH         SYMBOL        datos_clock
  C:3ED7H         LINE#         404
  C:3EDAH         LINE#         405
  C:3EDAH         LINE#         407
  C:3EECH         LINE#         408
  C:3EF6H         LINE#         410
  C:3F0AH         LINE#         411
  C:3F14H         LINE#         413
  C:3F28H         LINE#         414
  C:3F32H         LINE#         416
  C:3F46H         LINE#         417
  C:3F50H         LINE#         419
  C:3F64H         LINE#         420
  C:3F6EH         LINE#         422
  C:3F82H         LINE#         423
  C:3F8CH         LINE#         424
  -------         ENDPROC       _BLOCK_READ_CLOCK
  -------         PROC          COND_INI_CLOCK
  C:5D94H         LINE#         427
  C:5D94H         LINE#         428
  C:5D94H         LINE#         429
  C:5D96H         LINE#         430
  C:5D98H         LINE#         431
  C:5D9AH         LINE#         432
  -------         ENDPROC       COND_INI_CLOCK
  -------         ENDMOD        CLOCK

  -------         MODULE        DELAY
  C:0000H         SYMBOL        _ICE_DUMMY_
  C:5CA3H         PUBLIC        _Delay_20us
BL51 BANKED LINKER/LOCATER V6.22.2.0                                                  10/15/2021  16:07:49  PAGE 24


  C:5BFFH         PUBLIC        _Delay_1ms
  C:5DDFH         PUBLIC        Delay
  -------         PROC          _DELAY_20US
  D:0006H         SYMBOL        cnt
  -------         DO            
  D:0004H         SYMBOL        i
  -------         ENDDO         
  C:5CA3H         LINE#         20
  C:5CA3H         LINE#         21
  C:5CA3H         LINE#         24
  C:5CADH         LINE#         26
  C:5CB4H         LINE#         27
  -------         ENDPROC       _DELAY_20US
  -------         PROC          _DELAY_1MS
  D:0002H         SYMBOL        cnt
  -------         DO            
  D:0082H         SYMBOL        i
  -------         ENDDO         
  C:5BFFH         LINE#         38
  C:5C03H         LINE#         39
  C:5C03H         LINE#         41
  C:5C19H         LINE#         42
  -------         ENDPROC       _DELAY_1MS
  -------         PROC          DELAY
  C:5DDFH         LINE#         60
  C:5DDFH         LINE#         62
  -------         ENDPROC       DELAY
  -------         ENDMOD        DELAY

  -------         MODULE        EEPROM
  C:0000H         SYMBOL        _ICE_DUMMY_
  D:0090H         PUBLIC        P1
  C:4AFFH         PUBLIC        _EscribirMemoria
  X:017CH         PUBLIC        l_chr
  C:5B2BH         PUBLIC        ackd
  B:0021H.2       PUBLIC        memory_flag
  B:00D0H.7       PUBLIC        CY
  C:5DC5H         PUBLIC        p_me
  C:5CBDH         PUBLIC        start
  B:0090H.2       PUBLIC        sda
  C:5B4BH         PUBLIC        ack_lect
  B:0090H.3       PUBLIC        scl
  C:59A8H         PUBLIC        _rd_eeprom
  C:5D82H         PUBLIC        stop
  X:017DH         PUBLIC        l_data_eeprom
  C:57FDH         PUBLIC        _wr_eeprom
  C:5186H         PUBLIC        _LeerMemoria
  X:017EH         PUBLIC        byte_rd
  C:5B06H         PUBLIC        _e_d_m
  C:5288H         PUBLIC        l_d_m
  -------         PROC          L?0043
  -------         ENDPROC       L?0043
  -------         PROC          ACKD
  -------         DO            
  D:0006H         SYMBOL        i
  -------         ENDDO         
  C:5B2BH         LINE#         32
BL51 BANKED LINKER/LOCATER V6.22.2.0                                                  10/15/2021  16:07:49  PAGE 25


  C:5B2BH         LINE#         33
  C:5B2BH         LINE#         35
  C:5B2DH         LINE#         36
  C:5B2FH         LINE#         37
  C:5B31H         LINE#         38
  C:5B34H         LINE#         39
  C:5B34H         LINE#         40
  C:5B37H         LINE#         41
  C:5B37H         LINE#         42
  C:5B39H         LINE#         43
  C:5B3BH         LINE#         45
  C:5B3CH         LINE#         46
  C:5B3CH         LINE#         47
  C:5B47H         LINE#         49
  C:5B47H         LINE#         50
  C:5B47H         LINE#         52
  C:5B47H         LINE#         53
  -------         ENDPROC       ACKD
  -------         PROC          L?0045
  -------         ENDPROC       L?0045
  -------         PROC          ACK_LECT
  -------         DO            
  D:0006H         SYMBOL        i
  -------         ENDDO         
  C:5B4BH         LINE#         56
  C:5B4BH         LINE#         57
  C:5B4BH         LINE#         59
  C:5B4DH         LINE#         60
  C:5B4FH         LINE#         61
  C:5B51H         LINE#         62
  C:5B54H         LINE#         63
  C:5B54H         LINE#         64
  C:5B57H         LINE#         65
  C:5B57H         LINE#         66
  C:5B59H         LINE#         67
  C:5B5BH         LINE#         68
  C:5B5CH         LINE#         69
  C:5B5CH         LINE#         70
  C:5B67H         LINE#         71
  -------         ENDPROC       ACK_LECT
  -------         PROC          P_ME
  C:5DC5H         LINE#         73
  C:5DC5H         LINE#         74
  C:5DC5H         LINE#         75
  C:5DC7H         LINE#         76
  C:5DC8H         LINE#         77
  C:5DCAH         LINE#         78
  -------         ENDPROC       P_ME
  -------         PROC          _E_D_M
  D:0007H         SYMBOL        a_serial_eeprom
  -------         DO            
  D:0006H         SYMBOL        nbits
  -------         ENDDO         
  C:5B06H         LINE#         80
  C:5B06H         LINE#         81
  C:5B06H         LINE#         83
  C:5B12H         LINE#         84
BL51 BANKED LINKER/LOCATER V6.22.2.0                                                  10/15/2021  16:07:49  PAGE 26


  C:5B12H         LINE#         85
  C:5B16H         LINE#         86
  C:5B19H         LINE#         87
  C:5B19H         LINE#         88
  C:5B1BH         LINE#         89
  C:5B1DH         LINE#         91
  C:5B1DH         LINE#         92
  C:5B1FH         LINE#         93
  C:5B1FH         LINE#         94
  C:5B21H         LINE#         95
  C:5B24H         LINE#         96
  C:5B27H         LINE#         98
  -------         ENDPROC       _E_D_M
  -------         PROC          L?0044
  -------         ENDPROC       L?0044
  -------         PROC          START
  C:5CBDH         LINE#         100
  C:5CBDH         LINE#         101
  C:5CBDH         LINE#         102
  C:5CBFH         LINE#         103
  C:5CC1H         LINE#         104
  C:5CC2H         LINE#         105
  C:5CC4H         LINE#         106
  C:5CC6H         LINE#         108
  -------         ENDPROC       START
  -------         PROC          STOP
  C:5D82H         LINE#         110
  C:5D82H         LINE#         111
  C:5D82H         LINE#         112
  C:5D84H         LINE#         113
  C:5D86H         LINE#         114
  C:5D88H         LINE#         115
  C:5D8AH         LINE#         117
  -------         ENDPROC       STOP
  -------         PROC          L_D_M
  -------         DO            
  D:0003H         SYMBOL        nbits
  -------         ENDDO         
  C:5288H         LINE#         119
  C:5288H         LINE#         120
  C:5288H         LINE#         122
  C:5295H         LINE#         123
  C:5295H         LINE#         124
  C:5297H         LINE#         125
  C:529AH         LINE#         126
  C:529AH         LINE#         127
  C:52A1H         LINE#         128
  C:52AAH         LINE#         129
  C:52AAH         LINE#         130
  C:52AEH         LINE#         131
  C:52B0H         LINE#         132
  C:52B0H         LINE#         133
  C:52B0H         LINE#         134
  C:52B3H         LINE#         135
  C:52B3H         LINE#         136
  C:52BAH         LINE#         137
  C:52C4H         LINE#         138
BL51 BANKED LINKER/LOCATER V6.22.2.0                                                  10/15/2021  16:07:49  PAGE 27


  C:52C4H         LINE#         139
  C:52C8H         LINE#         140
  C:52CAH         LINE#         141
  C:52CAH         LINE#         142
  C:52CAH         LINE#         143
  C:52CDH         LINE#         144
  C:52CFH         LINE#         145
  C:52D4H         LINE#         146
  -------         ENDPROC       L_D_M
  -------         PROC          _WR_EEPROM
  D:0002H         SYMBOL        control
  D:0004H         SYMBOL        Dir
  D:0003H         SYMBOL        data_eeprom
  -------         DO            
  D:0005H         SYMBOL        dir_h
  D:0001H         SYMBOL        dir_l
  -------         ENDDO         
  C:57FDH         LINE#         152
  C:57FFH         LINE#         153
  C:57FFH         LINE#         155
  C:5803H         LINE#         156
  C:5803H         LINE#         157
  C:5803H         LINE#         160
  C:5803H         LINE#         161
  C:5803H         LINE#         163
  C:5806H         LINE#         164
  C:5808H         LINE#         165
  C:580BH         LINE#         166
  C:580DH         LINE#         167
  C:5810H         LINE#         168
  C:5815H         LINE#         169
  C:5818H         LINE#         170
  C:581DH         LINE#         171
  C:5820H         LINE#         172
  C:5823H         LINE#         173
  C:582AH         LINE#         175
  C:582CH         LINE#         176
  C:582EH         LINE#         177
  C:5835H         LINE#         178
  -------         ENDPROC       _WR_EEPROM
  -------         PROC          _RD_EEPROM
  D:0003H         SYMBOL        control
  D:0004H         SYMBOL        Dir
  -------         DO            
  D:0005H         SYMBOL        dir_h
  D:0002H         SYMBOL        dir_l
  -------         ENDDO         
  C:59A8H         LINE#         228
  C:59AAH         LINE#         229
  C:59AAH         LINE#         232
  C:59AEH         LINE#         233
  C:59AEH         LINE#         234
  C:59AEH         LINE#         236
  C:59AEH         LINE#         237
  C:59AEH         LINE#         239
  C:59B1H         LINE#         240
  C:59B3H         LINE#         241
BL51 BANKED LINKER/LOCATER V6.22.2.0                                                  10/15/2021  16:07:49  PAGE 28


  C:59B6H         LINE#         242
  C:59B8H         LINE#         243
  C:59BBH         LINE#         244
  C:59C0H         LINE#         245
  C:59C3H         LINE#         246
  C:59C6H         LINE#         247
  C:59CCH         LINE#         248
  C:59CFH         LINE#         249
  C:59D1H         LINE#         250
  C:59D4H         LINE#         251
  C:59D7H         LINE#         252
  C:59D9H         LINE#         253
  C:59DBH         LINE#         254
  C:59E0H         LINE#         255
  -------         ENDPROC       _RD_EEPROM
  -------         PROC          _LEERMEMORIA
  X:007DH         SYMBOL        addres
  X:007FH         SYMBOL        res
  -------         DO            
  D:0007H         SYMBOL        i
  -------         ENDDO         
  C:5186H         LINE#         260
  C:5197H         LINE#         261
  C:5197H         LINE#         266
  C:5197H         LINE#         267
  C:51B3H         LINE#         268
  C:51C2H         LINE#         269
  C:51D0H         LINE#         270
  C:51DAH         LINE#         271
  C:51DAH         LINE#         272
  C:51DDH         LINE#         274
  -------         ENDPROC       _LEERMEMORIA
  -------         PROC          _ESCRIBIRMEMORIA
  X:007DH         SYMBOL        control
  X:007EH         SYMBOL        addres
  X:0080H         SYMBOL        res
  C:4AFFH         LINE#         280
  C:4B13H         LINE#         281
  C:4B13H         LINE#         283
  C:4B23H         LINE#         284
  C:4B23H         LINE#         285
  C:4B26H         LINE#         286
  C:4B26H         LINE#         288
  C:4B2AH         LINE#         289
  C:4B2AH         LINE#         290
  C:4B45H         LINE#         291
  C:4B53H         LINE#         292
  C:4B5DH         LINE#         293
  C:4B5FH         LINE#         294
  C:4B6EH         LINE#         295
  -------         ENDPROC       _ESCRIBIRMEMORIA
  -------         ENDMOD        EEPROM

  -------         MODULE        IO_SENSORES
  C:0000H         SYMBOL        _ICE_DUMMY_
  D:0090H         PUBLIC        P1
  D:00B0H         PUBLIC        P3
BL51 BANKED LINKER/LOCATER V6.22.2.0                                                  10/15/2021  16:07:49  PAGE 29


  C:5CC7H         PUBLIC        Dir_board
  B:0090H.1       PUBLIC        DataIn
  C:5DA2H         PUBLIC        sel_Auto
  C:4F16H         PUBLIC        ValidaSensoresPaso
  B:00B0H.3       PUBLIC        busy
  C:5B88H         PUBLIC        ValidaSensor
  C:5DB0H         PUBLIC        sel_Sensor1
  C:5DA9H         PUBLIC        sel_Sensor2
  B:00B0H.5       PUBLIC        sel_A
  B:00B0H.6       PUBLIC        sel_B
  B:00B0H.7       PUBLIC        sel_C
  C:4EA3H         PUBLIC        msj_lcd_informativo
  C:5DB7H         PUBLIC        sel_Dir1
  C:5DBEH         PUBLIC        sel_Dir2
  C:5D9BH         PUBLIC        sel_Funcion
  -------         PROC          SEL_FUNCION
  C:5D9BH         LINE#         26
  C:5D9BH         LINE#         27
  C:5D9BH         LINE#         28
  C:5D9DH         LINE#         29
  C:5D9FH         LINE#         30
  C:5DA1H         LINE#         31
  -------         ENDPROC       SEL_FUNCION
  -------         PROC          SEL_AUTO
  C:5DA2H         LINE#         33
  C:5DA2H         LINE#         34
  C:5DA2H         LINE#         35
  C:5DA4H         LINE#         36
  C:5DA6H         LINE#         37
  C:5DA8H         LINE#         38
  -------         ENDPROC       SEL_AUTO
  -------         PROC          SEL_SENSOR2
  C:5DA9H         LINE#         49
  C:5DA9H         LINE#         50
  C:5DA9H         LINE#         51
  C:5DABH         LINE#         52
  C:5DADH         LINE#         53
  C:5DAFH         LINE#         54
  -------         ENDPROC       SEL_SENSOR2
  -------         PROC          SEL_SENSOR1
  C:5DB0H         LINE#         56
  C:5DB0H         LINE#         57
  C:5DB0H         LINE#         58
  C:5DB2H         LINE#         59
  C:5DB4H         LINE#         60
  C:5DB6H         LINE#         61
  -------         ENDPROC       SEL_SENSOR1
  -------         PROC          SEL_DIR1
  C:5DB7H         LINE#         63
  C:5DB7H         LINE#         64
  C:5DB7H         LINE#         65
  C:5DB9H         LINE#         66
  C:5DBBH         LINE#         67
  C:5DBDH         LINE#         68
  -------         ENDPROC       SEL_DIR1
  -------         PROC          SEL_DIR2
  C:5DBEH         LINE#         70
BL51 BANKED LINKER/LOCATER V6.22.2.0                                                  10/15/2021  16:07:49  PAGE 30


  C:5DBEH         LINE#         71
  C:5DBEH         LINE#         72
  C:5DC0H         LINE#         73
  C:5DC2H         LINE#         74
  C:5DC4H         LINE#         75
  -------         ENDPROC       SEL_DIR2
  -------         PROC          VALIDASENSOR
  -------         DO            
  D:0007H         SYMBOL        Valido
  D:0004H         SYMBOL        Tmin
  -------         ENDDO         
  C:5B88H         LINE#         77
  C:5B88H         LINE#         78
  C:5B88H         LINE#         80
  C:5B8AH         LINE#         81
  C:5B8EH         LINE#         82
  C:5B99H         LINE#         83
  C:5B99H         LINE#         84
  C:5B9EH         LINE#         85
  C:5BA2H         LINE#         86
  C:5BA2H         LINE#         87
  C:5BA4H         LINE#         88
  C:5BA4H         LINE#         89
  C:5BA6H         LINE#         90
  C:5BA6H         LINE#         91
  -------         ENDPROC       VALIDASENSOR
  -------         PROC          DIR_BOARD
  -------         DO            
  D:0007H         SYMBOL        Board
  -------         ENDDO         
  C:5CC7H         LINE#         95
  C:5CC7H         LINE#         96
  C:5CC7H         LINE#         97
  C:5CC9H         LINE#         99
  C:5CCCH         LINE#         100
  C:5CCFH         LINE#         101
  C:5CCFH         LINE#         102
  C:5CD0H         LINE#         103
  C:5CD0H         LINE#         104
  C:5CD3H         LINE#         105
  C:5CD6H         LINE#         106
  C:5CD6H         LINE#         107
  C:5CD8H         LINE#         108
  C:5CD8H         LINE#         109
  C:5CD8H         LINE#         110
  -------         ENDPROC       DIR_BOARD
  -------         PROC          VALIDASENSORESPASO
  C:4F16H         LINE#         115
  C:4F16H         LINE#         116
  C:4F16H         LINE#         118
  C:4F19H         LINE#         119
  C:4F1CH         LINE#         120
  C:4F1CH         LINE#         121
  C:4F2AH         LINE#         122
  C:4F2AH         LINE#         123
  C:4F2DH         LINE#         124
  C:4F30H         LINE#         125
BL51 BANKED LINKER/LOCATER V6.22.2.0                                                  10/15/2021  16:07:49  PAGE 31


  C:4F33H         LINE#         126
  C:4F38H         LINE#         127
  C:4F38H         LINE#         128
  C:4F3FH         LINE#         129
  C:4F43H         LINE#         130
  C:4F45H         LINE#         132
  C:4F45H         LINE#         134
  C:4F45H         LINE#         135
  C:4F4CH         LINE#         136
  C:4F51H         LINE#         137
  C:4F53H         LINE#         138
  C:4F53H         LINE#         141
  C:4F53H         LINE#         143
  C:4F56H         LINE#         144
  C:4F5BH         LINE#         145
  C:4F5BH         LINE#         147
  C:4F62H         LINE#         148
  C:4F68H         LINE#         149
  C:4F6BH         LINE#         150
  C:4F6BH         LINE#         152
  C:4F6BH         LINE#         153
  C:4F6FH         LINE#         154
  C:4F71H         LINE#         155
  C:4F71H         LINE#         158
  C:4F71H         LINE#         159
  C:4F71H         LINE#         161
  C:4F71H         LINE#         162
  C:4F77H         LINE#         163
  C:4F79H         LINE#         164
  C:4F79H         LINE#         165
  C:4F79H         LINE#         166
  C:4F79H         LINE#         167
  C:4F82H         LINE#         168
  C:4F84H         LINE#         169
  C:4F84H         LINE#         171
  -------         ENDPROC       VALIDASENSORESPASO
  -------         PROC          MSJ_LCD_INFORMATIVO
  -------         DO            
  X:000EH         SYMBOL        toggle
  X:000FH         SYMBOL        info
  -------         ENDDO         
  C:4EA3H         LINE#         180
  C:4EA3H         LINE#         181
  C:4EA3H         LINE#         185
  C:4EA6H         LINE#         186
  C:4EA9H         LINE#         187
  C:4EA9H         LINE#         188
  C:4EB3H         LINE#         189
  C:4EB3H         LINE#         190
  C:4EB6H         LINE#         191
  C:4EB6H         LINE#         192
  C:4EB8H         LINE#         193
  C:4EBBH         LINE#         194
  C:4EC1H         LINE#         195
  C:4EC1H         LINE#         196
  C:4EC3H         LINE#         197
  C:4ECFH         LINE#         198
BL51 BANKED LINKER/LOCATER V6.22.2.0                                                  10/15/2021  16:07:49  PAGE 32


  C:4ECFH         LINE#         199
  C:4ED2H         LINE#         200
  C:4ED2H         LINE#         201
  C:4ED4H         LINE#         202
  C:4ED7H         LINE#         203
  C:4EDDH         LINE#         204
  C:4EDDH         LINE#         205
  C:4EDFH         LINE#         206
  C:4EEBH         LINE#         207
  C:4EEBH         LINE#         208
  C:4EEEH         LINE#         209
  C:4EEEH         LINE#         210
  C:4EF0H         LINE#         211
  C:4EFCH         LINE#         212
  C:4EFCH         LINE#         213
  C:4EFEH         LINE#         214
  C:4F05H         LINE#         216
  C:4F0AH         LINE#         217
  C:4F0AH         LINE#         219
  C:4F0AH         LINE#         221
  C:4F0AH         LINE#         223
  C:4F0DH         LINE#         224
  C:4F10H         LINE#         225
  C:4F10H         LINE#         226
  C:4F15H         LINE#         227
  C:4F15H         LINE#         229
  -------         ENDPROC       MSJ_LCD_INFORMATIVO
  -------         ENDMOD        IO_SENSORES

  -------         MODULE        MONITOR
  C:0000H         SYMBOL        _ICE_DUMMY_
  D:0080H         PUBLIC        P0
  D:0090H         PUBLIC        P1
  C:573DH         PUBLIC        _Monitor_chr
  B:0080H.0       PUBLIC        rx_ip
  C:39D0H         PUBLIC        _Cmd_LPR_Salida_print
  B:0090H.7       PUBLIC        lock
  C:4715H         PUBLIC        _recibe_cmd_Monitor
  C:3C76H         PUBLIC        _Cmd_LPR_Salida_wiegand
  C:4549H         PUBLIC        _Valida_Trama_Monitor
  -------         PROC          _RECIBE_CMD_MONITOR
  X:000EH         SYMBOL        buffer
  -------         DO            
  X:0011H         SYMBOL        j
  X:0012H         SYMBOL        NumDatos
  D:0005H         SYMBOL        time_out
  X:0013H         SYMBOL        MaxChrRx
  D:0006H         SYMBOL        contador
  -------         ENDDO         
  C:4715H         LINE#         40
  C:4720H         LINE#         41
  C:4720H         LINE#         45
  C:4725H         LINE#         46
  C:4729H         LINE#         48
  C:4731H         LINE#         49
  C:4731H         LINE#         50
  C:4742H         LINE#         51
BL51 BANKED LINKER/LOCATER V6.22.2.0                                                  10/15/2021  16:07:49  PAGE 33


  C:4742H         LINE#         52
  C:4745H         LINE#         53
  C:4746H         LINE#         54
  C:474CH         LINE#         55
  C:474CH         LINE#         56
  C:4751H         LINE#         57
  C:475AH         LINE#         58
  C:475AH         LINE#         59
  C:475CH         LINE#         60
  C:4764H         LINE#         61
  C:4764H         LINE#         62
  C:4766H         LINE#         63
  C:476BH         LINE#         65
  C:477DH         LINE#         66
  C:4787H         LINE#         67
  C:478DH         LINE#         68
  C:4795H         LINE#         70
  C:47A4H         LINE#         71
  C:47A4H         LINE#         72
  C:47A9H         LINE#         73
  -------         ENDPROC       _RECIBE_CMD_MONITOR
  -------         PROC          _VALIDA_TRAMA_MONITOR
  X:000EH         SYMBOL        buffer
  D:0005H         SYMBOL        length_trama
  -------         DO            
  D:0007H         SYMBOL        j
  D:0006H         SYMBOL        p
  -------         ENDDO         
  C:4549H         LINE#         79
  C:4554H         LINE#         80
  C:4554H         LINE#         81
  C:4556H         LINE#         82
  C:4558H         LINE#         83
  C:4558H         LINE#         84
  C:4576H         LINE#         85
  C:4576H         LINE#         86
  C:4578H         LINE#         87
  C:457DH         LINE#         88
  C:457EH         LINE#         89
  C:4593H         LINE#         90
  C:4593H         LINE#         93
  C:4593H         LINE#         94
  C:45B3H         LINE#         95
  C:45B4H         LINE#         96
  C:45B5H         LINE#         97
  C:45C1H         LINE#         98
  C:45D5H         LINE#         99
  C:45E1H         LINE#         100
  C:45E3H         LINE#         104
[...]
  -------         ENDPROC       CLEAR_BUFFER
  -------         ENDMOD        UART

  -------         MODULE        ACCESCAN
  C:0000H         SYMBOL        _ICE_DUMMY_
  D:0080H         PUBLIC        P0
  D:0090H         PUBLIC        P1
  B:0080H.2       PUBLIC        led_err_imp
  B:0080H.3       PUBLIC        Atascado
  B:0090H.7       PUBLIC        lock
  C:1D1BH         PUBLIC        _Valida_Trama_Pto
  -------         PROC          _VALIDA_TRAMA_PTO
  X:000EH         SYMBOL        buffer
  X:0011H         SYMBOL        length_trama
  -------         DO            
  X:0012H         SYMBOL        buff
  -------         ENDDO         
  C:1D1BH         LINE#         83
  C:1D29H         LINE#         84
  C:1D29H         LINE#         87
  C:1D5FH         LINE#         88
  C:1D5FH         LINE#         90
  C:1D6EH         LINE#         92
  C:1D71H         LINE#         94
  C:1D71H         LINE#         96
  C:1D83H         LINE#         97
  C:1D83H         LINE#         98
  C:1D90H         LINE#         99
  C:1D90H         LINE#         100
  C:1D95H         LINE#         101
  C:1D97H         LINE#         102
  C:1D9CH         LINE#         103
  C:1D9EH         LINE#         104
  C:1DA0H         LINE#         106
  C:1DA0H         LINE#         107
  C:1DB4H         LINE#         108
  C:1DB4H         LINE#         109
  C:1DB4H         LINE#         110
  C:1DB4H         LINE#         112
  C:1DB4H         LINE#         113
  C:1DB4H         LINE#         114
  C:1DB6H         LINE#         116
  C:1DC8H         LINE#         117
  C:1DC8H         LINE#         119
  C:1DD8H         LINE#         120
  C:1DD8H         LINE#         121
  C:1DDAH         LINE#         122
  C:1DDCH         LINE#         123
  C:1DDEH         LINE#         124
  C:1DE0H         LINE#         126
  C:1DF4H         LINE#         127
  C:1DF4H         LINE#         128
  C:1DF9H         LINE#         129
BL51 BANKED LINKER/LOCATER V6.22.2.0                                                  10/15/2021  16:07:49  PAGE 63


  C:1E02H         LINE#         131
  C:1E07H         LINE#         132
  C:1E07H         LINE#         133
  C:1E07H         LINE#         135
  C:1E08H         LINE#         138
  C:1E22H         LINE#         139
  C:1E22H         LINE#         140
  C:1E24H         LINE#         141
  C:1E27H         LINE#         144
  C:1E41H         LINE#         145
  C:1E41H         LINE#         146
  C:1E43H         LINE#         147
  C:1E46H         LINE#         149
  C:1E60H         LINE#         150
  C:1E60H         LINE#         151
  C:1E62H         LINE#         152
  C:1E65H         LINE#         154
  C:1E7FH         LINE#         155
  C:1E7FH         LINE#         156
  C:1E81H         LINE#         157
  C:1E83H         LINE#         159
  C:1E9DH         LINE#         160
  C:1E9DH         LINE#         161
  C:1E9FH         LINE#         162
  C:1EA1H         LINE#         164
  C:1EBBH         LINE#         165
  C:1EBBH         LINE#         166
  C:1EBDH         LINE#         167
  C:1EBFH         LINE#         169
  C:1EF6H         LINE#         170
  C:1EF6H         LINE#         171
  C:1EFBH         LINE#         172
  C:1EFBH         LINE#         174
  C:1F33H         LINE#         175
  C:1F33H         LINE#         177
  C:1F3BH         LINE#         178
  C:1F47H         LINE#         181
  C:1F4CH         LINE#         182
  C:1F4EH         LINE#         183
  C:1F54H         LINE#         184
  C:1F59H         LINE#         185
  C:1F59H         LINE#         186
  C:1F59H         LINE#         190
  C:1F5CH         LINE#         194
  C:1F9CH         LINE#         195
  C:1F9CH         LINE#         197
  C:1FB1H         LINE#         198
  C:1FB7H         LINE#         199
  C:1FE1H         LINE#         201
  C:1FE9H         LINE#         202
  C:1FE9H         LINE#         204
  C:1FF0H         LINE#         205
  C:1FF0H         LINE#         206
  C:1FF5H         LINE#         207
  C:1FF5H         LINE#         208
  C:1FF7H         LINE#         210
  C:1FF7H         LINE#         211
BL51 BANKED LINKER/LOCATER V6.22.2.0                                                  10/15/2021  16:07:49  PAGE 64


  C:2000H         LINE#         212
  C:2000H         LINE#         213
  C:2000H         LINE#         215
  C:2002H         LINE#         218
  C:2002H         LINE#         221
  C:200DH         LINE#         225
  C:200DH         LINE#         226
  C:200DH         LINE#         227
  C:203AH         LINE#         228
  C:203AH         LINE#         229
  C:2049H         LINE#         232
  C:2052H         LINE#         233
  C:2069H         LINE#         236
  C:2069H         LINE#         238
  C:207BH         LINE#         239
  C:207BH         LINE#         240
  C:2080H         LINE#         241
  C:2086H         LINE#         242
  C:208CH         LINE#         244
  C:208CH         LINE#         246
  -------         ENDPROC       _VALIDA_TRAMA_PTO
  -------         ENDMOD        ACCESCAN

  -------         MODULE        VERPRINT
  C:0000H         SYMBOL        _ICE_DUMMY_
  C:208DH         PUBLIC        Lee_ticket
  D:0090H         PUBLIC        P1
  C:5AE2H         PUBLIC        _num_num
  B:00A8H.4       PUBLIC        ES
  B:0090H.7       PUBLIC        lock
  C:5C90H         PUBLIC        _num_char
  -------         PROC          _NUM_NUM
  D:0001H         SYMBOL        p
  -------         DO            
  D:0007H         SYMBOL        contador
  -------         ENDDO         
  C:5AE2H         LINE#         64
  C:5AE2H         LINE#         65
  C:5AE2H         LINE#         66
  C:5AE4H         LINE#         67
  C:5AFBH         LINE#         68
  C:5AFBH         LINE#         70
  C:5B02H         LINE#         71
  C:5B03H         LINE#         72
  C:5B05H         LINE#         73
  C:5B05H         LINE#         74
  -------         ENDPROC       _NUM_NUM
  -------         PROC          _NUM_CHAR
  D:0001H         SYMBOL        p
  D:0005H         SYMBOL        chr
  -------         DO            
  D:0007H         SYMBOL        contador
  -------         ENDDO         
  C:5C90H         LINE#         78
  C:5C90H         LINE#         79
  C:5C90H         LINE#         80
  C:5C92H         LINE#         81
BL51 BANKED LINKER/LOCATER V6.22.2.0                                                  10/15/2021  16:07:49  PAGE 65


  C:5C98H         LINE#         82
  C:5C98H         LINE#         84
  C:5C9FH         LINE#         85
  C:5CA0H         LINE#         86
  C:5CA2H         LINE#         87
  C:5CA2H         LINE#         88
  -------         ENDPROC       _NUM_CHAR
  -------         PROC          LEE_TICKET
  -------         DO            
  X:016AH         SYMBOL        paso_una_vez
  X:016BH         SYMBOL        Ticket
  X:000EH         SYMBOL        temp
  X:000FH         SYMBOL        temp2
  X:0010H         SYMBOL        vehiculo
  X:0011H         SYMBOL        tipo_vehiculo
  -------         ENDDO         
  C:208DH         LINE#         95
  C:208DH         LINE#         96
  C:208DH         LINE#         101
  C:20B3H         LINE#         102
  C:20B3H         LINE#         103
  C:20B3H         LINE#         106
  C:20BEH         LINE#         107
  C:20BEH         LINE#         108
  C:20C0H         LINE#         110
  C:20C6H         LINE#         111
  C:20C6H         LINE#         112
  C:20CFH         LINE#         113
  C:20D4H         LINE#         114
  C:20DAH         LINE#         115
  C:20DAH         LINE#         116
  C:20DFH         LINE#         117
  C:20E5H         LINE#         118
  C:20E5H         LINE#         119
  C:20E5H         LINE#         120
  C:20E5H         LINE#         124
  C:20E8H         LINE#         126
  C:20E8H         LINE#         127
  C:20F1H         LINE#         128
  C:20F6H         LINE#         129
  C:20F6H         LINE#         130
  C:20F6H         LINE#         132
  C:20F6H         LINE#         133
  C:20F6H         LINE#         134
  C:20F9H         LINE#         139
  C:20F9H         LINE#         140
  C:210AH         LINE#         141
  C:210AH         LINE#         142
  C:2112H         LINE#         143
  C:2112H         LINE#         145
  C:211BH         LINE#         146
  C:2124H         LINE#         147
  C:212DH         LINE#         148
  C:2133H         LINE#         149
  C:2139H         LINE#         152
  C:213AH         LINE#         153
  C:2142H         LINE#         154
BL51 BANKED LINKER/LOCATER V6.22.2.0                                                  10/15/2021  16:07:49  PAGE 66


  C:2142H         LINE#         156
  C:2150H         LINE#         157
  C:215EH         LINE#         158
  C:216BH         LINE#         159
  C:2175H         LINE#         160
  C:2175H         LINE#         161
  C:2178H         LINE#         162
  C:217DH         LINE#         163
  C:217DH         LINE#         164
  C:217DH         LINE#         165
  C:2180H         LINE#         166
  C:2180H         LINE#         168
  C:2189H         LINE#         169
  C:2192H         LINE#         170
  C:219BH         LINE#         175
  C:21A1H         LINE#         176
  C:21A2H         LINE#         178
  C:21A2H         LINE#         180
  C:21A5H         LINE#         181
  C:21AAH         LINE#         182
  C:21AEH         LINE#         183
  C:21B7H         LINE#         184
  C:21BDH         LINE#         185
  C:21BDH         LINE#         186
  C:21BDH         LINE#         190
  C:21BDH         LINE#         191
  C:21C0H         LINE#         192
  C:21C0H         LINE#         195
  C:21C9H         LINE#         196
  C:21CEH         LINE#         197
  C:21D4H         LINE#         198
  C:21DEH         LINE#         200
  C:21E4H         LINE#         201
  C:21E4H         LINE#         202
  C:21F2H         LINE#         203
  C:21F2H         LINE#         204
  C:21F2H         LINE#         205
  C:21F2H         LINE#         208
  C:21F5H         LINE#         210
  C:21F5H         LINE#         213
  C:2200H         LINE#         214
  C:2200H         LINE#         216
  C:2209H         LINE#         218
  C:220EH         LINE#         220
  C:221BH         LINE#         221
  C:222AH         LINE#         222
  C:2250H         LINE#         223
  C:2250H         LINE#         224
  C:2253H         LINE#         225
  C:2255H         LINE#         227
  C:2255H         LINE#         228
  C:2258H         LINE#         229
  C:2258H         LINE#         230
  C:2261H         LINE#         231
  C:2269H         LINE#         232
  C:2272H         LINE#         234
  C:227BH         LINE#         235
BL51 BANKED LINKER/LOCATER V6.22.2.0                                                  10/15/2021  16:07:49  PAGE 67


  C:2283H         LINE#         236
  C:228CH         LINE#         237
  C:2294H         LINE#         238
  C:229DH         LINE#         240
  C:22A2H         LINE#         241
  C:22ABH         LINE#         242
  C:22ABH         LINE#         243
  C:22D1H         LINE#         244
  C:22E0H         LINE#         246
  C:22E9H         LINE#         247
  C:22F2H         LINE#         251
  C:2300H         LINE#         254
  C:2306H         LINE#         255
  C:2306H         LINE#         256
  C:2314H         LINE#         257
  C:2314H         LINE#         258
  C:2314H         LINE#         259
  C:2314H         LINE#         260
  C:2316H         LINE#         261
  C:2316H         LINE#         263
  C:2316H         LINE#         264
  C:2318H         LINE#         265
  C:231BH         LINE#         268
  C:2321H         LINE#         269
  C:2327H         LINE#         271
  C:2327H         LINE#         272
  C:2327H         LINE#         273
  C:2328H         LINE#         274
  C:2328H         LINE#         275
  C:2330H         LINE#         276
  C:2330H         LINE#         277
  C:2332H         LINE#         278
  C:233BH         LINE#         280
  C:2341H         LINE#         281
  C:2344H         LINE#         282
  C:2349H         LINE#         283
  C:2349H         LINE#         284
  C:2349H         LINE#         285
  C:234BH         LINE#         286
  C:234BH         LINE#         287
  C:2350H         LINE#         288
  C:2351H         LINE#         290
  C:2351H         LINE#         291
  C:2359H         LINE#         292
  C:2359H         LINE#         293
  C:2362H         LINE#         295
  C:2370H         LINE#         296
  C:2376H         LINE#         297
  C:237CH         LINE#         298
  C:237CH         LINE#         299
  C:237CH         LINE#         300
  C:237CH         LINE#         301
  -------         ENDPROC       LEE_TICKET
  -------         ENDMOD        VERPRINT

  -------         MODULE        ?C?FPADD
  C:0D61H         PUBLIC        ?C?FPADD
BL51 BANKED LINKER/LOCATER V6.22.2.0                                                  10/15/2021  16:07:49  PAGE 68


  C:0D5DH         PUBLIC        ?C?FPSUB
  -------         ENDMOD        ?C?FPADD

  -------         MODULE        ?C?FPMUL
  C:0E52H         PUBLIC        ?C?FPMUL
  -------         ENDMOD        ?C?FPMUL

  -------         MODULE        ?C?FCAST
  C:0F62H         PUBLIC        ?C?FCASTC
  C:0F5DH         PUBLIC        ?C?FCASTI
  C:0F58H         PUBLIC        ?C?FCASTL
  -------         ENDMOD        ?C?FCAST

  -------         MODULE        ?C?CASTF
  C:0F96H         PUBLIC        ?C?CASTF
  -------         ENDMOD        ?C?CASTF

  -------         MODULE        PRINTF
  X:0081H         PUBLIC        ?_PRINTF?BYTE
  X:0081H         PUBLIC        ?_SPRINTF?BYTE
  C:1903H         PUBLIC        _PRINTF
  C:18FDH         PUBLIC        _SPRINTF
  -------         ENDMOD        PRINTF

  -------         MODULE        POW
  X:0029H         PUBLIC        ?_pow?BYTE
  C:2A5FH         PUBLIC        _pow
  -------         ENDMOD        POW

  -------         MODULE        ?C?CHKFLOAT
  C:1017H         PUBLIC        ?C?CHKFLOAT
  -------         ENDMOD        ?C?CHKFLOAT

  -------         MODULE        ?C?FPCMP
  C:1033H         PUBLIC        ?C?FPCMP
  C:1031H         PUBLIC        ?C?FPCMP3
  -------         ENDMOD        ?C?FPCMP

  -------         MODULE        ?C?FPNEG
  C:10AAH         PUBLIC        ?C?FPNEG
  -------         ENDMOD        ?C?FPNEG

  -------         MODULE        ?C?FPROUND
  C:10BBH         PUBLIC        ?C?FPROUND
  -------         ENDMOD        ?C?FPROUND

  -------         MODULE        ?C?FPCONVERT
  C:10F8H         PUBLIC        ?C?FPCONVERT
  -------         ENDMOD        ?C?FPCONVERT

  -------         MODULE        EXP
  C:461CH         PUBLIC        _EXP
  -------         ENDMOD        EXP

  -------         MODULE        LOG
  C:30D8H         PUBLIC        _LOG
  C:30D4H         PUBLIC        _LOG10
BL51 BANKED LINKER/LOCATER V6.22.2.0                                                  10/15/2021  16:07:49  PAGE 69


  -------         ENDMOD        LOG

  -------         MODULE        ?C?FPDIV
  C:1200H         PUBLIC        ?C?FPDIV
  -------         ENDMOD        ?C?FPDIV

  -------         MODULE        ?C?FTNPWR
  C:12CDH         PUBLIC        ?C?FTNPWR
  -------         ENDMOD        ?C?FTNPWR

  -------         MODULE        ?C?COPY
  C:142AH         PUBLIC        ?C?COPY
  -------         ENDMOD        ?C?COPY

  -------         MODULE        ?C?CLDPTR
  C:1450H         PUBLIC        ?C?CLDPTR
  -------         ENDMOD        ?C?CLDPTR

  -------         MODULE        ?C?CLDOPTR
  C:1469H         PUBLIC        ?C?CLDOPTR
  -------         ENDMOD        ?C?CLDOPTR

  -------         MODULE        ?C?CSTPTR
  C:1496H         PUBLIC        ?C?CSTPTR
  -------         ENDMOD        ?C?CSTPTR

  -------         MODULE        ?C?CSTOPTR
  C:14A8H         PUBLIC        ?C?CSTOPTR
  -------         ENDMOD        ?C?CSTOPTR

  -------         MODULE        ?C?IILDX
  C:14CAH         PUBLIC        ?C?IILDX
  -------         ENDMOD        ?C?IILDX

  -------         MODULE        ?C?LNEG
  C:14E0H         PUBLIC        ?C?LNEG
  -------         ENDMOD        ?C?LNEG

  -------         MODULE        ?C?LLDCODE
  C:14EEH         PUBLIC        ?C?LLDCODE
  -------         ENDMOD        ?C?LLDCODE

  -------         MODULE        ?C?LLDXDATA0
  C:14FEH         PUBLIC        ?C?LLDXDATA0
  -------         ENDMOD        ?C?LLDXDATA0

  -------         MODULE        ?C?LLDCODE0
  C:150AH         PUBLIC        ?C?LLDCODE0
  -------         ENDMOD        ?C?LLDCODE0

  -------         MODULE        ?C?LSTXDATA
  C:151AH         PUBLIC        ?C?LSTXDATA
  -------         ENDMOD        ?C?LSTXDATA

  -------         MODULE        ?C?LSTKXDATA
  C:1526H         PUBLIC        ?C?LSTKXDATA
  -------         ENDMOD        ?C?LSTKXDATA
BL51 BANKED LINKER/LOCATER V6.22.2.0                                                  10/15/2021  16:07:49  PAGE 70



  -------         MODULE        ?C?PLDIXDATA
  C:1557H         PUBLIC        ?C?PLDIXDATA
  -------         ENDMOD        ?C?PLDIXDATA

  -------         MODULE        ?C?PSTXDATA
  C:156EH         PUBLIC        ?C?PSTXDATA
  -------         ENDMOD        ?C?PSTXDATA

  -------         MODULE        ?C?CCASE
  C:1577H         PUBLIC        ?C?CCASE
  -------         ENDMOD        ?C?CCASE

  -------         MODULE        STRCAT
  X:0050H         PUBLIC        ?_strcat?BYTE
  C:4FF3H         PUBLIC        _strcat
  -------         ENDMOD        STRCAT

  -------         MODULE        STRNCAT
  X:003DH         PUBLIC        ?_strncat?BYTE
  C:3E12H         PUBLIC        _strncat
  -------         ENDMOD        STRNCAT

  -------         MODULE        ?C?STRCMP
  C:171BH         PUBLIC        ?C?STRCMP
  -------         ENDMOD        ?C?STRCMP

  -------         MODULE        ?C?STRCPY
  C:1804H         PUBLIC        ?C?STRCPY
  -------         ENDMOD        ?C?STRCPY

  -------         MODULE        STRNCPY
  X:0014H         PUBLIC        ?_strncpy?BYTE
  C:505EH         PUBLIC        _strncpy
  -------         ENDMOD        STRNCPY

  -------         MODULE        STRLEN
  C:000EH         PUBLIC        _STRLEN
  -------         ENDMOD        STRLEN

  -------         MODULE        STRSTR
  X:0014H         PUBLIC        ?_strstr?BYTE
  C:3F9BH         PUBLIC        _strstr
  -------         ENDMOD        STRSTR

  -------         MODULE        STRTOK
  X:004AH         PUBLIC        ?_strtok?BYTE
  C:3AB7H         PUBLIC        _strtok
  -------         ENDMOD        STRTOK

  -------         MODULE        ATOL
  C:32DDH         PUBLIC        _atol
  -------         ENDMOD        ATOL

  -------         MODULE        ATOI
  C:3B9BH         PUBLIC        _atoi
  -------         ENDMOD        ATOI
BL51 BANKED LINKER/LOCATER V6.22.2.0                                                  10/15/2021  16:07:49  PAGE 71



  -------         MODULE        ?C?IMUL
  C:1821H         PUBLIC        ?C?IMUL
  -------         ENDMOD        ?C?IMUL

  -------         MODULE        ?C?ILDIX
  C:1833H         PUBLIC        ?C?ILDIX
  -------         ENDMOD        ?C?ILDIX

  -------         MODULE        ?C?LMUL
  C:1849H         PUBLIC        ?C?LMUL
  -------         ENDMOD        ?C?LMUL

  -------         MODULE        ISDIGIT
  C:5D4FH         PUBLIC        _isdigit
  -------         ENDMOD        ISDIGIT

  -------         MODULE        ISSPACE
  C:5C7CH         PUBLIC        _isspace
  -------         ENDMOD        ISSPACE

  -------         MODULE        STRSPN
  X:0050H         PUBLIC        ?_strspn?BYTE
  C:4D1EH         PUBLIC        _strspn
  -------         ENDMOD        STRSPN

  -------         MODULE        STRPBRK
  X:0050H         PUBLIC        ?_strpbrk?BYTE
  C:4DA2H         PUBLIC        _strpbrk
  -------         ENDMOD        STRPBRK

*** WARNING L16: UNCALLED SEGMENT, IGNORED FOR OVERLAY PROCESS
    SEGMENT: ?PR?_SERIE_ASCII_SICEROS_L?NUM_SERIE

Program Size: data=158.5 xdata=392 code=24032
LINK/LOCATE RUN COMPLETE.  1 WARNING(S),  0 ERROR(S)
