BL51 BANKED LINKER/LOCATER V6.22.2.0                                                    11/12/2021  16:31:00  PAGE 1


BL51 BANKED LINKER/LOCATER V6.22.2.0, INVOKED BY:
C:\KEIL_V5\C51\BIN\BL51.EXE .\Objects\main.obj, .\Objects\Clock.obj, .\Objects\delay.obj, .\Objects\eeprom.obj, .\Object
>> s\io_sensores.obj, .\Objects\monitor.obj, .\Objects\num_serie.obj, .\Objects\pantallas.obj, .\Objects\prog.obj, .\Obj
>> ects\pto_paralelo.obj, .\Objects\tibbo.obj, .\Objects\uart.obj, .\Objects\Accescan.obj, .\Objects\verprint.obj TO .\O
>> bjects\VRFCDOR_PRINT_101 PRINT (.\Listings\VRFCDOR_PRINT_101.m51) RAMSIZE (256)


MEMORY MODEL: LARGE WITH FLOATING POINT ARITHMETIC


INPUT MODULES INCLUDED:
  .\Objects\main.obj (MAIN)
  .\Objects\Clock.obj (CLOCK)
  .\Objects\delay.obj (DELAY)
  .\Objects\eeprom.obj (EEPROM)
  .\Objects\io_sensores.obj (IO_SENSORES)
  .\Objects\monitor.obj (MONITOR)
  .\Objects\num_serie.obj (NUM_SERIE)
  .\Objects\pantallas.obj (PANTALLAS)
  .\Objects\prog.obj (PROG)
  .\Objects\pto_paralelo.obj (PTO_PARALELO)
  .\Objects\tibbo.obj (TIBBO)
  .\Objects\uart.obj (UART)
  .\Objects\Accescan.obj (ACCESCAN)
  .\Objects\verprint.obj (VERPRINT)
  C:\KEIL_V5\C51\LIB\C51FPL.LIB (?C?FPADD)
  C:\KEIL_V5\C51\LIB\C51FPL.LIB (?C?FPMUL)
  C:\KEIL_V5\C51\LIB\C51FPL.LIB (?C?FCAST)
  C:\KEIL_V5\C51\LIB\C51FPL.LIB (?C?CASTF)
  C:\KEIL_V5\C51\LIB\C51FPL.LIB (PRINTF)
  C:\KEIL_V5\C51\LIB\C51FPL.LIB (POW)
  C:\KEIL_V5\C51\LIB\C51FPL.LIB (?C?FPGETOPN)
  C:\KEIL_V5\C51\LIB\C51FPL.LIB (?C?CHKFLOAT)
  C:\KEIL_V5\C51\LIB\C51FPL.LIB (?C?FPCMP)
  C:\KEIL_V5\C51\LIB\C51FPL.LIB (?C?FPNEG)
  C:\KEIL_V5\C51\LIB\C51FPL.LIB (?C?FPROUND)
  C:\KEIL_V5\C51\LIB\C51FPL.LIB (?C?FPCONVERT)
  C:\KEIL_V5\C51\LIB\C51FPL.LIB (EXP)
  C:\KEIL_V5\C51\LIB\C51FPL.LIB (LOG)
  C:\KEIL_V5\C51\LIB\C51FPL.LIB (?C?FPDIV)
  C:\KEIL_V5\C51\LIB\C51FPL.LIB (?C?FTNPWR)
  C:\KEIL_V5\C51\LIB\C51FPL.LIB (?C?FPSERIES)
  C:\KEIL_V5\C51\LIB\C51L.LIB (?C_STARTUP)
  C:\KEIL_V5\C51\LIB\C51L.LIB (?C?COPY)
  C:\KEIL_V5\C51\LIB\C51L.LIB (?C?CLDPTR)
  C:\KEIL_V5\C51\LIB\C51L.LIB (?C?CLDOPTR)
  C:\KEIL_V5\C51\LIB\C51L.LIB (?C?CSTPTR)
  C:\KEIL_V5\C51\LIB\C51L.LIB (?C?CSTOPTR)
  C:\KEIL_V5\C51\LIB\C51L.LIB (?C?IMUL)
  C:\KEIL_V5\C51\LIB\C51L.LIB (?C?IILDX)
  C:\KEIL_V5\C51\LIB\C51L.LIB (?C?LNEG)
  C:\KEIL_V5\C51\LIB\C51L.LIB (?C?ULCMP)
  C:\KEIL_V5\C51\LIB\C51L.LIB (?C?ULSHR)
  C:\KEIL_V5\C51\LIB\C51L.LIB (?C?LLDCODE)
  C:\KEIL_V5\C51\LIB\C51L.LIB (?C?LLDXDATA0)
  C:\KEIL_V5\C51\LIB\C51L.LIB (?C?LLDCODE0)
  C:\KEIL_V5\C51\LIB\C51L.LIB (?C?LSTXDATA)
  C:\KEIL_V5\C51\LIB\C51L.LIB (?C?LSTKXDATA)
BL51 BANKED LINKER/LOCATER V6.22.2.0                                                  11/12/2021  16:31:00  PAGE 2


  C:\KEIL_V5\C51\LIB\C51L.LIB (?C?PLDIXDATA)
  C:\KEIL_V5\C51\LIB\C51L.LIB (?C?PSTXDATA)
  C:\KEIL_V5\C51\LIB\C51L.LIB (?C?CCASE)
  C:\KEIL_V5\C51\LIB\C51L.LIB (STRCAT)
  C:\KEIL_V5\C51\LIB\C51L.LIB (STRNCAT)
  C:\KEIL_V5\C51\LIB\C51L.LIB (?C?STRCMP)
  C:\KEIL_V5\C51\LIB\C51L.LIB (?C?STRCPY)
  C:\KEIL_V5\C51\LIB\C51L.LIB (STRNCPY)
  C:\KEIL_V5\C51\LIB\C51L.LIB (STRLEN)
  C:\KEIL_V5\C51\LIB\C51L.LIB (STRSTR)
  C:\KEIL_V5\C51\LIB\C51L.LIB (STRTOK)
  C:\KEIL_V5\C51\LIB\C51L.LIB (ATOI)
  C:\KEIL_V5\C51\LIB\C51L.LIB (?C_INIT)
  C:\KEIL_V5\C51\LIB\C51L.LIB (?C?ILDIX)
  C:\KEIL_V5\C51\LIB\C51L.LIB (ISDIGIT)
  C:\KEIL_V5\C51\LIB\C51L.LIB (ISSPACE)
  C:\KEIL_V5\C51\LIB\C51L.LIB (STRSPN)
  C:\KEIL_V5\C51\LIB\C51L.LIB (STRPBRK)


LINK MAP OF MODULE:  .\Objects\VRFCDOR_PRINT_101 (MAIN)


            TYPE    BASE      LENGTH    RELOCATION   SEGMENT NAME
            -----------------------------------------------------

            * * * * * * *   D A T A   M E M O R Y   * * * * * * *
            REG     0000H     0008H     ABSOLUTE     "REG BANK 0"
            DATA    0008H     0005H     UNIT         ?DT?UART
            DATA    000DH     0005H     UNIT         _DATA_GROUP_
                    0012H     000EH                  *** GAP ***
            BIT     0020H.0   0001H.1   UNIT         _BIT_GROUP_
            BIT     0021H.1   0000H.1   UNIT         ?BI?MAIN
            BIT     0021H.2   0000H.1   UNIT         ?BI?EEPROM
            BIT     0021H.3   0000H.1   UNIT         ?BI?UART
                    0021H.4   0000H.4                *** GAP ***
            IDATA   0022H     008AH     UNIT         ?ID?MAIN
            IDATA   00ACH     0001H     UNIT         ?STACK

            * * * * * * *  X D A T A   M E M O R Y  * * * * * * *
            XDATA   0000H     00B5H     UNIT         _XDATA_GROUP_
            XDATA   00B5H     005FH     UNIT         ?XD?PROG
            XDATA   0114H     0048H     UNIT         ?XD?MAIN
            XDATA   015CH     0016H     UNIT         ?XD?VERPRINT
            XDATA   0172H     0003H     UNIT         ?XD?EEPROM
            XDATA   0175H     0003H     UNIT         ?XD?STRTOK
            XDATA   0178H     0001H     UNIT         ?XD?CLOCK

            * * * * * * *   C O D E   M E M O R Y   * * * * * * *
            CODE    0000H     0003H     ABSOLUTE     
            CODE    0003H     0008H     UNIT         ?PR?P_CK?CLOCK
            CODE    000BH     0003H     ABSOLUTE     
            CODE    000EH     0015H     UNIT         ?PR?_STRLEN?STRLEN
            CODE    0023H     0003H     ABSOLUTE     
            CODE    0026H     0D34H     UNIT         ?CO?PROG
            CODE    0D5AH     0B13H     UNIT         ?C?LIB_CODE
            CODE    186DH     0483H     UNIT         ?PR?PRINTF?PRINTF
BL51 BANKED LINKER/LOCATER V6.22.2.0                                                  11/12/2021  16:31:00  PAGE 3


            CODE    1CF0H     0477H     UNIT         ?PR?LEE_TICKET?VERPRINT
            CODE    2167H     03A5H     UNIT         ?PR?_VALIDA_TRAMA_PTO?ACCESCAN
            CODE    250CH     02D0H     UNIT         ?PR?_TWO_BYTEHEX_DECIMAL?CLOCK
            CODE    27DCH     027EH     UNIT         ?CO?VERPRINT
            CODE    2A5AH     023AH     UNIT         ?PR?MENU?PROG
            CODE    2C94H     01D8H     UNIT         ?PR?_BLOCK_READ_CLOCK_ASCII?CLOCK
            CODE    2E6CH     0166H     UNIT         ?PR?_POW?POW
            CODE    2FD2H     0148H     UNIT         ?PR?_TRAMA_PRINT_COD_BARRAS?PTO_PARALELO
            CODE    311AH     013EH     UNIT         ?PR?PROG_SIN_COBRO?PROG
            CODE    3258H     012EH     UNIT         ?PR?_PANTALLALCD_LINEA_2?PANTALLAS
            CODE    3386H     0129H     UNIT         ?PR?LOG?LOG
            CODE    34AFH     0112H     UNIT         ?CO?PANTALLAS
            CODE    35C1H     0110H     UNIT         ?PR?LOAD_AND_SEND_ID_COD?PTO_PARALELO
            CODE    36D1H     010EH     UNIT         ?PR?_BLOQUE_HORARIO?VERPRINT
            CODE    37DFH     0109H     UNIT         ?PR?_CHECK_FECHAOUT_2?VERPRINT
            CODE    38E8H     00FCH     UNIT         ?PR?PROG_DEBUG?PROG
            CODE    39E4H     00FCH     UNIT         ?PR?PROG_USE_LPR?PROG
            CODE    3AE0H     00FCH     UNIT         ?PR?TIPO_PANTALLA?PROG
            CODE    3BDCH     00FCH     UNIT         ?PR?PROG_COMPARACION_ACTIVA?PROG
            CODE    3CD8H     00FCH     UNIT         ?PR?PROG_QR_BARRAS?PROG
            CODE    3DD4H     00E7H     UNIT         ?PR?_CMD_LPR_SALIDA_PRINT?MONITOR
            CODE    3EBBH     00E4H     UNIT         ?PR?_STRTOK?STRTOK
            CODE    3F9FH     00DDH     UNIT         ?PR?_SET_ALMACENA_TICKET_EEPROM?VERPRINT
            CODE    407CH     00DBH     UNIT         ?PR?_ATOI?ATOI
            CODE    4157H     00D6H     UNIT         ?PR?_CMD_LPR_SALIDA_WIEGAND?MONITOR
            CODE    422DH     00CFH     UNIT         ?PR?_GET_ALMACENA_TICKET_EEPROM?VERPRINT
            CODE    42FCH     00C6H     UNIT         ?PR?SHOW?PROG
            CODE    43C2H     00C5H     UNIT         ?PR?_STRNCAT?STRNCAT
            CODE    4487H     00C4H     UNIT         ?PR?_BLOCK_READ_CLOCK?CLOCK
            CODE    454BH     00BFH     UNIT         ?PR?_STRSTR?STRSTR
            CODE    460AH     00BDH     UNIT         ?PR?PROG_COD_PARK?PROG
            CODE    46C7H     00BDH     UNIT         ?PR?PROG_TIEMPO_GRACIA?PROG
            CODE    4784H     00BCH     UNIT         ?PR?MAIN?MAIN
            CODE    4840H     00B6H     UNIT         ?PR?PROG_ID_CLIENTE?PROG
            CODE    48F6H     00B4H     UNIT         ?PR?_SEND_PORT?PTO_PARALELO
            CODE    49AAH     00B2H     UNIT         ?C_INITSEG
            CODE    4A5CH     00A6H     UNIT         ?PR?_BLOCK_READ_CLOCK_HEX?CLOCK
            CODE    4B02H     00A2H     UNIT         ?PR?_PANTALLALCD?PANTALLAS
            CODE    4BA4H     00A0H     UNIT         ?CO?IO_SENSORES
            CODE    4C44H     009BH     UNIT         ?PR?_VALIDA_TRAMA_MONITOR?MONITOR
            CODE    4CDFH     009AH     UNIT         ?PR?EXP?EXP
            CODE    4D79H     0097H     UNIT         ?PR?_RECIBE_PORT?PTO_PARALELO
            CODE    4E10H     0095H     UNIT         ?PR?_RECIBE_CMD_MONITOR?MONITOR
            CODE    4EA5H     0090H     UNIT         ?PR?_LEE_CLK?CLOCK
            CODE    4F35H     0090H     UNIT         ?PR?_GETOPTION?PROG
            CODE    4FC5H     008FH     UNIT         ?PR?_BLOCK_WRITE_CLOCK_ASCII?CLOCK
            CODE    5054H     008CH     UNIT         ?C_C51STARTUP
            CODE    50E0H     008AH     UNIT         ?PR?VARIABLE_INICIO?MAIN
            CODE    516AH     008AH     UNIT         ?PR?_ESCRIBIRMEMORIA?EEPROM
            CODE    51F4H     0088H     UNIT         ?PR?_SEND_PORTERR?PTO_PARALELO
            CODE    527CH     0088H     UNIT         ?PR?RX_DATA?TIBBO
            CODE    5304H     0085H     UNIT         ?PR?COM_ISR?UART
            CODE    5389H     0084H     UNIT         ?PR?_STRSPN?STRSPN
            CODE    540DH     0081H     UNIT         ?PR?_STRPBRK?STRPBRK
            CODE    548EH     0080H     UNIT         ?PR?_INGRESADATO?PROG
            CODE    550EH     0073H     UNIT         ?PR?MSJ_LCD_INFORMATIVO?IO_SENSORES
            CODE    5581H     006FH     UNIT         ?PR?VALIDASENSORESPASO?IO_SENSORES
BL51 BANKED LINKER/LOCATER V6.22.2.0                                                  11/12/2021  16:31:00  PAGE 4


            CODE    55F0H     006EH     UNIT         ?PR?_DEBUGBUFFERMF?TIBBO
            CODE    565EH     006BH     UNIT         ?PR?_STRCAT?STRCAT
            CODE    56C9H     0068H     UNIT         ?PR?_STRNCPY?STRNCPY
            CODE    5731H     0065H     UNIT         ?PR?_DEBUG_CHR_TIBBO32?TIBBO
            CODE    5796H     0062H     UNIT         ?PR?_LISTACOMANDOS?PROG
            CODE    57F8H     005EH     UNIT         ?PR?_RASPBERRY_DATA?PANTALLAS
            CODE    5856H     0058H     UNIT         ?PR?_LEERMEMORIA?EEPROM
            CODE    58AEH     0057H     UNIT         ?CO?TIBBO
            CODE    5905H     0053H     UNIT         ?PR?_BYTEHEX_DECIMAL?CLOCK
            CODE    5958H     004DH     UNIT         ?PR?L_D_M?EEPROM
            CODE    59A5H     0048H     UNIT         ?PR?_TX_AUX?TIBBO
            CODE    59EDH     0047H     UNIT         ?PR?PROG_CLIENTE?PROG
            CODE    5A34H     0047H     UNIT         ?PR?PROG_NIT?PROG
            CODE    5A7BH     0047H     UNIT         ?PR?PROG_NOM_PARQ?PROG
            CODE    5AC2H     0047H     UNIT         ?PR?PROG_DIRECCION?PROG
            CODE    5B09H     0047H     UNIT         ?PR?PROG_MSJ1?PROG
            CODE    5B50H     0047H     UNIT         ?PR?PROG_MSJ2?PROG
            CODE    5B97H     0047H     UNIT         ?PR?PROG_MSJ3?PROG
            CODE    5BDEH     0047H     UNIT         ?PR?PROG_MSJ4?PROG
            CODE    5C25H     0047H     UNIT         ?PR?PROG_MSJ5?PROG
            CODE    5C6CH     0047H     UNIT         ?PR?PROG_MSJ6?PROG
            CODE    5CB3H     0047H     UNIT         ?PR?PROG_MSJ7?PROG
            CODE    5CFAH     0047H     UNIT         ?PR?_DEBUG_CHR_TIBBO?TIBBO
            CODE    5D41H     0046H     UNIT         ?PR?_LCD_TXT_NUM_CHAR?PANTALLAS
            CODE    5D87H     0045H     UNIT         ?PR?_VALIDARCLAVE?PROG
            CODE    5DCCH     0041H     UNIT         ?PR?_TWO_ONE?CLOCK
            CODE    5E0DH     0041H     UNIT         ?PR?_MONITOR_CHR?MONITOR
            CODE    5E4EH     0040H     UNIT         ?PR?_GETCMD?PROG
            CODE    5E8EH     003FH     UNIT         ?PR?_EB_CLK?CLOCK
            CODE    5ECDH     003FH     UNIT         ?PR?_WR_EEPROM?EEPROM
            CODE    5F0CH     003FH     UNIT         ?PR?FORMATO_EEPROM?EEPROM
            CODE    5F4BH     003EH     UNIT         ?PR?_PUTCHAR?MAIN
            CODE    5F89H     003EH     UNIT         ?PR?_DEBUG_TXT_TIBBO?TIBBO
            CODE    5FC7H     003EH     UNIT         ?PR?COM_BAUDRATE?UART
            CODE    6005H     003CH     UNIT         ?PR?CONFIRMACION?EEPROM
            CODE    6041H     003CH     UNIT         ?PR?LIMPIAR_MEMORIA_TICKET?EEPROM
            CODE    607DH     003CH     UNIT         ?PR?_LCD_TXT?PANTALLAS
            CODE    60B9H     003BH     UNIT         ?PR?_COM_PUTCHAR?UART
            CODE    60F4H     0039H     UNIT         ?PR?_RD_EEPROM?EEPROM
            CODE    612DH     0035H     UNIT         ?PR?RELOJ_PANTALLA_LCD?PANTALLAS
            CODE    6162H     002CH     UNIT         ?PR?LOAD_AND_SEND_INFO_RELOJ?PTO_PARALELO
            CODE    618EH     002AH     UNIT         ?PR?COM_INITIALIZE?UART
            CODE    61B8H     0028H     UNIT         ?PR?_WR_CLK?CLOCK
            CODE    61E0H     0026H     UNIT         ?PR?COM_GETCHAR?UART
            CODE    6206H     0024H     UNIT         ?PR?_NUM_NUM?VERPRINT
            CODE    622AH     0022H     UNIT         ?PR?_E_D_M?EEPROM
            CODE    624CH     0021H     UNIT         ?PR?_HEX_BCD?CLOCK
            CODE    626DH     0020H     UNIT         ?PR?ACKD?EEPROM
            CODE    628DH     0020H     UNIT         ?PR?ACK_LECT?EEPROM
            CODE    62ADH     0020H     UNIT         ?PR?TIME_BIT?TIBBO
            CODE    62CDH     001FH     UNIT         ?PR?VALIDASENSOR?IO_SENSORES
            CODE    62ECH     001EH     UNIT         ?PR?_BCD_HEX?CLOCK
            CODE    630AH     001EH     UNIT         ?PR?_TX_CHRLCD?PANTALLAS
            CODE    6328H     001BH     UNIT         ?PR?_DELAY_1MS?DELAY
            CODE    6343H     001BH     UNIT         ?PR?_NUM_CHAR?VERPRINT
            CODE    635EH     001AH     UNIT         ?PR?TIME_MBIT?TIBBO
            CODE    6378H     0019H     UNIT         ?PR?TIMER0_INT?MAIN
BL51 BANKED LINKER/LOCATER V6.22.2.0                                                  11/12/2021  16:31:00  PAGE 5


            CODE    6391H     0018H     UNIT         ?CO?ACCESCAN
            CODE    63A9H     0017H     UNIT         ?PR?DISPLAYCURSOR?PROG
            CODE    63C0H     0014H     UNIT         ?PR?_ISSPACE?ISSPACE
            CODE    63D4H     0012H     UNIT         ?PR?_DELAY_20US?DELAY
            CODE    63E6H     0012H     UNIT         ?PR?START?EEPROM
            CODE    63F8H     0012H     UNIT         ?PR?DIR_BOARD?IO_SENSORES
            CODE    640AH     0012H     UNIT         ?PR?PULSO_BUS?PTO_PARALELO
            CODE    641CH     0012H     UNIT         ?PR?COM_RBUFLEN?UART
            CODE    642EH     0012H     UNIT         ?PR?COM_TBUFLEN?UART
            CODE    6440H     0010H     UNIT         ?PR?INI_TIMER?MAIN
            CODE    6450H     0010H     UNIT         ?PR?INICIA_BOARD?MAIN
            CODE    6460H     0010H     UNIT         ?PR?_GRABA_SERIE_ASCII_HEX?NUM_SERIE
            CODE    6470H     0010H     UNIT         ?CO?PTO_PARALELO
            CODE    6480H     000FH     UNIT         ?PR?_ISDIGIT?ISDIGIT
            CODE    648FH     000EH     UNIT         ?PR?CLEAR_BUFFER?UART
            CODE    649DH     000CH     UNIT         ?PR?_GETKEY?MAIN
            CODE    64A9H     000AH     UNIT         ?PR?COND_INI_PTO?PTO_PARALELO
            CODE    64B3H     0009H     UNIT         ?PR?STOP?EEPROM
            CODE    64BCH     0009H     UNIT         ?PR?DEBUG_DIVIDIR_TEXTO?TIBBO
            CODE    64C5H     0007H     UNIT         ?PR?COND_INI_CLOCK?CLOCK
            CODE    64CCH     0007H     UNIT         ?PR?SEL_FUNCION?IO_SENSORES
            CODE    64D3H     0007H     UNIT         ?PR?SEL_AUTO?IO_SENSORES
            CODE    64DAH     0007H     UNIT         ?PR?SEL_SENSOR2?IO_SENSORES
            CODE    64E1H     0007H     UNIT         ?PR?SEL_SENSOR1?IO_SENSORES
            CODE    64E8H     0007H     UNIT         ?PR?SEL_DIR1?IO_SENSORES
            CODE    64EFH     0007H     UNIT         ?PR?SEL_DIR2?IO_SENSORES
            CODE    64F6H     0006H     UNIT         ?PR?P_ME?EEPROM
            CODE    64FCH     0005H     UNIT         ?PR?ON_TIMER0_INTERRUP?MAIN
            CODE    6501H     0005H     UNIT         ?PR?COND_INI_TIBBO?TIBBO
            CODE    6506H     0003H     UNIT         ?PR?OFF_TIMER0_INTERRUP?MAIN
            CODE    6509H     0003H     UNIT         ?CO?MAIN
            CODE    650CH     0001H     UNIT         ?PR?DELAY?DELAY



OVERLAY MAP OF MODULE:   .\Objects\VRFCDOR_PRINT_101 (MAIN)


SEGMENT                                             BIT_GROUP          DATA_GROUP          XDATA_GROUP
  +--> CALLED SEGMENT                            START    LENGTH     START    LENGTH     START    LENGTH
--------------------------------------------------------------------------------------------------------
?C_C51STARTUP                                    -----    -----      -----    -----      -----    -----
  +--> ?PR?MAIN?MAIN
  +--> ?C_INITSEG

?PR?MAIN?MAIN                                    -----    -----      -----    -----      0000H    000EH
  +--> ?PR?INI_TIMER?MAIN
  +--> ?PR?ON_TIMER0_INTERRUP?MAIN
  +--> ?PR?COM_INITIALIZE?UART
  +--> ?PR?COM_BAUDRATE?UART
  +--> ?PR?INICIA_BOARD?MAIN
  +--> ?PR?TIME_BIT?TIBBO
  +--> ?PR?TIME_MBIT?TIBBO
  +--> ?PR?_TX_AUX?TIBBO
  +--> ?PR?SEL_FUNCION?IO_SENSORES
  +--> ?PR?MENU?PROG
  +--> ?PR?VARIABLE_INICIO?MAIN
BL51 BANKED LINKER/LOCATER V6.22.2.0                                                  11/12/2021  16:31:00  PAGE 6


  +--> ?PR?LIMPIAR_MEMORIA_TICKET?EEPROM
  +--> ?PR?_RECIBE_CMD_MONITOR?MONITOR
  +--> ?PR?DEBUG_DIVIDIR_TEXTO?TIBBO
  +--> ?PR?_VALIDA_TRAMA_MONITOR?MONITOR
  +--> ?PR?_DEBUGBUFFERMF?TIBBO
  +--> ?PR?_DEBUG_TXT_TIBBO?TIBBO
  +--> ?PR?LEE_TICKET?VERPRINT
  +--> ?PR?_RECIBE_PORT?PTO_PARALELO
  +--> ?PR?_DEBUG_CHR_TIBBO?TIBBO
  +--> ?CO?MAIN
  +--> ?PR?_VALIDA_TRAMA_PTO?ACCESCAN
  +--> ?PR?MSJ_LCD_INFORMATIVO?IO_SENSORES

?PR?COM_INITIALIZE?UART                          -----    -----      -----    -----      -----    -----
  +--> ?PR?COM_BAUDRATE?UART

?PR?COM_BAUDRATE?UART                            -----    -----      -----    -----      -----    -----
  +--> ?PR?_RD_EEPROM?EEPROM

?PR?_RD_EEPROM?EEPROM                            -----    -----      -----    -----      -----    -----
  +--> ?PR?START?EEPROM
  +--> ?PR?ACK_LECT?EEPROM
  +--> ?PR?_E_D_M?EEPROM
  +--> ?PR?ACKD?EEPROM
  +--> ?PR?L_D_M?EEPROM
  +--> ?PR?STOP?EEPROM

?PR?ACK_LECT?EEPROM                              -----    -----      -----    -----      -----    -----
  +--> ?PR?_E_D_M?EEPROM

?PR?_E_D_M?EEPROM                                -----    -----      -----    -----      -----    -----
  +--> ?PR?P_ME?EEPROM

?PR?ACKD?EEPROM                                  -----    -----      -----    -----      -----    -----
  +--> ?PR?_E_D_M?EEPROM

?PR?INICIA_BOARD?MAIN                            -----    -----      -----    -----      -----    -----
  +--> ?PR?COND_INI_TIBBO?TIBBO
  +--> ?PR?COND_INI_CLOCK?CLOCK
  +--> ?PR?COND_INI_PTO?PTO_PARALELO

?PR?_TX_AUX?TIBBO                                -----    -----      -----    -----      -----    -----
  +--> ?PR?TIME_BIT?TIBBO

?PR?MENU?PROG                                    -----    -----      -----    -----      000EH    0031H
  +--> ?CO?PROG
  +--> ?PR?PRINTF?PRINTF
  +--> ?PR?CLEAR_BUFFER?UART
  +--> ?PR?_INGRESADATO?PROG
  +--> ?PR?_GETCMD?PROG
  +--> ?PR?_VALIDARCLAVE?PROG
  +--> ?PR?DISPLAYCURSOR?PROG
  +--> ?PR?_STRLEN?STRLEN
  +--> ?PR?_GETOPTION?PROG
  +--> ?PR?_STRCAT?STRCAT
  +--> ?PR?_LISTACOMANDOS?PROG
  +--> ?PR?PROG_ID_CLIENTE?PROG
BL51 BANKED LINKER/LOCATER V6.22.2.0                                                  11/12/2021  16:31:00  PAGE 7


  +--> ?PR?PROG_COD_PARK?PROG
  +--> ?PR?PROG_TIEMPO_GRACIA?PROG
  +--> ?PR?PROG_SIN_COBRO?PROG
  +--> ?PR?PROG_DEBUG?PROG
  +--> ?PR?PROG_USE_LPR?PROG
  +--> ?PR?TIPO_PANTALLA?PROG
  +--> ?PR?PROG_COMPARACION_ACTIVA?PROG
  +--> ?PR?PROG_QR_BARRAS?PROG
  +--> ?PR?PROG_CLIENTE?PROG
  +--> ?PR?PROG_NIT?PROG
  +--> ?PR?PROG_NOM_PARQ?PROG
  +--> ?PR?PROG_DIRECCION?PROG
  +--> ?PR?PROG_MSJ1?PROG
  +--> ?PR?PROG_MSJ2?PROG
  +--> ?PR?PROG_MSJ3?PROG
  +--> ?PR?PROG_MSJ4?PROG
  +--> ?PR?PROG_MSJ5?PROG
  +--> ?PR?PROG_MSJ6?PROG
  +--> ?PR?PROG_MSJ7?PROG
  +--> ?PR?SHOW?PROG

?PR?PRINTF?PRINTF                                0020H.0  0001H.1    000DH    0005H      0081H    0030H
  +--> ?PR?_PUTCHAR?MAIN

?PR?_PUTCHAR?MAIN                                -----    -----      -----    -----      00B1H    0003H
  +--> ?PR?_COM_PUTCHAR?UART

?PR?_COM_PUTCHAR?UART                            -----    -----      -----    -----      00B4H    0001H
  +--> ?PR?COM_TBUFLEN?UART

?PR?_INGRESADATO?PROG                            -----    -----      -----    -----      007DH    0004H
  +--> ?PR?_GETKEY?MAIN
  +--> ?CO?PROG
  +--> ?PR?PRINTF?PRINTF
  +--> ?PR?_PUTCHAR?MAIN

?PR?_GETKEY?MAIN                                 -----    -----      -----    -----      -----    -----
  +--> ?PR?COM_GETCHAR?UART

?PR?COM_GETCHAR?UART                             -----    -----      -----    -----      -----    -----
  +--> ?PR?COM_RBUFLEN?UART

?PR?_GETCMD?PROG                                 -----    -----      -----    -----      003FH    0007H
  +--> ?CO?PROG
  +--> ?PR?_STRTOK?STRTOK

?PR?_STRTOK?STRTOK                               -----    -----      -----    -----      004AH    0006H
  +--> ?PR?_STRSPN?STRSPN
  +--> ?PR?_STRPBRK?STRPBRK

?PR?_STRSPN?STRSPN                               -----    -----      -----    -----      0050H    0008H

?PR?_STRPBRK?STRPBRK                             -----    -----      -----    -----      0050H    0009H

?PR?_VALIDARCLAVE?PROG                           -----    -----      -----    -----      003FH    000AH

?PR?DISPLAYCURSOR?PROG                           -----    -----      -----    -----      -----    -----
BL51 BANKED LINKER/LOCATER V6.22.2.0                                                  11/12/2021  16:31:00  PAGE 8


  +--> ?CO?PROG
  +--> ?PR?PRINTF?PRINTF

?PR?_GETOPTION?PROG                              -----    -----      -----    -----      003FH    000BH
  +--> ?CO?PROG
  +--> ?PR?_STRTOK?STRTOK

?PR?_STRCAT?STRCAT                               -----    -----      -----    -----      0050H    0009H

?PR?_LISTACOMANDOS?PROG                          -----    -----      -----    -----      003FH    0007H

?PR?PROG_ID_CLIENTE?PROG                         -----    -----      -----    -----      003FH    000CH
  +--> ?PR?_RD_EEPROM?EEPROM
  +--> ?CO?PROG
  +--> ?PR?PRINTF?PRINTF
  +--> ?PR?_INGRESADATO?PROG
  +--> ?PR?_ATOI?ATOI
  +--> ?PR?_WR_EEPROM?EEPROM

?PR?_ATOI?ATOI                                   0020H.0  0000H.1    -----    -----      004BH    0005H
  +--> ?PR?_ISSPACE?ISSPACE
  +--> ?PR?_ISDIGIT?ISDIGIT

?PR?_WR_EEPROM?EEPROM                            -----    -----      -----    -----      -----    -----
  +--> ?PR?START?EEPROM
  +--> ?PR?ACKD?EEPROM
  +--> ?PR?_E_D_M?EEPROM
  +--> ?PR?STOP?EEPROM
  +--> ?PR?_DELAY_1MS?DELAY
  +--> ?PR?_DELAY_20US?DELAY

?PR?_DELAY_1MS?DELAY                             -----    -----      -----    -----      -----    -----
  +--> ?PR?_DELAY_20US?DELAY

?PR?PROG_COD_PARK?PROG                           -----    -----      -----    -----      003FH    000CH
  +--> ?PR?_RD_EEPROM?EEPROM
  +--> ?CO?PROG
  +--> ?PR?PRINTF?PRINTF
  +--> ?PR?_INGRESADATO?PROG
  +--> ?PR?_ATOI?ATOI
  +--> ?PR?_WR_EEPROM?EEPROM

?PR?PROG_TIEMPO_GRACIA?PROG                      -----    -----      -----    -----      003FH    000CH
  +--> ?PR?_RD_EEPROM?EEPROM
  +--> ?CO?PROG
  +--> ?PR?PRINTF?PRINTF
  +--> ?PR?_INGRESADATO?PROG
  +--> ?PR?_ATOI?ATOI
  +--> ?PR?_WR_EEPROM?EEPROM

?PR?PROG_SIN_COBRO?PROG                          -----    -----      -----    -----      003FH    000CH
  +--> ?PR?_RD_EEPROM?EEPROM
  +--> ?CO?PROG
  +--> ?PR?PRINTF?PRINTF
  +--> ?PR?_INGRESADATO?PROG
  +--> ?PR?_ATOI?ATOI
  +--> ?PR?_WR_EEPROM?EEPROM
BL51 BANKED LINKER/LOCATER V6.22.2.0                                                  11/12/2021  16:31:00  PAGE 9



?PR?PROG_DEBUG?PROG                              -----    -----      -----    -----      003FH    000CH
  +--> ?PR?_RD_EEPROM?EEPROM
  +--> ?CO?PROG
  +--> ?PR?PRINTF?PRINTF
  +--> ?PR?_INGRESADATO?PROG
  +--> ?PR?_ATOI?ATOI
  +--> ?PR?_WR_EEPROM?EEPROM

?PR?PROG_USE_LPR?PROG                            -----    -----      -----    -----      003FH    000CH
  +--> ?PR?_RD_EEPROM?EEPROM
  +--> ?CO?PROG
  +--> ?PR?PRINTF?PRINTF
  +--> ?PR?_INGRESADATO?PROG
  +--> ?PR?_ATOI?ATOI
  +--> ?PR?_WR_EEPROM?EEPROM

?PR?TIPO_PANTALLA?PROG                           -----    -----      -----    -----      003FH    000CH
  +--> ?PR?_RD_EEPROM?EEPROM
  +--> ?CO?PROG
  +--> ?PR?PRINTF?PRINTF
  +--> ?PR?_INGRESADATO?PROG
  +--> ?PR?_ATOI?ATOI
  +--> ?PR?_WR_EEPROM?EEPROM

?PR?PROG_COMPARACION_ACTIVA?PROG                 -----    -----      -----    -----      003FH    000CH
  +--> ?PR?_RD_EEPROM?EEPROM
  +--> ?CO?PROG
  +--> ?PR?PRINTF?PRINTF
  +--> ?PR?_INGRESADATO?PROG
  +--> ?PR?_ATOI?ATOI
  +--> ?PR?_WR_EEPROM?EEPROM

?PR?PROG_QR_BARRAS?PROG                          -----    -----      -----    -----      003FH    000CH
  +--> ?PR?_RD_EEPROM?EEPROM
  +--> ?CO?PROG
  +--> ?PR?PRINTF?PRINTF
  +--> ?PR?_INGRESADATO?PROG
  +--> ?PR?_ATOI?ATOI
  +--> ?PR?_WR_EEPROM?EEPROM

?PR?PROG_CLIENTE?PROG                            -----    -----      -----    -----      003FH    0030H
  +--> ?CO?PROG
  +--> ?PR?PRINTF?PRINTF
  +--> ?PR?_INGRESADATO?PROG
  +--> ?PR?_ESCRIBIRMEMORIA?EEPROM
  +--> ?PR?_LEERMEMORIA?EEPROM

?PR?_ESCRIBIRMEMORIA?EEPROM                      -----    -----      -----    -----      007DH    0006H
  +--> ?PR?_WR_EEPROM?EEPROM

?PR?_LEERMEMORIA?EEPROM                          -----    -----      -----    -----      007DH    0005H
  +--> ?PR?_RD_EEPROM?EEPROM

?PR?PROG_NIT?PROG                                -----    -----      -----    -----      003FH    0010H
  +--> ?CO?PROG
  +--> ?PR?PRINTF?PRINTF
BL51 BANKED LINKER/LOCATER V6.22.2.0                                                  11/12/2021  16:31:00  PAGE 10


  +--> ?PR?_INGRESADATO?PROG
  +--> ?PR?_ESCRIBIRMEMORIA?EEPROM
  +--> ?PR?_LEERMEMORIA?EEPROM

?PR?PROG_NOM_PARQ?PROG                           -----    -----      -----    -----      003FH    0030H
  +--> ?CO?PROG
  +--> ?PR?PRINTF?PRINTF
  +--> ?PR?_INGRESADATO?PROG
  +--> ?PR?_ESCRIBIRMEMORIA?EEPROM
  +--> ?PR?_LEERMEMORIA?EEPROM

?PR?PROG_DIRECCION?PROG                          -----    -----      -----    -----      003FH    0030H
  +--> ?CO?PROG
  +--> ?PR?PRINTF?PRINTF
  +--> ?PR?_INGRESADATO?PROG
  +--> ?PR?_ESCRIBIRMEMORIA?EEPROM
  +--> ?PR?_LEERMEMORIA?EEPROM

?PR?PROG_MSJ1?PROG                               -----    -----      -----    -----      003FH    003EH
  +--> ?CO?PROG
  +--> ?PR?PRINTF?PRINTF
  +--> ?PR?_INGRESADATO?PROG
  +--> ?PR?_ESCRIBIRMEMORIA?EEPROM
  +--> ?PR?_LEERMEMORIA?EEPROM

?PR?PROG_MSJ2?PROG                               -----    -----      -----    -----      003FH    003EH
  +--> ?CO?PROG
  +--> ?PR?PRINTF?PRINTF
  +--> ?PR?_INGRESADATO?PROG
  +--> ?PR?_ESCRIBIRMEMORIA?EEPROM
  +--> ?PR?_LEERMEMORIA?EEPROM

?PR?PROG_MSJ3?PROG                               -----    -----      -----    -----      003FH    003EH
  +--> ?CO?PROG
  +--> ?PR?PRINTF?PRINTF
  +--> ?PR?_INGRESADATO?PROG
  +--> ?PR?_ESCRIBIRMEMORIA?EEPROM
  +--> ?PR?_LEERMEMORIA?EEPROM

?PR?PROG_MSJ4?PROG                               -----    -----      -----    -----      003FH    003EH
  +--> ?CO?PROG
  +--> ?PR?PRINTF?PRINTF
  +--> ?PR?_INGRESADATO?PROG
  +--> ?PR?_ESCRIBIRMEMORIA?EEPROM
  +--> ?PR?_LEERMEMORIA?EEPROM

?PR?PROG_MSJ5?PROG                               -----    -----      -----    -----      003FH    003EH
  +--> ?CO?PROG
  +--> ?PR?PRINTF?PRINTF
  +--> ?PR?_INGRESADATO?PROG
  +--> ?PR?_ESCRIBIRMEMORIA?EEPROM
  +--> ?PR?_LEERMEMORIA?EEPROM

?PR?PROG_MSJ6?PROG                               -----    -----      -----    -----      003FH    003EH
  +--> ?CO?PROG
  +--> ?PR?PRINTF?PRINTF
  +--> ?PR?_INGRESADATO?PROG
BL51 BANKED LINKER/LOCATER V6.22.2.0                                                  11/12/2021  16:31:00  PAGE 11


  +--> ?PR?_ESCRIBIRMEMORIA?EEPROM
  +--> ?PR?_LEERMEMORIA?EEPROM

?PR?PROG_MSJ7?PROG                               -----    -----      -----    -----      003FH    003EH
  +--> ?CO?PROG
  +--> ?PR?PRINTF?PRINTF
  +--> ?PR?_INGRESADATO?PROG
  +--> ?PR?_ESCRIBIRMEMORIA?EEPROM
  +--> ?PR?_LEERMEMORIA?EEPROM

?PR?SHOW?PROG                                    -----    -----      -----    -----      -----    -----
  +--> ?CO?PROG
  +--> ?PR?PRINTF?PRINTF

?PR?VARIABLE_INICIO?MAIN                         -----    -----      -----    -----      -----    -----
  +--> ?PR?_RD_EEPROM?EEPROM

?PR?LIMPIAR_MEMORIA_TICKET?EEPROM                -----    -----      -----    -----      000EH    0002H
  +--> ?PR?_WR_EEPROM?EEPROM

?PR?_RECIBE_CMD_MONITOR?MONITOR                  -----    -----      -----    -----      000EH    0006H
  +--> ?PR?RX_DATA?TIBBO

?PR?RX_DATA?TIBBO                                -----    -----      -----    -----      -----    -----
  +--> ?PR?TIME_MBIT?TIBBO
  +--> ?PR?TIME_BIT?TIBBO

?PR?DEBUG_DIVIDIR_TEXTO?TIBBO                    -----    -----      -----    -----      -----    -----
  +--> ?CO?TIBBO
  +--> ?PR?_DEBUG_TXT_TIBBO?TIBBO

?PR?_DEBUG_TXT_TIBBO?TIBBO                       -----    -----      -----    -----      004EH    0004H
  +--> ?PR?_TX_AUX?TIBBO

?PR?_VALIDA_TRAMA_MONITOR?MONITOR                -----    -----      -----    -----      000EH    0003H

?PR?_DEBUGBUFFERMF?TIBBO                         -----    -----      -----    -----      0048H    0006H
  +--> ?CO?TIBBO
  +--> ?PR?_DEBUG_TXT_TIBBO?TIBBO
  +--> ?PR?_DEBUG_CHR_TIBBO?TIBBO
  +--> ?PR?_TX_AUX?TIBBO

?PR?_DEBUG_CHR_TIBBO?TIBBO                       -----    -----      -----    -----      -----    -----
  +--> ?PR?_TX_AUX?TIBBO

?PR?LEE_TICKET?VERPRINT                          -----    -----      -----    -----      000EH    0011H
  +--> ?PR?VALIDASENSORESPASO?IO_SENSORES
  +--> ?CO?VERPRINT
  +--> ?PR?_DEBUG_TXT_TIBBO?TIBBO
  +--> ?PR?_PANTALLALCD?PANTALLAS
  +--> ?PR?_SEND_PORTERR?PTO_PARALELO
  +--> ?PR?_STRLEN?STRLEN
  +--> ?PR?CLEAR_BUFFER?UART
  +--> ?PR?_TRAMA_PRINT_COD_BARRAS?PTO_PARALELO
  +--> ?PR?_CMD_LPR_SALIDA_PRINT?MONITOR
  +--> ?PR?_NUM_NUM?VERPRINT
  +--> ?PR?_NUM_CHAR?VERPRINT
BL51 BANKED LINKER/LOCATER V6.22.2.0                                                  11/12/2021  16:31:00  PAGE 12


  +--> ?PR?_STRSTR?STRSTR
  +--> ?PR?_DEBUG_CHR_TIBBO?TIBBO
  +--> ?PR?_STRNCPY?STRNCPY
  +--> ?PR?_BCD_HEX?CLOCK
  +--> ?PR?_CHECK_FECHAOUT_2?VERPRINT
  +--> ?PR?_BLOQUE_HORARIO?VERPRINT
  +--> ?PR?_GET_ALMACENA_TICKET_EEPROM?VERPRINT
  +--> ?PR?_SET_ALMACENA_TICKET_EEPROM?VERPRINT

?PR?VALIDASENSORESPASO?IO_SENSORES               -----    -----      -----    -----      -----    -----
  +--> ?PR?SEL_SENSOR2?IO_SENSORES
  +--> ?PR?VALIDASENSOR?IO_SENSORES
  +--> ?PR?SEL_SENSOR1?IO_SENSORES
  +--> ?PR?SEL_AUTO?IO_SENSORES
  +--> ?CO?IO_SENSORES
  +--> ?PR?_DEBUG_TXT_TIBBO?TIBBO

?PR?_PANTALLALCD?PANTALLAS                       -----    -----      -----    -----      001FH    0028H
  +--> ?CO?PANTALLAS
  +--> ?PR?_RASPBERRY_DATA?PANTALLAS

?PR?_RASPBERRY_DATA?PANTALLAS                    -----    -----      -----    -----      0050H    0005H
  +--> ?PR?_STRLEN?STRLEN
  +--> ?PR?_PUTCHAR?MAIN

?PR?_SEND_PORTERR?PTO_PARALELO                   -----    -----      -----    -----      001FH    0006H
  +--> ?PR?PULSO_BUS?PTO_PARALELO
  +--> ?PR?_DELAY_20US?DELAY

?PR?PULSO_BUS?PTO_PARALELO                       -----    -----      -----    -----      -----    -----
  +--> ?PR?_DELAY_20US?DELAY

?PR?_TRAMA_PRINT_COD_BARRAS?PTO_PARALELO         -----    -----      -----    -----      001FH    0029H
  +--> ?PR?_STRLEN?STRLEN
  +--> ?PR?_STRNCAT?STRNCAT
  +--> ?CO?PTO_PARALELO
  +--> ?PR?_STRCAT?STRCAT
  +--> ?PR?_LEE_CLK?CLOCK
  +--> ?PR?_BCD_HEX?CLOCK
  +--> ?PR?_SEND_PORT?PTO_PARALELO
  +--> ?PR?DEBUG_DIVIDIR_TEXTO?TIBBO
  +--> ?PR?_DEBUGBUFFERMF?TIBBO

?PR?_STRNCAT?STRNCAT                             -----    -----      -----    -----      0048H    000AH

?PR?_LEE_CLK?CLOCK                               -----    -----      -----    -----      0049H    0003H
  +--> ?PR?_DELAY_20US?DELAY
  +--> ?PR?_EB_CLK?CLOCK
  +--> ?PR?P_CK?CLOCK

?PR?_EB_CLK?CLOCK                                -----    -----      -----    -----      004CH    0003H
  +--> ?PR?P_CK?CLOCK

?PR?P_CK?CLOCK                                   -----    -----      -----    -----      -----    -----
  +--> ?PR?DELAY?DELAY

?PR?_SEND_PORT?PTO_PARALELO                      -----    -----      -----    -----      0048H    000AH
BL51 BANKED LINKER/LOCATER V6.22.2.0                                                  11/12/2021  16:31:00  PAGE 13


  +--> ?PR?PULSO_BUS?PTO_PARALELO
  +--> ?PR?_DELAY_20US?DELAY

?PR?_CMD_LPR_SALIDA_PRINT?MONITOR                -----    -----      -----    -----      001FH    0027H
  +--> ?PR?DIR_BOARD?IO_SENSORES
  +--> ?PR?_STRCAT?STRCAT
  +--> ?PR?_STRLEN?STRLEN
  +--> ?PR?_BLOCK_READ_CLOCK_ASCII?CLOCK
  +--> ?PR?_MONITOR_CHR?MONITOR

?PR?DIR_BOARD?IO_SENSORES                        -----    -----      -----    -----      -----    -----
  +--> ?PR?SEL_DIR1?IO_SENSORES
  +--> ?PR?SEL_DIR2?IO_SENSORES

?PR?_BLOCK_READ_CLOCK_ASCII?CLOCK                -----    -----      -----    -----      0046H    0003H
  +--> ?PR?_LEE_CLK?CLOCK

?PR?_MONITOR_CHR?MONITOR                         -----    -----      -----    -----      0046H    0005H
  +--> ?PR?_TX_AUX?TIBBO

?PR?_STRSTR?STRSTR                               -----    -----      -----    -----      001FH    000CH

?PR?_STRNCPY?STRNCPY                             -----    -----      -----    -----      001FH    000AH

?PR?_CHECK_FECHAOUT_2?VERPRINT                   -----    -----      -----    -----      001FH    0012H
  +--> ?PR?_BLOCK_READ_CLOCK_HEX?CLOCK
  +--> ?CO?VERPRINT
  +--> ?PR?_DEBUG_TXT_TIBBO?TIBBO
  +--> ?PR?_DEBUG_CHR_TIBBO32?TIBBO

?PR?_BLOCK_READ_CLOCK_HEX?CLOCK                  -----    -----      -----    -----      0031H    0003H
  +--> ?PR?_LEE_CLK?CLOCK
  +--> ?PR?_BCD_HEX?CLOCK

?PR?_DEBUG_CHR_TIBBO32?TIBBO                     -----    -----      -----    -----      0031H    0005H
  +--> ?PR?_DEBUG_CHR_TIBBO?TIBBO

?PR?_BLOQUE_HORARIO?VERPRINT                     -----    -----      -----    -----      001FH    0006H
  +--> ?CO?VERPRINT
  +--> ?PR?_DEBUG_TXT_TIBBO?TIBBO
  +--> ?PR?_LEE_CLK?CLOCK
  +--> ?PR?_DEBUG_CHR_TIBBO?TIBBO
  +--> ?PR?_HEX_BCD?CLOCK

?PR?_GET_ALMACENA_TICKET_EEPROM?VERPRINT         -----    -----      -----    -----      001FH    0010H
  +--> ?PR?_RD_EEPROM?EEPROM
  +--> ?PR?_LEERMEMORIA?EEPROM
  +--> ?CO?VERPRINT
  +--> ?PR?_DEBUG_TXT_TIBBO?TIBBO
  +--> ?PR?_DEBUG_CHR_TIBBO32?TIBBO

?PR?_SET_ALMACENA_TICKET_EEPROM?VERPRINT         -----    -----      -----    -----      001FH    0004H
  +--> ?PR?_RD_EEPROM?EEPROM
  +--> ?PR?_STRCAT?STRCAT
  +--> ?PR?_ESCRIBIRMEMORIA?EEPROM
  +--> ?CO?VERPRINT
  +--> ?PR?_DEBUG_TXT_TIBBO?TIBBO
BL51 BANKED LINKER/LOCATER V6.22.2.0                                                  11/12/2021  16:31:00  PAGE 14


  +--> ?PR?_WR_EEPROM?EEPROM
  +--> ?PR?_DEBUG_CHR_TIBBO?TIBBO

?PR?_RECIBE_PORT?PTO_PARALELO                    -----    -----      -----    -----      000EH    0007H
  +--> ?PR?OFF_TIMER0_INTERRUP?MAIN
  +--> ?PR?ON_TIMER0_INTERRUP?MAIN

?PR?_VALIDA_TRAMA_PTO?ACCESCAN                   -----    -----      -----    -----      000EH    000FH
  +--> ?PR?_BLOCK_WRITE_CLOCK_ASCII?CLOCK
  +--> ?PR?RELOJ_PANTALLA_LCD?PANTALLAS
  +--> ?PR?_PANTALLALCD?PANTALLAS
  +--> ?CO?ACCESCAN
  +--> ?PR?_DEBUG_TXT_TIBBO?TIBBO
  +--> ?PR?CONFIRMACION?EEPROM
  +--> ?PR?_PANTALLALCD_LINEA_2?PANTALLAS
  +--> ?PR?_SEND_PORTERR?PTO_PARALELO
  +--> ?PR?_BYTEHEX_DECIMAL?CLOCK
  +--> ?PR?_TWO_BYTEHEX_DECIMAL?CLOCK
  +--> ?PR?VALIDASENSORESPASO?IO_SENSORES
  +--> ?PR?_CMD_LPR_SALIDA_WIEGAND?MONITOR
  +--> ?PR?_GRABA_SERIE_ASCII_HEX?NUM_SERIE
  +--> ?PR?_DEBUGBUFFERMF?TIBBO

?PR?_BLOCK_WRITE_CLOCK_ASCII?CLOCK               -----    -----      -----    -----      001DH    0003H
  +--> ?PR?_TWO_ONE?CLOCK
  +--> ?PR?_WR_CLK?CLOCK

?PR?_WR_CLK?CLOCK                                -----    -----      -----    -----      0020H    0002H
  +--> ?PR?_DELAY_20US?DELAY
  +--> ?PR?_EB_CLK?CLOCK

?PR?RELOJ_PANTALLA_LCD?PANTALLAS                 -----    -----      -----    -----      001DH    000DH
  +--> ?CO?PANTALLAS
  +--> ?PR?_BLOCK_READ_CLOCK?CLOCK
  +--> ?PR?_LCD_TXT_NUM_CHAR?PANTALLAS

?PR?_BLOCK_READ_CLOCK?CLOCK                      -----    -----      -----    -----      002AH    0003H
  +--> ?PR?_LEE_CLK?CLOCK

?PR?_LCD_TXT_NUM_CHAR?PANTALLAS                  -----    -----      -----    -----      002AH    0006H
  +--> ?PR?_TX_CHRLCD?PANTALLAS

?PR?_TX_CHRLCD?PANTALLAS                         -----    -----      -----    -----      0055H    0002H
  +--> ?PR?_PUTCHAR?MAIN

?PR?CONFIRMACION?EEPROM                          -----    -----      -----    -----      001DH    000BH
  +--> ?PR?_BLOCK_READ_CLOCK_ASCII?CLOCK
  +--> ?PR?FORMATO_EEPROM?EEPROM

?PR?FORMATO_EEPROM?EEPROM                        -----    -----      -----    -----      0028H    0003H
  +--> ?PR?_WR_EEPROM?EEPROM

?PR?_PANTALLALCD_LINEA_2?PANTALLAS               -----    -----      -----    -----      001DH    0033H
  +--> ?CO?PANTALLAS
  +--> ?PR?_LCD_TXT?PANTALLAS
  +--> ?PR?_STRLEN?STRLEN
  +--> ?PR?_TX_CHRLCD?PANTALLAS
BL51 BANKED LINKER/LOCATER V6.22.2.0                                                  11/12/2021  16:31:00  PAGE 15


  +--> ?PR?_STRCAT?STRCAT
  +--> ?PR?_RASPBERRY_DATA?PANTALLAS

?PR?_LCD_TXT?PANTALLAS                           -----    -----      -----    -----      0050H    0005H
  +--> ?PR?_TX_CHRLCD?PANTALLAS

?PR?_BYTEHEX_DECIMAL?CLOCK                       -----    -----      -----    -----      001DH    0001H

?PR?_TWO_BYTEHEX_DECIMAL?CLOCK                   -----    -----      -----    -----      001DH    000CH
  +--> ?PR?_POW?POW

?PR?_POW?POW                                     -----    -----      -----    -----      0029H    000AH
  +--> ?PR?LOG?LOG
  +--> ?PR?EXP?EXP

?PR?LOG?LOG                                      0020H.0  0000H.1    -----    -----      0033H    0004H

?PR?_CMD_LPR_SALIDA_WIEGAND?MONITOR              -----    -----      -----    -----      001DH    0022H
  +--> ?PR?DIR_BOARD?IO_SENSORES
  +--> ?PR?_BLOCK_READ_CLOCK_ASCII?CLOCK
  +--> ?PR?_MONITOR_CHR?MONITOR

?PR?_GRABA_SERIE_ASCII_HEX?NUM_SERIE             -----    -----      -----    -----      -----    -----
  +--> ?PR?_ESCRIBIRMEMORIA?EEPROM

?PR?MSJ_LCD_INFORMATIVO?IO_SENSORES              -----    -----      -----    -----      000EH    0002H
  +--> ?PR?SEL_FUNCION?IO_SENSORES
  +--> ?PR?LOAD_AND_SEND_INFO_RELOJ?PTO_PARA...
  +--> ?PR?LOAD_AND_SEND_ID_COD?PTO_PARALELO
  +--> ?PR?_RD_EEPROM?EEPROM
  +--> ?PR?_SEND_PORTERR?PTO_PARALELO

?PR?LOAD_AND_SEND_INFO_RELOJ?PTO_PARA...         -----    -----      -----    -----      0010H    000BH
  +--> ?PR?_BLOCK_READ_CLOCK?CLOCK
  +--> ?PR?_LEE_CLK?CLOCK
  +--> ?PR?_SEND_PORT?PTO_PARALELO

?PR?LOAD_AND_SEND_ID_COD?PTO_PARALELO            -----    -----      -----    -----      0010H    0011H
  +--> ?CO?PTO_PARALELO
  +--> ?PR?PRINTF?PRINTF
  +--> ?PR?_SEND_PORT?PTO_PARALELO



SYMBOL TABLE OF MODULE:  .\Objects\VRFCDOR_PRINT_101 (MAIN)

  VALUE           TYPE          NAME
  ----------------------------------

  -------         MODULE        MAIN
  C:0000H         SYMBOL        _ICE_DUMMY_
  D:0080H         PUBLIC        P0
  D:0090H         PUBLIC        P1
  C:6378H         PUBLIC        timer0_int
  D:00B0H         PUBLIC        P3
  X:013CH         PUBLIC        placa
  B:00A8H.7       PUBLIC        EA
BL51 BANKED LINKER/LOCATER V6.22.2.0                                                  11/12/2021  16:31:00  PAGE 16


  C:6506H         PUBLIC        off_Timer0_Interrup
  X:0145H         PUBLIC        ValTimeOutCom
  X:0146H         PUBLIC        Timer_wait
  X:0147H         PUBLIC        g_cContByteRx
  B:0080H.0       PUBLIC        rx_ip
  B:0080H.3       PUBLIC        Atascado
  C:4784H         PUBLIC        main
  C:50E0H         PUBLIC        variable_inicio
  B:0090H.7       PUBLIC        lock
  I:0022H         PUBLIC        rbuf
  C:64FCH         PUBLIC        on_Timer0_Interrup
  I:00A2H         PUBLIC        tbuf
  B:0090H.1       PUBLIC        DataIn
  D:0089H         PUBLIC        TMOD
  X:0148H         PUBLIC        USE_LPR
  X:0149H         PUBLIC        Debug_Tibbo
  X:014AH         PUBLIC        Raspberry
  X:014BH         PUBLIC        QR_BARRAS
  X:014CH         PUBLIC        SIN_COBRO
  X:014EH         PUBLIC        Tipo_Vehiculo
  B:00B0H.3       PUBLIC        busy
  C:6440H         PUBLIC        ini_timer
  B:00A8H.1       PUBLIC        ET0
  B:0088H.5       PUBLIC        TF0
  X:014FH         PUBLIC        COMPARACION_ACTIVA
  X:0150H         PUBLIC        g_cEstadoImpresion
  D:008CH         PUBLIC        TH0
  X:0151H         PUBLIC        ACK
  X:0152H         PUBLIC        g_cEstadoComSoft
  D:008AH         PUBLIC        TL0
  B:0088H.4       PUBLIC        TR0
  C:6450H         PUBLIC        inicia_board
  X:0153H         PUBLIC        T_GRACIA
  X:0155H         PUBLIC        COD_PARK
  B:0080H.7       PUBLIC        sel_com
  X:0157H         PUBLIC        STX_LINTECH
  C:649DH         PUBLIC        _getkey
  X:0158H         PUBLIC        ETX
  X:0159H         PUBLIC        ID_CLIENTE
  X:015BH         PUBLIC        buffer_ready
  C:5F4BH         PUBLIC        _putchar
  B:0021H.1       PUBLIC        placa_ready
  -------         PROC          TIMER0_INT
  C:6378H         LINE#         13
  C:637EH         LINE#         16
  C:6384H         LINE#         17
  C:6388H         LINE#         18
  C:638AH         LINE#         20
  -------         ENDPROC       TIMER0_INT
  -------         PROC          INI_TIMER
  C:6440H         LINE#         23
  C:6440H         LINE#         24
  C:6440H         LINE#         26
  C:6448H         LINE#         28
  C:644BH         LINE#         29
  C:644DH         LINE#         30
  C:644FH         LINE#         32
BL51 BANKED LINKER/LOCATER V6.22.2.0                                                  11/12/2021  16:31:00  PAGE 17


  -------         ENDPROC       INI_TIMER
  -------         PROC          ON_TIMER0_INTERRUP
  C:64FCH         LINE#         35
  C:64FCH         LINE#         36
  C:64FCH         LINE#         37
  C:64FEH         LINE#         38
  C:6500H         LINE#         40
  -------         ENDPROC       ON_TIMER0_INTERRUP
  -------         PROC          OFF_TIMER0_INTERRUP
  C:6506H         LINE#         43
  C:6506H         LINE#         44
  C:6506H         LINE#         45
  C:6508H         LINE#         47
  -------         ENDPROC       OFF_TIMER0_INTERRUP
  -------         PROC          _GETKEY
  -------         DO            
  D:0006H         SYMBOL        k
  -------         ENDDO         
  C:649DH         LINE#         55
  C:649DH         LINE#         56
  C:649DH         LINE#         60
  C:649DH         LINE#         61
  C:64A0H         LINE#         62
  C:64A0H         LINE#         63
  C:64A8H         LINE#         65
  C:64A8H         LINE#         66
  -------         ENDPROC       _GETKEY
  -------         PROC          _PUTCHAR
  X:00B1H         SYMBOL        c
  -------         DO            
  X:00B2H         SYMBOL        i
  -------         ENDDO         
  C:5F4BH         LINE#         70
  C:5F50H         LINE#         71
  C:5F50H         LINE#         74
  C:5F5FH         LINE#         75
  C:5F5FH         LINE#         76
  C:5F75H         LINE#         77
  C:5F75H         LINE#         79
  C:5F83H         LINE#         80
  C:5F83H         LINE#         82
  C:5F88H         LINE#         83
  -------         ENDPROC       _PUTCHAR
  -------         PROC          INICIA_BOARD
  C:6450H         LINE#         101
  C:6450H         LINE#         102
  C:6450H         LINE#         103
  C:6453H         LINE#         104
  C:6456H         LINE#         105
  C:6459H         LINE#         106
  C:645BH         LINE#         107
  C:645DH         LINE#         108
  C:645FH         LINE#         110
  -------         ENDPROC       INICIA_BOARD
  -------         PROC          VARIABLE_INICIO
  C:50E0H         LINE#         114
  C:50E0H         LINE#         115
BL51 BANKED LINKER/LOCATER V6.22.2.0                                                  11/12/2021  16:31:00  PAGE 18


  C:50E0H         LINE#         117
  C:50F0H         LINE#         118
  C:5101H         LINE#         119
  C:5112H         LINE#         120
  C:5123H         LINE#         121
  C:5131H         LINE#         122
  C:513FH         LINE#         123
  C:514DH         LINE#         124
  C:515BH         LINE#         125
  C:5169H         LINE#         126
  -------         ENDPROC       VARIABLE_INICIO
  -------         PROC          MAIN
  -------         DO            
  X:0114H         SYMBOL        buffer
  X:0000H         SYMBOL        buffer1
  X:000DH         SYMBOL        Length_trama
  -------         ENDDO         
  C:4784H         LINE#         134
  C:4784H         LINE#         135
  C:4784H         LINE#         142
  C:4787H         LINE#         143
  C:478AH         LINE#         144
  C:478DH         LINE#         145
  C:4790H         LINE#         146
  C:4793H         LINE#         147
  C:4795H         LINE#         149
  C:4798H         LINE#         151
  C:479BH         LINE#         152
  C:47A0H         LINE#         154
  C:47A3H         LINE#         155
  C:47A6H         LINE#         156
  C:47A6H         LINE#         157
  C:47A9H         LINE#         158
  C:47A9H         LINE#         159
  C:47ACH         LINE#         160
  C:47AFH         LINE#         162
  C:47B5H         LINE#         164
  C:47B5H         LINE#         165
  C:47B5H         LINE#         168
  C:47B8H         LINE#         169
  C:47B8H         LINE#         171
  C:47C6H         LINE#         172
  C:47C9H         LINE#         173
  C:47D7H         LINE#         174
  C:47EBH         LINE#         175
  C:47F4H         LINE#         176
  C:47F7H         LINE#         177
  C:47F7H         LINE#         179
  C:47FAH         LINE#         185
  C:47FDH         LINE#         186
  C:47FDH         LINE#         188
  C:480CH         LINE#         192
  C:481BH         LINE#         195
  C:4823H         LINE#         196
  C:482CH         LINE#         199
  C:483AH         LINE#         201
  C:483AH         LINE#         202
BL51 BANKED LINKER/LOCATER V6.22.2.0                                                  11/12/2021  16:31:00  PAGE 19


  C:483DH         LINE#         205
  -------         ENDPROC       MAIN
  -------         ENDMOD        MAIN

  -------         MODULE        CLOCK
  C:0000H         SYMBOL        _ICE_DUMMY_
  C:5E00H         PUBLIC        _two_one
  D:0090H         PUBLIC        P1
  C:61B8H         PUBLIC        _wr_clk
  B:00D0H.7       PUBLIC        CY
  C:0003H         PUBLIC        p_ck
  X:0178H         PUBLIC        data_clk
  C:64C5H         PUBLIC        cond_ini_clock
  C:4487H         PUBLIC        _Block_read_Clock
  B:0090H.4       PUBLIC        sck
  C:4A5CH         PUBLIC        _Block_read_Clock_Hex
  C:2C94H         PUBLIC        _Block_read_clock_ascii
  C:624CH         PUBLIC        _hex_bcd
  C:62ECH         PUBLIC        _bcd_hex
  C:5905H         PUBLIC        _ByteHex_Decimal
  C:4EAFH         PUBLIC        _lee_clk
  B:0090H.5       PUBLIC        io
  C:4FC5H         PUBLIC        _Block_write_clock_ascii
  B:0090H.6       PUBLIC        rst
  C:5E8EH         PUBLIC        _eb_clk
  C:250CH         PUBLIC        _Two_ByteHex_Decimal
  -------         PROC          P_CK
  C:0003H         LINE#         37
  C:0003H         LINE#         38
  C:0003H         LINE#         39
  C:0005H         LINE#         40
  C:0008H         LINE#         41
  C:000AH         LINE#         42
  -------         ENDPROC       P_CK
  -------         PROC          _EB_CLK
  X:004CH         SYMBOL        dir_clk
  -------         DO            
  X:004DH         SYMBOL        nbits
  -------         ENDDO         
  C:5E8EH         LINE#         44
  C:5E93H         LINE#         46
  C:5E98H         LINE#         47
  C:5E98H         LINE#         48
  C:5EA1H         LINE#         49
  C:5EA4H         LINE#         50
  C:5EA4H         LINE#         51
  C:5EA6H         LINE#         52
  C:5EA8H         LINE#         54
  C:5EA8H         LINE#         55
  C:5EAAH         LINE#         56
  C:5EAAH         LINE#         57
  C:5EADH         LINE#         58
  C:5ECCH         LINE#         59
  -------         ENDPROC       _EB_CLK
  C:4EA5H         SYMBOL        L?0053
  -------         PROC          L?0052
  -------         ENDPROC       L?0052
BL51 BANKED LINKER/LOCATER V6.22.2.0                                                  11/12/2021  16:31:00  PAGE 20


  C:4EA5H         SYMBOL        L?0053
  -------         PROC          _LEE_CLK
  X:0049H         SYMBOL        dir_clk
  -------         DO            
  X:004AH         SYMBOL        nbits
  -------         ENDDO         
  C:4EAFH         LINE#         61
  C:4EB4H         LINE#         63
  C:4EB6H         LINE#         64
  C:4EBDH         LINE#         65
  C:4EC5H         LINE#         66
  C:4EDEH         LINE#         67
  C:4EDEH         LINE#         68
  C:4EE1H         LINE#         69
  C:4EE1H         LINE#         70
  C:4EE8H         LINE#         71
  C:4EF2H         LINE#         72
  C:4EF7H         LINE#         73
  C:4EF7H         LINE#         74
  C:4EF7H         LINE#         75
  C:4EFAH         LINE#         76
  C:4EFAH         LINE#         77
  C:4F01H         LINE#         78
  C:4F12H         LINE#         79
  C:4F12H         LINE#         80
  C:4F1AH         LINE#         81
  C:4F1AH         LINE#         82
  C:4F1AH         LINE#         83
  C:4F1DH         LINE#         84
  C:4F2DH         LINE#         85
  C:4F2FH         LINE#         86
  C:4F34H         LINE#         87
  -------         ENDPROC       _LEE_CLK
  -------         PROC          _WR_CLK
  X:0020H         SYMBOL        dir_clk
  X:0021H         SYMBOL        byte
  C:61B8H         LINE#         89
  C:61C0H         LINE#         90
  C:61C2H         LINE#         91
  C:61C9H         LINE#         92
  C:61D1H         LINE#         93
  C:61DAH         LINE#         94
  C:61DDH         LINE#         95
  C:61DFH         LINE#         97
  -------         ENDPROC       _WR_CLK
  C:5DCCH         SYMBOL        L?0050
  C:5DEAH         SYMBOL        L?0051
  -------         PROC          L?0049
  -------         ENDPROC       L?0049
  C:5DCCH         SYMBOL        L?0050
  C:5DEAH         SYMBOL        L?0051
  -------         PROC          _TWO_ONE
  D:0007H         SYMBOL        byte_h
  D:0005H         SYMBOL        byte_l
  -------         DO            
  D:0007H         SYMBOL        byte_out
  -------         ENDDO         
BL51 BANKED LINKER/LOCATER V6.22.2.0                                                  11/12/2021  16:31:00  PAGE 21


  C:5E00H         LINE#         99
  C:5E00H         LINE#         100
  C:5E00H         LINE#         102
  C:5E03H         LINE#         103
  C:5E07H         LINE#         104
  C:5E0AH         LINE#         105
  C:5E0CH         LINE#         106
  C:5E0CH         LINE#         107
  -------         ENDPROC       _TWO_ONE
  -------         PROC          _BLOCK_WRITE_CLOCK_ASCII
  X:001DH         SYMBOL        datos_clock
  C:4FC5H         LINE#         112
  C:4FD0H         LINE#         114
  C:4FD0H         LINE#         118
  C:4FDAH         LINE#         119
  C:4FDAH         LINE#         120
  C:4FDAH         LINE#         121
  C:4FDAH         LINE#         123
  C:4FE4H         LINE#         124
  C:4FEEH         LINE#         125
  C:4FF8H         LINE#         126
  C:4FF8H         LINE#         127
  C:4FF8H         LINE#         128
  C:4FF8H         LINE#         130
  C:5002H         LINE#         131
  C:5002H         LINE#         132
  C:5002H         LINE#         133
  C:5002H         LINE#         135
  C:500CH         LINE#         136
  C:500CH         LINE#         137
  C:500CH         LINE#         138
  C:500CH         LINE#         140
  C:5016H         LINE#         141
  C:5016H         LINE#         142
  C:5016H         LINE#         143
  C:5016H         LINE#         145
  C:5020H         LINE#         146
  C:502AH         LINE#         147
  C:5034H         LINE#         148
  C:503EH         LINE#         150
  -------         ENDPROC       _BLOCK_WRITE_CLOCK_ASCII
  -------         PROC          _BCD_HEX
  D:0007H         SYMBOL        l_data
  -------         DO            
  D:0006H         SYMBOL        temp
  D:0005H         SYMBOL        j
  -------         ENDDO         
  C:62ECH         LINE#         156
  C:62ECH         LINE#         157
  C:62ECH         LINE#         159
  C:62EEH         LINE#         160
  C:62F2H         LINE#         161
  C:62F5H         LINE#         162
  C:62F7H         LINE#         163
  C:62F7H         LINE#         164
  C:62FBH         LINE#         165
  C:6302H         LINE#         166
BL51 BANKED LINKER/LOCATER V6.22.2.0                                                  11/12/2021  16:31:00  PAGE 22


  C:6302H         LINE#         167
  C:6306H         LINE#         168
  C:6309H         LINE#         169
  C:6309H         LINE#         170
  C:6309H         LINE#         171
  -------         ENDPROC       _BCD_HEX
  -------         PROC          _HEX_BCD
  D:0007H         SYMBOL        byte
  -------         DO            
  D:0006H         SYMBOL        nibble_h
  D:0005H         SYMBOL        nibble_l
  D:0004H         SYMBOL        k
  D:0007H         SYMBOL        byte_out
  -------         ENDDO         
  C:624CH         LINE#         175
  C:624CH         LINE#         177
  C:624CH         LINE#         182
  C:624EH         LINE#         183
  C:624FH         LINE#         185
  C:6255H         LINE#         186
  C:6255H         LINE#         187
  C:6256H         LINE#         188
  C:625BH         LINE#         189
  C:625BH         LINE#         190
  C:625CH         LINE#         191
  C:625DH         LINE#         192
  C:625DH         LINE#         193
  C:6260H         LINE#         194
  C:6264H         LINE#         195
  C:6267H         LINE#         196
  C:626AH         LINE#         197
  C:626CH         LINE#         198
  C:626CH         LINE#         200
  -------         ENDPROC       _HEX_BCD
  -------         PROC          _BYTEHEX_DECIMAL
  D:0001H         SYMBOL        buffer
  D:0005H         SYMBOL        valorhex
  -------         DO            
  X:001DH         SYMBOL        numero
  D:0007H         SYMBOL        centena
  D:0006H         SYMBOL        decena
  -------         ENDDO         
  C:5905H         LINE#         207
  C:5905H         LINE#         208
  C:5905H         LINE#         211
  C:5907H         LINE#         212
  C:5908H         LINE#         213
  C:590DH         LINE#         215
  C:591AH         LINE#         216
  C:591AH         LINE#         217
  C:591EH         LINE#         218
  C:591FH         LINE#         219
  C:5921H         LINE#         220
  C:5927H         LINE#         221
  C:592EH         LINE#         222
  C:593BH         LINE#         223
  C:593BH         LINE#         224
BL51 BANKED LINKER/LOCATER V6.22.2.0                                                  11/12/2021  16:31:00  PAGE 23


  C:593FH         LINE#         225
  C:5940H         LINE#         226
  C:5942H         LINE#         227
  C:5948H         LINE#         228
  C:594FH         LINE#         229
  -------         ENDPROC       _BYTEHEX_DECIMAL
  -------         PROC          _TWO_BYTEHEX_DECIMAL
  X:001DH         SYMBOL        buffer
  X:0020H         SYMBOL        id_h
  X:0021H         SYMBOL        id_l
  -------         DO            
  X:0022H         SYMBOL        valor
  D:0006H         SYMBOL        numero
  X:0024H         SYMBOL        temp
  X:0025H         SYMBOL        dmil
  X:0026H         SYMBOL        mil
  X:0027H         SYMBOL        centena
  X:0028H         SYMBOL        decena
  -------         ENDDO         
  C:250CH         LINE#         237
  C:251AH         LINE#         238
  C:251AH         LINE#         242
  C:2521H         LINE#         243
  C:2525H         LINE#         244
  C:2527H         LINE#         245
  C:2529H         LINE#         246
  C:252BH         LINE#         249
  C:2530H         LINE#         250
  C:2533H         LINE#         251
  C:2539H         LINE#         253
  C:2594H         LINE#         254
  C:259CH         LINE#         255
  C:259FH         LINE#         256
  C:25FAH         LINE#         258
  C:2602H         LINE#         259
  C:2605H         LINE#         260
  C:260BH         LINE#         261
  C:2666H         LINE#         262
  C:266EH         LINE#         263
  C:2671H         LINE#         264
  C:26CCH         LINE#         265
  C:26CCH         LINE#         267
  C:26D5H         LINE#         268
  C:26D5H         LINE#         269
  C:26DDH         LINE#         270
  C:26E3H         LINE#         271
  C:26E5H         LINE#         272
  C:26FBH         LINE#         273
  C:2705H         LINE#         274
  C:270EH         LINE#         275
  C:270EH         LINE#         276
  C:2716H         LINE#         277
  C:271CH         LINE#         278
  C:271EH         LINE#         279
  C:2734H         LINE#         280
  C:273EH         LINE#         281
  C:2747H         LINE#         282
BL51 BANKED LINKER/LOCATER V6.22.2.0                                                  11/12/2021  16:31:00  PAGE 24


  C:2747H         LINE#         283
  C:274FH         LINE#         284
  C:2755H         LINE#         285
  C:2757H         LINE#         286
  C:276DH         LINE#         287
  C:2777H         LINE#         288
  C:2780H         LINE#         289
  C:2780H         LINE#         290
  C:2788H         LINE#         291
  C:278EH         LINE#         292
  C:2790H         LINE#         293
  C:27A6H         LINE#         294
  C:27B0H         LINE#         295
  C:27C3H         LINE#         296
  C:27CDH         LINE#         297
  -------         ENDPROC       _TWO_BYTEHEX_DECIMAL
  -------         PROC          _BLOCK_READ_CLOCK_ASCII
  X:0046H         SYMBOL        datos_clock
  -------         DO            
  D:0007H         SYMBOL        dato
  -------         ENDDO         
  C:2C94H         LINE#         303
  C:2C97H         LINE#         304
  C:2C97H         LINE#         310
  C:2C9AH         LINE#         311
  C:2CB2H         LINE#         312
  C:2CBCH         LINE#         313
  C:2CD1H         LINE#         314
  C:2CDBH         LINE#         317
  C:2CE0H         LINE#         318
  C:2CF8H         LINE#         319
  C:2D02H         LINE#         320
  C:2D17H         LINE#         321
  C:2D21H         LINE#         324
  C:2D26H         LINE#         325
  C:2D3EH         LINE#         326
  C:2D48H         LINE#         327
  C:2D5DH         LINE#         328
  C:2D67H         LINE#         332
  C:2D6CH         LINE#         333
  C:2D84H         LINE#         334
  C:2D8EH         LINE#         335
  C:2DA3H         LINE#         336
  C:2DADH         LINE#         339
  C:2DB2H         LINE#         340
  C:2DCAH         LINE#         341
  C:2DD4H         LINE#         342
  C:2DE9H         LINE#         343
  C:2DF3H         LINE#         346
  C:2DF8H         LINE#         347
  C:2E10H         LINE#         348
  C:2E1AH         LINE#         349
  C:2E2FH         LINE#         350
  C:2E39H         LINE#         353
  C:2E3EH         LINE#         354
  C:2E53H         LINE#         355
  C:2E5DH         LINE#         356
BL51 BANKED LINKER/LOCATER V6.22.2.0                                                  11/12/2021  16:31:00  PAGE 25


  -------         ENDPROC       _BLOCK_READ_CLOCK_ASCII
  -------         PROC          _BLOCK_READ_CLOCK_HEX
  X:0031H         SYMBOL        datos_clock
  C:4A5CH         LINE#         360
  C:4A5FH         LINE#         361
  C:4A5FH         LINE#         364
  C:4A74H         LINE#         365
  C:4A7EH         LINE#         367
  C:4A95H         LINE#         368
  C:4A9FH         LINE#         370
  C:4AB6H         LINE#         371
  C:4AC0H         LINE#         373
  C:4AD7H         LINE#         374
  C:4AE1H         LINE#         376
  C:4AF8H         LINE#         377
  -------         ENDPROC       _BLOCK_READ_CLOCK_HEX
  -------         PROC          _BLOCK_READ_CLOCK
  X:002AH         SYMBOL        datos_clock
  C:4487H         LINE#         404
  C:448AH         LINE#         405
  C:448AH         LINE#         407
  C:449CH         LINE#         408
  C:44A6H         LINE#         410
  C:44BAH         LINE#         411
  C:44C4H         LINE#         413
  C:44D8H         LINE#         414
  C:44E2H         LINE#         416
  C:44F6H         LINE#         417
  C:4500H         LINE#         419
  C:4514H         LINE#         420
  C:451EH         LINE#         422
  C:4532H         LINE#         423
  C:453CH         LINE#         424
  -------         ENDPROC       _BLOCK_READ_CLOCK
  -------         PROC          COND_INI_CLOCK
  C:64C5H         LINE#         427
  C:64C5H         LINE#         428
  C:64C5H         LINE#         429
  C:64C7H         LINE#         430
  C:64C9H         LINE#         431
  C:64CBH         LINE#         432
  -------         ENDPROC       COND_INI_CLOCK
  -------         ENDMOD        CLOCK

  -------         MODULE        DELAY
  C:0000H         SYMBOL        _ICE_DUMMY_
  C:63D4H         PUBLIC        _Delay_20us
  C:6328H         PUBLIC        _Delay_1ms
  C:650CH         PUBLIC        Delay
  -------         PROC          _DELAY_20US
  D:0006H         SYMBOL        cnt
  -------         DO            
  D:0004H         SYMBOL        i
  -------         ENDDO         
  C:63D4H         LINE#         20
  C:63D4H         LINE#         21
  C:63D4H         LINE#         24
BL51 BANKED LINKER/LOCATER V6.22.2.0                                                  11/12/2021  16:31:00  PAGE 26


  C:63DEH         LINE#         26
  C:63E5H         LINE#         27
  -------         ENDPROC       _DELAY_20US
  -------         PROC          _DELAY_1MS
  D:0002H         SYMBOL        cnt
  -------         DO            
  D:0082H         SYMBOL        i
  -------         ENDDO         
  C:6328H         LINE#         38
  C:632CH         LINE#         39
  C:632CH         LINE#         41
  C:6342H         LINE#         42
  -------         ENDPROC       _DELAY_1MS
  -------         PROC          DELAY
  C:650CH         LINE#         60
  C:650CH         LINE#         62
  -------         ENDPROC       DELAY
  -------         ENDMOD        DELAY

  -------         MODULE        EEPROM
  C:0000H         SYMBOL        _ICE_DUMMY_
  C:6005H         PUBLIC        confirmacion
  D:0090H         PUBLIC        P1
  C:516AH         PUBLIC        _EscribirMemoria
  X:0172H         PUBLIC        l_chr
  C:6041H         PUBLIC        Limpiar_memoria_ticket
  C:6270H         PUBLIC        ackd
  B:0021H.2       PUBLIC        memory_flag
  B:00D0H.7       PUBLIC        CY
  C:64F6H         PUBLIC        p_me
  C:63EEH         PUBLIC        start
  B:0090H.2       PUBLIC        sda
  C:6290H         PUBLIC        ack_lect
  B:0090H.3       PUBLIC        scl
  C:60F4H         PUBLIC        _rd_eeprom
  C:64B3H         PUBLIC        stop
  C:5F0CH         PUBLIC        Formato_eeprom
  X:0173H         PUBLIC        l_data_eeprom
  C:5ECDH         PUBLIC        _wr_eeprom
  C:5856H         PUBLIC        _LeerMemoria
  X:0174H         PUBLIC        byte_rd
  C:622AH         PUBLIC        _e_d_m
  C:5958H         PUBLIC        l_d_m
  -------         PROC          L?0060
  -------         ENDPROC       L?0060
  -------         PROC          ACKD
  -------         DO            
  D:0006H         SYMBOL        i
  -------         ENDDO         
  C:6270H         LINE#         40
  C:6270H         LINE#         41
  C:6270H         LINE#         43
  C:6272H         LINE#         44
  C:6274H         LINE#         45
  C:6276H         LINE#         46
  C:6279H         LINE#         47
  C:6279H         LINE#         48
BL51 BANKED LINKER/LOCATER V6.22.2.0                                                  11/12/2021  16:31:00  PAGE 27


  C:627CH         LINE#         49
  C:627CH         LINE#         50
  C:627EH         LINE#         51
  C:6280H         LINE#         53
  C:6281H         LINE#         54
  C:6281H         LINE#         55
  C:628CH         LINE#         57
  C:628CH         LINE#         58
  C:628CH         LINE#         60
  C:628CH         LINE#         61
  -------         ENDPROC       ACKD
  -------         PROC          L?0062
  -------         ENDPROC       L?0062
  -------         PROC          ACK_LECT
  -------         DO            
  D:0006H         SYMBOL        i
  -------         ENDDO         
  C:6290H         LINE#         64
  C:6290H         LINE#         65
  C:6290H         LINE#         67
  C:6292H         LINE#         68
  C:6294H         LINE#         69
  C:6296H         LINE#         70
  C:6299H         LINE#         71
  C:6299H         LINE#         72
  C:629CH         LINE#         73
  C:629CH         LINE#         74
  C:629EH         LINE#         75
  C:62A0H         LINE#         76
  C:62A1H         LINE#         77
  C:62A1H         LINE#         78
  C:62ACH         LINE#         79
  -------         ENDPROC       ACK_LECT
  -------         PROC          P_ME
  C:64F6H         LINE#         81
  C:64F6H         LINE#         82
  C:64F6H         LINE#         83
  C:64F8H         LINE#         84
  C:64F9H         LINE#         85
  C:64FBH         LINE#         86
  -------         ENDPROC       P_ME
  -------         PROC          _E_D_M
  D:0007H         SYMBOL        a_serial_eeprom
  -------         DO            
  D:0006H         SYMBOL        nbits
  -------         ENDDO         
  C:622AH         LINE#         88
  C:622AH         LINE#         89
  C:622AH         LINE#         91
  C:6236H         LINE#         92
  C:6236H         LINE#         93
  C:623AH         LINE#         94
  C:623DH         LINE#         95
  C:623DH         LINE#         96
  C:623FH         LINE#         97
  C:6241H         LINE#         99
  C:6241H         LINE#         100
BL51 BANKED LINKER/LOCATER V6.22.2.0                                                  11/12/2021  16:31:00  PAGE 28


  C:6243H         LINE#         101
  C:6243H         LINE#         102
  C:6245H         LINE#         103
  C:6248H         LINE#         104
  C:624BH         LINE#         106
  -------         ENDPROC       _E_D_M
  -------         PROC          L?0061
  -------         ENDPROC       L?0061
  -------         PROC          START
  C:63EEH         LINE#         108
  C:63EEH         LINE#         109
  C:63EEH         LINE#         110
  C:63F0H         LINE#         111
  C:63F2H         LINE#         112
  C:63F3H         LINE#         113
  C:63F5H         LINE#         114
  C:63F7H         LINE#         116
  -------         ENDPROC       START
  -------         PROC          STOP
  C:64B3H         LINE#         118
  C:64B3H         LINE#         119
  C:64B3H         LINE#         120
  C:64B5H         LINE#         121
  C:64B7H         LINE#         122
  C:64B9H         LINE#         123
  C:64BBH         LINE#         125
  -------         ENDPROC       STOP
  -------         PROC          L_D_M
  -------         DO            
  D:0003H         SYMBOL        nbits
  -------         ENDDO         
  C:5958H         LINE#         127
  C:5958H         LINE#         128
  C:5958H         LINE#         130
  C:5965H         LINE#         131
  C:5965H         LINE#         132
  C:5967H         LINE#         133
  C:596AH         LINE#         134
  C:596AH         LINE#         135
  C:5971H         LINE#         136
  C:597AH         LINE#         137
  C:597AH         LINE#         138
  C:597EH         LINE#         139
  C:5980H         LINE#         140
  C:5980H         LINE#         141
  C:5980H         LINE#         142
  C:5983H         LINE#         143
  C:5983H         LINE#         144
  C:598AH         LINE#         145
  C:5994H         LINE#         146
  C:5994H         LINE#         147
  C:5998H         LINE#         148
  C:599AH         LINE#         149
  C:599AH         LINE#         150
  C:599AH         LINE#         151
  C:599DH         LINE#         152
  C:599FH         LINE#         153
BL51 BANKED LINKER/LOCATER V6.22.2.0                                                  11/12/2021  16:31:00  PAGE 29


  C:59A4H         LINE#         154
  -------         ENDPROC       L_D_M
  -------         PROC          _WR_EEPROM
  D:0002H         SYMBOL        control
  D:0004H         SYMBOL        Dir
  D:0003H         SYMBOL        data_eeprom
  -------         DO            
  D:0005H         SYMBOL        dir_h
  D:0001H         SYMBOL        dir_l
  -------         ENDDO         
  C:5ECDH         LINE#         160
  C:5ECFH         LINE#         161
  C:5ECFH         LINE#         163
  C:5ED3H         LINE#         164
  C:5ED3H         LINE#         165
  C:5ED3H         LINE#         168
  C:5ED3H         LINE#         169
  C:5ED3H         LINE#         171
  C:5ED6H         LINE#         172
  C:5ED8H         LINE#         173
  C:5EDBH         LINE#         174
  C:5EDDH         LINE#         175
  C:5EE0H         LINE#         176
  C:5EE5H         LINE#         177
  C:5EE8H         LINE#         178
  C:5EEDH         LINE#         179
  C:5EF0H         LINE#         180
  C:5EF3H         LINE#         181
  C:5EFAH         LINE#         183
  C:5EFCH         LINE#         184
  C:5EFEH         LINE#         185
  C:5F05H         LINE#         186
  -------         ENDPROC       _WR_EEPROM
  -------         PROC          _RD_EEPROM
  D:0003H         SYMBOL        control
  D:0004H         SYMBOL        Dir
  -------         DO            
  D:0005H         SYMBOL        dir_h
  D:0002H         SYMBOL        dir_l
  -------         ENDDO         
  C:60F4H         LINE#         236
  C:60F6H         LINE#         237
  C:60F6H         LINE#         240
  C:60FAH         LINE#         241
  C:60FAH         LINE#         242
  C:60FAH         LINE#         244
  C:60FAH         LINE#         245
  C:60FAH         LINE#         247
  C:60FDH         LINE#         248
  C:60FFH         LINE#         249
  C:6102H         LINE#         250
  C:6104H         LINE#         251
  C:6107H         LINE#         252
  C:610CH         LINE#         253
  C:610FH         LINE#         254
  C:6112H         LINE#         255
  C:6118H         LINE#         256
BL51 BANKED LINKER/LOCATER V6.22.2.0                                                  11/12/2021  16:31:00  PAGE 30


  C:611BH         LINE#         257
  C:611DH         LINE#         258
  C:6120H         LINE#         259
  C:6123H         LINE#         260
  C:6125H         LINE#         261
  C:6127H         LINE#         262
  C:612CH         LINE#         263
  -------         ENDPROC       _RD_EEPROM
  -------         PROC          _LEERMEMORIA
  X:007DH         SYMBOL        addres
  X:007FH         SYMBOL        res
  -------         DO            
  D:0007H         SYMBOL        i
  -------         ENDDO         
  C:5856H         LINE#         268
  C:5867H         LINE#         269
  C:5867H         LINE#         274
  C:5867H         LINE#         275
  C:5883H         LINE#         276
  C:5892H         LINE#         277
  C:58A0H         LINE#         278
  C:58AAH         LINE#         279
  C:58AAH         LINE#         280
  C:58ADH         LINE#         282
  -------         ENDPROC       _LEERMEMORIA
  -------         PROC          _ESCRIBIRMEMORIA
  X:007DH         SYMBOL        control
  X:007EH         SYMBOL        addres
  X:0080H         SYMBOL        res
  C:516AH         LINE#         290
  C:517EH         LINE#         291
  C:517EH         LINE#         293
  C:518EH         LINE#         294
  C:518EH         LINE#         295
  C:5191H         LINE#         296
  C:5191H         LINE#         298
  C:5195H         LINE#         299
  C:5195H         LINE#         300
  C:51B0H         LINE#         301
  C:51BEH         LINE#         302
  C:51C8H         LINE#         303
  C:51CAH         LINE#         304
  C:51D9H         LINE#         305
  -------         ENDPROC       _ESCRIBIRMEMORIA
  -------         PROC          CONFIRMACION
  -------         DO            
  X:001DH         SYMBOL        hora
  D:0007H         SYMBOL        temp
  -------         ENDDO         
  C:6005H         LINE#         307
  C:6005H         LINE#         308
  C:6005H         LINE#         310
  C:6007H         LINE#         311
  C:6010H         LINE#         313
  C:6016H         LINE#         314
  C:601AH         LINE#         315
  C:601AH         LINE#         317
BL51 BANKED LINKER/LOCATER V6.22.2.0                                                  11/12/2021  16:31:00  PAGE 31


  C:601EH         LINE#         318
  C:6027H         LINE#         319
  C:6027H         LINE#         321
  C:602CH         LINE#         322
  C:602EH         LINE#         323
  C:602EH         LINE#         325
  C:6032H         LINE#         326
  C:603BH         LINE#         327
  C:603BH         LINE#         328
  C:603BH         LINE#         329
  C:603BH         LINE#         330
  C:603DH         LINE#         332
  C:603DH         LINE#         333
  C:6040H         LINE#         334
  C:6040H         LINE#         335
  C:6040H         LINE#         336
  C:6040H         LINE#         339
  -------         ENDPROC       CONFIRMACION
  -------         PROC          FORMATO_EEPROM
  -------         DO            
  X:0028H         SYMBOL        dato
  X:0029H         SYMBOL        i
  -------         ENDDO         
  C:5F0CH         LINE#         340
  C:5F0CH         LINE#         341
  C:5F0CH         LINE#         342
  C:5F12H         LINE#         345
  C:5F27H         LINE#         346
  C:5F27H         LINE#         347
  C:5F31H         LINE#         348
  C:5F41H         LINE#         349
  -------         ENDPROC       FORMATO_EEPROM
  -------         PROC          LIMPIAR_MEMORIA_TICKET
  -------         DO            
  X:000EH         SYMBOL        i
  -------         ENDDO         
  C:6041H         LINE#         352
  C:6041H         LINE#         353
  C:6041H         LINE#         357
  C:604CH         LINE#         359
  C:6065H         LINE#         360
  C:6065H         LINE#         361
  C:606CH         LINE#         362
  C:607CH         LINE#         365
  -------         ENDPROC       LIMPIAR_MEMORIA_TICKET
  -------         ENDMOD        EEPROM

  -------         MODULE        IO_SENSORES
  C:0000H         SYMBOL        _ICE_DUMMY_
  D:0090H         PUBLIC        P1
  D:00B0H         PUBLIC        P3
  C:63F8H         PUBLIC        Dir_board
  B:0090H.1       PUBLIC        DataIn
  C:64D3H         PUBLIC        sel_Auto
  C:5581H         PUBLIC        ValidaSensoresPaso
  B:00B0H.3       PUBLIC        busy
  C:62CDH         PUBLIC        ValidaSensor
BL51 BANKED LINKER/LOCATER V6.22.2.0                                                  11/12/2021  16:31:00  PAGE 32


  C:64E1H         PUBLIC        sel_Sensor1
  C:64DAH         PUBLIC        sel_Sensor2
  B:00B0H.5       PUBLIC        sel_A
  B:00B0H.6       PUBLIC        sel_B
  B:00B0H.7       PUBLIC        sel_C
  C:550EH         PUBLIC        msj_lcd_informativo
  C:64E8H         PUBLIC        sel_Dir1
  C:64EFH         PUBLIC        sel_Dir2
  C:64CCH         PUBLIC        sel_Funcion
  -------         PROC          SEL_FUNCION
  C:64CCH         LINE#         26
  C:64CCH         LINE#         27
  C:64CCH         LINE#         28
  C:64CEH         LINE#         29
  C:64D0H         LINE#         30
  C:64D2H         LINE#         31
  -------         ENDPROC       SEL_FUNCION
  -------         PROC          SEL_AUTO
  C:64D3H         LINE#         33
  C:64D3H         LINE#         34
  C:64D3H         LINE#         35
  C:64D5H         LINE#         36
  C:64D7H         LINE#         37
  C:64D9H         LINE#         38
  -------         ENDPROC       SEL_AUTO
  -------         PROC          SEL_SENSOR2
  C:64DAH         LINE#         49
  C:64DAH         LINE#         50
  C:64DAH         LINE#         51
  C:64DCH         LINE#         52
  C:64DEH         LINE#         53
  C:64E0H         LINE#         54
  -------         ENDPROC       SEL_SENSOR2
  -------         PROC          SEL_SENSOR1
  C:64E1H         LINE#         56
  C:64E1H         LINE#         57
  C:64E1H         LINE#         58
  C:64E3H         LINE#         59
  C:64E5H         LINE#         60
  C:64E7H         LINE#         61
  -------         ENDPROC       SEL_SENSOR1
  -------         PROC          SEL_DIR1
  C:64E8H         LINE#         63
  C:64E8H         LINE#         64
  C:64E8H         LINE#         65
  C:64EAH         LINE#         66
  C:64ECH         LINE#         67
  C:64EEH         LINE#         68
  -------         ENDPROC       SEL_DIR1
  -------         PROC          SEL_DIR2
  C:64EFH         LINE#         70
  C:64EFH         LINE#         71
  C:64EFH         LINE#         72
  C:64F1H         LINE#         73
  C:64F3H         LINE#         74
  C:64F5H         LINE#         75
  -------         ENDPROC       SEL_DIR2
BL51 BANKED LINKER/LOCATER V6.22.2.0                                                  11/12/2021  16:31:00  PAGE 33


  -------         PROC          VALIDASENSOR
  -------         DO            
  D:0007H         SYMBOL        Valido
  D:0004H         SYMBOL        Tmin
  -------         ENDDO         
  C:62CDH         LINE#         77
  C:62CDH         LINE#         78
  C:62CDH         LINE#         80
  C:62CFH         LINE#         81
  C:62D3H         LINE#         82
  C:62DEH         LINE#         83
  C:62DEH         LINE#         84
  C:62E3H         LINE#         85
  C:62E7H         LINE#         86
  C:62E7H         LINE#         87
  C:62E9H         LINE#         88
  C:62E9H         LINE#         89
  C:62EBH         LINE#         90
  C:62EBH         LINE#         91
  -------         ENDPROC       VALIDASENSOR
  -------         PROC          DIR_BOARD
  -------         DO            
  D:0007H         SYMBOL        Board
  -------         ENDDO         
  C:63F8H         LINE#         95
  C:63F8H         LINE#         96
  C:63F8H         LINE#         97
  C:63FAH         LINE#         99
  C:63FDH         LINE#         100
  C:6400H         LINE#         101
  C:6400H         LINE#         102
  C:6401H         LINE#         103
  C:6401H         LINE#         104
  C:6404H         LINE#         105
  C:6407H         LINE#         106
  C:6407H         LINE#         107
  C:6409H         LINE#         108
  C:6409H         LINE#         109
  C:6409H         LINE#         110
  -------         ENDPROC       DIR_BOARD
[...]
  X:0022H         SYMBOL        fecha_inicio
  X:0026H         SYMBOL        fecha_fin
  X:002AH         SYMBOL        datos_clk
  X:0030H         SYMBOL        temp
  -------         ENDDO         
  C:37DFH         LINE#         114
  C:37EAH         LINE#         115
  C:37EAH         LINE#         121
  C:37F3H         LINE#         122
  C:3822H         LINE#         123
  C:3867H         LINE#         125
  C:3870H         LINE#         126
  C:3881H         LINE#         127
  C:388AH         LINE#         129
  C:3893H         LINE#         130
  C:38A4H         LINE#         131
  C:38ADH         LINE#         132
  C:38CDH         LINE#         133
  C:38CDH         LINE#         134
  C:38D2H         LINE#         135
  C:38D4H         LINE#         137
  C:38D4H         LINE#         138
  C:38DDH         LINE#         139
  C:38E2H         LINE#         140
  C:38E2H         LINE#         144
  C:38E7H         LINE#         145
  -------         ENDPROC       _CHECK_FECHAOUT_2
  -------         PROC          _BLOQUE_HORARIO
  X:001FH         SYMBOL        buffer
  -------         DO            
  X:0022H         SYMBOL        Estado_Horario
  X:0023H         SYMBOL        HoraNow
  D:0006H         SYMBOL        Hora_Ticket
  -------         ENDDO         
  C:36D1H         LINE#         146
  C:36DCH         LINE#         147
  C:36DCH         LINE#         154
  C:36E5H         LINE#         155
  C:36EDH         LINE#         156
  C:36F5H         LINE#         157
  C:36FEH         LINE#         158
  C:372CH         LINE#         163
  C:3735H         LINE#         167
  C:374DH         LINE#         168
  C:3765H         LINE#         169
  C:376EH         LINE#         170
  C:37AFH         LINE#         171
  C:37BEH         LINE#         172
  C:37BEH         LINE#         173
  C:37C5H         LINE#         174
  C:37CAH         LINE#         176
  C:37CCH         LINE#         178
  C:37CCH         LINE#         179
  C:37D3H         LINE#         180
  C:37D9H         LINE#         182
BL51 BANKED LINKER/LOCATER V6.22.2.0                                                  11/12/2021  16:31:00  PAGE 69


  C:37D9H         LINE#         183
  C:37DEH         LINE#         184
  -------         ENDPROC       _BLOQUE_HORARIO
  -------         PROC          _SET_ALMACENA_TICKET_EEPROM
  X:001FH         SYMBOL        ticket
  -------         DO            
  X:0022H         SYMBOL        dataee
  -------         ENDDO         
  C:3F9FH         LINE#         185
  C:3FAAH         LINE#         186
  C:3FAAH         LINE#         188
  C:3FB8H         LINE#         189
  C:3FC4H         LINE#         190
  C:3FC4H         LINE#         193
  C:3FDDH         LINE#         197
  C:3FFDH         LINE#         198
  C:4006H         LINE#         199
  C:4014H         LINE#         200
  C:401DH         LINE#         202
  C:4023H         LINE#         203
  C:402EH         LINE#         205
  C:4037H         LINE#         206
  C:403FH         LINE#         207
  C:4048H         LINE#         209
  C:4048H         LINE#         211
  C:4048H         LINE#         212
  C:404DH         LINE#         213
  C:406AH         LINE#         214
  C:4070H         LINE#         215
  C:407BH         LINE#         217
  C:407BH         LINE#         220
  -------         ENDPROC       _SET_ALMACENA_TICKET_EEPROM
  -------         PROC          _GET_ALMACENA_TICKET_EEPROM
  X:001FH         SYMBOL        ticket
  -------         DO            
  X:0022H         SYMBOL        Ticket_eeprom
  X:002CH         SYMBOL        dataee
  X:002DH         SYMBOL        i
  X:015CH         SYMBOL        dbee
  -------         ENDDO         
  C:422DH         LINE#         222
  C:4238H         LINE#         223
  C:4238H         LINE#         228
  C:4246H         LINE#         230
  C:4252H         LINE#         231
  C:4252H         LINE#         237
  C:4268H         LINE#         238
  C:4268H         LINE#         239
  C:4278H         LINE#         244
  C:4288H         LINE#         247
  C:4291H         LINE#         248
  C:42A5H         LINE#         249
  C:42AEH         LINE#         251
  C:42B7H         LINE#         252
  C:42C0H         LINE#         253
  C:42C9H         LINE#         255
  C:42E4H         LINE#         256
BL51 BANKED LINKER/LOCATER V6.22.2.0                                                  11/12/2021  16:31:00  PAGE 70


  C:42E4H         LINE#         257
  C:42EDH         LINE#         258
  C:42F0H         LINE#         259
  C:42F0H         LINE#         260
  C:42F0H         LINE#         261
  C:42F9H         LINE#         265
  C:42F9H         LINE#         266
  C:42FBH         LINE#         267
  -------         ENDPROC       _GET_ALMACENA_TICKET_EEPROM
  -------         PROC          LEE_TICKET
  -------         DO            
  X:015DH         SYMBOL        paso_una_vez
  X:015EH         SYMBOL        Ticket
  X:000EH         SYMBOL        fecha
  X:0168H         SYMBOL        fecha2
  X:0019H         SYMBOL        temp
  X:001AH         SYMBOL        temp2
  X:001BH         SYMBOL        vehiculo
  X:001CH         SYMBOL        tipo_vehiculo
  -------         ENDDO         
  C:1CF0H         LINE#         274
  C:1CF0H         LINE#         275
  C:1CF0H         LINE#         283
  C:1D16H         LINE#         284
  C:1D16H         LINE#         285
  C:1D16H         LINE#         288
  C:1D21H         LINE#         289
  C:1D21H         LINE#         290
  C:1D23H         LINE#         292
  C:1D29H         LINE#         293
  C:1D29H         LINE#         294
  C:1D32H         LINE#         295
  C:1D37H         LINE#         296
  C:1D3DH         LINE#         297
  C:1D3DH         LINE#         298
  C:1D42H         LINE#         299
  C:1D48H         LINE#         300
  C:1D48H         LINE#         301
  C:1D48H         LINE#         302
  C:1D48H         LINE#         306
  C:1D4BH         LINE#         308
  C:1D4BH         LINE#         309
  C:1D54H         LINE#         310
  C:1D59H         LINE#         311
  C:1D59H         LINE#         312
  C:1D59H         LINE#         314
  C:1D59H         LINE#         315
  C:1D59H         LINE#         316
  C:1D5CH         LINE#         321
  C:1D5CH         LINE#         322
  C:1D6DH         LINE#         323
  C:1D6DH         LINE#         324
  C:1D75H         LINE#         325
  C:1D75H         LINE#         327
  C:1D7EH         LINE#         328
  C:1D87H         LINE#         329
  C:1D90H         LINE#         330
BL51 BANKED LINKER/LOCATER V6.22.2.0                                                  11/12/2021  16:31:00  PAGE 71


  C:1D96H         LINE#         331
  C:1D9CH         LINE#         334
  C:1D9DH         LINE#         335
  C:1DA5H         LINE#         336
  C:1DA5H         LINE#         338
  C:1DB3H         LINE#         339
  C:1DC1H         LINE#         340
  C:1DCEH         LINE#         341
  C:1DDAH         LINE#         342
  C:1DE4H         LINE#         343
  C:1DE4H         LINE#         344
  C:1DE7H         LINE#         345
  C:1DECH         LINE#         346
  C:1DECH         LINE#         347
  C:1DECH         LINE#         348
  C:1DEFH         LINE#         349
  C:1DEFH         LINE#         351
  C:1DF8H         LINE#         352
  C:1E01H         LINE#         353
  C:1E0AH         LINE#         358
  C:1E10H         LINE#         359
  C:1E11H         LINE#         361
  C:1E11H         LINE#         363
  C:1E14H         LINE#         364
  C:1E19H         LINE#         365
  C:1E1DH         LINE#         366
  C:1E26H         LINE#         367
  C:1E2CH         LINE#         368
  C:1E2CH         LINE#         369
  C:1E2CH         LINE#         373
  C:1E2CH         LINE#         374
  C:1E2FH         LINE#         375
  C:1E2FH         LINE#         378
  C:1E38H         LINE#         379
  C:1E3DH         LINE#         380
  C:1E43H         LINE#         381
  C:1E4DH         LINE#         383
  C:1E53H         LINE#         384
  C:1E53H         LINE#         385
  C:1E61H         LINE#         386
  C:1E61H         LINE#         387
  C:1E61H         LINE#         388
  C:1E61H         LINE#         391
  C:1E64H         LINE#         393
  C:1E64H         LINE#         398
  C:1E6FH         LINE#         399
  C:1E6FH         LINE#         401
  C:1E78H         LINE#         403
  C:1E7DH         LINE#         405
  C:1E89H         LINE#         406
  C:1E91H         LINE#         407
  C:1EB7H         LINE#         408
  C:1EB7H         LINE#         409
  C:1EBAH         LINE#         410
  C:1EBCH         LINE#         412
  C:1EBCH         LINE#         413
  C:1EBFH         LINE#         414
BL51 BANKED LINKER/LOCATER V6.22.2.0                                                  11/12/2021  16:31:00  PAGE 72


  C:1EBFH         LINE#         415
  C:1EC8H         LINE#         416
  C:1ED0H         LINE#         417
  C:1ED9H         LINE#         419
  C:1EE2H         LINE#         420
  C:1EEAH         LINE#         421
  C:1EF3H         LINE#         422
  C:1EFBH         LINE#         423
  C:1F04H         LINE#         425
  C:1F09H         LINE#         426
  C:1F15H         LINE#         427
  C:1F15H         LINE#         428
  C:1F3BH         LINE#         429
  C:1F4AH         LINE#         431
  C:1F53H         LINE#         432
  C:1F5CH         LINE#         436
  C:1F70H         LINE#         437
  C:1F78H         LINE#         438
  C:1F81H         LINE#         439
  C:1F89H         LINE#         440
  C:1F91H         LINE#         441
  C:1F9AH         LINE#         442
  C:1FC3H         LINE#         443
  C:1FD2H         LINE#         446
  C:1FEAH         LINE#         448
  C:2002H         LINE#         450
  C:201AH         LINE#         452
  C:2032H         LINE#         454
  C:204AH         LINE#         456
  C:2053H         LINE#         457
  C:205CH         LINE#         458
  C:2065H         LINE#         460
  C:2073H         LINE#         461
  C:2073H         LINE#         463
  C:2073H         LINE#         464
  C:2073H         LINE#         465
  C:2075H         LINE#         466
  C:2075H         LINE#         467
  C:2083H         LINE#         468
  C:2083H         LINE#         470
  C:2088H         LINE#         471
  C:2088H         LINE#         472
  C:208AH         LINE#         473
  C:208AH         LINE#         474
  C:2098H         LINE#         477
  C:209EH         LINE#         478
  C:209EH         LINE#         479
  C:20ACH         LINE#         480
  C:20ACH         LINE#         482
  C:20ACH         LINE#         483
  C:20ACH         LINE#         484
  C:20AFH         LINE#         485
  C:20AFH         LINE#         487
  C:20AFH         LINE#         488
  C:20B1H         LINE#         489
  C:20B4H         LINE#         490
  C:20BAH         LINE#         491
BL51 BANKED LINKER/LOCATER V6.22.2.0                                                  11/12/2021  16:31:00  PAGE 73


  C:20C0H         LINE#         493
  C:20C0H         LINE#         494
  C:20C0H         LINE#         495
  C:20C1H         LINE#         496
  C:20C1H         LINE#         499
  C:20CEH         LINE#         500
  C:20CEH         LINE#         502
  C:20D7H         LINE#         503
  C:20DDH         LINE#         504
  C:20E0H         LINE#         505
  C:20E5H         LINE#         506
  C:20E9H         LINE#         507
  C:20EBH         LINE#         508
  C:20ECH         LINE#         509
  C:20ECH         LINE#         511
  C:20ECH         LINE#         513
  C:20F5H         LINE#         514
  C:20FAH         LINE#         515
  C:20FCH         LINE#         516
  C:20FEH         LINE#         517
  C:2104H         LINE#         518
  C:2107H         LINE#         519
  C:210CH         LINE#         520
  C:2110H         LINE#         521
  C:2110H         LINE#         523
  C:2118H         LINE#         524
  C:2118H         LINE#         525
  C:211AH         LINE#         526
  C:211CH         LINE#         527
  C:2125H         LINE#         529
  C:212BH         LINE#         530
  C:212EH         LINE#         531
  C:2133H         LINE#         532
  C:2133H         LINE#         533
  C:2133H         LINE#         534
  C:2135H         LINE#         535
  C:2135H         LINE#         536
  C:213AH         LINE#         537
  C:213BH         LINE#         539
  C:213BH         LINE#         540
  C:2143H         LINE#         541
  C:2143H         LINE#         542
  C:214CH         LINE#         544
  C:215AH         LINE#         545
  C:2160H         LINE#         546
  C:2166H         LINE#         547
  C:2166H         LINE#         548
  C:2166H         LINE#         549
  C:2166H         LINE#         550
  -------         ENDPROC       LEE_TICKET
  -------         ENDMOD        VERPRINT

  -------         MODULE        ?C?FPADD
  C:0D61H         PUBLIC        ?C?FPADD
  C:0D5DH         PUBLIC        ?C?FPSUB
  -------         ENDMOD        ?C?FPADD

BL51 BANKED LINKER/LOCATER V6.22.2.0                                                  11/12/2021  16:31:00  PAGE 74


  -------         MODULE        ?C?FPMUL
  C:0E52H         PUBLIC        ?C?FPMUL
  -------         ENDMOD        ?C?FPMUL

  -------         MODULE        ?C?FCAST
  C:0F62H         PUBLIC        ?C?FCASTC
  C:0F5DH         PUBLIC        ?C?FCASTI
  C:0F58H         PUBLIC        ?C?FCASTL
  -------         ENDMOD        ?C?FCAST

  -------         MODULE        ?C?CASTF
  C:0F96H         PUBLIC        ?C?CASTF
  -------         ENDMOD        ?C?CASTF

  -------         MODULE        PRINTF
  X:0081H         PUBLIC        ?_PRINTF?BYTE
  X:0081H         PUBLIC        ?_SPRINTF?BYTE
  C:18D8H         PUBLIC        _PRINTF
  C:18D2H         PUBLIC        _SPRINTF
  -------         ENDMOD        PRINTF

  -------         MODULE        POW
  X:0029H         PUBLIC        ?_pow?BYTE
  C:2E6CH         PUBLIC        _pow
  -------         ENDMOD        POW

  -------         MODULE        ?C?CHKFLOAT
  C:1017H         PUBLIC        ?C?CHKFLOAT
  -------         ENDMOD        ?C?CHKFLOAT

  -------         MODULE        ?C?FPCMP
  C:1033H         PUBLIC        ?C?FPCMP
  C:1031H         PUBLIC        ?C?FPCMP3
  -------         ENDMOD        ?C?FPCMP

  -------         MODULE        ?C?FPNEG
  C:10AAH         PUBLIC        ?C?FPNEG
  -------         ENDMOD        ?C?FPNEG

  -------         MODULE        ?C?FPROUND
  C:10BBH         PUBLIC        ?C?FPROUND
  -------         ENDMOD        ?C?FPROUND

  -------         MODULE        ?C?FPCONVERT
  C:10F8H         PUBLIC        ?C?FPCONVERT
  -------         ENDMOD        ?C?FPCONVERT

  -------         MODULE        EXP
  C:4D17H         PUBLIC        _EXP
  -------         ENDMOD        EXP

  -------         MODULE        LOG
  C:33BAH         PUBLIC        _LOG
  C:33B6H         PUBLIC        _LOG10
  -------         ENDMOD        LOG

  -------         MODULE        ?C?FPDIV
BL51 BANKED LINKER/LOCATER V6.22.2.0                                                  11/12/2021  16:31:00  PAGE 75


  C:1200H         PUBLIC        ?C?FPDIV
  -------         ENDMOD        ?C?FPDIV

  -------         MODULE        ?C?FTNPWR
  C:12CDH         PUBLIC        ?C?FTNPWR
  -------         ENDMOD        ?C?FTNPWR

  -------         MODULE        ?C?COPY
  C:142AH         PUBLIC        ?C?COPY
  -------         ENDMOD        ?C?COPY

  -------         MODULE        ?C?CLDPTR
  C:1450H         PUBLIC        ?C?CLDPTR
  -------         ENDMOD        ?C?CLDPTR

  -------         MODULE        ?C?CLDOPTR
  C:1469H         PUBLIC        ?C?CLDOPTR
  -------         ENDMOD        ?C?CLDOPTR

  -------         MODULE        ?C?CSTPTR
  C:1496H         PUBLIC        ?C?CSTPTR
  -------         ENDMOD        ?C?CSTPTR

  -------         MODULE        ?C?CSTOPTR
  C:14A8H         PUBLIC        ?C?CSTOPTR
  -------         ENDMOD        ?C?CSTOPTR

  -------         MODULE        ?C?IMUL
  C:14CAH         PUBLIC        ?C?IMUL
  -------         ENDMOD        ?C?IMUL

  -------         MODULE        ?C?IILDX
  C:14DCH         PUBLIC        ?C?IILDX
  -------         ENDMOD        ?C?IILDX

  -------         MODULE        ?C?LNEG
  C:14F2H         PUBLIC        ?C?LNEG
  -------         ENDMOD        ?C?LNEG

  -------         MODULE        ?C?ULCMP
  C:1500H         PUBLIC        ?C?ULCMP
  -------         ENDMOD        ?C?ULCMP

  -------         MODULE        ?C?ULSHR
  C:1511H         PUBLIC        ?C?ULSHR
  -------         ENDMOD        ?C?ULSHR

  -------         MODULE        ?C?LLDCODE
  C:1524H         PUBLIC        ?C?LLDCODE
  -------         ENDMOD        ?C?LLDCODE

  -------         MODULE        ?C?LLDXDATA0
  C:1534H         PUBLIC        ?C?LLDXDATA0
  -------         ENDMOD        ?C?LLDXDATA0

  -------         MODULE        ?C?LLDCODE0
  C:1540H         PUBLIC        ?C?LLDCODE0
BL51 BANKED LINKER/LOCATER V6.22.2.0                                                  11/12/2021  16:31:00  PAGE 76


  -------         ENDMOD        ?C?LLDCODE0

  -------         MODULE        ?C?LSTXDATA
  C:1550H         PUBLIC        ?C?LSTXDATA
  -------         ENDMOD        ?C?LSTXDATA

  -------         MODULE        ?C?LSTKXDATA
  C:155CH         PUBLIC        ?C?LSTKXDATA
  -------         ENDMOD        ?C?LSTKXDATA

  -------         MODULE        ?C?PLDIXDATA
  C:158DH         PUBLIC        ?C?PLDIXDATA
  -------         ENDMOD        ?C?PLDIXDATA

  -------         MODULE        ?C?PSTXDATA
  C:15A4H         PUBLIC        ?C?PSTXDATA
  -------         ENDMOD        ?C?PSTXDATA

  -------         MODULE        ?C?CCASE
  C:15ADH         PUBLIC        ?C?CCASE
  -------         ENDMOD        ?C?CCASE

  -------         MODULE        STRCAT
  X:0050H         PUBLIC        ?_strcat?BYTE
  C:565EH         PUBLIC        _strcat
  -------         ENDMOD        STRCAT

  -------         MODULE        STRNCAT
  X:0048H         PUBLIC        ?_strncat?BYTE
  C:43C2H         PUBLIC        _strncat
  -------         ENDMOD        STRNCAT

  -------         MODULE        ?C?STRCMP
  C:1751H         PUBLIC        ?C?STRCMP
  -------         ENDMOD        ?C?STRCMP

  -------         MODULE        ?C?STRCPY
  C:183AH         PUBLIC        ?C?STRCPY
  -------         ENDMOD        ?C?STRCPY

  -------         MODULE        STRNCPY
  X:001FH         PUBLIC        ?_strncpy?BYTE
  C:56C9H         PUBLIC        _strncpy
  -------         ENDMOD        STRNCPY

  -------         MODULE        STRLEN
  C:000EH         PUBLIC        _STRLEN
  -------         ENDMOD        STRLEN

  -------         MODULE        STRSTR
  X:001FH         PUBLIC        ?_strstr?BYTE
  C:454BH         PUBLIC        _strstr
  -------         ENDMOD        STRSTR

  -------         MODULE        STRTOK
  X:004AH         PUBLIC        ?_strtok?BYTE
  C:3EBBH         PUBLIC        _strtok
BL51 BANKED LINKER/LOCATER V6.22.2.0                                                  11/12/2021  16:31:00  PAGE 77


  -------         ENDMOD        STRTOK

  -------         MODULE        ATOI
  C:407CH         PUBLIC        _atoi
  -------         ENDMOD        ATOI

  -------         MODULE        ?C?ILDIX
  C:1857H         PUBLIC        ?C?ILDIX
  -------         ENDMOD        ?C?ILDIX

  -------         MODULE        ISDIGIT
  C:6480H         PUBLIC        _isdigit
  -------         ENDMOD        ISDIGIT

  -------         MODULE        ISSPACE
  C:63C0H         PUBLIC        _isspace
  -------         ENDMOD        ISSPACE

  -------         MODULE        STRSPN
  X:0050H         PUBLIC        ?_strspn?BYTE
  C:5389H         PUBLIC        _strspn
  -------         ENDMOD        STRSPN

  -------         MODULE        STRPBRK
  X:0050H         PUBLIC        ?_strpbrk?BYTE
  C:540DH         PUBLIC        _strpbrk
  -------         ENDMOD        STRPBRK

Program Size: data=158.4 xdata=377 code=25869
LINK/LOCATE RUN COMPLETE.  0 WARNING(S),  0 ERROR(S)
